../Core/Src/CAN/can_bus_task.c:48:6:can_init	32	static
../Core/Src/CAN/can_bus_task.c:72:6:lcd_send_string	16	static
../Core/Src/CAN/can_bus_task.c:75:6:lcd_send_data	32	static
../Core/Src/CAN/can_bus_task.c:87:6:lcd_send_cmd	32	static
../Core/Src/CAN/can_bus_task.c:99:6:lcd_init	8	static
../Core/Src/CAN/can_bus_task.c:123:6:panel_init	12	static
../Core/Src/CAN/can_bus_task.c:157:6:pot_init	24	static
../Core/Src/CAN/can_bus_task.c:178:6:getWiper	32	static
../Core/Src/CAN/can_bus_task.c:194:6:setWiper	32	static
../Core/Src/CAN/can_bus_task.c:211:6:can_tx_task	8	static
../Core/Src/CAN/can_bus_task.c:266:6:can_rx_task	64	static
../Core/Src/CAN/can_bus_task.c:279:6:sdv_autonomous_loop1	4	static
../Core/Src/CAN/can_bus_task.c:283:6:can_task_panel	8	static
../Core/Src/CAN/can_bus_task.c:317:6:can_task_pot	16	static
../Core/Src/CAN/can_bus_task.c:336:6:can_task_lcd	8	static
