[1.093s] Invoking command in '/home/fcanof/vanttec_sdv/build/lidar3d_clustering': CMAKE_PREFIX_PATH=/opt/ros/humble /usr/bin/cmake /home/fcanof/vanttec_sdv/workspace/src/sdv_lidar/lidar3d_clustering -DCMAKE_INSTALL_PREFIX=/home/fcanof/vanttec_sdv/install/lidar3d_clustering
[1.505s] -- The C compiler identification is GNU 11.4.0
[1.505s] -- The CXX compiler identification is GNU 11.4.0
[1.505s] -- Detecting C compiler ABI info
[1.505s] -- Detecting C compiler ABI info - done
[1.505s] -- Check for working C compiler: /usr/bin/cc - skipped
[1.505s] -- Detecting C compile features
[1.505s] -- Detecting C compile features - done
[1.506s] -- Detecting CXX compiler ABI info
[1.506s] -- Detecting CXX compiler ABI info - done
[1.506s] -- Check for working CXX compiler: /usr/bin/c++ - skipped
[1.506s] -- Detecting CXX compile features
[1.506s] -- Detecting CXX compile features - done
[1.506s] -- Found ament_cmake: 1.3.7 (/opt/ros/humble/share/ament_cmake/cmake)
[1.597s] -- Found Python3: /usr/bin/python3.10 (found version "3.10.12") found components: Interpreter 
[1.722s] -- Found rclcpp: 16.0.8 (/opt/ros/humble/share/rclcpp/cmake)
[1.783s] -- Found rosidl_generator_c: 3.1.5 (/opt/ros/humble/share/rosidl_generator_c/cmake)
[1.790s] -- Found rosidl_adapter: 3.1.5 (/opt/ros/humble/share/rosidl_adapter/cmake)
[1.814s] -- Found rosidl_generator_cpp: 3.1.5 (/opt/ros/humble/share/rosidl_generator_cpp/cmake)
[1.837s] -- Using all available rosidl_typesupport_c: rosidl_typesupport_fastrtps_c;rosidl_typesupport_introspection_c
[1.867s] -- Using all available rosidl_typesupport_cpp: rosidl_typesupport_fastrtps_cpp;rosidl_typesupport_introspection_cpp
[1.980s] -- Found rmw_implementation_cmake: 6.1.1 (/opt/ros/humble/share/rmw_implementation_cmake/cmake)
[1.983s] -- Found rmw_fastrtps_cpp: 6.2.6 (/opt/ros/humble/share/rmw_fastrtps_cpp/cmake)
[2.134s] -- Found OpenSSL: /usr/lib/x86_64-linux-gnu/libcrypto.so (found version "3.0.2")  
[2.177s] -- Found FastRTPS: /opt/ros/humble/include  
[2.227s] -- Using RMW implementation 'rmw_fastrtps_cpp' as default
[2.237s] -- Looking for pthread.h
[2.310s] -- Looking for pthread.h - found
[2.310s] -- Performing Test CMAKE_HAVE_LIBC_PTHREAD
[2.388s] -- Performing Test CMAKE_HAVE_LIBC_PTHREAD - Success
[2.389s] -- Found Threads: TRUE  
[2.575s] -- Found sensor_msgs: 4.2.3 (/opt/ros/humble/share/sensor_msgs/cmake)
[2.753s] -- Found message_filters: 4.3.3 (/opt/ros/humble/share/message_filters/cmake)
[2.773s] [31mCMake Error at CMakeLists.txt:14 (find_package):
[2.773s]   By not providing "Findvision_msgs.cmake" in CMAKE_MODULE_PATH this project
[2.773s]   has asked CMake to find a package configuration file provided by
[2.773s]   "vision_msgs", but CMake did not find one.
[2.773s] 
[2.773s]   Could not find a package configuration file provided by "vision_msgs" with
[2.773s]   any of the following names:
[2.774s] 
[2.774s]     vision_msgsConfig.cmake
[2.774s]     vision_msgs-config.cmake
[2.774s] 
[2.774s]   Add the installation prefix of "vision_msgs" to CMAKE_PREFIX_PATH or set
[2.774s]   "vision_msgs_DIR" to a directory containing one of the above files.  If
[2.774s]   "vision_msgs" provides a separate development package or SDK, be sure it
[2.774s]   has been installed.
[2.774s] 
[2.774s] [0m
[2.775s] -- Configuring incomplete, errors occurred!
[2.775s] See also "/home/fcanof/vanttec_sdv/build/lidar3d_clustering/CMakeFiles/CMakeOutput.log".
