-- Found ament_cmake: 1.3.8 (/opt/ros/humble/share/ament_cmake/cmake)
-- Found rclcpp: 16.0.8 (/opt/ros/humble/share/rclcpp/cmake)
-- Found rosidl_generator_c: 3.1.5 (/opt/ros/humble/share/rosidl_generator_c/cmake)
-- Found rosidl_adapter: 3.1.5 (/opt/ros/humble/share/rosidl_adapter/cmake)
-- Found rosidl_generator_cpp: 3.1.5 (/opt/ros/humble/share/rosidl_generator_cpp/cmake)
-- Using all available rosidl_typesupport_c: rosidl_typesupport_fastrtps_c;rosidl_typesupport_introspection_c
-- Using all available rosidl_typesupport_cpp: rosidl_typesupport_fastrtps_cpp;rosidl_typesupport_introspection_cpp
-- Found rmw_implementation_cmake: 6.1.1 (/opt/ros/humble/share/rmw_implementation_cmake/cmake)
-- Found rmw_fastrtps_cpp: 6.2.6 (/opt/ros/humble/share/rmw_fastrtps_cpp/cmake)
-- Using RMW implementation 'rmw_fastrtps_cpp' as default
-- Found geometry_msgs: 4.2.3 (/opt/ros/humble/share/geometry_msgs/cmake)
-- Found vectornav_msgs: 3.0.0 (/home/fectec151/Downloads/Projects/vanttec_sdv/workspace/src/install/vectornav_msgs/share/vectornav_msgs/cmake)
-- Found nav_msgs: 4.2.3 (/opt/ros/humble/share/nav_msgs/cmake)
-- Found sensor_msgs: 4.2.3 (/opt/ros/humble/share/sensor_msgs/cmake)
-- Found tf2_ros: 0.25.6 (/opt/ros/humble/share/tf2_ros/cmake)
-- Found sdv_msgs: 0.0.0 (/home/fectec151/Downloads/Projects/vanttec_sdv/workspace/src/install/sdv_msgs/share/sdv_msgs/cmake)
-- Found diagnostic_msgs: 4.2.3 (/opt/ros/humble/share/diagnostic_msgs/cmake)
-- Found rclpy: 3.3.12 (/opt/ros/humble/share/rclpy/cmake)
-- Found tf2_geometry_msgs: 0.25.6 (/opt/ros/humble/share/tf2_geometry_msgs/cmake)
-- Found eigen3_cmake_module: 0.1.1 (/opt/ros/humble/share/eigen3_cmake_module/cmake)
-- Ensuring Eigen3 include directory is part of orocos-kdl CMake target
-- Found ament_lint_auto: 0.12.10 (/opt/ros/humble/share/ament_lint_auto/cmake)
-- Added test 'cppcheck' to perform static code analysis on C / C++ code
-- Configured cppcheck include dirs: $<BUILD_INTERFACE:/home/fectec151/Downloads/Projects/vanttec_sdv/workspace/src/sdv_control/include>;/home/fectec151/Downloads/Projects/vanttec_sdv/workspace/src/sdv_control/libs/vanttec_controllers
-- Configured cppcheck exclude dirs and/or files: 
-- Added test 'flake8' to check Python code syntax and style conventions
-- Added test 'lint_cmake' to check CMake code style
-- Added test 'pep257' to check Python code against some of the docstring style conventions in PEP 257
-- Added test 'uncrustify' to check C / C++ code style
-- Configured uncrustify additional arguments: 
-- Added test 'xmllint' to check XML markup files
-- Configuring done
-- Generating done
-- Build files have been written to: /home/fectec151/Downloads/Projects/vanttec_sdv/workspace/src/build/sdv_control
[35m[1mConsolidate compiler generated dependencies of target vanttec_controllers[0m
[35m[1mConsolidate compiler generated dependencies of target gtest[0m
[ 11%] Built target vanttec_controllers
[ 22%] Built target gtest
[35m[1mConsolidate compiler generated dependencies of target vel_pid_node[0m
[35m[1mConsolidate compiler generated dependencies of target stanley_controller_node[0m
[35m[1mConsolidate compiler generated dependencies of target sdv_kinematic_sim[0m
[35m[1mConsolidate compiler generated dependencies of target gtest_main[0m
[35m[1mConsolidate compiler generated dependencies of target gmock[0m
[ 27%] [32mBuilding CXX object CMakeFiles/stanley_controller_node.dir/src/control/guidance_laws/stanley_controller_node.cpp.o[0m
[ 38%] Built target gmock
[ 44%] [32mBuilding CXX object CMakeFiles/sdv_kinematic_sim.dir/src/model/sdv_kinematic_sim_node.cpp.o[0m
[ 50%] [32mBuilding CXX object CMakeFiles/vel_pid_node.dir/src/control/regulators/first_order/vel_pid_node.cpp.o[0m
[ 61%] Built target gtest_main
[35m[1mConsolidate compiler generated dependencies of target gmock_main[0m
[35m[1mConsolidate compiler generated dependencies of target vanttec_controllers_test[0m
[ 72%] Built target gmock_main
[ 83%] Built target vanttec_controllers_test
[ 88%] [32m[1mLinking CXX executable sdv_kinematic_sim[0m
[ 94%] [32m[1mLinking CXX executable vel_pid_node[0m
[ 94%] Built target sdv_kinematic_sim
[ 94%] Built target vel_pid_node
[100%] [32m[1mLinking CXX executable stanley_controller_node[0m
[100%] Built target stanley_controller_node
-- Install configuration: ""
-- Installing: /home/fectec151/Downloads/Projects/vanttec_sdv/workspace/src/install/sdv_control/lib/sdv_control/vel_pid_node
-- Set runtime path of "/home/fectec151/Downloads/Projects/vanttec_sdv/workspace/src/install/sdv_control/lib/sdv_control/vel_pid_node" to ""
-- Installing: /home/fectec151/Downloads/Projects/vanttec_sdv/workspace/src/install/sdv_control/lib/sdv_control/stanley_controller_node
-- Set runtime path of "/home/fectec151/Downloads/Projects/vanttec_sdv/workspace/src/install/sdv_control/lib/sdv_control/stanley_controller_node" to ""
-- Installing: /home/fectec151/Downloads/Projects/vanttec_sdv/workspace/src/install/sdv_control/lib/sdv_control/sdv_kinematic_sim
-- Set runtime path of "/home/fectec151/Downloads/Projects/vanttec_sdv/workspace/src/install/sdv_control/lib/sdv_control/sdv_kinematic_sim" to ""
-- Up-to-date: /home/fectec151/Downloads/Projects/vanttec_sdv/workspace/src/install/sdv_control/share/sdv_control/config
-- Up-to-date: /home/fectec151/Downloads/Projects/vanttec_sdv/workspace/src/install/sdv_control/share/sdv_control/config/waypoints_carreta.csv
-- Up-to-date: /home/fectec151/Downloads/Projects/vanttec_sdv/workspace/src/install/sdv_control/share/sdv_control/config/anniversary_waypoints_ned.csv
-- Up-to-date: /home/fectec151/Downloads/Projects/vanttec_sdv/workspace/src/install/sdv_control/share/sdv_control/config/car_params.yaml
-- Up-to-date: /home/fectec151/Downloads/Projects/vanttec_sdv/workspace/src/install/sdv_control/share/sdv_control/config/zigzag.csv
-- Up-to-date: /home/fectec151/Downloads/Projects/vanttec_sdv/workspace/src/install/sdv_control/share/sdv_control/config/el_borrego.csv
-- Up-to-date: /home/fectec151/Downloads/Projects/vanttec_sdv/workspace/src/install/sdv_control/share/sdv_control/config/zf_street.csv
-- Up-to-date: /home/fectec151/Downloads/Projects/vanttec_sdv/workspace/src/install/sdv_control/share/sdv_control/config/new_waypoints_3.csv
-- Up-to-date: /home/fectec151/Downloads/Projects/vanttec_sdv/workspace/src/install/sdv_control/share/sdv_control/config/zf_parking.csv
-- Up-to-date: /home/fectec151/Downloads/Projects/vanttec_sdv/workspace/src/install/sdv_control/share/sdv_control/config/sim2.csv
-- Up-to-date: /home/fectec151/Downloads/Projects/vanttec_sdv/workspace/src/install/sdv_control/share/sdv_control/config/sim_waypoints.csv
-- Up-to-date: /home/fectec151/Downloads/Projects/vanttec_sdv/workspace/src/install/sdv_control/share/sdv_control/config/sim_params.yaml
-- Up-to-date: /home/fectec151/Downloads/Projects/vanttec_sdv/workspace/src/install/sdv_control/share/sdv_control/config/parking_waypoints_ned.csv
-- Up-to-date: /home/fectec151/Downloads/Projects/vanttec_sdv/workspace/src/install/sdv_control/share/sdv_control/config/zf_estacionamiento.csv
-- Up-to-date: /home/fectec151/Downloads/Projects/vanttec_sdv/workspace/src/install/sdv_control/share/sdv_control/config/new_waypoints_1.csv
-- Up-to-date: /home/fectec151/Downloads/Projects/vanttec_sdv/workspace/src/install/sdv_control/share/sdv_control/launch
-- Up-to-date: /home/fectec151/Downloads/Projects/vanttec_sdv/workspace/src/install/sdv_control/share/sdv_control/launch/model_launch.py
-- Up-to-date: /home/fectec151/Downloads/Projects/vanttec_sdv/workspace/src/install/sdv_control/share/sdv_control/launch/rviz_cfg
-- Up-to-date: /home/fectec151/Downloads/Projects/vanttec_sdv/workspace/src/install/sdv_control/share/sdv_control/launch/rviz_cfg/sdv_sim_wpnts.rviz
-- Up-to-date: /home/fectec151/Downloads/Projects/vanttec_sdv/workspace/src/install/sdv_control/share/sdv_control/launch/control_launch.py
-- Up-to-date: /home/fectec151/Downloads/Projects/vanttec_sdv/workspace/src/install/sdv_control/share/sdv_control/launch/guidance_launch.py
-- Up-to-date: /home/fectec151/Downloads/Projects/vanttec_sdv/workspace/src/install/sdv_control/share/sdv_control/launch/sim_launch.py
-- Up-to-date: /home/fectec151/Downloads/Projects/vanttec_sdv/workspace/src/install/sdv_control/share/sdv_control/rviz
-- Up-to-date: /home/fectec151/Downloads/Projects/vanttec_sdv/workspace/src/install/sdv_control/share/sdv_control/rviz/sim.rviz
-- Up-to-date: /home/fectec151/Downloads/Projects/vanttec_sdv/workspace/src/install/sdv_control/lib/sdv_control/path_publisher_node.py
-- Up-to-date: /home/fectec151/Downloads/Projects/vanttec_sdv/workspace/src/install/sdv_control/lib/sdv_control/path_planner_node.py
-- Up-to-date: /home/fectec151/Downloads/Projects/vanttec_sdv/workspace/src/install/sdv_control/share/ament_index/resource_index/package_run_dependencies/sdv_control
-- Up-to-date: /home/fectec151/Downloads/Projects/vanttec_sdv/workspace/src/install/sdv_control/share/ament_index/resource_index/parent_prefix_path/sdv_control
-- Up-to-date: /home/fectec151/Downloads/Projects/vanttec_sdv/workspace/src/install/sdv_control/share/sdv_control/environment/ament_prefix_path.sh
-- Installing: /home/fectec151/Downloads/Projects/vanttec_sdv/workspace/src/install/sdv_control/share/sdv_control/environment/ament_prefix_path.dsv
-- Up-to-date: /home/fectec151/Downloads/Projects/vanttec_sdv/workspace/src/install/sdv_control/share/sdv_control/environment/path.sh
-- Installing: /home/fectec151/Downloads/Projects/vanttec_sdv/workspace/src/install/sdv_control/share/sdv_control/environment/path.dsv
-- Up-to-date: /home/fectec151/Downloads/Projects/vanttec_sdv/workspace/src/install/sdv_control/share/sdv_control/local_setup.bash
-- Up-to-date: /home/fectec151/Downloads/Projects/vanttec_sdv/workspace/src/install/sdv_control/share/sdv_control/local_setup.sh
-- Up-to-date: /home/fectec151/Downloads/Projects/vanttec_sdv/workspace/src/install/sdv_control/share/sdv_control/local_setup.zsh
-- Installing: /home/fectec151/Downloads/Projects/vanttec_sdv/workspace/src/install/sdv_control/share/sdv_control/local_setup.dsv
-- Installing: /home/fectec151/Downloads/Projects/vanttec_sdv/workspace/src/install/sdv_control/share/sdv_control/package.dsv
-- Up-to-date: /home/fectec151/Downloads/Projects/vanttec_sdv/workspace/src/install/sdv_control/share/ament_index/resource_index/packages/sdv_control
-- Up-to-date: /home/fectec151/Downloads/Projects/vanttec_sdv/workspace/src/install/sdv_control/share/sdv_control/cmake/sdv_controlConfig.cmake
-- Up-to-date: /home/fectec151/Downloads/Projects/vanttec_sdv/workspace/src/install/sdv_control/share/sdv_control/cmake/sdv_controlConfig-version.cmake
-- Up-to-date: /home/fectec151/Downloads/Projects/vanttec_sdv/workspace/src/install/sdv_control/share/sdv_control/package.xml
-- Up-to-date: /home/fectec151/Downloads/Projects/vanttec_sdv/workspace/src/install/sdv_control/include
-- Up-to-date: /home/fectec151/Downloads/Projects/vanttec_sdv/workspace/src/install/sdv_control/include/gmock
-- Up-to-date: /home/fectec151/Downloads/Projects/vanttec_sdv/workspace/src/install/sdv_control/include/gmock/gmock-nice-strict.h
-- Up-to-date: /home/fectec151/Downloads/Projects/vanttec_sdv/workspace/src/install/sdv_control/include/gmock/gmock-actions.h
-- Up-to-date: /home/fectec151/Downloads/Projects/vanttec_sdv/workspace/src/install/sdv_control/include/gmock/gmock-more-actions.h
-- Up-to-date: /home/fectec151/Downloads/Projects/vanttec_sdv/workspace/src/install/sdv_control/include/gmock/gmock-function-mocker.h
-- Up-to-date: /home/fectec151/Downloads/Projects/vanttec_sdv/workspace/src/install/sdv_control/include/gmock/gmock.h
-- Up-to-date: /home/fectec151/Downloads/Projects/vanttec_sdv/workspace/src/install/sdv_control/include/gmock/gmock-cardinalities.h
-- Up-to-date: /home/fectec151/Downloads/Projects/vanttec_sdv/workspace/src/install/sdv_control/include/gmock/gmock-more-matchers.h
-- Up-to-date: /home/fectec151/Downloads/Projects/vanttec_sdv/workspace/src/install/sdv_control/include/gmock/gmock-matchers.h
-- Up-to-date: /home/fectec151/Downloads/Projects/vanttec_sdv/workspace/src/install/sdv_control/include/gmock/gmock-spec-builders.h
-- Up-to-date: /home/fectec151/Downloads/Projects/vanttec_sdv/workspace/src/install/sdv_control/include/gmock/internal
-- Up-to-date: /home/fectec151/Downloads/Projects/vanttec_sdv/workspace/src/install/sdv_control/include/gmock/internal/gmock-internal-utils.h
-- Up-to-date: /home/fectec151/Downloads/Projects/vanttec_sdv/workspace/src/install/sdv_control/include/gmock/internal/custom
-- Up-to-date: /home/fectec151/Downloads/Projects/vanttec_sdv/workspace/src/install/sdv_control/include/gmock/internal/custom/README.md
-- Up-to-date: /home/fectec151/Downloads/Projects/vanttec_sdv/workspace/src/install/sdv_control/include/gmock/internal/custom/gmock-matchers.h
-- Up-to-date: /home/fectec151/Downloads/Projects/vanttec_sdv/workspace/src/install/sdv_control/include/gmock/internal/custom/gmock-port.h
-- Up-to-date: /home/fectec151/Downloads/Projects/vanttec_sdv/workspace/src/install/sdv_control/include/gmock/internal/custom/gmock-generated-actions.h
-- Up-to-date: /home/fectec151/Downloads/Projects/vanttec_sdv/workspace/src/install/sdv_control/include/gmock/internal/gmock-port.h
-- Up-to-date: /home/fectec151/Downloads/Projects/vanttec_sdv/workspace/src/install/sdv_control/include/gmock/internal/gmock-pp.h
-- Up-to-date: /home/fectec151/Downloads/Projects/vanttec_sdv/workspace/src/install/sdv_control/lib/libgmock.a
-- Up-to-date: /home/fectec151/Downloads/Projects/vanttec_sdv/workspace/src/install/sdv_control/lib/libgmock_main.a
-- Up-to-date: /home/fectec151/Downloads/Projects/vanttec_sdv/workspace/src/install/sdv_control/lib/pkgconfig/gmock.pc
-- Up-to-date: /home/fectec151/Downloads/Projects/vanttec_sdv/workspace/src/install/sdv_control/lib/pkgconfig/gmock_main.pc
-- Up-to-date: /home/fectec151/Downloads/Projects/vanttec_sdv/workspace/src/install/sdv_control/lib/cmake/GTest/GTestTargets.cmake
-- Up-to-date: /home/fectec151/Downloads/Projects/vanttec_sdv/workspace/src/install/sdv_control/lib/cmake/GTest/GTestTargets-noconfig.cmake
-- Up-to-date: /home/fectec151/Downloads/Projects/vanttec_sdv/workspace/src/install/sdv_control/lib/cmake/GTest/GTestConfigVersion.cmake
-- Up-to-date: /home/fectec151/Downloads/Projects/vanttec_sdv/workspace/src/install/sdv_control/lib/cmake/GTest/GTestConfig.cmake
-- Up-to-date: /home/fectec151/Downloads/Projects/vanttec_sdv/workspace/src/install/sdv_control/include
-- Up-to-date: /home/fectec151/Downloads/Projects/vanttec_sdv/workspace/src/install/sdv_control/include/gtest
-- Up-to-date: /home/fectec151/Downloads/Projects/vanttec_sdv/workspace/src/install/sdv_control/include/gtest/gtest_pred_impl.h
-- Up-to-date: /home/fectec151/Downloads/Projects/vanttec_sdv/workspace/src/install/sdv_control/include/gtest/gtest-matchers.h
-- Up-to-date: /home/fectec151/Downloads/Projects/vanttec_sdv/workspace/src/install/sdv_control/include/gtest/gtest.h
-- Up-to-date: /home/fectec151/Downloads/Projects/vanttec_sdv/workspace/src/install/sdv_control/include/gtest/gtest-typed-test.h
-- Up-to-date: /home/fectec151/Downloads/Projects/vanttec_sdv/workspace/src/install/sdv_control/include/gtest/gtest-message.h
-- Up-to-date: /home/fectec151/Downloads/Projects/vanttec_sdv/workspace/src/install/sdv_control/include/gtest/gtest-printers.h
-- Up-to-date: /home/fectec151/Downloads/Projects/vanttec_sdv/workspace/src/install/sdv_control/include/gtest/gtest_prod.h
-- Up-to-date: /home/fectec151/Downloads/Projects/vanttec_sdv/workspace/src/install/sdv_control/include/gtest/gtest-death-test.h
-- Up-to-date: /home/fectec151/Downloads/Projects/vanttec_sdv/workspace/src/install/sdv_control/include/gtest/gtest-param-test.h
-- Up-to-date: /home/fectec151/Downloads/Projects/vanttec_sdv/workspace/src/install/sdv_control/include/gtest/gtest-test-part.h
-- Up-to-date: /home/fectec151/Downloads/Projects/vanttec_sdv/workspace/src/install/sdv_control/include/gtest/internal
-- Up-to-date: /home/fectec151/Downloads/Projects/vanttec_sdv/workspace/src/install/sdv_control/include/gtest/internal/gtest-type-util.h
-- Up-to-date: /home/fectec151/Downloads/Projects/vanttec_sdv/workspace/src/install/sdv_control/include/gtest/internal/gtest-port-arch.h
-- Up-to-date: /home/fectec151/Downloads/Projects/vanttec_sdv/workspace/src/install/sdv_control/include/gtest/internal/gtest-internal.h
-- Up-to-date: /home/fectec151/Downloads/Projects/vanttec_sdv/workspace/src/install/sdv_control/include/gtest/internal/gtest-port.h
-- Up-to-date: /home/fectec151/Downloads/Projects/vanttec_sdv/workspace/src/install/sdv_control/include/gtest/internal/gtest-string.h
-- Up-to-date: /home/fectec151/Downloads/Projects/vanttec_sdv/workspace/src/install/sdv_control/include/gtest/internal/gtest-param-util.h
-- Up-to-date: /home/fectec151/Downloads/Projects/vanttec_sdv/workspace/src/install/sdv_control/include/gtest/internal/gtest-filepath.h
-- Up-to-date: /home/fectec151/Downloads/Projects/vanttec_sdv/workspace/src/install/sdv_control/include/gtest/internal/custom
-- Up-to-date: /home/fectec151/Downloads/Projects/vanttec_sdv/workspace/src/install/sdv_control/include/gtest/internal/custom/gtest.h
-- Up-to-date: /home/fectec151/Downloads/Projects/vanttec_sdv/workspace/src/install/sdv_control/include/gtest/internal/custom/gtest-printers.h
-- Up-to-date: /home/fectec151/Downloads/Projects/vanttec_sdv/workspace/src/install/sdv_control/include/gtest/internal/custom/gtest-port.h
-- Up-to-date: /home/fectec151/Downloads/Projects/vanttec_sdv/workspace/src/install/sdv_control/include/gtest/internal/custom/README.md
-- Up-to-date: /home/fectec151/Downloads/Projects/vanttec_sdv/workspace/src/install/sdv_control/include/gtest/internal/gtest-death-test-internal.h
-- Up-to-date: /home/fectec151/Downloads/Projects/vanttec_sdv/workspace/src/install/sdv_control/include/gtest/gtest-spi.h
-- Up-to-date: /home/fectec151/Downloads/Projects/vanttec_sdv/workspace/src/install/sdv_control/lib/libgtest.a
-- Up-to-date: /home/fectec151/Downloads/Projects/vanttec_sdv/workspace/src/install/sdv_control/lib/libgtest_main.a
-- Up-to-date: /home/fectec151/Downloads/Projects/vanttec_sdv/workspace/src/install/sdv_control/lib/pkgconfig/gtest.pc
-- Up-to-date: /home/fectec151/Downloads/Projects/vanttec_sdv/workspace/src/install/sdv_control/lib/pkgconfig/gtest_main.pc
