[1.261s] Invoking command in '/home/fcanof/vanttec_sdv/build/sdv_launch': CMAKE_PREFIX_PATH=/opt/ros/humble /usr/bin/cmake /home/fcanof/vanttec_sdv/workspace/src/sdv_launch -DCMAKE_INSTALL_PREFIX=/home/fcanof/vanttec_sdv/install/sdv_launch
[1.373s] -- The C compiler identification is GNU 11.4.0
[1.470s] -- The CXX compiler identification is GNU 11.4.0
[1.480s] -- Detecting C compiler ABI info
[1.592s] -- Detecting C compiler ABI info - done
[1.604s] -- Check for working C compiler: /usr/bin/cc - skipped
[1.604s] -- Detecting C compile features
[1.605s] -- Detecting C compile features - done
[1.610s] -- Detecting CXX compiler ABI info
[1.724s] -- Detecting CXX compiler ABI info - done
[1.738s] -- Check for working CXX compiler: /usr/bin/c++ - skipped
[1.739s] -- Detecting CXX compile features
[1.740s] -- Detecting CXX compile features - done
[1.743s] -- Found ament_cmake: 1.3.7 (/opt/ros/humble/share/ament_cmake/cmake)
[2.013s] -- Found Python3: /usr/bin/python3.10 (found version "3.10.12") found components: Interpreter 
[2.128s] -- Found ament_lint_auto: 0.12.10 (/opt/ros/humble/share/ament_lint_auto/cmake)
[2.235s] -- Added test 'flake8' to check Python code syntax and style conventions
[2.236s] -- Added test 'lint_cmake' to check CMake code style
[2.237s] -- Added test 'pep257' to check Python code against some of the docstring style conventions in PEP 257
[2.239s] -- Added test 'xmllint' to check XML markup files
[2.241s] -- Configuring done
[2.245s] -- Generating done
[2.246s] -- Build files have been written to: /home/fcanof/vanttec_sdv/build/sdv_launch
