[1.149s] Invoking command in '/home/fcanof/vanttec_sdv/build/sdv_robot_description': CMAKE_PREFIX_PATH=/opt/ros/humble /usr/bin/cmake /home/fcanof/vanttec_sdv/workspace/src/sdv_lidar/sdv_robot_description -DCMAKE_INSTALL_PREFIX=/home/fcanof/vanttec_sdv/install/sdv_robot_description
[1.233s] -- The C compiler identification is GNU 11.4.0
[1.317s] -- The CXX compiler identification is GNU 11.4.0
[1.329s] -- Detecting C compiler ABI info
[1.435s] -- Detecting C compiler ABI info - done
[1.449s] -- Check for working C compiler: /usr/bin/cc - skipped
[1.449s] -- Detecting C compile features
[1.449s] -- Detecting C compile features - done
[1.454s] -- Detecting CXX compiler ABI info
[1.569s] -- Detecting CXX compiler ABI info - done
[1.583s] -- Check for working CXX compiler: /usr/bin/c++ - skipped
[1.583s] -- Detecting CXX compile features
[1.584s] -- Detecting CXX compile features - done
[1.588s] -- Found ament_cmake: 1.3.7 (/opt/ros/humble/share/ament_cmake/cmake)
[1.844s] -- Found Python3: /usr/bin/python3.10 (found version "3.10.12") found components: Interpreter 
[1.954s] -- Found rclcpp: 16.0.8 (/opt/ros/humble/share/rclcpp/cmake)
[2.008s] -- Found rosidl_generator_c: 3.1.5 (/opt/ros/humble/share/rosidl_generator_c/cmake)
[2.015s] -- Found rosidl_adapter: 3.1.5 (/opt/ros/humble/share/rosidl_adapter/cmake)
[2.027s] -- Found rosidl_generator_cpp: 3.1.5 (/opt/ros/humble/share/rosidl_generator_cpp/cmake)
[2.048s] -- Using all available rosidl_typesupport_c: rosidl_typesupport_fastrtps_c;rosidl_typesupport_introspection_c
[2.079s] -- Using all available rosidl_typesupport_cpp: rosidl_typesupport_fastrtps_cpp;rosidl_typesupport_introspection_cpp
[2.187s] -- Found rmw_implementation_cmake: 6.1.1 (/opt/ros/humble/share/rmw_implementation_cmake/cmake)
[2.189s] -- Found rmw_fastrtps_cpp: 6.2.6 (/opt/ros/humble/share/rmw_fastrtps_cpp/cmake)
[2.277s] -- Found OpenSSL: /usr/lib/x86_64-linux-gnu/libcrypto.so (found version "3.0.2")  
[2.308s] -- Found FastRTPS: /opt/ros/humble/include  
[2.355s] -- Using RMW implementation 'rmw_fastrtps_cpp' as default
[2.364s] -- Looking for pthread.h
[2.427s] -- Looking for pthread.h - found
[2.427s] -- Performing Test CMAKE_HAVE_LIBC_PTHREAD
[2.493s] -- Performing Test CMAKE_HAVE_LIBC_PTHREAD - Success
[2.494s] -- Found Threads: TRUE  
[2.676s] -- Found ament_lint_auto: 0.12.10 (/opt/ros/humble/share/ament_lint_auto/cmake)
[2.748s] -- Added test 'flake8' to check Python code syntax and style conventions
[2.748s] -- Added test 'lint_cmake' to check CMake code style
[2.749s] -- Added test 'pep257' to check Python code against some of the docstring style conventions in PEP 257
[2.750s] -- Added test 'xmllint' to check XML markup files
[2.751s] -- Configuring done
[2.754s] -- Generating done
[2.755s] -- Build files have been written to: /home/fcanof/vanttec_sdv/build/sdv_robot_description
