[0.189s] DEBUG:colcon:Command line arguments: ['/usr/bin/colcon', 'build', '--packages-select', 'sdv_control']
[0.189s] DEBUG:colcon:Parsed command line arguments: Namespace(log_base=None, log_level=None, verb_name='build', build_base='build', install_base='install', merge_install=False, symlink_install=False, test_result_base=None, continue_on_error=False, executor='parallel', parallel_workers=12, event_handlers=None, ignore_user_meta=False, metas=['./colcon.meta'], base_paths=['.'], packages_ignore=None, packages_ignore_regex=None, paths=None, packages_up_to=None, packages_up_to_regex=None, packages_above=None, packages_above_and_dependencies=None, packages_above_depth=None, packages_select_by_dep=None, packages_skip_by_dep=None, packages_skip_up_to=None, packages_select_build_failed=False, packages_skip_build_finished=False, packages_select_test_failures=False, packages_skip_test_passed=False, packages_select=['sdv_control'], packages_skip=None, packages_select_regex=None, packages_skip_regex=None, packages_start=None, packages_end=None, allow_overriding=[], cmake_args=None, cmake_target=None, cmake_target_skip_unavailable=False, cmake_clean_cache=False, cmake_clean_first=False, cmake_force_configure=False, ament_cmake_args=None, catkin_cmake_args=None, catkin_skip_building_tests=False, verb_parser=<colcon_defaults.argument_parser.defaults.DefaultArgumentsDecorator object at 0x7dfee993dab0>, verb_extension=<colcon_core.verb.build.BuildVerb object at 0x7dfee993d4b0>, main=<bound method BuildVerb.main of <colcon_core.verb.build.BuildVerb object at 0x7dfee993d4b0>>)
[0.414s] Level 1:colcon.colcon_core.package_discovery:discover_packages(colcon_meta) check parameters
[0.414s] Level 1:colcon.colcon_core.package_discovery:discover_packages(recursive) check parameters
[0.414s] Level 1:colcon.colcon_core.package_discovery:discover_packages(ignore) check parameters
[0.415s] Level 1:colcon.colcon_core.package_discovery:discover_packages(path) check parameters
[0.415s] Level 1:colcon.colcon_core.package_discovery:discover_packages(colcon_meta) discover
[0.415s] Level 1:colcon.colcon_core.package_discovery:discover_packages(recursive) discover
[0.415s] INFO:colcon.colcon_core.package_discovery:Crawling recursively for packages in '/home/fectec151/Downloads/Projects/vanttec_sdv/workspace/src/sdv_control'
[0.415s] Level 1:colcon.colcon_core.package_identification:_identify(.) by extensions ['ignore', 'ignore_ament_install']
[0.415s] Level 1:colcon.colcon_core.package_identification:_identify(.) by extension 'ignore'
[0.415s] Level 1:colcon.colcon_core.package_identification:_identify(.) by extension 'ignore_ament_install'
[0.415s] Level 1:colcon.colcon_core.package_identification:_identify(.) by extensions ['colcon_pkg']
[0.415s] Level 1:colcon.colcon_core.package_identification:_identify(.) by extension 'colcon_pkg'
[0.415s] Level 1:colcon.colcon_core.package_identification:_identify(.) by extensions ['colcon_meta']
[0.415s] Level 1:colcon.colcon_core.package_identification:_identify(.) by extension 'colcon_meta'
[0.415s] Level 1:colcon.colcon_core.package_identification:_identify(.) by extensions ['ros']
[0.415s] Level 1:colcon.colcon_core.package_identification:_identify(.) by extension 'ros'
[0.432s] DEBUG:colcon.colcon_core.package_identification:Package '.' with type 'ros.ament_cmake' and name 'sdv_control'
[0.432s] Level 1:colcon.colcon_core.package_discovery:discover_packages(recursive) using defaults
[0.433s] Level 1:colcon.colcon_core.package_discovery:discover_packages(ignore) discover
[0.433s] Level 1:colcon.colcon_core.package_discovery:discover_packages(ignore) using defaults
[0.433s] Level 1:colcon.colcon_core.package_discovery:discover_packages(path) discover
[0.433s] Level 1:colcon.colcon_core.package_discovery:discover_packages(path) using defaults
[0.455s] Level 1:colcon.colcon_core.package_discovery:discover_packages(prefix_path) check parameters
[0.455s] Level 1:colcon.colcon_core.package_discovery:discover_packages(prefix_path) discover
[0.460s] DEBUG:colcon.colcon_installed_package_information.package_discovery:Found 4 installed packages in /home/fectec151/Downloads/Projects/vanttec_sdv/workspace/install
[0.462s] DEBUG:colcon.colcon_installed_package_information.package_discovery:Found 330 installed packages in /opt/ros/humble
[0.484s] Level 1:colcon.colcon_core.package_discovery:discover_packages(prefix_path) using defaults
[0.564s] Level 5:colcon.colcon_core.verb:set package 'sdv_control' build argument 'cmake_args' from command line to 'None'
[0.564s] Level 5:colcon.colcon_core.verb:set package 'sdv_control' build argument 'cmake_target' from command line to 'None'
[0.564s] Level 5:colcon.colcon_core.verb:set package 'sdv_control' build argument 'cmake_target_skip_unavailable' from command line to 'False'
[0.564s] Level 5:colcon.colcon_core.verb:set package 'sdv_control' build argument 'cmake_clean_cache' from command line to 'False'
[0.564s] Level 5:colcon.colcon_core.verb:set package 'sdv_control' build argument 'cmake_clean_first' from command line to 'False'
[0.564s] Level 5:colcon.colcon_core.verb:set package 'sdv_control' build argument 'cmake_force_configure' from command line to 'False'
[0.564s] Level 5:colcon.colcon_core.verb:set package 'sdv_control' build argument 'ament_cmake_args' from command line to 'None'
[0.564s] Level 5:colcon.colcon_core.verb:set package 'sdv_control' build argument 'catkin_cmake_args' from command line to 'None'
[0.564s] Level 5:colcon.colcon_core.verb:set package 'sdv_control' build argument 'catkin_skip_building_tests' from command line to 'False'
[0.564s] DEBUG:colcon.colcon_core.verb:Building package 'sdv_control' with the following arguments: {'ament_cmake_args': None, 'build_base': '/home/fectec151/Downloads/Projects/vanttec_sdv/workspace/src/sdv_control/build/sdv_control', 'catkin_cmake_args': None, 'catkin_skip_building_tests': False, 'cmake_args': None, 'cmake_clean_cache': False, 'cmake_clean_first': False, 'cmake_force_configure': False, 'cmake_target': None, 'cmake_target_skip_unavailable': False, 'install_base': '/home/fectec151/Downloads/Projects/vanttec_sdv/workspace/src/sdv_control/install/sdv_control', 'merge_install': False, 'path': '/home/fectec151/Downloads/Projects/vanttec_sdv/workspace/src/sdv_control', 'symlink_install': False, 'test_result_base': None}
[0.565s] INFO:colcon.colcon_core.executor:Executing jobs using 'parallel' executor
[0.566s] DEBUG:colcon.colcon_parallel_executor.executor.parallel:run_until_complete
[0.566s] INFO:colcon.colcon_ros.task.ament_cmake.build:Building ROS package in '/home/fectec151/Downloads/Projects/vanttec_sdv/workspace/src/sdv_control' with build type 'ament_cmake'
[0.567s] INFO:colcon.colcon_cmake.task.cmake.build:Building CMake package in '/home/fectec151/Downloads/Projects/vanttec_sdv/workspace/src/sdv_control'
[0.569s] INFO:colcon.colcon_core.plugin_system:Skipping extension 'colcon_core.shell.bat': Not used on non-Windows systems
[0.569s] INFO:colcon.colcon_core.shell:Skip shell extension 'powershell' for command environment: Not usable outside of PowerShell
[0.570s] DEBUG:colcon.colcon_core.shell:Skip shell extension 'dsv' for command environment
[0.580s] DEBUG:colcon.colcon_core.event_handler.log_command:Invoking command in '/home/fectec151/Downloads/Projects/vanttec_sdv/workspace/src/sdv_control/build/sdv_control': CMAKE_PREFIX_PATH=${CMAKE_PREFIX_PATH}:/opt/ros/humble /usr/bin/cmake /home/fectec151/Downloads/Projects/vanttec_sdv/workspace/src/sdv_control -DCMAKE_INSTALL_PREFIX=/home/fectec151/Downloads/Projects/vanttec_sdv/workspace/src/sdv_control/install/sdv_control
[6.708s] DEBUG:colcon.colcon_core.event_handler.log_command:Invoked command in '/home/fectec151/Downloads/Projects/vanttec_sdv/workspace/src/sdv_control/build/sdv_control' returned '0': CMAKE_PREFIX_PATH=${CMAKE_PREFIX_PATH}:/opt/ros/humble /usr/bin/cmake /home/fectec151/Downloads/Projects/vanttec_sdv/workspace/src/sdv_control -DCMAKE_INSTALL_PREFIX=/home/fectec151/Downloads/Projects/vanttec_sdv/workspace/src/sdv_control/install/sdv_control
[6.711s] DEBUG:colcon.colcon_core.event_handler.log_command:Invoking command in '/home/fectec151/Downloads/Projects/vanttec_sdv/workspace/src/sdv_control/build/sdv_control': CMAKE_PREFIX_PATH=${CMAKE_PREFIX_PATH}:/opt/ros/humble /usr/bin/cmake --build /home/fectec151/Downloads/Projects/vanttec_sdv/workspace/src/sdv_control/build/sdv_control -- -j12 -l12
[28.238s] DEBUG:colcon.colcon_core.event_handler.log_command:Invoked command in '/home/fectec151/Downloads/Projects/vanttec_sdv/workspace/src/sdv_control/build/sdv_control' returned '0': CMAKE_PREFIX_PATH=${CMAKE_PREFIX_PATH}:/opt/ros/humble /usr/bin/cmake --build /home/fectec151/Downloads/Projects/vanttec_sdv/workspace/src/sdv_control/build/sdv_control -- -j12 -l12
[28.286s] DEBUG:colcon.colcon_core.event_handler.log_command:Invoking command in '/home/fectec151/Downloads/Projects/vanttec_sdv/workspace/src/sdv_control/build/sdv_control': CMAKE_PREFIX_PATH=${CMAKE_PREFIX_PATH}:/opt/ros/humble /usr/bin/cmake --install /home/fectec151/Downloads/Projects/vanttec_sdv/workspace/src/sdv_control/build/sdv_control
[28.341s] Level 1:colcon.colcon_core.environment:create_environment_scripts_only(sdv_control)
[28.342s] DEBUG:colcon.colcon_core.event_handler.log_command:Invoked command in '/home/fectec151/Downloads/Projects/vanttec_sdv/workspace/src/sdv_control/build/sdv_control' returned '0': CMAKE_PREFIX_PATH=${CMAKE_PREFIX_PATH}:/opt/ros/humble /usr/bin/cmake --install /home/fectec151/Downloads/Projects/vanttec_sdv/workspace/src/sdv_control/build/sdv_control
[28.347s] Level 1:colcon.colcon_core.environment:checking '/home/fectec151/Downloads/Projects/vanttec_sdv/workspace/src/sdv_control/install/sdv_control' for CMake module files
[28.348s] Level 1:colcon.colcon_core.environment:checking '/home/fectec151/Downloads/Projects/vanttec_sdv/workspace/src/sdv_control/install/sdv_control' for CMake config files
[28.349s] Level 1:colcon.colcon_core.shell:create_environment_hook('sdv_control', 'cmake_prefix_path')
[28.349s] INFO:colcon.colcon_core.shell:Creating environment hook '/home/fectec151/Downloads/Projects/vanttec_sdv/workspace/src/sdv_control/install/sdv_control/share/sdv_control/hook/cmake_prefix_path.ps1'
[28.350s] INFO:colcon.colcon_core.shell:Creating environment descriptor '/home/fectec151/Downloads/Projects/vanttec_sdv/workspace/src/sdv_control/install/sdv_control/share/sdv_control/hook/cmake_prefix_path.dsv'
[28.351s] INFO:colcon.colcon_core.shell:Creating environment hook '/home/fectec151/Downloads/Projects/vanttec_sdv/workspace/src/sdv_control/install/sdv_control/share/sdv_control/hook/cmake_prefix_path.sh'
[28.353s] Level 1:colcon.colcon_core.environment:checking '/home/fectec151/Downloads/Projects/vanttec_sdv/workspace/src/sdv_control/install/sdv_control/lib'
[28.353s] Level 1:colcon.colcon_core.environment:checking '/home/fectec151/Downloads/Projects/vanttec_sdv/workspace/src/sdv_control/install/sdv_control/bin'
[28.354s] Level 1:colcon.colcon_core.environment:checking '/home/fectec151/Downloads/Projects/vanttec_sdv/workspace/src/sdv_control/install/sdv_control/lib/pkgconfig/sdv_control.pc'
[28.354s] Level 1:colcon.colcon_core.environment:checking '/home/fectec151/Downloads/Projects/vanttec_sdv/workspace/src/sdv_control/install/sdv_control/lib/python3.10/site-packages'
[28.354s] Level 1:colcon.colcon_core.environment:checking '/home/fectec151/Downloads/Projects/vanttec_sdv/workspace/src/sdv_control/install/sdv_control/bin'
[28.355s] INFO:colcon.colcon_core.shell:Creating package script '/home/fectec151/Downloads/Projects/vanttec_sdv/workspace/src/sdv_control/install/sdv_control/share/sdv_control/package.ps1'
[28.355s] INFO:colcon.colcon_core.shell:Creating package descriptor '/home/fectec151/Downloads/Projects/vanttec_sdv/workspace/src/sdv_control/install/sdv_control/share/sdv_control/package.dsv'
[28.356s] INFO:colcon.colcon_core.shell:Creating package script '/home/fectec151/Downloads/Projects/vanttec_sdv/workspace/src/sdv_control/install/sdv_control/share/sdv_control/package.sh'
[28.357s] INFO:colcon.colcon_core.shell:Creating package script '/home/fectec151/Downloads/Projects/vanttec_sdv/workspace/src/sdv_control/install/sdv_control/share/sdv_control/package.bash'
[28.357s] INFO:colcon.colcon_core.shell:Creating package script '/home/fectec151/Downloads/Projects/vanttec_sdv/workspace/src/sdv_control/install/sdv_control/share/sdv_control/package.zsh'
[28.358s] Level 1:colcon.colcon_core.environment:create_file_with_runtime_dependencies(/home/fectec151/Downloads/Projects/vanttec_sdv/workspace/src/sdv_control/install/sdv_control/share/colcon-core/packages/sdv_control)
[28.397s] Level 1:colcon.colcon_core.environment:create_environment_scripts_only(sdv_control)
[28.398s] Level 1:colcon.colcon_core.environment:checking '/home/fectec151/Downloads/Projects/vanttec_sdv/workspace/src/sdv_control/install/sdv_control' for CMake module files
[28.399s] Level 1:colcon.colcon_core.environment:checking '/home/fectec151/Downloads/Projects/vanttec_sdv/workspace/src/sdv_control/install/sdv_control' for CMake config files
[28.399s] Level 1:colcon.colcon_core.shell:create_environment_hook('sdv_control', 'cmake_prefix_path')
[28.399s] INFO:colcon.colcon_core.shell:Creating environment hook '/home/fectec151/Downloads/Projects/vanttec_sdv/workspace/src/sdv_control/install/sdv_control/share/sdv_control/hook/cmake_prefix_path.ps1'
[28.400s] INFO:colcon.colcon_core.shell:Creating environment descriptor '/home/fectec151/Downloads/Projects/vanttec_sdv/workspace/src/sdv_control/install/sdv_control/share/sdv_control/hook/cmake_prefix_path.dsv'
[28.401s] INFO:colcon.colcon_core.shell:Creating environment hook '/home/fectec151/Downloads/Projects/vanttec_sdv/workspace/src/sdv_control/install/sdv_control/share/sdv_control/hook/cmake_prefix_path.sh'
[28.402s] Level 1:colcon.colcon_core.environment:checking '/home/fectec151/Downloads/Projects/vanttec_sdv/workspace/src/sdv_control/install/sdv_control/lib'
[28.402s] Level 1:colcon.colcon_core.environment:checking '/home/fectec151/Downloads/Projects/vanttec_sdv/workspace/src/sdv_control/install/sdv_control/bin'
[28.402s] Level 1:colcon.colcon_core.environment:checking '/home/fectec151/Downloads/Projects/vanttec_sdv/workspace/src/sdv_control/install/sdv_control/lib/pkgconfig/sdv_control.pc'
[28.402s] Level 1:colcon.colcon_core.environment:checking '/home/fectec151/Downloads/Projects/vanttec_sdv/workspace/src/sdv_control/install/sdv_control/lib/python3.10/site-packages'
[28.403s] Level 1:colcon.colcon_core.environment:checking '/home/fectec151/Downloads/Projects/vanttec_sdv/workspace/src/sdv_control/install/sdv_control/bin'
[28.403s] INFO:colcon.colcon_core.shell:Creating package script '/home/fectec151/Downloads/Projects/vanttec_sdv/workspace/src/sdv_control/install/sdv_control/share/sdv_control/package.ps1'
[28.404s] INFO:colcon.colcon_core.shell:Creating package descriptor '/home/fectec151/Downloads/Projects/vanttec_sdv/workspace/src/sdv_control/install/sdv_control/share/sdv_control/package.dsv'
[28.404s] INFO:colcon.colcon_core.shell:Creating package script '/home/fectec151/Downloads/Projects/vanttec_sdv/workspace/src/sdv_control/install/sdv_control/share/sdv_control/package.sh'
[28.405s] INFO:colcon.colcon_core.shell:Creating package script '/home/fectec151/Downloads/Projects/vanttec_sdv/workspace/src/sdv_control/install/sdv_control/share/sdv_control/package.bash'
[28.405s] INFO:colcon.colcon_core.shell:Creating package script '/home/fectec151/Downloads/Projects/vanttec_sdv/workspace/src/sdv_control/install/sdv_control/share/sdv_control/package.zsh'
[28.405s] Level 1:colcon.colcon_core.environment:create_file_with_runtime_dependencies(/home/fectec151/Downloads/Projects/vanttec_sdv/workspace/src/sdv_control/install/sdv_control/share/colcon-core/packages/sdv_control)
[28.406s] DEBUG:colcon.colcon_parallel_executor.executor.parallel:closing loop
[28.406s] DEBUG:colcon.colcon_parallel_executor.executor.parallel:loop closed
[28.406s] DEBUG:colcon.colcon_parallel_executor.executor.parallel:run_until_complete finished with '0'
[28.406s] DEBUG:colcon.colcon_core.event_reactor:joining thread
[28.411s] INFO:colcon.colcon_core.plugin_system:Skipping extension 'colcon_notification.desktop_notification.terminal_notifier': Not used on non-Darwin systems
[28.411s] INFO:colcon.colcon_core.plugin_system:Skipping extension 'colcon_notification.desktop_notification.win32': Not used on non-Windows systems
[28.411s] INFO:colcon.colcon_notification.desktop_notification:Sending desktop notification using 'notify2'
[28.423s] DEBUG:colcon.colcon_core.event_reactor:joined thread
[28.424s] INFO:colcon.colcon_core.shell:Creating prefix script '/home/fectec151/Downloads/Projects/vanttec_sdv/workspace/src/sdv_control/install/local_setup.ps1'
[28.425s] INFO:colcon.colcon_core.shell:Creating prefix util module '/home/fectec151/Downloads/Projects/vanttec_sdv/workspace/src/sdv_control/install/_local_setup_util_ps1.py'
[28.426s] INFO:colcon.colcon_core.shell:Creating prefix chain script '/home/fectec151/Downloads/Projects/vanttec_sdv/workspace/src/sdv_control/install/setup.ps1'
[28.427s] INFO:colcon.colcon_core.shell:Creating prefix script '/home/fectec151/Downloads/Projects/vanttec_sdv/workspace/src/sdv_control/install/local_setup.sh'
[28.427s] INFO:colcon.colcon_core.shell:Creating prefix util module '/home/fectec151/Downloads/Projects/vanttec_sdv/workspace/src/sdv_control/install/_local_setup_util_sh.py'
[28.427s] INFO:colcon.colcon_core.shell:Creating prefix chain script '/home/fectec151/Downloads/Projects/vanttec_sdv/workspace/src/sdv_control/install/setup.sh'
[28.429s] INFO:colcon.colcon_core.shell:Creating prefix script '/home/fectec151/Downloads/Projects/vanttec_sdv/workspace/src/sdv_control/install/local_setup.bash'
[28.429s] INFO:colcon.colcon_core.shell:Creating prefix chain script '/home/fectec151/Downloads/Projects/vanttec_sdv/workspace/src/sdv_control/install/setup.bash'
[28.431s] INFO:colcon.colcon_core.shell:Creating prefix script '/home/fectec151/Downloads/Projects/vanttec_sdv/workspace/src/sdv_control/install/local_setup.zsh'
[28.432s] INFO:colcon.colcon_core.shell:Creating prefix chain script '/home/fectec151/Downloads/Projects/vanttec_sdv/workspace/src/sdv_control/install/setup.zsh'
