[35m[1mConsolidate compiler generated dependencies of target Vanttec_CANLibLIB[0m
[ 50%] Built target Vanttec_CANLibLIB
[35m[1mConsolidate compiler generated dependencies of target can_node[0m
[ 60%] [32mBuilding CXX object CMakeFiles/can_node.dir/src/can_node.cpp.o[0m
[ 70%] [32mBuilding CXX object CMakeFiles/can_node.dir/src/CANTxNode.cpp.o[0m
[01m[K/home/fcanof/vanttec_sdv/workspace/src/sdv_can/src/CANTxNode.cpp:[m[K In lambda function:
[01m[K/home/fcanof/vanttec_sdv/workspace/src/sdv_can/src/CANTxNode.cpp:22:9:[m[K [01;31m[Kerror: [m[K‘[01m[Khandler[m[K’ is not captured
   22 |         [01;31m[Khandler[m[K->write(steerMsg);
      |         [01;31m[K^~~~~~~[m[K
[01m[K/home/fcanof/vanttec_sdv/workspace/src/sdv_can/src/CANTxNode.cpp:18:27:[m[K [01;36m[Knote: [m[Kthe lambda has no capture-default
   18 |       "cmd_vel", 10, [this[01;36m[K][m[K(const geometry_msgs::msg::Twist &msg){
      |                           [01;36m[K^[m[K
[01m[K/home/fcanof/vanttec_sdv/workspace/src/sdv_can/src/CANTxNode.cpp:10:66:[m[K [01;36m[Knote: [m[K‘[01m[Kconst std::shared_ptr<vanttec::CANHandler>& handler[m[K’ declared here
   10 | CANTxNode::CANTxNode([01;36m[Kconst std::shared_ptr<vanttec::CANHandler> &handler[m[K)
      |                      [01;36m[K~~~~~~~~~~~~~~~~~~~~~~~~~~~~~~~~~~~~~~~~~~~~^~~~~~~[m[K
[01m[K/home/fcanof/vanttec_sdv/workspace/src/sdv_can/src/CANTxNode.cpp:[m[K In member function ‘[01m[Kvoid CANTxNode::steering_callback(const Vector3&)[m[K’:
[01m[K/home/fcanof/vanttec_sdv/workspace/src/sdv_can/src/CANTxNode.cpp:38:12:[m[K [01;35m[Kwarning: [m[Kunused variable ‘[01m[Kstpr_frame[m[K’ [[01;35m[K]8;;https://gcc.gnu.org/onlinedocs/gcc/Warning-Options.html#index-Wunused-variable-Wunused-variable]8;;[m[K]
   38 |   uint32_t [01;35m[Kstpr_frame[m[K = 0;
      |            [01;35m[K^~~~~~~~~~[m[K
[01m[K/home/fcanof/vanttec_sdv/workspace/src/sdv_can/src/CANTxNode.cpp:40:12:[m[K [01;35m[Kwarning: [m[Kunused variable ‘[01m[Ksteps[m[K’ [[01;35m[K]8;;https://gcc.gnu.org/onlinedocs/gcc/Warning-Options.html#index-Wunused-variable-Wunused-variable]8;;[m[K]
   40 |   uint16_t [01;35m[Ksteps[m[K = (uint16_t) msg.y;
      |            [01;35m[K^~~~~[m[K
gmake[2]: *** [CMakeFiles/can_node.dir/build.make:90: CMakeFiles/can_node.dir/src/CANTxNode.cpp.o] Error 1
gmake[1]: *** [CMakeFiles/Makefile2:154: CMakeFiles/can_node.dir/all] Error 2
gmake: *** [Makefile:146: all] Error 2
