[0.063s] Invoking command in '/home/fcanof/vanttec_sdv/build/sdv_can': AMENT_PREFIX_PATH=/home/fcanof/vanttec_sdv/install/vectornav_msgs:/home/fcanof/vanttec_sdv/install/sdv_msgs:${AMENT_PREFIX_PATH} CMAKE_PREFIX_PATH=/home/fcanof/vanttec_sdv/install/vectornav_msgs:/home/fcanof/vanttec_sdv/install/sdv_msgs:/opt/ros/humble LD_LIBRARY_PATH=/home/fcanof/vanttec_sdv/install/vectornav_msgs/lib:/home/fcanof/vanttec_sdv/install/sdv_msgs/lib:${LD_LIBRARY_PATH} PYTHONPATH=/home/fcanof/vanttec_sdv/install/vectornav_msgs/local/lib/python3.10/dist-packages:/home/fcanof/vanttec_sdv/install/sdv_msgs/local/lib/python3.10/dist-packages:${PYTHONPATH} /usr/bin/cmake --build /home/fcanof/vanttec_sdv/build/sdv_can -- -j12 -l12
[0.097s] [35m[1mConsolidate compiler generated dependencies of target Vanttec_CANLibLIB[0m
[0.106s] [ 50%] Built target Vanttec_CANLibLIB
[0.116s] [35m[1mConsolidate compiler generated dependencies of target can_node[0m
[0.137s] [ 60%] [32mBuilding CXX object CMakeFiles/can_node.dir/src/can_node.cpp.o[0m
[0.138s] [ 70%] [32mBuilding CXX object CMakeFiles/can_node.dir/src/CANTxNode.cpp.o[0m
[2.488s] [01m[K/home/fcanof/vanttec_sdv/workspace/src/sdv_can/src/CANTxNode.cpp:[m[K In lambda function:
[2.489s] [01m[K/home/fcanof/vanttec_sdv/workspace/src/sdv_can/src/CANTxNode.cpp:22:9:[m[K [01;31m[Kerror: [m[K‘[01m[Khandler[m[K’ is not captured
[2.489s]    22 |         [01;31m[Khandler[m[K->write(steerMsg);
[2.489s]       |         [01;31m[K^~~~~~~[m[K
[2.489s] [01m[K/home/fcanof/vanttec_sdv/workspace/src/sdv_can/src/CANTxNode.cpp:18:27:[m[K [01;36m[Knote: [m[Kthe lambda has no capture-default
[2.489s]    18 |       "cmd_vel", 10, [this[01;36m[K][m[K(const geometry_msgs::msg::Twist &msg){
[2.489s]       |                           [01;36m[K^[m[K
[2.489s] [01m[K/home/fcanof/vanttec_sdv/workspace/src/sdv_can/src/CANTxNode.cpp:10:66:[m[K [01;36m[Knote: [m[K‘[01m[Kconst std::shared_ptr<vanttec::CANHandler>& handler[m[K’ declared here
[2.489s]    10 | CANTxNode::CANTxNode([01;36m[Kconst std::shared_ptr<vanttec::CANHandler> &handler[m[K)
[2.489s]       |                      [01;36m[K~~~~~~~~~~~~~~~~~~~~~~~~~~~~~~~~~~~~~~~~~~~~^~~~~~~[m[K
[2.505s] [01m[K/home/fcanof/vanttec_sdv/workspace/src/sdv_can/src/CANTxNode.cpp:[m[K In member function ‘[01m[Kvoid CANTxNode::steering_callback(const Vector3&)[m[K’:
[2.505s] [01m[K/home/fcanof/vanttec_sdv/workspace/src/sdv_can/src/CANTxNode.cpp:38:12:[m[K [01;35m[Kwarning: [m[Kunused variable ‘[01m[Kstpr_frame[m[K’ [[01;35m[K]8;;https://gcc.gnu.org/onlinedocs/gcc/Warning-Options.html#index-Wunused-variable-Wunused-variable]8;;[m[K]
[2.505s]    38 |   uint32_t [01;35m[Kstpr_frame[m[K = 0;
[2.505s]       |            [01;35m[K^~~~~~~~~~[m[K
[2.505s] [01m[K/home/fcanof/vanttec_sdv/workspace/src/sdv_can/src/CANTxNode.cpp:40:12:[m[K [01;35m[Kwarning: [m[Kunused variable ‘[01m[Ksteps[m[K’ [[01;35m[K]8;;https://gcc.gnu.org/onlinedocs/gcc/Warning-Options.html#index-Wunused-variable-Wunused-variable]8;;[m[K]
[2.505s]    40 |   uint16_t [01;35m[Ksteps[m[K = (uint16_t) msg.y;
[2.505s]       |            [01;35m[K^~~~~[m[K
[5.615s] gmake[2]: *** [CMakeFiles/can_node.dir/build.make:90: CMakeFiles/can_node.dir/src/CANTxNode.cpp.o] Error 1
[5.615s] gmake[1]: *** [CMakeFiles/Makefile2:154: CMakeFiles/can_node.dir/all] Error 2
[5.615s] gmake: *** [Makefile:146: all] Error 2
[5.617s] Invoked command in '/home/fcanof/vanttec_sdv/build/sdv_can' returned '2': AMENT_PREFIX_PATH=/home/fcanof/vanttec_sdv/install/vectornav_msgs:/home/fcanof/vanttec_sdv/install/sdv_msgs:${AMENT_PREFIX_PATH} CMAKE_PREFIX_PATH=/home/fcanof/vanttec_sdv/install/vectornav_msgs:/home/fcanof/vanttec_sdv/install/sdv_msgs:/opt/ros/humble LD_LIBRARY_PATH=/home/fcanof/vanttec_sdv/install/vectornav_msgs/lib:/home/fcanof/vanttec_sdv/install/sdv_msgs/lib:${LD_LIBRARY_PATH} PYTHONPATH=/home/fcanof/vanttec_sdv/install/vectornav_msgs/local/lib/python3.10/dist-packages:/home/fcanof/vanttec_sdv/install/sdv_msgs/local/lib/python3.10/dist-packages:${PYTHONPATH} /usr/bin/cmake --build /home/fcanof/vanttec_sdv/build/sdv_can -- -j12 -l12
