[0.000000] (-) TimerEvent: {}
[0.000106] (-) JobUnselected: {'identifier': 'isaac_ros_apriltag_interfaces'}
[0.000134] (-) JobUnselected: {'identifier': 'isaac_ros_bi3d_interfaces'}
[0.000155] (-) JobUnselected: {'identifier': 'isaac_ros_common'}
[0.000173] (-) JobUnselected: {'identifier': 'isaac_ros_nitros_bridge_interfaces'}
[0.000213] (-) JobUnselected: {'identifier': 'isaac_ros_nova_interfaces'}
[0.000286] (-) JobUnselected: {'identifier': 'isaac_ros_pointcloud_interfaces'}
[0.000305] (-) JobUnselected: {'identifier': 'isaac_ros_tensor_list_interfaces'}
[0.000340] (-) JobUnselected: {'identifier': 'isaac_ros_test'}
[0.000360] (-) JobUnselected: {'identifier': 'lidar3d_clustering'}
[0.000377] (-) JobUnselected: {'identifier': 'my_camera_node'}
[0.000487] (-) JobUnselected: {'identifier': 'ros_compatibility'}
[0.000508] (-) JobUnselected: {'identifier': 'sbg_driver'}
[0.000532] (-) JobUnselected: {'identifier': 'sdv_control'}
[0.000562] (-) JobUnselected: {'identifier': 'sdv_description'}
[0.000580] (-) JobUnselected: {'identifier': 'sdv_launch'}
[0.000597] (-) JobUnselected: {'identifier': 'sdv_lidar_processing'}
[0.000676] (-) JobUnselected: {'identifier': 'sdv_localization'}
[0.000695] (-) JobUnselected: {'identifier': 'sdv_manual_control'}
[0.000726] (-) JobUnselected: {'identifier': 'sdv_msgs'}
[0.000749] (-) JobUnselected: {'identifier': 'sdv_robot_description'}
[0.000823] (-) JobUnselected: {'identifier': 'vectornav'}
[0.000887] (-) JobUnselected: {'identifier': 'vectornav_msgs'}
[0.000907] (-) JobUnselected: {'identifier': 'voxel_grid_filter'}
[0.000940] (sdv_can) JobQueued: {'identifier': 'sdv_can', 'dependencies': OrderedDict([('sdv_msgs', '/home/fcanof/vanttec_sdv/install/sdv_msgs'), ('vectornav_msgs', '/home/fcanof/vanttec_sdv/install/vectornav_msgs')])}
[0.000967] (sdv_can) JobStarted: {'identifier': 'sdv_can'}
[0.099466] (-) TimerEvent: {}
[0.104730] (sdv_can) JobEnded: {'identifier': 'sdv_can', 'rc': 1}
[0.105300] (-) EventReactorShutdown: {}
