Archive member included to satisfy reference by file (symbol)

c:/st/stm32cubeide_1.10.1/stm32cubeide/plugins/com.st.stm32cube.ide.mcu.externaltools.gnu-tools-for-stm32.10.3-2021.10.win32_1.0.0.202111181127/tools/bin/../lib/gcc/arm-none-eabi/10.3.1/../../../../arm-none-eabi/lib/thumb/v7e-m+fp/hard\libm.a(lib_a-sf_frexp.o)
                              ./libs/src/Vanttec_CANLib/Utils/CANSerialization.o (frexpf)
c:/st/stm32cubeide_1.10.1/stm32cubeide/plugins/com.st.stm32cube.ide.mcu.externaltools.gnu-tools-for-stm32.10.3-2021.10.win32_1.0.0.202111181127/tools/bin/../lib/gcc/arm-none-eabi/10.3.1/../../../../arm-none-eabi/lib/thumb/v7e-m+fp/hard\libm.a(lib_a-sf_ldexp.o)
                              ./libs/src/Vanttec_CANLib/Utils/CANDeserialization.o (ldexpf)
c:/st/stm32cubeide_1.10.1/stm32cubeide/plugins/com.st.stm32cube.ide.mcu.externaltools.gnu-tools-for-stm32.10.3-2021.10.win32_1.0.0.202111181127/tools/bin/../lib/gcc/arm-none-eabi/10.3.1/../../../../arm-none-eabi/lib/thumb/v7e-m+fp/hard\libm.a(lib_a-sf_scalbn.o)
                              c:/st/stm32cubeide_1.10.1/stm32cubeide/plugins/com.st.stm32cube.ide.mcu.externaltools.gnu-tools-for-stm32.10.3-2021.10.win32_1.0.0.202111181127/tools/bin/../lib/gcc/arm-none-eabi/10.3.1/../../../../arm-none-eabi/lib/thumb/v7e-m+fp/hard\libm.a(lib_a-sf_ldexp.o) (scalbnf)
c:/st/stm32cubeide_1.10.1/stm32cubeide/plugins/com.st.stm32cube.ide.mcu.externaltools.gnu-tools-for-stm32.10.3-2021.10.win32_1.0.0.202111181127/tools/bin/../lib/gcc/arm-none-eabi/10.3.1/../../../../arm-none-eabi/lib/thumb/v7e-m+fp/hard\libm.a(lib_a-sf_finite.o)
                              c:/st/stm32cubeide_1.10.1/stm32cubeide/plugins/com.st.stm32cube.ide.mcu.externaltools.gnu-tools-for-stm32.10.3-2021.10.win32_1.0.0.202111181127/tools/bin/../lib/gcc/arm-none-eabi/10.3.1/../../../../arm-none-eabi/lib/thumb/v7e-m+fp/hard\libm.a(lib_a-sf_ldexp.o) (finitef)
c:/st/stm32cubeide_1.10.1/stm32cubeide/plugins/com.st.stm32cube.ide.mcu.externaltools.gnu-tools-for-stm32.10.3-2021.10.win32_1.0.0.202111181127/tools/bin/../lib/gcc/arm-none-eabi/10.3.1/../../../../arm-none-eabi/lib/thumb/v7e-m+fp/hard\libc_nano.a(lib_a-errno.o)
                              ./Core/Src/syscalls.o (__errno)
c:/st/stm32cubeide_1.10.1/stm32cubeide/plugins/com.st.stm32cube.ide.mcu.externaltools.gnu-tools-for-stm32.10.3-2021.10.win32_1.0.0.202111181127/tools/bin/../lib/gcc/arm-none-eabi/10.3.1/../../../../arm-none-eabi/lib/thumb/v7e-m+fp/hard\libc_nano.a(lib_a-exit.o)
                              c:/st/stm32cubeide_1.10.1/stm32cubeide/plugins/com.st.stm32cube.ide.mcu.externaltools.gnu-tools-for-stm32.10.3-2021.10.win32_1.0.0.202111181127/tools/bin/../lib/gcc/arm-none-eabi/10.3.1/../../../../arm-none-eabi/lib/thumb/v7e-m+fp/hard/crt0.o (exit)
c:/st/stm32cubeide_1.10.1/stm32cubeide/plugins/com.st.stm32cube.ide.mcu.externaltools.gnu-tools-for-stm32.10.3-2021.10.win32_1.0.0.202111181127/tools/bin/../lib/gcc/arm-none-eabi/10.3.1/../../../../arm-none-eabi/lib/thumb/v7e-m+fp/hard\libc_nano.a(lib_a-findfp.o)
                              ./Middlewares/Third_Party/FreeRTOS/Source/tasks.o (__sf_fake_stderr)
c:/st/stm32cubeide_1.10.1/stm32cubeide/plugins/com.st.stm32cube.ide.mcu.externaltools.gnu-tools-for-stm32.10.3-2021.10.win32_1.0.0.202111181127/tools/bin/../lib/gcc/arm-none-eabi/10.3.1/../../../../arm-none-eabi/lib/thumb/v7e-m+fp/hard\libc_nano.a(lib_a-fwalk.o)
                              c:/st/stm32cubeide_1.10.1/stm32cubeide/plugins/com.st.stm32cube.ide.mcu.externaltools.gnu-tools-for-stm32.10.3-2021.10.win32_1.0.0.202111181127/tools/bin/../lib/gcc/arm-none-eabi/10.3.1/../../../../arm-none-eabi/lib/thumb/v7e-m+fp/hard\libc_nano.a(lib_a-findfp.o) (_fwalk)
c:/st/stm32cubeide_1.10.1/stm32cubeide/plugins/com.st.stm32cube.ide.mcu.externaltools.gnu-tools-for-stm32.10.3-2021.10.win32_1.0.0.202111181127/tools/bin/../lib/gcc/arm-none-eabi/10.3.1/../../../../arm-none-eabi/lib/thumb/v7e-m+fp/hard\libc_nano.a(lib_a-impure.o)
                              c:/st/stm32cubeide_1.10.1/stm32cubeide/plugins/com.st.stm32cube.ide.mcu.externaltools.gnu-tools-for-stm32.10.3-2021.10.win32_1.0.0.202111181127/tools/bin/../lib/gcc/arm-none-eabi/10.3.1/../../../../arm-none-eabi/lib/thumb/v7e-m+fp/hard\libc_nano.a(lib_a-exit.o) (_global_impure_ptr)
c:/st/stm32cubeide_1.10.1/stm32cubeide/plugins/com.st.stm32cube.ide.mcu.externaltools.gnu-tools-for-stm32.10.3-2021.10.win32_1.0.0.202111181127/tools/bin/../lib/gcc/arm-none-eabi/10.3.1/../../../../arm-none-eabi/lib/thumb/v7e-m+fp/hard\libc_nano.a(lib_a-init.o)
                              c:/st/stm32cubeide_1.10.1/stm32cubeide/plugins/com.st.stm32cube.ide.mcu.externaltools.gnu-tools-for-stm32.10.3-2021.10.win32_1.0.0.202111181127/tools/bin/../lib/gcc/arm-none-eabi/10.3.1/../../../../arm-none-eabi/lib/thumb/v7e-m+fp/hard/crt0.o (__libc_init_array)
[...]
Memory Configuration

Name             Origin             Length             Attributes
RAM              0x0000000020000000 0x0000000000008000 xrw
FLASH            0x0000000008000000 0x0000000000020000 xr
*default*        0x0000000000000000 0xffffffffffffffff

Linker script and memory map

LOAD c:/st/stm32cubeide_1.10.1/stm32cubeide/plugins/com.st.stm32cube.ide.mcu.externaltools.gnu-tools-for-stm32.10.3-2021.10.win32_1.0.0.202111181127/tools/bin/../lib/gcc/arm-none-eabi/10.3.1/thumb/v7e-m+fp/hard/crti.o
LOAD c:/st/stm32cubeide_1.10.1/stm32cubeide/plugins/com.st.stm32cube.ide.mcu.externaltools.gnu-tools-for-stm32.10.3-2021.10.win32_1.0.0.202111181127/tools/bin/../lib/gcc/arm-none-eabi/10.3.1/thumb/v7e-m+fp/hard/crtbegin.o
LOAD c:/st/stm32cubeide_1.10.1/stm32cubeide/plugins/com.st.stm32cube.ide.mcu.externaltools.gnu-tools-for-stm32.10.3-2021.10.win32_1.0.0.202111181127/tools/bin/../lib/gcc/arm-none-eabi/10.3.1/../../../../arm-none-eabi/lib/thumb/v7e-m+fp/hard/crt0.o
LOAD ./Core/Src/CAN/can.o
LOAD ./Core/Src/CAN/can_bus.o
LOAD ./Core/Src/CAN/can_bus_parser.o
LOAD ./Core/Src/CAN/can_bus_task.o
LOAD ./Core/Src/CAN/can_bus_tx_tasks.o
LOAD ./Core/Src/SDV/sdv_main.o
LOAD ./Core/Src/app_freertos.o
LOAD ./Core/Src/main.o
LOAD ./Core/Src/stm32g4xx_hal_msp.o
LOAD ./Core/Src/stm32g4xx_it.o
LOAD ./Core/Src/syscalls.o
LOAD ./Core/Src/sysmem.o
LOAD ./Core/Src/system_stm32g4xx.o
LOAD ./Core/Src/ver_data.o
LOAD ./Core/Startup/startup_stm32g431kbux.o
LOAD ./Drivers/STM32G4xx_HAL_Driver/Src/stm32g4xx_hal.o
LOAD ./Drivers/STM32G4xx_HAL_Driver/Src/stm32g4xx_hal_cortex.o
LOAD ./Drivers/STM32G4xx_HAL_Driver/Src/stm32g4xx_hal_dma.o
LOAD ./Drivers/STM32G4xx_HAL_Driver/Src/stm32g4xx_hal_dma_ex.o
LOAD ./Drivers/STM32G4xx_HAL_Driver/Src/stm32g4xx_hal_exti.o
LOAD ./Drivers/STM32G4xx_HAL_Driver/Src/stm32g4xx_hal_fdcan.o
LOAD ./Drivers/STM32G4xx_HAL_Driver/Src/stm32g4xx_hal_flash.o
LOAD ./Drivers/STM32G4xx_HAL_Driver/Src/stm32g4xx_hal_flash_ex.o
LOAD ./Drivers/STM32G4xx_HAL_Driver/Src/stm32g4xx_hal_flash_ramfunc.o
LOAD ./Drivers/STM32G4xx_HAL_Driver/Src/stm32g4xx_hal_gpio.o
LOAD ./Drivers/STM32G4xx_HAL_Driver/Src/stm32g4xx_hal_i2c.o
LOAD ./Drivers/STM32G4xx_HAL_Driver/Src/stm32g4xx_hal_i2c_ex.o
LOAD ./Drivers/STM32G4xx_HAL_Driver/Src/stm32g4xx_hal_pwr.o
LOAD ./Drivers/STM32G4xx_HAL_Driver/Src/stm32g4xx_hal_pwr_ex.o
LOAD ./Drivers/STM32G4xx_HAL_Driver/Src/stm32g4xx_hal_rcc.o
LOAD ./Drivers/STM32G4xx_HAL_Driver/Src/stm32g4xx_hal_rcc_ex.o
LOAD ./Middlewares/Third_Party/FreeRTOS/Source/CMSIS_RTOS_V2/cmsis_os2.o
LOAD ./Middlewares/Third_Party/FreeRTOS/Source/croutine.o
LOAD ./Middlewares/Third_Party/FreeRTOS/Source/event_groups.o
LOAD ./Middlewares/Third_Party/FreeRTOS/Source/list.o
LOAD ./Middlewares/Third_Party/FreeRTOS/Source/queue.o
LOAD ./Middlewares/Third_Party/FreeRTOS/Source/stream_buffer.o
LOAD ./Middlewares/Third_Party/FreeRTOS/Source/tasks.o
LOAD ./Middlewares/Third_Party/FreeRTOS/Source/timers.o
LOAD ./Middlewares/Third_Party/FreeRTOS/Source/portable/GCC/ARM_CM4F/port.o
LOAD ./Middlewares/Third_Party/FreeRTOS/Source/portable/MemMang/heap_4.o
LOAD ./libs/src/Vanttec_CANLib/ByteOrder/inet.o
LOAD ./libs/src/Vanttec_CANLib/CANMessage.o
LOAD ./libs/src/Vanttec_CANLib/Utils/CANDeserialization.o
LOAD ./libs/src/Vanttec_CANLib/Utils/CANSerialization.o
START GROUP
LOAD c:/st/stm32cubeide_1.10.1/stm32cubeide/plugins/com.st.stm32cube.ide.mcu.externaltools.gnu-tools-for-stm32.10.3-2021.10.win32_1.0.0.202111181127/tools/bin/../lib/gcc/arm-none-eabi/10.3.1/../../../../arm-none-eabi/lib/thumb/v7e-m+fp/hard\libstdc++_nano.a
LOAD c:/st/stm32cubeide_1.10.1/stm32cubeide/plugins/com.st.stm32cube.ide.mcu.externaltools.gnu-tools-for-stm32.10.3-2021.10.win32_1.0.0.202111181127/tools/bin/../lib/gcc/arm-none-eabi/10.3.1/../../../../arm-none-eabi/lib/thumb/v7e-m+fp/hard\libsupc++_nano.a
END GROUP
LOAD c:/st/stm32cubeide_1.10.1/stm32cubeide/plugins/com.st.stm32cube.ide.mcu.externaltools.gnu-tools-for-stm32.10.3-2021.10.win32_1.0.0.202111181127/tools/bin/../lib/gcc/arm-none-eabi/10.3.1/../../../../arm-none-eabi/lib/thumb/v7e-m+fp/hard\libstdc++_nano.a
LOAD c:/st/stm32cubeide_1.10.1/stm32cubeide/plugins/com.st.stm32cube.ide.mcu.externaltools.gnu-tools-for-stm32.10.3-2021.10.win32_1.0.0.202111181127/tools/bin/../lib/gcc/arm-none-eabi/10.3.1/../../../../arm-none-eabi/lib/thumb/v7e-m+fp/hard\libm.a
LOAD c:/st/stm32cubeide_1.10.1/stm32cubeide/plugins/com.st.stm32cube.ide.mcu.externaltools.gnu-tools-for-stm32.10.3-2021.10.win32_1.0.0.202111181127/tools/bin/../lib/gcc/arm-none-eabi/10.3.1/../../../../arm-none-eabi/lib/thumb/v7e-m+fp/hard\libc_nano.a
START GROUP
LOAD c:/st/stm32cubeide_1.10.1/stm32cubeide/plugins/com.st.stm32cube.ide.mcu.externaltools.gnu-tools-for-stm32.10.3-2021.10.win32_1.0.0.202111181127/tools/bin/../lib/gcc/arm-none-eabi/10.3.1/thumb/v7e-m+fp/hard\libgcc.a
LOAD c:/st/stm32cubeide_1.10.1/stm32cubeide/plugins/com.st.stm32cube.ide.mcu.externaltools.gnu-tools-for-stm32.10.3-2021.10.win32_1.0.0.202111181127/tools/bin/../lib/gcc/arm-none-eabi/10.3.1/../../../../arm-none-eabi/lib/thumb/v7e-m+fp/hard\libc_nano.a
END GROUP
START GROUP
LOAD c:/st/stm32cubeide_1.10.1/stm32cubeide/plugins/com.st.stm32cube.ide.mcu.externaltools.gnu-tools-for-stm32.10.3-2021.10.win32_1.0.0.202111181127/tools/bin/../lib/gcc/arm-none-eabi/10.3.1/thumb/v7e-m+fp/hard\libgcc.a
LOAD c:/st/stm32cubeide_1.10.1/stm32cubeide/plugins/com.st.stm32cube.ide.mcu.externaltools.gnu-tools-for-stm32.10.3-2021.10.win32_1.0.0.202111181127/tools/bin/../lib/gcc/arm-none-eabi/10.3.1/../../../../arm-none-eabi/lib/thumb/v7e-m+fp/hard\libc_nano.a
END GROUP
LOAD c:/st/stm32cubeide_1.10.1/stm32cubeide/plugins/com.st.stm32cube.ide.mcu.externaltools.gnu-tools-for-stm32.10.3-2021.10.win32_1.0.0.202111181127/tools/bin/../lib/gcc/arm-none-eabi/10.3.1/thumb/v7e-m+fp/hard/crtend.o
LOAD c:/st/stm32cubeide_1.10.1/stm32cubeide/plugins/com.st.stm32cube.ide.mcu.externaltools.gnu-tools-for-stm32.10.3-2021.10.win32_1.0.0.202111181127/tools/bin/../lib/gcc/arm-none-eabi/10.3.1/thumb/v7e-m+fp/hard/crtn.o
                0x0000000020008000                _estack = (ORIGIN (RAM) + LENGTH (RAM))
                0x0000000000000200                _Min_Heap_Size = 0x200
                0x0000000000000400                _Min_Stack_Size = 0x400

.isr_vector     0x0000000008000000      0x1d8
                0x0000000008000000                . = ALIGN (0x4)
 *(.isr_vector)
 .isr_vector    0x0000000008000000      0x1d8 ./Core/Startup/startup_stm32g431kbux.o
                0x0000000008000000                g_pfnVectors
                0x00000000080001d8                . = ALIGN (0x4)

.text           0x00000000080001e0     0x6324
                0x00000000080001e0                . = ALIGN (0x4)
 *(.text)
 .text          0x00000000080001e0       0x40 c:/st/stm32cubeide_1.10.1/stm32cubeide/plugins/com.st.stm32cube.ide.mcu.externaltools.gnu-tools-for-stm32.10.3-2021.10.win32_1.0.0.202111181127/tools/bin/../lib/gcc/arm-none-eabi/10.3.1/thumb/v7e-m+fp/hard/crtbegin.o
 *(.text*)
 .text.can_parse_msg
                0x0000000008000220       0xf0 ./Core/Src/CAN/can_bus_parser.o
                0x0000000008000220                can_parse_msg
 .text.can_init
                0x0000000008000310       0x68 ./Core/Src/CAN/can_bus_task.o
                0x0000000008000310                can_init
 .text.pot_init
                0x0000000008000378       0x68 ./Core/Src/CAN/can_bus_task.o
                0x0000000008000378                pot_init
 .text.getWiper
                0x00000000080003e0       0x64 ./Core/Src/CAN/can_bus_task.o
                0x00000000080003e0                getWiper
 .text.setWiper
                0x0000000008000444       0x74 ./Core/Src/CAN/can_bus_task.o
                0x0000000008000444                setWiper
 .text.can_tx_task
                0x00000000080004b8       0xa4 ./Core/Src/CAN/can_bus_task.o
                0x00000000080004b8                can_tx_task
 .text.can_rx_task
                0x000000000800055c       0x54 ./Core/Src/CAN/can_bus_task.o
                0x000000000800055c                can_rx_task
 .text.can_task_pot
                0x00000000080005b0       0x88 ./Core/Src/CAN/can_bus_task.o
                0x00000000080005b0                can_task_pot
 .text.main     0x0000000008000638       0xa0 ./Core/Src/main.o
                0x0000000008000638                main
 .text.SystemClock_Config
                0x00000000080006d8       0x80 ./Core/Src/main.o
                0x00000000080006d8                SystemClock_Config
 .text.MX_FDCAN1_Init
                0x0000000008000758       0x8c ./Core/Src/main.o
 .text.MX_I2C3_Init
                0x00000000080007e4       0x80 ./Core/Src/main.o
 .text.MX_GPIO_Init
                0x0000000008000864       0x48 ./Core/Src/main.o
 .text.StartDefaultTask
                0x00000000080008ac       0x10 ./Core/Src/main.o
                0x00000000080008ac                StartDefaultTask
 .text.Error_Handler
                0x00000000080008bc        0xa ./Core/Src/main.o
                0x00000000080008bc                Error_Handler
 *fill*         0x00000000080008c6        0x2 
 .text.HAL_MspInit
                0x00000000080008c8       0x50 ./Core/Src/stm32g4xx_hal_msp.o
                0x00000000080008c8                HAL_MspInit
 .text.HAL_FDCAN_MspInit
                0x0000000008000918       0xb4 ./Core/Src/stm32g4xx_hal_msp.o
                0x0000000008000918                HAL_FDCAN_MspInit
 .text.HAL_I2C_MspInit
                0x00000000080009cc       0xf0 ./Core/Src/stm32g4xx_hal_msp.o
                0x00000000080009cc                HAL_I2C_MspInit
 .text.NMI_Handler
                0x0000000008000abc        0x6 ./Core/Src/stm32g4xx_it.o
                0x0000000008000abc                NMI_Handler
 .text.HardFault_Handler
                0x0000000008000ac2        0x6 ./Core/Src/stm32g4xx_it.o
                0x0000000008000ac2                HardFault_Handler
 .text.MemManage_Handler
                0x0000000008000ac8        0x6 ./Core/Src/stm32g4xx_it.o
                0x0000000008000ac8                MemManage_Handler
 .text.BusFault_Handler
                0x0000000008000ace        0x6 ./Core/Src/stm32g4xx_it.o
                0x0000000008000ace                BusFault_Handler
 .text.UsageFault_Handler
                0x0000000008000ad4        0x6 ./Core/Src/stm32g4xx_it.o
                0x0000000008000ad4                UsageFault_Handler
 .text.DebugMon_Handler
                0x0000000008000ada        0xe ./Core/Src/stm32g4xx_it.o
                0x0000000008000ada                DebugMon_Handler
 .text.SysTick_Handler
                0x0000000008000ae8       0x1a ./Core/Src/stm32g4xx_it.o
                0x0000000008000ae8                SysTick_Handler
 *fill*         0x0000000008000b02        0x2 
 .text.SystemInit
                0x0000000008000b04       0x24 ./Core/Src/system_stm32g4xx.o
                0x0000000008000b04                SystemInit
 .text.Reset_Handler
                0x0000000008000b28       0x50 ./Core/Startup/startup_stm32g431kbux.o
                0x0000000008000b28                Reset_Handler
 .text.Default_Handler
                0x0000000008000b78        0x2 ./Core/Startup/startup_stm32g431kbux.o
                0x0000000008000b78                RTC_Alarm_IRQHandler
                0x0000000008000b78                EXTI2_IRQHandler
                0x0000000008000b78                TIM8_TRG_COM_IRQHandler
                0x0000000008000b78                TIM8_CC_IRQHandler
                0x0000000008000b78                TIM1_CC_IRQHandler
                0x0000000008000b78                USB_HP_IRQHandler
                0x0000000008000b78                CORDIC_IRQHandler
                0x0000000008000b78                EXTI3_IRQHandler
                0x0000000008000b78                I2C3_ER_IRQHandler
                0x0000000008000b78                EXTI0_IRQHandler
                0x0000000008000b78                I2C2_EV_IRQHandler
                0x0000000008000b78                FPU_IRQHandler
                0x0000000008000b78                FDCAN1_IT1_IRQHandler
                0x0000000008000b78                TIM1_UP_TIM16_IRQHandler
                0x0000000008000b78                ADC1_2_IRQHandler
                0x0000000008000b78                SPI1_IRQHandler
                0x0000000008000b78                TIM6_DAC_IRQHandler
                0x0000000008000b78                TIM8_UP_IRQHandler
                0x0000000008000b78                DMA2_Channel2_IRQHandler
                0x0000000008000b78                DMA1_Channel4_IRQHandler
                0x0000000008000b78                USART3_IRQHandler
                0x0000000008000b78                TIM4_IRQHandler
                0x0000000008000b78                DMA2_Channel1_IRQHandler
                0x0000000008000b78                I2C1_EV_IRQHandler
                0x0000000008000b78                DMA1_Channel6_IRQHandler
                0x0000000008000b78                UART4_IRQHandler
                0x0000000008000b78                DMA2_Channel4_IRQHandler
                0x0000000008000b78                TIM3_IRQHandler
                0x0000000008000b78                RCC_IRQHandler
                0x0000000008000b78                DMA1_Channel1_IRQHandler
                0x0000000008000b78                Default_Handler
                0x0000000008000b78                RTC_TAMP_LSECSS_IRQHandler
                0x0000000008000b78                FMAC_IRQHandler
                0x0000000008000b78                EXTI15_10_IRQHandler
                0x0000000008000b78                TIM7_IRQHandler
                0x0000000008000b78                UCPD1_IRQHandler
                0x0000000008000b78                I2C3_EV_IRQHandler
                0x0000000008000b78                EXTI9_5_IRQHandler
                0x0000000008000b78                RTC_WKUP_IRQHandler
                0x0000000008000b78                PVD_PVM_IRQHandler
                0x0000000008000b78                SPI2_IRQHandler
                0x0000000008000b78                DMA2_Channel5_IRQHandler
                0x0000000008000b78                CRS_IRQHandler
                0x0000000008000b78                DMA1_Channel5_IRQHandler
                0x0000000008000b78                USB_LP_IRQHandler
                0x0000000008000b78                EXTI4_IRQHandler
                0x0000000008000b78                RNG_IRQHandler
                0x0000000008000b78                TIM1_TRG_COM_TIM17_IRQHandler
                0x0000000008000b78                DMA1_Channel3_IRQHandler
                0x0000000008000b78                WWDG_IRQHandler
                0x0000000008000b78                LPUART1_IRQHandler
                0x0000000008000b78                DMA2_Channel6_IRQHandler
                0x0000000008000b78                FDCAN1_IT0_IRQHandler
                0x0000000008000b78                TIM2_IRQHandler
                0x0000000008000b78                COMP1_2_3_IRQHandler
                0x0000000008000b78                EXTI1_IRQHandler
                0x0000000008000b78                USART2_IRQHandler
                0x0000000008000b78                I2C2_ER_IRQHandler
                0x0000000008000b78                DMA1_Channel2_IRQHandler
                0x0000000008000b78                TIM8_BRK_IRQHandler
                0x0000000008000b78                FLASH_IRQHandler
                0x0000000008000b78                USART1_IRQHandler
                0x0000000008000b78                SPI3_IRQHandler
                0x0000000008000b78                I2C1_ER_IRQHandler
                0x0000000008000b78                LPTIM1_IRQHandler
                0x0000000008000b78                DMAMUX_OVR_IRQHandler
                0x0000000008000b78                USBWakeUp_IRQHandler
                0x0000000008000b78                SAI1_IRQHandler
                0x0000000008000b78                DMA2_Channel3_IRQHandler
                0x0000000008000b78                COMP4_IRQHandler
                0x0000000008000b78                TIM1_BRK_TIM15_IRQHandler
 .text.HAL_Init
                0x0000000008000b7a       0x30 ./Drivers/STM32G4xx_HAL_Driver/Src/stm32g4xx_hal.o
                0x0000000008000b7a                HAL_Init
 *fill*         0x0000000008000baa        0x2 
 .text.HAL_InitTick
                0x0000000008000bac       0x74 ./Drivers/STM32G4xx_HAL_Driver/Src/stm32g4xx_hal.o
                0x0000000008000bac                HAL_InitTick
 .text.HAL_IncTick
                0x0000000008000c20       0x24 ./Drivers/STM32G4xx_HAL_Driver/Src/stm32g4xx_hal.o
                0x0000000008000c20                HAL_IncTick
 .text.HAL_GetTick
                0x0000000008000c44       0x18 ./Drivers/STM32G4xx_HAL_Driver/Src/stm32g4xx_hal.o
                0x0000000008000c44                HAL_GetTick
 .text.__NVIC_SetPriorityGrouping
                0x0000000008000c5c       0x48 ./Drivers/STM32G4xx_HAL_Driver/Src/stm32g4xx_hal_cortex.o
 .text.__NVIC_GetPriorityGrouping
                0x0000000008000ca4       0x1c ./Drivers/STM32G4xx_HAL_Driver/Src/stm32g4xx_hal_cortex.o
 .text.__NVIC_SetPriority
                0x0000000008000cc0       0x54 ./Drivers/STM32G4xx_HAL_Driver/Src/stm32g4xx_hal_cortex.o
 .text.NVIC_EncodePriority
                0x0000000008000d14       0x66 ./Drivers/STM32G4xx_HAL_Driver/Src/stm32g4xx_hal_cortex.o
 *fill*         0x0000000008000d7a        0x2 
 .text.SysTick_Config
                0x0000000008000d7c       0x44 ./Drivers/STM32G4xx_HAL_Driver/Src/stm32g4xx_hal_cortex.o
 .text.HAL_NVIC_SetPriorityGrouping
                0x0000000008000dc0       0x16 ./Drivers/STM32G4xx_HAL_Driver/Src/stm32g4xx_hal_cortex.o
                0x0000000008000dc0                HAL_NVIC_SetPriorityGrouping
 .text.HAL_NVIC_SetPriority
                0x0000000008000dd6       0x34 ./Drivers/STM32G4xx_HAL_Driver/Src/stm32g4xx_hal_cortex.o
                0x0000000008000dd6                HAL_NVIC_SetPriority
 .text.HAL_SYSTICK_Config
                0x0000000008000e0a       0x18 ./Drivers/STM32G4xx_HAL_Driver/Src/stm32g4xx_hal_cortex.o
                0x0000000008000e0a                HAL_SYSTICK_Config
 *fill*         0x0000000008000e22        0x2 
 .text.HAL_FDCAN_Init
                0x0000000008000e24      0x2b4 ./Drivers/STM32G4xx_HAL_Driver/Src/stm32g4xx_hal_fdcan.o
                0x0000000008000e24                HAL_FDCAN_Init
 .text.HAL_FDCAN_ConfigFilter
                0x00000000080010d8       0xb4 ./Drivers/STM32G4xx_HAL_Driver/Src/stm32g4xx_hal_fdcan.o
                0x00000000080010d8                HAL_FDCAN_ConfigFilter
 .text.HAL_FDCAN_Start
                0x000000000800118c       0x50 ./Drivers/STM32G4xx_HAL_Driver/Src/stm32g4xx_hal_fdcan.o
                0x000000000800118c                HAL_FDCAN_Start
 .text.HAL_FDCAN_AddMessageToTxFifoQ
                0x00000000080011dc       0x88 ./Drivers/STM32G4xx_HAL_Driver/Src/stm32g4xx_hal_fdcan.o
                0x00000000080011dc                HAL_FDCAN_AddMessageToTxFifoQ
 .text.HAL_FDCAN_GetRxMessage
                0x0000000008001264      0x1b4 ./Drivers/STM32G4xx_HAL_Driver/Src/stm32g4xx_hal_fdcan.o
                0x0000000008001264                HAL_FDCAN_GetRxMessage
 .text.HAL_FDCAN_GetRxFifoFillLevel
                0x0000000008001418       0x3c ./Drivers/STM32G4xx_HAL_Driver/Src/stm32g4xx_hal_fdcan.o
                0x0000000008001418                HAL_FDCAN_GetRxFifoFillLevel
 .text.HAL_FDCAN_ActivateNotification
                0x0000000008001454      0x1cc ./Drivers/STM32G4xx_HAL_Driver/Src/stm32g4xx_hal_fdcan.o
                0x0000000008001454                HAL_FDCAN_ActivateNotification
 .text.FDCAN_CalcultateRamBlockAddresses
                0x0000000008001620       0xac ./Drivers/STM32G4xx_HAL_Driver/Src/stm32g4xx_hal_fdcan.o
 .text.FDCAN_CopyMessageToRAM
                0x00000000080016cc       0xf8 ./Drivers/STM32G4xx_HAL_Driver/Src/stm32g4xx_hal_fdcan.o
 .text.HAL_GPIO_Init
                0x00000000080017c4      0x304 ./Drivers/STM32G4xx_HAL_Driver/Src/stm32g4xx_hal_gpio.o
                0x00000000080017c4                HAL_GPIO_Init
 .text.HAL_I2C_Init
                0x0000000008001ac8      0x11e ./Drivers/STM32G4xx_HAL_Driver/Src/stm32g4xx_hal_i2c.o
                0x0000000008001ac8                HAL_I2C_Init
 *fill*         0x0000000008001be6        0x2 
 .text.HAL_I2C_Master_Transmit
                0x0000000008001be8      0x1e8 ./Drivers/STM32G4xx_HAL_Driver/Src/stm32g4xx_hal_i2c.o
                0x0000000008001be8                HAL_I2C_Master_Transmit
 .text.HAL_I2C_Master_Receive
                0x0000000008001dd0      0x1ec ./Drivers/STM32G4xx_HAL_Driver/Src/stm32g4xx_hal_i2c.o
                0x0000000008001dd0                HAL_I2C_Master_Receive
 .text.I2C_Flush_TXDR
                0x0000000008001fbc       0x48 ./Drivers/STM32G4xx_HAL_Driver/Src/stm32g4xx_hal_i2c.o
 .text.I2C_WaitOnFlagUntilTimeout
                0x0000000008002004       0x80 ./Drivers/STM32G4xx_HAL_Driver/Src/stm32g4xx_hal_i2c.o
 .text.I2C_WaitOnTXISFlagUntilTimeout
                0x0000000008002084       0x80 ./Drivers/STM32G4xx_HAL_Driver/Src/stm32g4xx_hal_i2c.o
 .text.I2C_WaitOnSTOPFlagUntilTimeout
                0x0000000008002104       0x78 ./Drivers/STM32G4xx_HAL_Driver/Src/stm32g4xx_hal_i2c.o
 .text.I2C_WaitOnRXNEFlagUntilTimeout
                0x000000000800217c       0xf4 ./Drivers/STM32G4xx_HAL_Driver/Src/stm32g4xx_hal_i2c.o
 .text.I2C_IsErrorOccurred
                0x0000000008002270      0x1d8 ./Drivers/STM32G4xx_HAL_Driver/Src/stm32g4xx_hal_i2c.o
 .text.I2C_TransferConfig
                0x0000000008002448       0x64 ./Drivers/STM32G4xx_HAL_Driver/Src/stm32g4xx_hal_i2c.o
 .text.HAL_I2CEx_ConfigAnalogFilter
                0x00000000080024ac       0x96 ./Drivers/STM32G4xx_HAL_Driver/Src/stm32g4xx_hal_i2c_ex.o
                0x00000000080024ac                HAL_I2CEx_ConfigAnalogFilter
 .text.HAL_I2CEx_ConfigDigitalFilter
                0x0000000008002542       0x98 ./Drivers/STM32G4xx_HAL_Driver/Src/stm32g4xx_hal_i2c_ex.o
                0x0000000008002542                HAL_I2CEx_ConfigDigitalFilter
 *fill*         0x00000000080025da        0x2 
 .text.HAL_PWREx_ControlVoltageScaling
                0x00000000080025dc      0x148 ./Drivers/STM32G4xx_HAL_Driver/Src/stm32g4xx_hal_pwr_ex.o
                0x00000000080025dc                HAL_PWREx_ControlVoltageScaling
 .text.HAL_RCC_OscConfig
                0x0000000008002724      0x630 ./Drivers/STM32G4xx_HAL_Driver/Src/stm32g4xx_hal_rcc.o
                0x0000000008002724                HAL_RCC_OscConfig
 .text.HAL_RCC_ClockConfig
                0x0000000008002d54      0x278 ./Drivers/STM32G4xx_HAL_Driver/Src/stm32g4xx_hal_rcc.o
                0x0000000008002d54                HAL_RCC_ClockConfig
 .text.HAL_RCC_GetSysClockFreq
                0x0000000008002fcc       0xc4 ./Drivers/STM32G4xx_HAL_Driver/Src/stm32g4xx_hal_rcc.o
                0x0000000008002fcc                HAL_RCC_GetSysClockFreq
 .text.RCC_GetSysClockFreqFromPLLSource
                0x0000000008003090       0x8c ./Drivers/STM32G4xx_HAL_Driver/Src/stm32g4xx_hal_rcc.o
 .text.HAL_RCCEx_PeriphCLKConfig
                0x000000000800311c      0x3e0 ./Drivers/STM32G4xx_HAL_Driver/Src/stm32g4xx_hal_rcc_ex.o
                0x000000000800311c                HAL_RCCEx_PeriphCLKConfig
 .text.__NVIC_SetPriority
                0x00000000080034fc       0x54 ./Middlewares/Third_Party/FreeRTOS/Source/CMSIS_RTOS_V2/cmsis_os2.o
 .text.SVC_Setup
                0x0000000008003550       0x12 ./Middlewares/Third_Party/FreeRTOS/Source/CMSIS_RTOS_V2/cmsis_os2.o
 *fill*         0x0000000008003562        0x2 
 .text.osKernelInitialize
                0x0000000008003564       0x48 ./Middlewares/Third_Party/FreeRTOS/Source/CMSIS_RTOS_V2/cmsis_os2.o
                0x0000000008003564                osKernelInitialize
 .text.osKernelStart
                0x00000000080035ac       0x4c ./Middlewares/Third_Party/FreeRTOS/Source/CMSIS_RTOS_V2/cmsis_os2.o
                0x00000000080035ac                osKernelStart
 .text.osThreadNew
                0x00000000080035f8      0x124 ./Middlewares/Third_Party/FreeRTOS/Source/CMSIS_RTOS_V2/cmsis_os2.o
                0x00000000080035f8                osThreadNew
 .text.osDelay  0x000000000800371c       0x36 ./Middlewares/Third_Party/FreeRTOS/Source/CMSIS_RTOS_V2/cmsis_os2.o
                0x000000000800371c                osDelay
 *fill*         0x0000000008003752        0x2 
 .text.vApplicationGetIdleTaskMemory
                0x0000000008003754       0x34 ./Middlewares/Third_Party/FreeRTOS/Source/CMSIS_RTOS_V2/cmsis_os2.o
                0x0000000008003754                vApplicationGetIdleTaskMemory
 .text.vApplicationGetTimerTaskMemory
                0x0000000008003788       0x34 ./Middlewares/Third_Party/FreeRTOS/Source/CMSIS_RTOS_V2/cmsis_os2.o
                0x0000000008003788                vApplicationGetTimerTaskMemory
 .text.vListInitialise
                0x00000000080037bc       0x40 ./Middlewares/Third_Party/FreeRTOS/Source/list.o
                0x00000000080037bc                vListInitialise
 .text.vListInitialiseItem
                0x00000000080037fc       0x1a ./Middlewares/Third_Party/FreeRTOS/Source/list.o
                0x00000000080037fc                vListInitialiseItem
 .text.vListInsertEnd
                0x0000000008003816       0x48 ./Middlewares/Third_Party/FreeRTOS/Source/list.o
                0x0000000008003816                vListInsertEnd
 .text.vListInsert
                0x000000000800385e       0x72 ./Middlewares/Third_Party/FreeRTOS/Source/list.o
                0x000000000800385e                vListInsert
 .text.uxListRemove
                0x00000000080038d0       0x54 ./Middlewares/Third_Party/FreeRTOS/Source/list.o
                0x00000000080038d0                uxListRemove
 .text.xQueueGenericReset
                0x0000000008003924       0xd0 ./Middlewares/Third_Party/FreeRTOS/Source/queue.o
                0x0000000008003924                xQueueGenericReset
 .text.xQueueGenericCreateStatic
                0x00000000080039f4       0xf0 ./Middlewares/Third_Party/FreeRTOS/Source/queue.o
                0x00000000080039f4                xQueueGenericCreateStatic
 .text.prvInitialiseNewQueue
                0x0000000008003ae4       0x46 ./Middlewares/Third_Party/FreeRTOS/Source/queue.o
 *fill*         0x0000000008003b2a        0x2 
 .text.xQueueGenericSend
                0x0000000008003b2c      0x1fc ./Middlewares/Third_Party/FreeRTOS/Source/queue.o
                0x0000000008003b2c                xQueueGenericSend
 .text.xQueueGenericSendFromISR
                0x0000000008003d28      0x136 ./Middlewares/Third_Party/FreeRTOS/Source/queue.o
                0x0000000008003d28                xQueueGenericSendFromISR
 *fill*         0x0000000008003e5e        0x2 
 .text.xQueueReceive
                0x0000000008003e60      0x1c0 ./Middlewares/Third_Party/FreeRTOS/Source/queue.o
                0x0000000008003e60                xQueueReceive
 .text.prvCopyDataToQueue
                0x0000000008004020       0xd4 ./Middlewares/Third_Party/FreeRTOS/Source/queue.o
 .text.prvCopyDataFromQueue
                0x00000000080040f4       0x4c ./Middlewares/Third_Party/FreeRTOS/Source/queue.o
 .text.prvUnlockQueue
                0x0000000008004140       0xa4 ./Middlewares/Third_Party/FreeRTOS/Source/queue.o
 .text.prvIsQueueEmpty
                0x00000000080041e4       0x2c ./Middlewares/Third_Party/FreeRTOS/Source/queue.o
 .text.prvIsQueueFull
                0x0000000008004210       0x30 ./Middlewares/Third_Party/FreeRTOS/Source/queue.o
 .text.vQueueAddToRegistry
                0x0000000008004240       0x54 ./Middlewares/Third_Party/FreeRTOS/Source/queue.o
                0x0000000008004240                vQueueAddToRegistry
 .text.vQueueWaitForMessageRestricted
                0x0000000008004294       0x68 ./Middlewares/Third_Party/FreeRTOS/Source/queue.o
                0x0000000008004294                vQueueWaitForMessageRestricted
 .text.xTaskCreateStatic
                0x00000000080042fc       0xba ./Middlewares/Third_Party/FreeRTOS/Source/tasks.o
                0x00000000080042fc                xTaskCreateStatic
 .text.xTaskCreate
                0x00000000080043b6       0x8a ./Middlewares/Third_Party/FreeRTOS/Source/tasks.o
                0x00000000080043b6                xTaskCreate
 .text.prvInitialiseNewTask
                0x0000000008004440      0x14c ./Middlewares/Third_Party/FreeRTOS/Source/tasks.o
 .text.prvAddNewTaskToReadyList
                0x000000000800458c       0xe0 ./Middlewares/Third_Party/FreeRTOS/Source/tasks.o
 .text.vTaskDelay
                0x000000000800466c       0x68 ./Middlewares/Third_Party/FreeRTOS/Source/tasks.o
                0x000000000800466c                vTaskDelay
 .text.vTaskStartScheduler
                0x00000000080046d4       0xe0 ./Middlewares/Third_Party/FreeRTOS/Source/tasks.o
                0x00000000080046d4                vTaskStartScheduler
 .text.vTaskSuspendAll
                0x00000000080047b4       0x1c ./Middlewares/Third_Party/FreeRTOS/Source/tasks.o
                0x00000000080047b4                vTaskSuspendAll
 .text.xTaskResumeAll
                0x00000000080047d0      0x13c ./Middlewares/Third_Party/FreeRTOS/Source/tasks.o
                0x00000000080047d0                xTaskResumeAll
 .text.xTaskGetTickCount
                0x000000000800490c       0x20 ./Middlewares/Third_Party/FreeRTOS/Source/tasks.o
                0x000000000800490c                xTaskGetTickCount
 .text.xTaskIncrementTick
                0x000000000800492c      0x174 ./Middlewares/Third_Party/FreeRTOS/Source/tasks.o
                0x000000000800492c                xTaskIncrementTick
 .text.vTaskSwitchContext
                0x0000000008004aa0       0xc8 ./Middlewares/Third_Party/FreeRTOS/Source/tasks.o
                0x0000000008004aa0                vTaskSwitchContext
 .text.vTaskPlaceOnEventList
                0x0000000008004b68       0x48 ./Middlewares/Third_Party/FreeRTOS/Source/tasks.o
                0x0000000008004b68                vTaskPlaceOnEventList
 .text.vTaskPlaceOnEventListRestricted
                0x0000000008004bb0       0x58 ./Middlewares/Third_Party/FreeRTOS/Source/tasks.o
                0x0000000008004bb0                vTaskPlaceOnEventListRestricted
 .text.xTaskRemoveFromEventList
                0x0000000008004c08       0xc8 ./Middlewares/Third_Party/FreeRTOS/Source/tasks.o
                0x0000000008004c08                xTaskRemoveFromEventList
 .text.vTaskInternalSetTimeOutState
                0x0000000008004cd0       0x2c ./Middlewares/Third_Party/FreeRTOS/Source/tasks.o
                0x0000000008004cd0                vTaskInternalSetTimeOutState
 .text.xTaskCheckForTimeOut
                0x0000000008004cfc       0xc4 ./Middlewares/Third_Party/FreeRTOS/Source/tasks.o
                0x0000000008004cfc                xTaskCheckForTimeOut
 .text.vTaskMissedYield
                0x0000000008004dc0       0x18 ./Middlewares/Third_Party/FreeRTOS/Source/tasks.o
                0x0000000008004dc0                vTaskMissedYield
 .text.prvIdleTask
                0x0000000008004dd8       0x30 ./Middlewares/Third_Party/FreeRTOS/Source/tasks.o
 .text.prvInitialiseTaskLists
                0x0000000008004e08       0x80 ./Middlewares/Third_Party/FreeRTOS/Source/tasks.o
 .text.prvCheckTasksWaitingTermination
                0x0000000008004e88       0x5c ./Middlewares/Third_Party/FreeRTOS/Source/tasks.o
 .text.prvDeleteTCB
                0x0000000008004ee4       0x68 ./Middlewares/Third_Party/FreeRTOS/Source/tasks.o
 .text.prvResetNextTaskUnblockTime
                0x0000000008004f4c       0x40 ./Middlewares/Third_Party/FreeRTOS/Source/tasks.o
 .text.xTaskGetSchedulerState
                0x0000000008004f8c       0x3c ./Middlewares/Third_Party/FreeRTOS/Source/tasks.o
                0x0000000008004f8c                xTaskGetSchedulerState
 .text.xTaskPriorityDisinherit
                0x0000000008004fc8       0xdc ./Middlewares/Third_Party/FreeRTOS/Source/tasks.o
                0x0000000008004fc8                xTaskPriorityDisinherit
 .text.prvAddCurrentTaskToDelayedList
                0x00000000080050a4       0xa8 ./Middlewares/Third_Party/FreeRTOS/Source/tasks.o
 .text.xTimerCreateTimerTask
                0x000000000800514c       0x90 ./Middlewares/Third_Party/FreeRTOS/Source/timers.o
                0x000000000800514c                xTimerCreateTimerTask
 .text.xTimerGenericCommand
                0x00000000080051dc       0x9c ./Middlewares/Third_Party/FreeRTOS/Source/timers.o
                0x00000000080051dc                xTimerGenericCommand
 .text.prvProcessExpiredTimer
                0x0000000008005278       0x98 ./Middlewares/Third_Party/FreeRTOS/Source/timers.o
 .text.prvTimerTask
                0x0000000008005310       0x24 ./Middlewares/Third_Party/FreeRTOS/Source/timers.o
 .text.prvProcessTimerOrBlockTask
                0x0000000008005334       0x9c ./Middlewares/Third_Party/FreeRTOS/Source/timers.o
 .text.prvGetNextExpireTime
                0x00000000080053d0       0x48 ./Middlewares/Third_Party/FreeRTOS/Source/timers.o
 .text.prvSampleTimeNow
                0x0000000008005418       0x40 ./Middlewares/Third_Party/FreeRTOS/Source/timers.o
 .text.prvInsertTimerInActiveList
                0x0000000008005458       0x84 ./Middlewares/Third_Party/FreeRTOS/Source/timers.o
 .text.prvProcessReceivedCommands
                0x00000000080054dc      0x1c4 ./Middlewares/Third_Party/FreeRTOS/Source/timers.o
 .text.prvSwitchTimerLists
                0x00000000080056a0       0xc8 ./Middlewares/Third_Party/FreeRTOS/Source/timers.o
 .text.prvCheckForValidListAndQueue
                0x0000000008005768       0x80 ./Middlewares/Third_Party/FreeRTOS/Source/timers.o
 .text.pxPortInitialiseStack
                0x00000000080057e8       0x68 ./Middlewares/Third_Party/FreeRTOS/Source/portable/GCC/ARM_CM4F/port.o
                0x00000000080057e8                pxPortInitialiseStack
 .text.prvTaskExitError
                0x0000000008005850       0x58 ./Middlewares/Third_Party/FreeRTOS/Source/portable/GCC/ARM_CM4F/port.o
 *fill*         0x00000000080058a8        0x8 
 .text.SVC_Handler
                0x00000000080058b0       0x28 ./Middlewares/Third_Party/FreeRTOS/Source/portable/GCC/ARM_CM4F/port.o
                0x00000000080058b0                SVC_Handler
 .text.prvPortStartFirstTask
                0x00000000080058d8       0x28 ./Middlewares/Third_Party/FreeRTOS/Source/portable/GCC/ARM_CM4F/port.o
 .text.xPortStartScheduler
                0x0000000008005900      0x144 ./Middlewares/Third_Party/FreeRTOS/Source/portable/GCC/ARM_CM4F/port.o
                0x0000000008005900                xPortStartScheduler
 .text.vPortEnterCritical
                0x0000000008005a44       0x60 ./Middlewares/Third_Party/FreeRTOS/Source/portable/GCC/ARM_CM4F/port.o
                0x0000000008005a44                vPortEnterCritical
 .text.vPortExitCritical
                0x0000000008005aa4       0x54 ./Middlewares/Third_Party/FreeRTOS/Source/portable/GCC/ARM_CM4F/port.o
                0x0000000008005aa4                vPortExitCritical
 *fill*         0x0000000008005af8        0x8 
 .text.PendSV_Handler
                0x0000000008005b00       0x68 ./Middlewares/Third_Party/FreeRTOS/Source/portable/GCC/ARM_CM4F/port.o
                0x0000000008005b00                PendSV_Handler
 .text.xPortSysTickHandler
                0x0000000008005b68       0x44 ./Middlewares/Third_Party/FreeRTOS/Source/portable/GCC/ARM_CM4F/port.o
                0x0000000008005b68                xPortSysTickHandler
 .text.vPortSetupTimerInterrupt
                0x0000000008005bac       0x48 ./Middlewares/Third_Party/FreeRTOS/Source/portable/GCC/ARM_CM4F/port.o
                0x0000000008005bac                vPortSetupTimerInterrupt
 .text.vPortEnableVFP
                0x0000000008005bf4       0x14 ./Middlewares/Third_Party/FreeRTOS/Source/portable/GCC/ARM_CM4F/port.o
 .text.vPortValidateInterruptPriority
                0x0000000008005c08       0x80 ./Middlewares/Third_Party/FreeRTOS/Source/portable/GCC/ARM_CM4F/port.o
                0x0000000008005c08                vPortValidateInterruptPriority
 .text.pvPortMalloc
                0x0000000008005c88      0x198 ./Middlewares/Third_Party/FreeRTOS/Source/portable/MemMang/heap_4.o
                0x0000000008005c88                pvPortMalloc
 .text.vPortFree
                0x0000000008005e20       0xc4 ./Middlewares/Third_Party/FreeRTOS/Source/portable/MemMang/heap_4.o
                0x0000000008005e20                vPortFree
 .text.prvHeapInit
                0x0000000008005ee4       0xc4 ./Middlewares/Third_Party/FreeRTOS/Source/portable/MemMang/heap_4.o
 .text.prvInsertBlockIntoFreeList
                0x0000000008005fa8       0xb4 ./Middlewares/Third_Party/FreeRTOS/Source/portable/MemMang/heap_4.o
 .text.vanttec_ntohl
                0x000000000800605c       0x18 ./libs/src/Vanttec_CANLib/ByteOrder/inet.o
                0x000000000800605c                vanttec_ntohl
 .text.can_parse_float
                0x0000000008006074       0x44 ./libs/src/Vanttec_CANLib/CANMessage.o
                0x0000000008006074                can_parse_float
 .text._ZSt5ldexpfi
                0x00000000080060b8       0x24 ./libs/src/Vanttec_CANLib/Utils/CANDeserialization.o
                0x00000000080060b8                std::ldexp(float, int)
 .text.deserialize_float
                0x00000000080060dc       0x6c ./libs/src/Vanttec_CANLib/Utils/CANDeserialization.o
                0x00000000080060dc                deserialize_float
 .text.deserialize_long
                0x0000000008006148       0x4e ./libs/src/Vanttec_CANLib/Utils/CANDeserialization.o
                0x0000000008006148                deserialize_long
 .text.ldexpf   0x0000000008006196       0x4c c:/st/stm32cubeide_1.10.1/stm32cubeide/plugins/com.st.stm32cube.ide.mcu.externaltools.gnu-tools-for-stm32.10.3-2021.10.win32_1.0.0.202111181127/tools/bin/../lib/gcc/arm-none-eabi/10.3.1/../../../../arm-none-eabi/lib/thumb/v7e-m+fp/hard\libm.a(lib_a-sf_ldexp.o)
                0x0000000008006196                ldexpf
 *fill*         0x00000000080061e2        0x2 
 .text.scalbnf  0x00000000080061e4       0xe4 c:/st/stm32cubeide_1.10.1/stm32cubeide/plugins/com.st.stm32cube.ide.mcu.externaltools.gnu-tools-for-stm32.10.3-2021.10.win32_1.0.0.202111181127/tools/bin/../lib/gcc/arm-none-eabi/10.3.1/../../../../arm-none-eabi/lib/thumb/v7e-m+fp/hard\libm.a(lib_a-sf_scalbn.o)
                0x00000000080061e4                scalbnf
 .text.finitef  0x00000000080062c8       0x1a c:/st/stm32cubeide_1.10.1/stm32cubeide/plugins/com.st.stm32cube.ide.mcu.externaltools.gnu-tools-for-stm32.10.3-2021.10.win32_1.0.0.202111181127/tools/bin/../lib/gcc/arm-none-eabi/10.3.1/../../../../arm-none-eabi/lib/thumb/v7e-m+fp/hard\libm.a(lib_a-sf_finite.o)
                0x00000000080062c8                finitef
 *fill*         0x00000000080062e2        0x2 
 .text.__errno  0x00000000080062e4        0xc c:/st/stm32cubeide_1.10.1/stm32cubeide/plugins/com.st.stm32cube.ide.mcu.externaltools.gnu-tools-for-stm32.10.3-2021.10.win32_1.0.0.202111181127/tools/bin/../lib/gcc/arm-none-eabi/10.3.1/../../../../arm-none-eabi/lib/thumb/v7e-m+fp/hard\libc_nano.a(lib_a-errno.o)
                0x00000000080062e4                __errno
 .text.__libc_init_array
                0x00000000080062f0       0x48 c:/st/stm32cubeide_1.10.1/stm32cubeide/plugins/com.st.stm32cube.ide.mcu.externaltools.gnu-tools-for-stm32.10.3-2021.10.win32_1.0.0.202111181127/tools/bin/../lib/gcc/arm-none-eabi/10.3.1/../../../../arm-none-eabi/lib/thumb/v7e-m+fp/hard\libc_nano.a(lib_a-init.o)
                0x00000000080062f0                __libc_init_array
 .text.__retarget_lock_acquire_recursive
                0x0000000008006338        0x2 c:/st/stm32cubeide_1.10.1/stm32cubeide/plugins/com.st.stm32cube.ide.mcu.externaltools.gnu-tools-for-stm32.10.3-2021.10.win32_1.0.0.202111181127/tools/bin/../lib/gcc/arm-none-eabi/10.3.1/../../../../arm-none-eabi/lib/thumb/v7e-m+fp/hard\libc_nano.a(lib_a-lock.o)
                0x0000000008006338                __retarget_lock_acquire_recursive
 .text.__retarget_lock_release_recursive
                0x000000000800633a        0x2 c:/st/stm32cubeide_1.10.1/stm32cubeide/plugins/com.st.stm32cube.ide.mcu.externaltools.gnu-tools-for-stm32.10.3-2021.10.win32_1.0.0.202111181127/tools/bin/../lib/gcc/arm-none-eabi/10.3.1/../../../../arm-none-eabi/lib/thumb/v7e-m+fp/hard\libc_nano.a(lib_a-lock.o)
                0x000000000800633a                __retarget_lock_release_recursive
 .text.memcpy   0x000000000800633c       0x1c c:/st/stm32cubeide_1.10.1/stm32cubeide/plugins/com.st.stm32cube.ide.mcu.externaltools.gnu-tools-for-stm32.10.3-2021.10.win32_1.0.0.202111181127/tools/bin/../lib/gcc/arm-none-eabi/10.3.1/../../../../arm-none-eabi/lib/thumb/v7e-m+fp/hard\libc_nano.a(lib_a-memcpy-stub.o)
                0x000000000800633c                memcpy
 .text.memset   0x0000000008006358       0x10 c:/st/stm32cubeide_1.10.1/stm32cubeide/plugins/com.st.stm32cube.ide.mcu.externaltools.gnu-tools-for-stm32.10.3-2021.10.win32_1.0.0.202111181127/tools/bin/../lib/gcc/arm-none-eabi/10.3.1/../../../../arm-none-eabi/lib/thumb/v7e-m+fp/hard\libc_nano.a(lib_a-memset.o)
                0x0000000008006358                memset
 .text.cleanup_glue
                0x0000000008006368       0x1a c:/st/stm32cubeide_1.10.1/stm32cubeide/plugins/com.st.stm32cube.ide.mcu.externaltools.gnu-tools-for-stm32.10.3-2021.10.win32_1.0.0.202111181127/tools/bin/../lib/gcc/arm-none-eabi/10.3.1/../../../../arm-none-eabi/lib/thumb/v7e-m+fp/hard\libc_nano.a(lib_a-reent.o)
                0x0000000008006368                cleanup_glue
 *fill*         0x0000000008006382        0x2 
 .text._reclaim_reent
                0x0000000008006384       0xb8 c:/st/stm32cubeide_1.10.1/stm32cubeide/plugins/com.st.stm32cube.ide.mcu.externaltools.gnu-tools-for-stm32.10.3-2021.10.win32_1.0.0.202111181127/tools/bin/../lib/gcc/arm-none-eabi/10.3.1/../../../../arm-none-eabi/lib/thumb/v7e-m+fp/hard\libc_nano.a(lib_a-reent.o)
                0x0000000008006384                _reclaim_reent
 .text.__malloc_lock
                0x000000000800643c        0xc c:/st/stm32cubeide_1.10.1/stm32cubeide/plugins/com.st.stm32cube.ide.mcu.externaltools.gnu-tools-for-stm32.10.3-2021.10.win32_1.0.0.202111181127/tools/bin/../lib/gcc/arm-none-eabi/10.3.1/../../../../arm-none-eabi/lib/thumb/v7e-m+fp/hard\libc_nano.a(lib_a-mlock.o)
                0x000000000800643c                __malloc_lock
 .text.__malloc_unlock
                0x0000000008006448        0xc c:/st/stm32cubeide_1.10.1/stm32cubeide/plugins/com.st.stm32cube.ide.mcu.externaltools.gnu-tools-for-stm32.10.3-2021.10.win32_1.0.0.202111181127/tools/bin/../lib/gcc/arm-none-eabi/10.3.1/../../../../arm-none-eabi/lib/thumb/v7e-m+fp/hard\libc_nano.a(lib_a-mlock.o)
                0x0000000008006448                __malloc_unlock
 .text._free_r  0x0000000008006454       0x98 c:/st/stm32cubeide_1.10.1/stm32cubeide/plugins/com.st.stm32cube.ide.mcu.externaltools.gnu-tools-for-stm32.10.3-2021.10.win32_1.0.0.202111181127/tools/bin/../lib/gcc/arm-none-eabi/10.3.1/../../../../arm-none-eabi/lib/thumb/v7e-m+fp/hard\libc_nano.a(lib_a-nano-freer.o)
                0x0000000008006454                _free_r
 *(.glue_7)
 .glue_7        0x00000000080064ec        0x0 linker stubs
 *(.glue_7t)
 .glue_7t       0x00000000080064ec        0x0 linker stubs
 *(.eh_frame)
 .eh_frame      0x00000000080064ec        0x0 c:/st/stm32cubeide_1.10.1/stm32cubeide/plugins/com.st.stm32cube.ide.mcu.externaltools.gnu-tools-for-stm32.10.3-2021.10.win32_1.0.0.202111181127/tools/bin/../lib/gcc/arm-none-eabi/10.3.1/thumb/v7e-m+fp/hard/crtbegin.o
 *(.init)
 .init          0x00000000080064ec        0x4 c:/st/stm32cubeide_1.10.1/stm32cubeide/plugins/com.st.stm32cube.ide.mcu.externaltools.gnu-tools-for-stm32.10.3-2021.10.win32_1.0.0.202111181127/tools/bin/../lib/gcc/arm-none-eabi/10.3.1/thumb/v7e-m+fp/hard/crti.o
                0x00000000080064ec                _init
 .init          0x00000000080064f0        0x8 c:/st/stm32cubeide_1.10.1/stm32cubeide/plugins/com.st.stm32cube.ide.mcu.externaltools.gnu-tools-for-stm32.10.3-2021.10.win32_1.0.0.202111181127/tools/bin/../lib/gcc/arm-none-eabi/10.3.1/thumb/v7e-m+fp/hard/crtn.o
 *(.fini)
 .fini          0x00000000080064f8        0x4 c:/st/stm32cubeide_1.10.1/stm32cubeide/plugins/com.st.stm32cube.ide.mcu.externaltools.gnu-tools-for-stm32.10.3-2021.10.win32_1.0.0.202111181127/tools/bin/../lib/gcc/arm-none-eabi/10.3.1/thumb/v7e-m+fp/hard/crti.o
                0x00000000080064f8                _fini
 .fini          0x00000000080064fc        0x8 c:/st/stm32cubeide_1.10.1/stm32cubeide/plugins/com.st.stm32cube.ide.mcu.externaltools.gnu-tools-for-stm32.10.3-2021.10.win32_1.0.0.202111181127/tools/bin/../lib/gcc/arm-none-eabi/10.3.1/thumb/v7e-m+fp/hard/crtn.o
                0x0000000008006504                . = ALIGN (0x4)
                0x0000000008006504                _etext = .

.vfp11_veneer   0x0000000008006504        0x0
 .vfp11_veneer  0x0000000008006504        0x0 linker stubs

.v4_bx          0x0000000008006504        0x0
 .v4_bx         0x0000000008006504        0x0 linker stubs

.iplt           0x0000000008006504        0x0
 .iplt          0x0000000008006504        0x0 c:/st/stm32cubeide_1.10.1/stm32cubeide/plugins/com.st.stm32cube.ide.mcu.externaltools.gnu-tools-for-stm32.10.3-2021.10.win32_1.0.0.202111181127/tools/bin/../lib/gcc/arm-none-eabi/10.3.1/thumb/v7e-m+fp/hard/crtbegin.o

.rodata         0x0000000008006504      0x174
                0x0000000008006504                . = ALIGN (0x4)
 *(.rodata)
 .rodata        0x0000000008006504       0x4c ./Core/Src/main.o
 .rodata        0x0000000008006550        0x5 ./Middlewares/Third_Party/FreeRTOS/Source/tasks.o
 *fill*         0x0000000008006555        0x3 
 .rodata        0x0000000008006558        0xd ./Middlewares/Third_Party/FreeRTOS/Source/timers.o
 *(.rodata*)
 *fill*         0x0000000008006565        0x3 
 .rodata.defaultTask_attributes
                0x0000000008006568       0x24 ./Core/Src/main.o
                0x0000000008006568                defaultTask_attributes
 .rodata.canTask_tx_attributes
                0x000000000800658c       0x24 ./Core/Src/main.o
                0x000000000800658c                canTask_tx_attributes
 .rodata.canTask_rx_attributes
                0x00000000080065b0       0x24 ./Core/Src/main.o
                0x00000000080065b0                canTask_rx_attributes
 .rodata.canTask_pot_attributes
                0x00000000080065d4       0x24 ./Core/Src/main.o
                0x00000000080065d4                canTask_pot_attributes
 .rodata.AHBPrescTable
                0x00000000080065f8       0x10 ./Core/Src/system_stm32g4xx.o
                0x00000000080065f8                AHBPrescTable
 .rodata.DLCtoBytes
                0x0000000008006608       0x10 ./Drivers/STM32G4xx_HAL_Driver/Src/stm32g4xx_hal_fdcan.o
 .rodata.__sf_fake_stderr
                0x0000000008006618       0x20 c:/st/stm32cubeide_1.10.1/stm32cubeide/plugins/com.st.stm32cube.ide.mcu.externaltools.gnu-tools-for-stm32.10.3-2021.10.win32_1.0.0.202111181127/tools/bin/../lib/gcc/arm-none-eabi/10.3.1/../../../../arm-none-eabi/lib/thumb/v7e-m+fp/hard\libc_nano.a(lib_a-findfp.o)
                0x0000000008006618                __sf_fake_stderr
 .rodata.__sf_fake_stdin
                0x0000000008006638       0x20 c:/st/stm32cubeide_1.10.1/stm32cubeide/plugins/com.st.stm32cube.ide.mcu.externaltools.gnu-tools-for-stm32.10.3-2021.10.win32_1.0.0.202111181127/tools/bin/../lib/gcc/arm-none-eabi/10.3.1/../../../../arm-none-eabi/lib/thumb/v7e-m+fp/hard\libc_nano.a(lib_a-findfp.o)
                0x0000000008006638                __sf_fake_stdin
 .rodata.__sf_fake_stdout
                0x0000000008006658       0x20 c:/st/stm32cubeide_1.10.1/stm32cubeide/plugins/com.st.stm32cube.ide.mcu.externaltools.gnu-tools-for-stm32.10.3-2021.10.win32_1.0.0.202111181127/tools/bin/../lib/gcc/arm-none-eabi/10.3.1/../../../../arm-none-eabi/lib/thumb/v7e-m+fp/hard\libc_nano.a(lib_a-findfp.o)
                0x0000000008006658                __sf_fake_stdout
                0x0000000008006678                . = ALIGN (0x4)

.rel.dyn        0x0000000008006678        0x0
 .rel.iplt      0x0000000008006678        0x0 c:/st/stm32cubeide_1.10.1/stm32cubeide/plugins/com.st.stm32cube.ide.mcu.externaltools.gnu-tools-for-stm32.10.3-2021.10.win32_1.0.0.202111181127/tools/bin/../lib/gcc/arm-none-eabi/10.3.1/thumb/v7e-m+fp/hard/crtbegin.o

.ARM.extab      0x0000000008006678        0x0
                0x0000000008006678                . = ALIGN (0x4)
 *(.ARM.extab* .gnu.linkonce.armextab.*)
                0x0000000008006678                . = ALIGN (0x4)

.ARM            0x0000000008006678        0x0
                0x0000000008006678                . = ALIGN (0x4)
                0x0000000008006678                __exidx_start = .
 *(.ARM.exidx*)
                0x0000000008006678                __exidx_end = .
                0x0000000008006678                . = ALIGN (0x4)

.preinit_array  0x0000000008006678        0x0
                0x0000000008006678                . = ALIGN (0x4)
                0x0000000008006678                PROVIDE (__preinit_array_start = .)
 *(.preinit_array*)
                0x0000000008006678                PROVIDE (__preinit_array_end = .)
                0x0000000008006678                . = ALIGN (0x4)

.init_array     0x0000000008006678        0x4
                0x0000000008006678                . = ALIGN (0x4)
                0x0000000008006678                PROVIDE (__init_array_start = .)
 *(SORT_BY_NAME(.init_array.*))
 *(.init_array*)
 .init_array    0x0000000008006678        0x4 c:/st/stm32cubeide_1.10.1/stm32cubeide/plugins/com.st.stm32cube.ide.mcu.externaltools.gnu-tools-for-stm32.10.3-2021.10.win32_1.0.0.202111181127/tools/bin/../lib/gcc/arm-none-eabi/10.3.1/thumb/v7e-m+fp/hard/crtbegin.o
                0x000000000800667c                PROVIDE (__init_array_end = .)
                0x000000000800667c                . = ALIGN (0x4)

.fini_array     0x000000000800667c        0x4
                0x000000000800667c                . = ALIGN (0x4)
                [!provide]                        PROVIDE (__fini_array_start = .)
 *(SORT_BY_NAME(.fini_array.*))
 *(.fini_array*)
 .fini_array    0x000000000800667c        0x4 c:/st/stm32cubeide_1.10.1/stm32cubeide/plugins/com.st.stm32cube.ide.mcu.externaltools.gnu-tools-for-stm32.10.3-2021.10.win32_1.0.0.202111181127/tools/bin/../lib/gcc/arm-none-eabi/10.3.1/thumb/v7e-m+fp/hard/crtbegin.o
                [!provide]                        PROVIDE (__fini_array_end = .)
                0x0000000008006680                . = ALIGN (0x4)
                0x0000000008006680                _sidata = LOADADDR (.data)

.data           0x0000000020000000       0x78 load address 0x0000000008006680
                0x0000000020000000                . = ALIGN (0x4)
                0x0000000020000000                _sdata = .
 *(.data)
 *(.data*)
 .data.max_velocity
                0x0000000020000000        0x1 ./Core/Src/CAN/can_bus_tx_tasks.o
                0x0000000020000000                max_velocity
 *fill*         0x0000000020000001        0x3 
 .data.SystemCoreClock
                0x0000000020000004        0x4 ./Core/Src/system_stm32g4xx.o
                0x0000000020000004                SystemCoreClock
 .data.uwTickPrio
                0x0000000020000008        0x4 ./Drivers/STM32G4xx_HAL_Driver/Src/stm32g4xx_hal.o
                0x0000000020000008                uwTickPrio
 .data.uwTickFreq
                0x000000002000000c        0x4 ./Drivers/STM32G4xx_HAL_Driver/Src/stm32g4xx_hal.o
                0x000000002000000c                uwTickFreq
 .data.uxCriticalNesting
                0x0000000020000010        0x4 ./Middlewares/Third_Party/FreeRTOS/Source/portable/GCC/ARM_CM4F/port.o
 .data._impure_ptr
                0x0000000020000014        0x4 c:/st/stm32cubeide_1.10.1/stm32cubeide/plugins/com.st.stm32cube.ide.mcu.externaltools.gnu-tools-for-stm32.10.3-2021.10.win32_1.0.0.202111181127/tools/bin/../lib/gcc/arm-none-eabi/10.3.1/../../../../arm-none-eabi/lib/thumb/v7e-m+fp/hard\libc_nano.a(lib_a-impure.o)
                0x0000000020000014                _impure_ptr
 .data.impure_data
                0x0000000020000018       0x60 c:/st/stm32cubeide_1.10.1/stm32cubeide/plugins/com.st.stm32cube.ide.mcu.externaltools.gnu-tools-for-stm32.10.3-2021.10.win32_1.0.0.202111181127/tools/bin/../lib/gcc/arm-none-eabi/10.3.1/../../../../arm-none-eabi/lib/thumb/v7e-m+fp/hard\libc_nano.a(lib_a-impure.o)
 *(.RamFunc)
 *(.RamFunc*)
                0x0000000020000078                . = ALIGN (0x4)
                0x0000000020000078                _edata = .

.igot.plt       0x0000000020000078        0x0 load address 0x00000000080066f8
 .igot.plt      0x0000000020000078        0x0 c:/st/stm32cubeide_1.10.1/stm32cubeide/plugins/com.st.stm32cube.ide.mcu.externaltools.gnu-tools-for-stm32.10.3-2021.10.win32_1.0.0.202111181127/tools/bin/../lib/gcc/arm-none-eabi/10.3.1/thumb/v7e-m+fp/hard/crtbegin.o
                0x0000000020000078                . = ALIGN (0x4)

.bss            0x0000000020000078     0x1b6c load address 0x00000000080066f8
                0x0000000020000078                _sbss = .
                0x0000000020000078                __bss_start__ = _sbss
 *(.bss)
 .bss           0x0000000020000078       0x1c c:/st/stm32cubeide_1.10.1/stm32cubeide/plugins/com.st.stm32cube.ide.mcu.externaltools.gnu-tools-for-stm32.10.3-2021.10.win32_1.0.0.202111181127/tools/bin/../lib/gcc/arm-none-eabi/10.3.1/thumb/v7e-m+fp/hard/crtbegin.o
 *(.bss*)
 .bss.can_rx_data
                0x0000000020000094       0x24 ./Core/Src/CAN/can_bus.o
                0x0000000020000094                can_rx_data
 .bss.buf       0x00000000200000b8        0x8 ./Core/Src/CAN/can_bus_task.o
                0x00000000200000b8                buf
 .bss.pos       0x00000000200000c0        0x8 ./Core/Src/CAN/can_bus_task.o
                0x00000000200000c0                pos
 .bss.TxHeader  0x00000000200000c8       0x24 ./Core/Src/CAN/can_bus_task.o
                0x00000000200000c8                TxHeader
 .bss.CarTxData
                0x00000000200000ec        0x1 ./Core/Src/CAN/can_bus_task.o
                0x00000000200000ec                CarTxData
 *fill*         0x00000000200000ed        0x3 
 .bss.buf_pot   0x00000000200000f0        0xc ./Core/Src/CAN/can_bus_task.o
                0x00000000200000f0                buf_pot
 .bss.g_sendPing
                0x00000000200000fc        0x1 ./Core/Src/CAN/can_bus_tx_tasks.o
                0x00000000200000fc                g_sendPing
 .bss.g_panelModule
                0x00000000200000fd        0x1 ./Core/Src/CAN/can_bus_tx_tasks.o
                0x00000000200000fd                g_panelModule
 .bss.g_throttleModule
                0x00000000200000fe        0x1 ./Core/Src/CAN/can_bus_tx_tasks.o
                0x00000000200000fe                g_throttleModule
 *fill*         0x00000000200000ff        0x1 
 .bss.data_panel
                0x0000000020000100        0x4 ./Core/Src/CAN/can_bus_tx_tasks.o
                0x0000000020000100                data_panel
 .bss.g_sendInfothrottle
                0x0000000020000104        0x1 ./Core/Src/CAN/can_bus_tx_tasks.o
                0x0000000020000104                g_sendInfothrottle
 .bss.g_throttleError
                0x0000000020000105        0x1 ./Core/Src/CAN/can_bus_tx_tasks.o
                0x0000000020000105                g_throttleError
 .bss.g_stateThrottle
                0x0000000020000106        0x1 ./Core/Src/CAN/can_bus_tx_tasks.o
                0x0000000020000106                g_stateThrottle
 .bss.pot_position
                0x0000000020000107        0x1 ./Core/Src/CAN/can_bus_tx_tasks.o
                0x0000000020000107                pot_position
 .bss.hfdcan1   0x0000000020000108       0x64 ./Core/Src/main.o
                0x0000000020000108                hfdcan1
 .bss.hi2c3     0x000000002000016c       0x4c ./Core/Src/main.o
                0x000000002000016c                hi2c3
 .bss.defaultTaskHandle
                0x00000000200001b8        0x4 ./Core/Src/main.o
                0x00000000200001b8                defaultTaskHandle
 .bss.canTask_txHandle
                0x00000000200001bc        0x4 ./Core/Src/main.o
                0x00000000200001bc                canTask_txHandle
 .bss.canTask_rxHandle
                0x00000000200001c0        0x4 ./Core/Src/main.o
                0x00000000200001c0                canTask_rxHandle
 .bss.canTask_potHandle
                0x00000000200001c4        0x4 ./Core/Src/main.o
                0x00000000200001c4                canTask_potHandle
 .bss.uwTick    0x00000000200001c8        0x4 ./Drivers/STM32G4xx_HAL_Driver/Src/stm32g4xx_hal.o
                0x00000000200001c8                uwTick
 .bss.KernelState
                0x00000000200001cc        0x4 ./Middlewares/Third_Party/FreeRTOS/Source/CMSIS_RTOS_V2/cmsis_os2.o
 .bss.Idle_TCB.3
                0x00000000200001d0       0xbc ./Middlewares/Third_Party/FreeRTOS/Source/CMSIS_RTOS_V2/cmsis_os2.o
 .bss.Idle_Stack.2
                0x000000002000028c      0x200 ./Middlewares/Third_Party/FreeRTOS/Source/CMSIS_RTOS_V2/cmsis_os2.o
 .bss.Timer_TCB.1
                0x000000002000048c       0xbc ./Middlewares/Third_Party/FreeRTOS/Source/CMSIS_RTOS_V2/cmsis_os2.o
 .bss.Timer_Stack.0
                0x0000000020000548      0x400 ./Middlewares/Third_Party/FreeRTOS/Source/CMSIS_RTOS_V2/cmsis_os2.o
 .bss.xQueueRegistry
                0x0000000020000948       0x40 ./Middlewares/Third_Party/FreeRTOS/Source/queue.o
                0x0000000020000948                xQueueRegistry
 .bss.pxCurrentTCB
                0x0000000020000988        0x4 ./Middlewares/Third_Party/FreeRTOS/Source/tasks.o
                0x0000000020000988                pxCurrentTCB
 .bss.pxReadyTasksLists
                0x000000002000098c      0x460 ./Middlewares/Third_Party/FreeRTOS/Source/tasks.o
 .bss.xDelayedTaskList1
                0x0000000020000dec       0x14 ./Middlewares/Third_Party/FreeRTOS/Source/tasks.o
 .bss.xDelayedTaskList2
                0x0000000020000e00       0x14 ./Middlewares/Third_Party/FreeRTOS/Source/tasks.o
 .bss.pxDelayedTaskList
                0x0000000020000e14        0x4 ./Middlewares/Third_Party/FreeRTOS/Source/tasks.o
 .bss.pxOverflowDelayedTaskList
                0x0000000020000e18        0x4 ./Middlewares/Third_Party/FreeRTOS/Source/tasks.o
 .bss.xPendingReadyList
                0x0000000020000e1c       0x14 ./Middlewares/Third_Party/FreeRTOS/Source/tasks.o
 .bss.xTasksWaitingTermination
                0x0000000020000e30       0x14 ./Middlewares/Third_Party/FreeRTOS/Source/tasks.o
 .bss.uxDeletedTasksWaitingCleanUp
                0x0000000020000e44        0x4 ./Middlewares/Third_Party/FreeRTOS/Source/tasks.o
 .bss.xSuspendedTaskList
                0x0000000020000e48       0x14 ./Middlewares/Third_Party/FreeRTOS/Source/tasks.o
 .bss.uxCurrentNumberOfTasks
                0x0000000020000e5c        0x4 ./Middlewares/Third_Party/FreeRTOS/Source/tasks.o
 .bss.xTickCount
                0x0000000020000e60        0x4 ./Middlewares/Third_Party/FreeRTOS/Source/tasks.o
 .bss.uxTopReadyPriority
                0x0000000020000e64        0x4 ./Middlewares/Third_Party/FreeRTOS/Source/tasks.o
 .bss.xSchedulerRunning
                0x0000000020000e68        0x4 ./Middlewares/Third_Party/FreeRTOS/Source/tasks.o
 .bss.xPendedTicks
                0x0000000020000e6c        0x4 ./Middlewares/Third_Party/FreeRTOS/Source/tasks.o
 .bss.xYieldPending
                0x0000000020000e70        0x4 ./Middlewares/Third_Party/FreeRTOS/Source/tasks.o
 .bss.xNumOfOverflows
                0x0000000020000e74        0x4 ./Middlewares/Third_Party/FreeRTOS/Source/tasks.o
 .bss.uxTaskNumber
                0x0000000020000e78        0x4 ./Middlewares/Third_Party/FreeRTOS/Source/tasks.o
 .bss.xNextTaskUnblockTime
                0x0000000020000e7c        0x4 ./Middlewares/Third_Party/FreeRTOS/Source/tasks.o
 .bss.xIdleTaskHandle
                0x0000000020000e80        0x4 ./Middlewares/Third_Party/FreeRTOS/Source/tasks.o
 .bss.uxSchedulerSuspended
                0x0000000020000e84        0x4 ./Middlewares/Third_Party/FreeRTOS/Source/tasks.o
 .bss.xActiveTimerList1
                0x0000000020000e88       0x14 ./Middlewares/Third_Party/FreeRTOS/Source/timers.o
 .bss.xActiveTimerList2
                0x0000000020000e9c       0x14 ./Middlewares/Third_Party/FreeRTOS/Source/timers.o
 .bss.pxCurrentTimerList
                0x0000000020000eb0        0x4 ./Middlewares/Third_Party/FreeRTOS/Source/timers.o
 .bss.pxOverflowTimerList
                0x0000000020000eb4        0x4 ./Middlewares/Third_Party/FreeRTOS/Source/timers.o
 .bss.xTimerQueue
                0x0000000020000eb8        0x4 ./Middlewares/Third_Party/FreeRTOS/Source/timers.o
 .bss.xTimerTaskHandle
                0x0000000020000ebc        0x4 ./Middlewares/Third_Party/FreeRTOS/Source/timers.o
 .bss.xLastTime.2
                0x0000000020000ec0        0x4 ./Middlewares/Third_Party/FreeRTOS/Source/timers.o
 .bss.ucStaticTimerQueueStorage.1
                0x0000000020000ec4       0xa0 ./Middlewares/Third_Party/FreeRTOS/Source/timers.o
 .bss.xStaticTimerQueue.0
                0x0000000020000f64       0x50 ./Middlewares/Third_Party/FreeRTOS/Source/timers.o
 .bss.ucMaxSysCallPriority
                0x0000000020000fb4        0x1 ./Middlewares/Third_Party/FreeRTOS/Source/portable/GCC/ARM_CM4F/port.o
 *fill*         0x0000000020000fb5        0x3 
 .bss.ulMaxPRIGROUPValue
                0x0000000020000fb8        0x4 ./Middlewares/Third_Party/FreeRTOS/Source/portable/GCC/ARM_CM4F/port.o
 .bss.ucHeap    0x0000000020000fbc      0xc00 ./Middlewares/Third_Party/FreeRTOS/Source/portable/MemMang/heap_4.o
 .bss.xStart    0x0000000020001bbc        0x8 ./Middlewares/Third_Party/FreeRTOS/Source/portable/MemMang/heap_4.o
 .bss.pxEnd     0x0000000020001bc4        0x4 ./Middlewares/Third_Party/FreeRTOS/Source/portable/MemMang/heap_4.o
 .bss.xFreeBytesRemaining
                0x0000000020001bc8        0x4 ./Middlewares/Third_Party/FreeRTOS/Source/portable/MemMang/heap_4.o
 .bss.xMinimumEverFreeBytesRemaining
                0x0000000020001bcc        0x4 ./Middlewares/Third_Party/FreeRTOS/Source/portable/MemMang/heap_4.o
 .bss.xNumberOfSuccessfulAllocations
                0x0000000020001bd0        0x4 ./Middlewares/Third_Party/FreeRTOS/Source/portable/MemMang/heap_4.o
 .bss.xNumberOfSuccessfulFrees
                0x0000000020001bd4        0x4 ./Middlewares/Third_Party/FreeRTOS/Source/portable/MemMang/heap_4.o
 .bss.xBlockAllocatedBit
                0x0000000020001bd8        0x4 ./Middlewares/Third_Party/FreeRTOS/Source/portable/MemMang/heap_4.o
 .bss.__lock___malloc_recursive_mutex
                0x0000000020001bdc        0x1 c:/st/stm32cubeide_1.10.1/stm32cubeide/plugins/com.st.stm32cube.ide.mcu.externaltools.gnu-tools-for-stm32.10.3-2021.10.win32_1.0.0.202111181127/tools/bin/../lib/gcc/arm-none-eabi/10.3.1/../../../../arm-none-eabi/lib/thumb/v7e-m+fp/hard\libc_nano.a(lib_a-lock.o)
                0x0000000020001bdc                __lock___malloc_recursive_mutex
 *fill*         0x0000000020001bdd        0x3 
 .bss.__malloc_free_list
                0x0000000020001be0        0x4 c:/st/stm32cubeide_1.10.1/stm32cubeide/plugins/com.st.stm32cube.ide.mcu.externaltools.gnu-tools-for-stm32.10.3-2021.10.win32_1.0.0.202111181127/tools/bin/../lib/gcc/arm-none-eabi/10.3.1/../../../../arm-none-eabi/lib/thumb/v7e-m+fp/hard\libc_nano.a(lib_a-nano-mallocr.o)
                0x0000000020001be0                __malloc_free_list
 *(COMMON)
                0x0000000020001be4                . = ALIGN (0x4)
                0x0000000020001be4                _ebss = .
                0x0000000020001be4                __bss_end__ = _ebss

._user_heap_stack
                0x0000000020001be4      0x604 load address 0x00000000080066f8
                0x0000000020001be8                . = ALIGN (0x8)
 *fill*         0x0000000020001be4        0x4 
                [!provide]                        PROVIDE (end = .)
                0x0000000020001be8                PROVIDE (_end = .)
                0x0000000020001de8                . = (. + _Min_Heap_Size)
 *fill*         0x0000000020001be8      0x200 
                0x00000000200021e8                . = (. + _Min_Stack_Size)
 *fill*         0x0000000020001de8      0x400 
                0x00000000200021e8                . = ALIGN (0x8)

/DISCARD/
 libc.a(*)
 libm.a(*)
 libgcc.a(*)

.ARM.attributes
                0x0000000000000000       0x30
 *(.ARM.attributes)
 .ARM.attributes
                0x0000000000000000       0x1e c:/st/stm32cubeide_1.10.1/stm32cubeide/plugins/com.st.stm32cube.ide.mcu.externaltools.gnu-tools-for-stm32.10.3-2021.10.win32_1.0.0.202111181127/tools/bin/../lib/gcc/arm-none-eabi/10.3.1/thumb/v7e-m+fp/hard/crti.o
 .ARM.attributes
                0x000000000000001e       0x34 c:/st/stm32cubeide_1.10.1/stm32cubeide/plugins/com.st.stm32cube.ide.mcu.externaltools.gnu-tools-for-stm32.10.3-2021.10.win32_1.0.0.202111181127/tools/bin/../lib/gcc/arm-none-eabi/10.3.1/thumb/v7e-m+fp/hard/crtbegin.o
 .ARM.attributes
                0x0000000000000052       0x34 ./Core/Src/CAN/can_bus.o
 .ARM.attributes
                0x0000000000000086       0x34 ./Core/Src/CAN/can_bus_parser.o
 .ARM.attributes
                0x00000000000000ba       0x34 ./Core/Src/CAN/can_bus_task.o
 .ARM.attributes
                0x00000000000000ee       0x34 ./Core/Src/CAN/can_bus_tx_tasks.o
 .ARM.attributes
                0x0000000000000122       0x34 ./Core/Src/main.o
 .ARM.attributes
                0x0000000000000156       0x34 ./Core/Src/stm32g4xx_hal_msp.o
 .ARM.attributes
                0x000000000000018a       0x34 ./Core/Src/stm32g4xx_it.o
 .ARM.attributes
                0x00000000000001be       0x34 ./Core/Src/system_stm32g4xx.o
 .ARM.attributes
                0x00000000000001f2       0x21 ./Core/Startup/startup_stm32g431kbux.o
 .ARM.attributes
                0x0000000000000213       0x34 ./Drivers/STM32G4xx_HAL_Driver/Src/stm32g4xx_hal.o
 .ARM.attributes
                0x0000000000000247       0x34 ./Drivers/STM32G4xx_HAL_Driver/Src/stm32g4xx_hal_cortex.o
 .ARM.attributes
                0x000000000000027b       0x34 ./Drivers/STM32G4xx_HAL_Driver/Src/stm32g4xx_hal_fdcan.o
 .ARM.attributes
                0x00000000000002af       0x34 ./Drivers/STM32G4xx_HAL_Driver/Src/stm32g4xx_hal_gpio.o
 .ARM.attributes
                0x00000000000002e3       0x34 ./Drivers/STM32G4xx_HAL_Driver/Src/stm32g4xx_hal_i2c.o
 .ARM.attributes
                0x0000000000000317       0x34 ./Drivers/STM32G4xx_HAL_Driver/Src/stm32g4xx_hal_i2c_ex.o
 .ARM.attributes
                0x000000000000034b       0x34 ./Drivers/STM32G4xx_HAL_Driver/Src/stm32g4xx_hal_pwr_ex.o
 .ARM.attributes
                0x000000000000037f       0x34 ./Drivers/STM32G4xx_HAL_Driver/Src/stm32g4xx_hal_rcc.o
 .ARM.attributes
                0x00000000000003b3       0x34 ./Drivers/STM32G4xx_HAL_Driver/Src/stm32g4xx_hal_rcc_ex.o
 .ARM.attributes
                0x00000000000003e7       0x34 ./Middlewares/Third_Party/FreeRTOS/Source/CMSIS_RTOS_V2/cmsis_os2.o
 .ARM.attributes
                0x000000000000041b       0x34 ./Middlewares/Third_Party/FreeRTOS/Source/list.o
 .ARM.attributes
                0x000000000000044f       0x34 ./Middlewares/Third_Party/FreeRTOS/Source/queue.o
 .ARM.attributes
                0x0000000000000483       0x34 ./Middlewares/Third_Party/FreeRTOS/Source/tasks.o
 .ARM.attributes
                0x00000000000004b7       0x34 ./Middlewares/Third_Party/FreeRTOS/Source/timers.o
 .ARM.attributes
                0x00000000000004eb       0x34 ./Middlewares/Third_Party/FreeRTOS/Source/portable/GCC/ARM_CM4F/port.o
 .ARM.attributes
                0x000000000000051f       0x34 ./Middlewares/Third_Party/FreeRTOS/Source/portable/MemMang/heap_4.o
 .ARM.attributes
                0x0000000000000553       0x34 ./libs/src/Vanttec_CANLib/ByteOrder/inet.o
 .ARM.attributes
                0x0000000000000587       0x34 ./libs/src/Vanttec_CANLib/CANMessage.o
 .ARM.attributes
                0x00000000000005bb       0x34 ./libs/src/Vanttec_CANLib/Utils/CANDeserialization.o
 .ARM.attributes
                0x00000000000005ef       0x34 c:/st/stm32cubeide_1.10.1/stm32cubeide/plugins/com.st.stm32cube.ide.mcu.externaltools.gnu-tools-for-stm32.10.3-2021.10.win32_1.0.0.202111181127/tools/bin/../lib/gcc/arm-none-eabi/10.3.1/../../../../arm-none-eabi/lib/thumb/v7e-m+fp/hard\libm.a(lib_a-sf_ldexp.o)
 .ARM.attributes
                0x0000000000000623       0x34 c:/st/stm32cubeide_1.10.1/stm32cubeide/plugins/com.st.stm32cube.ide.mcu.externaltools.gnu-tools-for-stm32.10.3-2021.10.win32_1.0.0.202111181127/tools/bin/../lib/gcc/arm-none-eabi/10.3.1/../../../../arm-none-eabi/lib/thumb/v7e-m+fp/hard\libm.a(lib_a-sf_scalbn.o)
 .ARM.attributes
                0x0000000000000657       0x34 c:/st/stm32cubeide_1.10.1/stm32cubeide/plugins/com.st.stm32cube.ide.mcu.externaltools.gnu-tools-for-stm32.10.3-2021.10.win32_1.0.0.202111181127/tools/bin/../lib/gcc/arm-none-eabi/10.3.1/../../../../arm-none-eabi/lib/thumb/v7e-m+fp/hard\libm.a(lib_a-sf_finite.o)
 .ARM.attributes
                0x000000000000068b       0x34 c:/st/stm32cubeide_1.10.1/stm32cubeide/plugins/com.st.stm32cube.ide.mcu.externaltools.gnu-tools-for-stm32.10.3-2021.10.win32_1.0.0.202111181127/tools/bin/../lib/gcc/arm-none-eabi/10.3.1/../../../../arm-none-eabi/lib/thumb/v7e-m+fp/hard\libc_nano.a(lib_a-errno.o)
 .ARM.attributes
                0x00000000000006bf       0x34 c:/st/stm32cubeide_1.10.1/stm32cubeide/plugins/com.st.stm32cube.ide.mcu.externaltools.gnu-tools-for-stm32.10.3-2021.10.win32_1.0.0.202111181127/tools/bin/../lib/gcc/arm-none-eabi/10.3.1/../../../../arm-none-eabi/lib/thumb/v7e-m+fp/hard\libc_nano.a(lib_a-findfp.o)
 .ARM.attributes
                0x00000000000006f3       0x34 c:/st/stm32cubeide_1.10.1/stm32cubeide/plugins/com.st.stm32cube.ide.mcu.externaltools.gnu-tools-for-stm32.10.3-2021.10.win32_1.0.0.202111181127/tools/bin/../lib/gcc/arm-none-eabi/10.3.1/../../../../arm-none-eabi/lib/thumb/v7e-m+fp/hard\libc_nano.a(lib_a-impure.o)
 .ARM.attributes
                0x0000000000000727       0x34 c:/st/stm32cubeide_1.10.1/stm32cubeide/plugins/com.st.stm32cube.ide.mcu.externaltools.gnu-tools-for-stm32.10.3-2021.10.win32_1.0.0.202111181127/tools/bin/../lib/gcc/arm-none-eabi/10.3.1/../../../../arm-none-eabi/lib/thumb/v7e-m+fp/hard\libc_nano.a(lib_a-init.o)
 .ARM.attributes
                0x000000000000075b       0x34 c:/st/stm32cubeide_1.10.1/stm32cubeide/plugins/com.st.stm32cube.ide.mcu.externaltools.gnu-tools-for-stm32.10.3-2021.10.win32_1.0.0.202111181127/tools/bin/../lib/gcc/arm-none-eabi/10.3.1/../../../../arm-none-eabi/lib/thumb/v7e-m+fp/hard\libc_nano.a(lib_a-lock.o)
 .ARM.attributes
                0x000000000000078f       0x34 c:/st/stm32cubeide_1.10.1/stm32cubeide/plugins/com.st.stm32cube.ide.mcu.externaltools.gnu-tools-for-stm32.10.3-2021.10.win32_1.0.0.202111181127/tools/bin/../lib/gcc/arm-none-eabi/10.3.1/../../../../arm-none-eabi/lib/thumb/v7e-m+fp/hard\libc_nano.a(lib_a-memcpy-stub.o)
 .ARM.attributes
                0x00000000000007c3       0x34 c:/st/stm32cubeide_1.10.1/stm32cubeide/plugins/com.st.stm32cube.ide.mcu.externaltools.gnu-tools-for-stm32.10.3-2021.10.win32_1.0.0.202111181127/tools/bin/../lib/gcc/arm-none-eabi/10.3.1/../../../../arm-none-eabi/lib/thumb/v7e-m+fp/hard\libc_nano.a(lib_a-memset.o)
 .ARM.attributes
                0x00000000000007f7       0x34 c:/st/stm32cubeide_1.10.1/stm32cubeide/plugins/com.st.stm32cube.ide.mcu.externaltools.gnu-tools-for-stm32.10.3-2021.10.win32_1.0.0.202111181127/tools/bin/../lib/gcc/arm-none-eabi/10.3.1/../../../../arm-none-eabi/lib/thumb/v7e-m+fp/hard\libc_nano.a(lib_a-nano-mallocr.o)
 .ARM.attributes
                0x000000000000082b       0x34 c:/st/stm32cubeide_1.10.1/stm32cubeide/plugins/com.st.stm32cube.ide.mcu.externaltools.gnu-tools-for-stm32.10.3-2021.10.win32_1.0.0.202111181127/tools/bin/../lib/gcc/arm-none-eabi/10.3.1/../../../../arm-none-eabi/lib/thumb/v7e-m+fp/hard\libc_nano.a(lib_a-reent.o)
 .ARM.attributes
                0x000000000000085f       0x34 c:/st/stm32cubeide_1.10.1/stm32cubeide/plugins/com.st.stm32cube.ide.mcu.externaltools.gnu-tools-for-stm32.10.3-2021.10.win32_1.0.0.202111181127/tools/bin/../lib/gcc/arm-none-eabi/10.3.1/../../../../arm-none-eabi/lib/thumb/v7e-m+fp/hard\libc_nano.a(lib_a-mlock.o)
 .ARM.attributes
                0x0000000000000893       0x34 c:/st/stm32cubeide_1.10.1/stm32cubeide/plugins/com.st.stm32cube.ide.mcu.externaltools.gnu-tools-for-stm32.10.3-2021.10.win32_1.0.0.202111181127/tools/bin/../lib/gcc/arm-none-eabi/10.3.1/../../../../arm-none-eabi/lib/thumb/v7e-m+fp/hard\libc_nano.a(lib_a-nano-freer.o)
 .ARM.attributes
                0x00000000000008c7       0x1e c:/st/stm32cubeide_1.10.1/stm32cubeide/plugins/com.st.stm32cube.ide.mcu.externaltools.gnu-tools-for-stm32.10.3-2021.10.win32_1.0.0.202111181127/tools/bin/../lib/gcc/arm-none-eabi/10.3.1/thumb/v7e-m+fp/hard/crtn.o
OUTPUT(SDV_Throttle.elf elf32-littlearm)
LOAD linker stubs
LOAD c:/st/stm32cubeide_1.10.1/stm32cubeide/plugins/com.st.stm32cube.ide.mcu.externaltools.gnu-tools-for-stm32.10.3-2021.10.win32_1.0.0.202111181127/tools/bin/../lib/gcc/arm-none-eabi/10.3.1/../../../../arm-none-eabi/lib/thumb/v7e-m+fp/hard\libc.a
LOAD c:/st/stm32cubeide_1.10.1/stm32cubeide/plugins/com.st.stm32cube.ide.mcu.externaltools.gnu-tools-for-stm32.10.3-2021.10.win32_1.0.0.202111181127/tools/bin/../lib/gcc/arm-none-eabi/10.3.1/../../../../arm-none-eabi/lib/thumb/v7e-m+fp/hard\libm.a
LOAD c:/st/stm32cubeide_1.10.1/stm32cubeide/plugins/com.st.stm32cube.ide.mcu.externaltools.gnu-tools-for-stm32.10.3-2021.10.win32_1.0.0.202111181127/tools/bin/../lib/gcc/arm-none-eabi/10.3.1/thumb/v7e-m+fp/hard\libgcc.a

.debug_info     0x0000000000000000    0x1ce87
 .debug_info    0x0000000000000000      0x182 ./Core/Src/CAN/can_bus.o
 .debug_info    0x0000000000000182      0x290 ./Core/Src/CAN/can_bus_parser.o
 .debug_info    0x0000000000000412     0x1671 ./Core/Src/CAN/can_bus_task.o
 .debug_info    0x0000000000001a83      0x647 ./Core/Src/CAN/can_bus_tx_tasks.o
 .debug_info    0x00000000000020ca     0x159e ./Core/Src/main.o
 .debug_info    0x0000000000003668     0x1446 ./Core/Src/stm32g4xx_hal_msp.o
 .debug_info    0x0000000000004aae      0x126 ./Core/Src/stm32g4xx_it.o
 .debug_info    0x0000000000004bd4      0x59f ./Core/Src/system_stm32g4xx.o
 .debug_info    0x0000000000005173       0x22 ./Core/Startup/startup_stm32g431kbux.o
 .debug_info    0x0000000000005195      0xae3 ./Drivers/STM32G4xx_HAL_Driver/Src/stm32g4xx_hal.o
 .debug_info    0x0000000000005c78      0xdc4 ./Drivers/STM32G4xx_HAL_Driver/Src/stm32g4xx_hal_cortex.o
 .debug_info    0x0000000000006a3c     0x1964 ./Drivers/STM32G4xx_HAL_Driver/Src/stm32g4xx_hal_fdcan.o
 .debug_info    0x00000000000083a0      0x82f ./Drivers/STM32G4xx_HAL_Driver/Src/stm32g4xx_hal_gpio.o
 .debug_info    0x0000000000008bcf     0x22ea ./Drivers/STM32G4xx_HAL_Driver/Src/stm32g4xx_hal_i2c.o
 .debug_info    0x000000000000aeb9      0xb61 ./Drivers/STM32G4xx_HAL_Driver/Src/stm32g4xx_hal_i2c_ex.o
 .debug_info    0x000000000000ba1a      0x983 ./Drivers/STM32G4xx_HAL_Driver/Src/stm32g4xx_hal_pwr_ex.o
 .debug_info    0x000000000000c39d      0xc53 ./Drivers/STM32G4xx_HAL_Driver/Src/stm32g4xx_hal_rcc.o
 .debug_info    0x000000000000cff0      0xcfe ./Drivers/STM32G4xx_HAL_Driver/Src/stm32g4xx_hal_rcc_ex.o
 .debug_info    0x000000000000dcee     0x42ed ./Middlewares/Third_Party/FreeRTOS/Source/CMSIS_RTOS_V2/cmsis_os2.o
 .debug_info    0x0000000000011fdb      0x2d1 ./Middlewares/Third_Party/FreeRTOS/Source/list.o
 .debug_info    0x00000000000122ac     0x1cbf ./Middlewares/Third_Party/FreeRTOS/Source/queue.o
 .debug_info    0x0000000000013f6b     0x2b40 ./Middlewares/Third_Party/FreeRTOS/Source/tasks.o
 .debug_info    0x0000000000016aab     0x1c89 ./Middlewares/Third_Party/FreeRTOS/Source/timers.o
 .debug_info    0x0000000000018734      0x507 ./Middlewares/Third_Party/FreeRTOS/Source/portable/GCC/ARM_CM4F/port.o
 .debug_info    0x0000000000018c3b      0x50b ./Middlewares/Third_Party/FreeRTOS/Source/portable/MemMang/heap_4.o
 .debug_info    0x0000000000019146      0x472 ./libs/src/Vanttec_CANLib/ByteOrder/inet.o
 .debug_info    0x00000000000195b8     0x1d54 ./libs/src/Vanttec_CANLib/CANMessage.o
 .debug_info    0x000000000001b30c     0x1b7b ./libs/src/Vanttec_CANLib/Utils/CANDeserialization.o

.debug_abbrev   0x0000000000000000     0x3bec
 .debug_abbrev  0x0000000000000000       0x93 ./Core/Src/CAN/can_bus.o
 .debug_abbrev  0x0000000000000093      0x112 ./Core/Src/CAN/can_bus_parser.o
 .debug_abbrev  0x00000000000001a5      0x396 ./Core/Src/CAN/can_bus_task.o
 .debug_abbrev  0x000000000000053b      0x1bc ./Core/Src/CAN/can_bus_tx_tasks.o
 .debug_abbrev  0x00000000000006f7      0x2dc ./Core/Src/main.o
 .debug_abbrev  0x00000000000009d3      0x1d2 ./Core/Src/stm32g4xx_hal_msp.o
 .debug_abbrev  0x0000000000000ba5       0xab ./Core/Src/stm32g4xx_it.o
 .debug_abbrev  0x0000000000000c50      0x116 ./Core/Src/system_stm32g4xx.o
 .debug_abbrev  0x0000000000000d66       0x12 ./Core/Startup/startup_stm32g431kbux.o
 .debug_abbrev  0x0000000000000d78      0x269 ./Drivers/STM32G4xx_HAL_Driver/Src/stm32g4xx_hal.o
 .debug_abbrev  0x0000000000000fe1      0x30d ./Drivers/STM32G4xx_HAL_Driver/Src/stm32g4xx_hal_cortex.o
 .debug_abbrev  0x00000000000012ee      0x1d3 ./Drivers/STM32G4xx_HAL_Driver/Src/stm32g4xx_hal_fdcan.o
 .debug_abbrev  0x00000000000014c1      0x1bb ./Drivers/STM32G4xx_HAL_Driver/Src/stm32g4xx_hal_gpio.o
 .debug_abbrev  0x000000000000167c      0x243 ./Drivers/STM32G4xx_HAL_Driver/Src/stm32g4xx_hal_i2c.o
 .debug_abbrev  0x00000000000018bf      0x1b0 ./Drivers/STM32G4xx_HAL_Driver/Src/stm32g4xx_hal_i2c_ex.o
 .debug_abbrev  0x0000000000001a6f      0x229 ./Drivers/STM32G4xx_HAL_Driver/Src/stm32g4xx_hal_pwr_ex.o
 .debug_abbrev  0x0000000000001c98      0x2bd ./Drivers/STM32G4xx_HAL_Driver/Src/stm32g4xx_hal_rcc.o
 .debug_abbrev  0x0000000000001f55      0x247 ./Drivers/STM32G4xx_HAL_Driver/Src/stm32g4xx_hal_rcc_ex.o
 .debug_abbrev  0x000000000000219c      0x50f ./Middlewares/Third_Party/FreeRTOS/Source/CMSIS_RTOS_V2/cmsis_os2.o
 .debug_abbrev  0x00000000000026ab       0xf2 ./Middlewares/Third_Party/FreeRTOS/Source/list.o
 .debug_abbrev  0x000000000000279d      0x3a1 ./Middlewares/Third_Party/FreeRTOS/Source/queue.o
 .debug_abbrev  0x0000000000002b3e      0x3f3 ./Middlewares/Third_Party/FreeRTOS/Source/tasks.o
 .debug_abbrev  0x0000000000002f31      0x360 ./Middlewares/Third_Party/FreeRTOS/Source/timers.o
 .debug_abbrev  0x0000000000003291      0x259 ./Middlewares/Third_Party/FreeRTOS/Source/portable/GCC/ARM_CM4F/port.o
 .debug_abbrev  0x00000000000034ea      0x212 ./Middlewares/Third_Party/FreeRTOS/Source/portable/MemMang/heap_4.o
 .debug_abbrev  0x00000000000036fc       0xc9 ./libs/src/Vanttec_CANLib/ByteOrder/inet.o
 .debug_abbrev  0x00000000000037c5      0x260 ./libs/src/Vanttec_CANLib/CANMessage.o
 .debug_abbrev  0x0000000000003a25      0x1c7 ./libs/src/Vanttec_CANLib/Utils/CANDeserialization.o

.debug_aranges  0x0000000000000000     0x1560
 .debug_aranges
                0x0000000000000000       0x18 ./Core/Src/CAN/can_bus.o
 .debug_aranges
                0x0000000000000018       0x20 ./Core/Src/CAN/can_bus_parser.o
 .debug_aranges
                0x0000000000000038       0x90 ./Core/Src/CAN/can_bus_task.o
 .debug_aranges
                0x00000000000000c8       0x40 ./Core/Src/CAN/can_bus_tx_tasks.o
 .debug_aranges
                0x0000000000000108       0x50 ./Core/Src/main.o
 .debug_aranges
                0x0000000000000158       0x40 ./Core/Src/stm32g4xx_hal_msp.o
 .debug_aranges
                0x0000000000000198       0x50 ./Core/Src/stm32g4xx_it.o
 .debug_aranges
                0x00000000000001e8       0x28 ./Core/Src/system_stm32g4xx.o
 .debug_aranges
                0x0000000000000210       0x28 ./Core/Startup/startup_stm32g431kbux.o
 .debug_aranges
                0x0000000000000238      0x130 ./Drivers/STM32G4xx_HAL_Driver/Src/stm32g4xx_hal.o
 .debug_aranges
                0x0000000000000368      0x118 ./Drivers/STM32G4xx_HAL_Driver/Src/stm32g4xx_hal_cortex.o
 .debug_aranges
                0x0000000000000480      0x208 ./Drivers/STM32G4xx_HAL_Driver/Src/stm32g4xx_hal_fdcan.o
 .debug_aranges
                0x0000000000000688       0x58 ./Drivers/STM32G4xx_HAL_Driver/Src/stm32g4xx_hal_gpio.o
 .debug_aranges
                0x00000000000006e0      0x290 ./Drivers/STM32G4xx_HAL_Driver/Src/stm32g4xx_hal_i2c.o
 .debug_aranges
                0x0000000000000970       0x48 ./Drivers/STM32G4xx_HAL_Driver/Src/stm32g4xx_hal_i2c_ex.o
 .debug_aranges
                0x00000000000009b8      0x140 ./Drivers/STM32G4xx_HAL_Driver/Src/stm32g4xx_hal_pwr_ex.o
 .debug_aranges
                0x0000000000000af8       0x98 ./Drivers/STM32G4xx_HAL_Driver/Src/stm32g4xx_hal_rcc.o
 .debug_aranges
                0x0000000000000b90       0xb0 ./Drivers/STM32G4xx_HAL_Driver/Src/stm32g4xx_hal_rcc_ex.o
 .debug_aranges
                0x0000000000000c40      0x2a8 ./Middlewares/Third_Party/FreeRTOS/Source/CMSIS_RTOS_V2/cmsis_os2.o
 .debug_aranges
                0x0000000000000ee8       0x40 ./Middlewares/Third_Party/FreeRTOS/Source/list.o
 .debug_aranges
                0x0000000000000f28      0x158 ./Middlewares/Third_Party/FreeRTOS/Source/queue.o
 .debug_aranges
                0x0000000000001080      0x208 ./Middlewares/Third_Party/FreeRTOS/Source/tasks.o
 .debug_aranges
                0x0000000000001288       0xf0 ./Middlewares/Third_Party/FreeRTOS/Source/timers.o
 .debug_aranges
                0x0000000000001378       0x80 ./Middlewares/Third_Party/FreeRTOS/Source/portable/GCC/ARM_CM4F/port.o
 .debug_aranges
                0x00000000000013f8       0x58 ./Middlewares/Third_Party/FreeRTOS/Source/portable/MemMang/heap_4.o
 .debug_aranges
                0x0000000000001450       0x38 ./libs/src/Vanttec_CANLib/ByteOrder/inet.o
 .debug_aranges
                0x0000000000001488       0xa0 ./libs/src/Vanttec_CANLib/CANMessage.o
 .debug_aranges
                0x0000000000001528       0x38 ./libs/src/Vanttec_CANLib/Utils/CANDeserialization.o

.debug_macro    0x0000000000000000     0x61d9
 .debug_macro   0x0000000000000000       0x72 ./Core/Src/CAN/can_bus.o
 .debug_macro   0x0000000000000072      0x1e6 ./Core/Src/CAN/can_bus_parser.o
 .debug_macro   0x0000000000000258       0xfb ./Core/Src/CAN/can_bus_parser.o
 .debug_macro   0x0000000000000353      0x475 ./Core/Src/CAN/can_bus_task.o
 .debug_macro   0x00000000000007c8       0x4c ./Core/Src/CAN/can_bus_task.o
 .debug_macro   0x0000000000000814       0x94 ./Core/Src/CAN/can_bus_task.o
 .debug_macro   0x00000000000008a8       0x57 ./Core/Src/CAN/can_bus_task.o
 .debug_macro   0x00000000000008ff       0x56 ./Core/Src/CAN/can_bus_task.o
 .debug_macro   0x0000000000000955      0x170 ./Core/Src/CAN/can_bus_task.o
 .debug_macro   0x0000000000000ac5       0x16 ./Core/Src/CAN/can_bus_task.o
 .debug_macro   0x0000000000000adb       0x1c ./Core/Src/CAN/can_bus_task.o
 .debug_macro   0x0000000000000af7       0x10 ./Core/Src/CAN/can_bus_task.o
 .debug_macro   0x0000000000000b07       0x10 ./Core/Src/CAN/can_bus_task.o
 .debug_macro   0x0000000000000b17       0x1c ./Core/Src/CAN/can_bus_task.o
 .debug_macro   0x0000000000000b33       0x52 ./Core/Src/CAN/can_bus_task.o
 .debug_macro   0x0000000000000b85       0x22 ./Core/Src/CAN/can_bus_task.o
 .debug_macro   0x0000000000000ba7       0x10 ./Core/Src/CAN/can_bus_task.o
 .debug_macro   0x0000000000000bb7       0x52 ./Core/Src/CAN/can_bus_task.o
 .debug_macro   0x0000000000000c09       0xd5 ./Core/Src/CAN/can_bus_task.o
 .debug_macro   0x0000000000000cde       0x1c ./Core/Src/CAN/can_bus_task.o
 .debug_macro   0x0000000000000cfa       0x3d ./Core/Src/CAN/can_bus_task.o
 .debug_macro   0x0000000000000d37       0x16 ./Core/Src/CAN/can_bus_task.o
 .debug_macro   0x0000000000000d4d      0x145 ./Core/Src/CAN/can_bus_task.o
 .debug_macro   0x0000000000000e92       0x22 ./Core/Src/CAN/can_bus_task.o
 .debug_macro   0x0000000000000eb4       0x16 ./Core/Src/CAN/can_bus_task.o
 .debug_macro   0x0000000000000eca       0x16 ./Core/Src/CAN/can_bus_task.o
 .debug_macro   0x0000000000000ee0       0x29 ./Core/Src/CAN/can_bus_task.o
 .debug_macro   0x0000000000000f09       0x28 ./Core/Src/CAN/can_bus_task.o
 .debug_macro   0x0000000000000f31      0x28d ./Core/Src/CAN/can_bus_tx_tasks.o
 .debug_macro   0x00000000000011be       0x64 ./Core/Src/CAN/can_bus_tx_tasks.o
 .debug_macro   0x0000000000001222       0x1c ./Core/Src/CAN/can_bus_tx_tasks.o
 .debug_macro   0x000000000000123e      0x300 ./Core/Src/main.o
 .debug_macro   0x000000000000153e      0x1d3 ./Core/Src/stm32g4xx_hal_msp.o
 .debug_macro   0x0000000000001711      0x2e2 ./Core/Src/stm32g4xx_it.o
 .debug_macro   0x00000000000019f3      0x1c9 ./Core/Src/system_stm32g4xx.o
 .debug_macro   0x0000000000001bbc      0x217 ./Drivers/STM32G4xx_HAL_Driver/Src/stm32g4xx_hal.o
 .debug_macro   0x0000000000001dd3      0x1c9 ./Drivers/STM32G4xx_HAL_Driver/Src/stm32g4xx_hal_cortex.o
 .debug_macro   0x0000000000001f9c      0x2db ./Drivers/STM32G4xx_HAL_Driver/Src/stm32g4xx_hal_fdcan.o
 .debug_macro   0x0000000000002277      0x1d0 ./Drivers/STM32G4xx_HAL_Driver/Src/stm32g4xx_hal_gpio.o
 .debug_macro   0x0000000000002447      0x295 ./Drivers/STM32G4xx_HAL_Driver/Src/stm32g4xx_hal_i2c.o
 .debug_macro   0x00000000000026dc      0x1c9 ./Drivers/STM32G4xx_HAL_Driver/Src/stm32g4xx_hal_i2c_ex.o
 .debug_macro   0x00000000000028a5      0x1f3 ./Drivers/STM32G4xx_HAL_Driver/Src/stm32g4xx_hal_pwr_ex.o
 .debug_macro   0x0000000000002a98      0x20b ./Drivers/STM32G4xx_HAL_Driver/Src/stm32g4xx_hal_rcc.o
 .debug_macro   0x0000000000002ca3      0x1f3 ./Drivers/STM32G4xx_HAL_Driver/Src/stm32g4xx_hal_rcc_ex.o
 .debug_macro   0x0000000000002e96      0x3d2 ./Middlewares/Third_Party/FreeRTOS/Source/CMSIS_RTOS_V2/cmsis_os2.o
 .debug_macro   0x0000000000003268       0x91 ./Middlewares/Third_Party/FreeRTOS/Source/CMSIS_RTOS_V2/cmsis_os2.o
 .debug_macro   0x00000000000032f9       0x8d ./Middlewares/Third_Party/FreeRTOS/Source/CMSIS_RTOS_V2/cmsis_os2.o
 .debug_macro   0x0000000000003386       0x9a ./Middlewares/Third_Party/FreeRTOS/Source/CMSIS_RTOS_V2/cmsis_os2.o
 .debug_macro   0x0000000000003420       0x22 ./Middlewares/Third_Party/FreeRTOS/Source/CMSIS_RTOS_V2/cmsis_os2.o
 .debug_macro   0x0000000000003442      0x199 ./Middlewares/Third_Party/FreeRTOS/Source/list.o
 .debug_macro   0x00000000000035db      0x228 ./Middlewares/Third_Party/FreeRTOS/Source/queue.o
 .debug_macro   0x0000000000003803       0x16 ./Middlewares/Third_Party/FreeRTOS/Source/queue.o
 .debug_macro   0x0000000000003819       0x87 ./Middlewares/Third_Party/FreeRTOS/Source/queue.o
 .debug_macro   0x00000000000038a0      0x291 ./Middlewares/Third_Party/FreeRTOS/Source/tasks.o
 .debug_macro   0x0000000000003b31       0x10 ./Middlewares/Third_Party/FreeRTOS/Source/tasks.o
 .debug_macro   0x0000000000003b41      0x1ee ./Middlewares/Third_Party/FreeRTOS/Source/timers.o
 .debug_macro   0x0000000000003d2f       0x97 ./Middlewares/Third_Party/FreeRTOS/Source/timers.o
 .debug_macro   0x0000000000003dc6      0x233 ./Middlewares/Third_Party/FreeRTOS/Source/portable/GCC/ARM_CM4F/port.o
 .debug_macro   0x0000000000003ff9      0x1c0 ./Middlewares/Third_Party/FreeRTOS/Source/portable/MemMang/heap_4.o
 .debug_macro   0x00000000000041b9       0x99 ./libs/src/Vanttec_CANLib/ByteOrder/inet.o
 .debug_macro   0x0000000000004252      0xb50 ./libs/src/Vanttec_CANLib/ByteOrder/inet.o
 .debug_macro   0x0000000000004da2      0x18a ./libs/src/Vanttec_CANLib/ByteOrder/inet.o
 .debug_macro   0x0000000000004f2c       0x10 ./libs/src/Vanttec_CANLib/ByteOrder/inet.o
 .debug_macro   0x0000000000004f3c      0x3d1 ./libs/src/Vanttec_CANLib/ByteOrder/inet.o
 .debug_macro   0x000000000000530d       0x1c ./libs/src/Vanttec_CANLib/ByteOrder/inet.o
 .debug_macro   0x0000000000005329      0x1bb ./libs/src/Vanttec_CANLib/CANMessage.o
 .debug_macro   0x00000000000054e4       0x18 ./libs/src/Vanttec_CANLib/CANMessage.o
 .debug_macro   0x00000000000054fc       0x34 ./libs/src/Vanttec_CANLib/CANMessage.o
 .debug_macro   0x0000000000005530      0x17b ./libs/src/Vanttec_CANLib/CANMessage.o
 .debug_macro   0x00000000000056ab       0x43 ./libs/src/Vanttec_CANLib/CANMessage.o
 .debug_macro   0x00000000000056ee       0x16 ./libs/src/Vanttec_CANLib/CANMessage.o
 .debug_macro   0x0000000000005704      0x364 ./libs/src/Vanttec_CANLib/CANMessage.o
 .debug_macro   0x0000000000005a68      0x194 ./libs/src/Vanttec_CANLib/CANMessage.o
 .debug_macro   0x0000000000005bfc       0x10 ./libs/src/Vanttec_CANLib/CANMessage.o
 .debug_macro   0x0000000000005c0c       0x35 ./libs/src/Vanttec_CANLib/CANMessage.o
 .debug_macro   0x0000000000005c41       0x10 ./libs/src/Vanttec_CANLib/CANMessage.o
 .debug_macro   0x0000000000005c51      0x3c7 ./libs/src/Vanttec_CANLib/CANMessage.o
 .debug_macro   0x0000000000006018      0x1c1 ./libs/src/Vanttec_CANLib/Utils/CANDeserialization.o

.debug_line     0x0000000000000000    0x18050
 .debug_line    0x0000000000000000      0x38b ./Core/Src/CAN/can_bus.o
 .debug_line    0x000000000000038b      0x7a9 ./Core/Src/CAN/can_bus_parser.o
 .debug_line    0x0000000000000b34      0xe67 ./Core/Src/CAN/can_bus_task.o
 .debug_line    0x000000000000199b      0x7f8 ./Core/Src/CAN/can_bus_tx_tasks.o
 .debug_line    0x0000000000002193      0xa9d ./Core/Src/main.o
 .debug_line    0x0000000000002c30      0x791 ./Core/Src/stm32g4xx_hal_msp.o
 .debug_line    0x00000000000033c1      0x990 ./Core/Src/stm32g4xx_it.o
 .debug_line    0x0000000000003d51      0x726 ./Core/Src/system_stm32g4xx.o
 .debug_line    0x0000000000004477       0x89 ./Core/Startup/startup_stm32g431kbux.o
 .debug_line    0x0000000000004500      0xa9d ./Drivers/STM32G4xx_HAL_Driver/Src/stm32g4xx_hal.o
 .debug_line    0x0000000000004f9d      0xc50 ./Drivers/STM32G4xx_HAL_Driver/Src/stm32g4xx_hal_cortex.o
 .debug_line    0x0000000000005bed     0x1806 ./Drivers/STM32G4xx_HAL_Driver/Src/stm32g4xx_hal_fdcan.o
 .debug_line    0x00000000000073f3      0xae0 ./Drivers/STM32G4xx_HAL_Driver/Src/stm32g4xx_hal_gpio.o
 .debug_line    0x0000000000007ed3     0x3344 ./Drivers/STM32G4xx_HAL_Driver/Src/stm32g4xx_hal_i2c.o
 .debug_line    0x000000000000b217      0x8da ./Drivers/STM32G4xx_HAL_Driver/Src/stm32g4xx_hal_i2c_ex.o
 .debug_line    0x000000000000baf1      0xc54 ./Drivers/STM32G4xx_HAL_Driver/Src/stm32g4xx_hal_pwr_ex.o
 .debug_line    0x000000000000c745      0xeb3 ./Drivers/STM32G4xx_HAL_Driver/Src/stm32g4xx_hal_rcc.o
 .debug_line    0x000000000000d5f8     0x1076 ./Drivers/STM32G4xx_HAL_Driver/Src/stm32g4xx_hal_rcc_ex.o
 .debug_line    0x000000000000e66e     0x239e ./Middlewares/Third_Party/FreeRTOS/Source/CMSIS_RTOS_V2/cmsis_os2.o
 .debug_line    0x0000000000010a0c      0x708 ./Middlewares/Third_Party/FreeRTOS/Source/list.o
 .debug_line    0x0000000000011114     0x16d2 ./Middlewares/Third_Party/FreeRTOS/Source/queue.o
 .debug_line    0x00000000000127e6     0x1db0 ./Middlewares/Third_Party/FreeRTOS/Source/tasks.o
 .debug_line    0x0000000000014596      0xd68 ./Middlewares/Third_Party/FreeRTOS/Source/timers.o
 .debug_line    0x00000000000152fe      0x8cf ./Middlewares/Third_Party/FreeRTOS/Source/portable/GCC/ARM_CM4F/port.o
 .debug_line    0x0000000000015bcd      0x932 ./Middlewares/Third_Party/FreeRTOS/Source/portable/MemMang/heap_4.o
 .debug_line    0x00000000000164ff      0x5f6 ./libs/src/Vanttec_CANLib/ByteOrder/inet.o
 .debug_line    0x0000000000016af5      0xb4d ./libs/src/Vanttec_CANLib/CANMessage.o
 .debug_line    0x0000000000017642      0xa0e ./libs/src/Vanttec_CANLib/Utils/CANDeserialization.o

.debug_str      0x0000000000000000    0xc735f
 .debug_str     0x0000000000000000     0x3c45 ./Core/Src/CAN/can_bus.o
                                       0x3dcb (size before relaxing)
 .debug_str     0x0000000000003c45    0xac207 ./Core/Src/CAN/can_bus_parser.o
                                      0xb00a6 (size before relaxing)
 .debug_str     0x00000000000afe4c     0x95cd ./Core/Src/CAN/can_bus_task.o
                                      0xb96ff (size before relaxing)
 .debug_str     0x00000000000b9419      0x63b ./Core/Src/CAN/can_bus_tx_tasks.o
                                       0xcf69 (size before relaxing)
 .debug_str     0x00000000000b9a54      0x42f ./Core/Src/main.o
                                      0xb739c (size before relaxing)
 .debug_str     0x00000000000b9e83      0x6c3 ./Core/Src/stm32g4xx_hal_msp.o
                                      0xb0ef7 (size before relaxing)
 .debug_str     0x00000000000ba546       0xd9 ./Core/Src/stm32g4xx_it.o
                                      0xb5623 (size before relaxing)
 .debug_str     0x00000000000ba61f       0xdb ./Core/Src/system_stm32g4xx.o
                                      0xb0001 (size before relaxing)
 .debug_str     0x00000000000ba6fa       0x36 ./Core/Startup/startup_stm32g431kbux.o
                                         0x6f (size before relaxing)
 .debug_str     0x00000000000ba730      0x5b0 ./Drivers/STM32G4xx_HAL_Driver/Src/stm32g4xx_hal.o