[2.146s] Invoking command in '/home/fcanof/vanttec_sdv/workspace/src/sdv_vision': PYTHONPATH=/home/fcanof/vanttec_sdv/build/my_camera_node/prefix_override:/home/fcanof/vanttec_sdv/install/my_camera_node/lib/python3.10/site-packages:${PYTHONPATH} /usr/bin/python3 setup.py egg_info --egg-base ../../../build/my_camera_node build --build-base /home/fcanof/vanttec_sdv/build/my_camera_node/build install --record /home/fcanof/vanttec_sdv/build/my_camera_node/install.log --single-version-externally-managed
[2.389s] Traceback (most recent call last):
[2.390s]   File "/home/fcanof/vanttec_sdv/workspace/src/sdv_vision/setup.py", line 1, in <module>
[2.390s]     from setuptools import find_packages, setup
[2.390s]   File "/usr/lib/python3/dist-packages/setuptools/__init__.py", line 16, in <module>
[2.390s]     import setuptools.version
[2.390s]   File "/usr/lib/python3/dist-packages/setuptools/version.py", line 1, in <module>
[2.390s]     import pkg_resources
[2.390s]   File "/usr/lib/python3/dist-packages/pkg_resources/__init__.py", line 3267, in <module>
[2.390s]     def _initialize_master_working_set():
[2.390s]   File "/usr/lib/python3/dist-packages/pkg_resources/__init__.py", line 3241, in _call_aside
[2.390s]     f(*args, **kwargs)
[2.390s]   File "/usr/lib/python3/dist-packages/pkg_resources/__init__.py", line 3279, in _initialize_master_working_set
[2.391s]     working_set = WorkingSet._build_master()
[2.391s]   File "/usr/lib/python3/dist-packages/pkg_resources/__init__.py", line 564, in _build_master
[2.391s]     ws = cls()
[2.391s]   File "/usr/lib/python3/dist-packages/pkg_resources/__init__.py", line 557, in __init__
[2.391s]     self.add_entry(entry)
[2.391s]   File "/usr/lib/python3/dist-packages/pkg_resources/__init__.py", line 613, in add_entry
[2.391s]     for dist in find_distributions(entry, True):
[2.391s]   File "/usr/lib/python3/dist-packages/pkg_resources/__init__.py", line 2077, in find_on_path
[2.391s]     for dist in factory(fullpath):
[2.391s]   File "/usr/lib/python3/dist-packages/pkg_resources/__init__.py", line 2142, in distributions_from_metadata
[2.392s]     yield Distribution.from_location(
[2.392s]   File "/usr/lib/python3/dist-packages/pkg_resources/__init__.py", line 2606, in from_location
[2.394s]     )._reload_version()
[2.394s]   File "/usr/lib/python3/dist-packages/pkg_resources/__init__.py", line 3004, in _reload_version
[2.396s]     md_version = self._get_version()
[2.396s]   File "/usr/lib/python3/dist-packages/pkg_resources/__init__.py", line 2785, in _get_version
[2.396s]     version = _version_from_file(lines)
[2.396s]   File "/usr/lib/python3/dist-packages/pkg_resources/__init__.py", line 2569, in _version_from_file
[2.397s]     line = next(iter(version_lines), '')
[2.397s]   File "/usr/lib/python3/dist-packages/pkg_resources/__init__.py", line 2780, in _get_metadata
[2.397s]     for line in self.get_metadata_lines(name):
[2.397s]   File "/usr/lib/python3/dist-packages/pkg_resources/__init__.py", line 1422, in get_metadata_lines
[2.397s]     return yield_lines(self.get_metadata(name))
[2.397s]   File "/usr/lib/python3.10/functools.py", line 889, in wrapper
[2.399s]     return dispatch(args[0].__class__)(*args, **kw)
[2.399s]   File "/usr/lib/python3/dist-packages/pkg_resources/__init__.py", line 2411, in _
[2.399s]     return filter(_nonblank, map(str.strip, text.splitlines()))
[2.399s] KeyboardInterrupt
