[ 50%] Built target Vanttec_CANLibLIB
[35m[1mConsolidate compiler generated dependencies of target can_node[0m
[ 60%] [32mBuilding CXX object CMakeFiles/can_node.dir/src/CANTxNode.cpp.o[0m
[ 70%] [32m[1mLinking CXX executable can_node[0m
[100%] Built target can_node
-- Install configuration: ""
-- Installing: /home/fcanof/vanttec_sdv/install/sdv_can/share/sdv_can/launch
-- Installing: /home/fcanof/vanttec_sdv/install/sdv_can/share/sdv_can/launch/panel.launch.py
-- Installing: /home/fcanof/vanttec_sdv/install/sdv_can/share/sdv_can/launch/can_devices.launch.py
-- Installing: /home/fcanof/vanttec_sdv/install/sdv_can/share/sdv_can/config
-- Installing: /home/fcanof/vanttec_sdv/install/sdv_can/share/sdv_can/config/can_params.yaml
-- Installing: /home/fcanof/vanttec_sdv/install/sdv_can/lib/sdv_can/can_node
-- Set runtime path of "/home/fcanof/vanttec_sdv/install/sdv_can/lib/sdv_can/can_node" to ""
-- Installing: /home/fcanof/vanttec_sdv/install/sdv_can/lib/sdv_can/can_node.py
-- Installing: /home/fcanof/vanttec_sdv/install/sdv_can/lib/sdv_can/encoder_rm8004.py
-- Installing: /home/fcanof/vanttec_sdv/install/sdv_can/lib/sdv_can/encoder_briter.py
-- Installing: /home/fcanof/vanttec_sdv/install/sdv_can/lib/sdv_can/xbox_driver.py
-- Installing: /home/fcanof/vanttec_sdv/install/sdv_can/lib/sdv_can/xbox_node.py
-- Installing: /home/fcanof/vanttec_sdv/install/sdv_can/lib/sdv_can/speech.py
-- Installing: /home/fcanof/vanttec_sdv/install/sdv_can/lib/sdv_can/panel_modulev2.py
-- Installing: /home/fcanof/vanttec_sdv/install/sdv_can/lib/sdv_can/heartbeat_node.py
-- Installing: /home/fcanof/vanttec_sdv/install/sdv_can/lib/sdv_can/velocitydata.py
-- Installing: /home/fcanof/vanttec_sdv/install/sdv_can/lib/sdv_can/direcciondata.py
-- Installing: /home/fcanof/vanttec_sdv/install/sdv_can/share/ament_index/resource_index/package_run_dependencies/sdv_can
-- Installing: /home/fcanof/vanttec_sdv/install/sdv_can/share/ament_index/resource_index/parent_prefix_path/sdv_can
-- Installing: /home/fcanof/vanttec_sdv/install/sdv_can/share/sdv_can/environment/ament_prefix_path.sh
-- Installing: /home/fcanof/vanttec_sdv/install/sdv_can/share/sdv_can/environment/ament_prefix_path.dsv
-- Installing: /home/fcanof/vanttec_sdv/install/sdv_can/share/sdv_can/environment/path.sh
-- Installing: /home/fcanof/vanttec_sdv/install/sdv_can/share/sdv_can/environment/path.dsv
-- Installing: /home/fcanof/vanttec_sdv/install/sdv_can/share/sdv_can/local_setup.bash
-- Installing: /home/fcanof/vanttec_sdv/install/sdv_can/share/sdv_can/local_setup.sh
-- Installing: /home/fcanof/vanttec_sdv/install/sdv_can/share/sdv_can/local_setup.zsh
-- Installing: /home/fcanof/vanttec_sdv/install/sdv_can/share/sdv_can/local_setup.dsv
-- Installing: /home/fcanof/vanttec_sdv/install/sdv_can/share/sdv_can/package.dsv
-- Installing: /home/fcanof/vanttec_sdv/install/sdv_can/share/ament_index/resource_index/packages/sdv_can
-- Installing: /home/fcanof/vanttec_sdv/install/sdv_can/share/sdv_can/cmake/sdv_canConfig.cmake
-- Installing: /home/fcanof/vanttec_sdv/install/sdv_can/share/sdv_can/cmake/sdv_canConfig-version.cmake
-- Installing: /home/fcanof/vanttec_sdv/install/sdv_can/share/sdv_can/package.xml
