[0.070s] Invoking command in '/home/fcanof/vanttec_sdv/build/sdv_can': AMENT_PREFIX_PATH=/home/fcanof/vanttec_sdv/install/vectornav_msgs:/home/fcanof/vanttec_sdv/install/sdv_msgs:${AMENT_PREFIX_PATH} CMAKE_PREFIX_PATH=/home/fcanof/vanttec_sdv/install/vectornav_msgs:/home/fcanof/vanttec_sdv/install/sdv_msgs:/opt/ros/humble LD_LIBRARY_PATH=/home/fcanof/vanttec_sdv/install/vectornav_msgs/lib:/home/fcanof/vanttec_sdv/install/sdv_msgs/lib:${LD_LIBRARY_PATH} PYTHONPATH=/home/fcanof/vanttec_sdv/install/vectornav_msgs/local/lib/python3.10/dist-packages:/home/fcanof/vanttec_sdv/install/sdv_msgs/local/lib/python3.10/dist-packages:${PYTHONPATH} /usr/bin/cmake --build /home/fcanof/vanttec_sdv/build/sdv_can -- -j12 -l12
[0.116s] [ 50%] Built target Vanttec_CANLibLIB
[0.131s] [35m[1mConsolidate compiler generated dependencies of target can_node[0m
[0.158s] [ 60%] [32mBuilding CXX object CMakeFiles/can_node.dir/src/CANTxNode.cpp.o[0m
[2.610s] [01m[K/home/fcanof/vanttec_sdv/workspace/src/sdv_can/src/CANTxNode.cpp:[m[K In member function ‘[01m[Kvoid CANTxNode::steering_callback(const Vector3&)[m[K’:
[2.610s] [01m[K/home/fcanof/vanttec_sdv/workspace/src/sdv_can/src/CANTxNode.cpp:38:12:[m[K [01;35m[Kwarning: [m[Kunused variable ‘[01m[Kstpr_frame[m[K’ [[01;35m[K]8;;https://gcc.gnu.org/onlinedocs/gcc/Warning-Options.html#index-Wunused-variable-Wunused-variable]8;;[m[K]
[2.611s]    38 |   uint32_t [01;35m[Kstpr_frame[m[K = 0;
[2.611s]       |            [01;35m[K^~~~~~~~~~[m[K
[2.611s] [01m[K/home/fcanof/vanttec_sdv/workspace/src/sdv_can/src/CANTxNode.cpp:40:12:[m[K [01;35m[Kwarning: [m[Kunused variable ‘[01m[Ksteps[m[K’ [[01;35m[K]8;;https://gcc.gnu.org/onlinedocs/gcc/Warning-Options.html#index-Wunused-variable-Wunused-variable]8;;[m[K]
[2.611s]    40 |   uint16_t [01;35m[Ksteps[m[K = (uint16_t) msg.y;
[2.611s]       |            [01;35m[K^~~~~[m[K
[10.437s] [ 70%] [32m[1mLinking CXX executable can_node[0m
[10.963s] [100%] Built target can_node
[10.973s] Invoked command in '/home/fcanof/vanttec_sdv/build/sdv_can' returned '0': AMENT_PREFIX_PATH=/home/fcanof/vanttec_sdv/install/vectornav_msgs:/home/fcanof/vanttec_sdv/install/sdv_msgs:${AMENT_PREFIX_PATH} CMAKE_PREFIX_PATH=/home/fcanof/vanttec_sdv/install/vectornav_msgs:/home/fcanof/vanttec_sdv/install/sdv_msgs:/opt/ros/humble LD_LIBRARY_PATH=/home/fcanof/vanttec_sdv/install/vectornav_msgs/lib:/home/fcanof/vanttec_sdv/install/sdv_msgs/lib:${LD_LIBRARY_PATH} PYTHONPATH=/home/fcanof/vanttec_sdv/install/vectornav_msgs/local/lib/python3.10/dist-packages:/home/fcanof/vanttec_sdv/install/sdv_msgs/local/lib/python3.10/dist-packages:${PYTHONPATH} /usr/bin/cmake --build /home/fcanof/vanttec_sdv/build/sdv_can -- -j12 -l12
[10.999s] Invoking command in '/home/fcanof/vanttec_sdv/build/sdv_can': AMENT_PREFIX_PATH=/home/fcanof/vanttec_sdv/install/vectornav_msgs:/home/fcanof/vanttec_sdv/install/sdv_msgs:${AMENT_PREFIX_PATH} CMAKE_PREFIX_PATH=/home/fcanof/vanttec_sdv/install/vectornav_msgs:/home/fcanof/vanttec_sdv/install/sdv_msgs:/opt/ros/humble LD_LIBRARY_PATH=/home/fcanof/vanttec_sdv/install/vectornav_msgs/lib:/home/fcanof/vanttec_sdv/install/sdv_msgs/lib:${LD_LIBRARY_PATH} PYTHONPATH=/home/fcanof/vanttec_sdv/install/vectornav_msgs/local/lib/python3.10/dist-packages:/home/fcanof/vanttec_sdv/install/sdv_msgs/local/lib/python3.10/dist-packages:${PYTHONPATH} /usr/bin/cmake --install /home/fcanof/vanttec_sdv/build/sdv_can
[11.005s] -- Install configuration: ""
[11.005s] -- Installing: /home/fcanof/vanttec_sdv/install/sdv_can/share/sdv_can/launch
[11.006s] -- Installing: /home/fcanof/vanttec_sdv/install/sdv_can/share/sdv_can/launch/panel.launch.py
[11.006s] -- Installing: /home/fcanof/vanttec_sdv/install/sdv_can/share/sdv_can/launch/can_devices.launch.py
[11.006s] -- Installing: /home/fcanof/vanttec_sdv/install/sdv_can/share/sdv_can/config
[11.006s] -- Installing: /home/fcanof/vanttec_sdv/install/sdv_can/share/sdv_can/config/can_params.yaml
[11.006s] -- Installing: /home/fcanof/vanttec_sdv/install/sdv_can/lib/sdv_can/can_node
[11.010s] -- Set runtime path of "/home/fcanof/vanttec_sdv/install/sdv_can/lib/sdv_can/can_node" to ""
[11.010s] -- Installing: /home/fcanof/vanttec_sdv/install/sdv_can/lib/sdv_can/can_node.py
[11.010s] -- Installing: /home/fcanof/vanttec_sdv/install/sdv_can/lib/sdv_can/encoder_rm8004.py
[11.010s] -- Installing: /home/fcanof/vanttec_sdv/install/sdv_can/lib/sdv_can/encoder_briter.py
[11.010s] -- Installing: /home/fcanof/vanttec_sdv/install/sdv_can/lib/sdv_can/xbox_driver.py
[11.010s] -- Installing: /home/fcanof/vanttec_sdv/install/sdv_can/lib/sdv_can/xbox_node.py
[11.010s] -- Installing: /home/fcanof/vanttec_sdv/install/sdv_can/lib/sdv_can/speech.py
[11.011s] -- Installing: /home/fcanof/vanttec_sdv/install/sdv_can/lib/sdv_can/panel_modulev2.py
[11.011s] -- Installing: /home/fcanof/vanttec_sdv/install/sdv_can/lib/sdv_can/heartbeat_node.py
[11.011s] -- Installing: /home/fcanof/vanttec_sdv/install/sdv_can/lib/sdv_can/velocitydata.py
[11.011s] -- Installing: /home/fcanof/vanttec_sdv/install/sdv_can/lib/sdv_can/direcciondata.py
[11.011s] -- Installing: /home/fcanof/vanttec_sdv/install/sdv_can/share/ament_index/resource_index/package_run_dependencies/sdv_can
[11.011s] -- Installing: /home/fcanof/vanttec_sdv/install/sdv_can/share/ament_index/resource_index/parent_prefix_path/sdv_can
[11.011s] -- Installing: /home/fcanof/vanttec_sdv/install/sdv_can/share/sdv_can/environment/ament_prefix_path.sh
[11.011s] -- Installing: /home/fcanof/vanttec_sdv/install/sdv_can/share/sdv_can/environment/ament_prefix_path.dsv
[11.012s] -- Installing: /home/fcanof/vanttec_sdv/install/sdv_can/share/sdv_can/environment/path.sh
[11.012s] -- Installing: /home/fcanof/vanttec_sdv/install/sdv_can/share/sdv_can/environment/path.dsv
[11.012s] -- Installing: /home/fcanof/vanttec_sdv/install/sdv_can/share/sdv_can/local_setup.bash
[11.012s] -- Installing: /home/fcanof/vanttec_sdv/install/sdv_can/share/sdv_can/local_setup.sh
[11.012s] -- Installing: /home/fcanof/vanttec_sdv/install/sdv_can/share/sdv_can/local_setup.zsh
[11.012s] -- Installing: /home/fcanof/vanttec_sdv/install/sdv_can/share/sdv_can/local_setup.dsv
[11.012s] -- Installing: /home/fcanof/vanttec_sdv/install/sdv_can/share/sdv_can/package.dsv
[11.012s] -- Installing: /home/fcanof/vanttec_sdv/install/sdv_can/share/ament_index/resource_index/packages/sdv_can
[11.013s] -- Installing: /home/fcanof/vanttec_sdv/install/sdv_can/share/sdv_can/cmake/sdv_canConfig.cmake
[11.013s] -- Installing: /home/fcanof/vanttec_sdv/install/sdv_can/share/sdv_can/cmake/sdv_canConfig-version.cmake
[11.013s] -- Installing: /home/fcanof/vanttec_sdv/install/sdv_can/share/sdv_can/package.xml
[11.014s] Invoked command in '/home/fcanof/vanttec_sdv/build/sdv_can' returned '0': AMENT_PREFIX_PATH=/home/fcanof/vanttec_sdv/install/vectornav_msgs:/home/fcanof/vanttec_sdv/install/sdv_msgs:${AMENT_PREFIX_PATH} CMAKE_PREFIX_PATH=/home/fcanof/vanttec_sdv/install/vectornav_msgs:/home/fcanof/vanttec_sdv/install/sdv_msgs:/opt/ros/humble LD_LIBRARY_PATH=/home/fcanof/vanttec_sdv/install/vectornav_msgs/lib:/home/fcanof/vanttec_sdv/install/sdv_msgs/lib:${LD_LIBRARY_PATH} PYTHONPATH=/home/fcanof/vanttec_sdv/install/vectornav_msgs/local/lib/python3.10/dist-packages:/home/fcanof/vanttec_sdv/install/sdv_msgs/local/lib/python3.10/dist-packages:${PYTHONPATH} /usr/bin/cmake --install /home/fcanof/vanttec_sdv/build/sdv_can
