[0.725s] Invoking command in '/home/fcanof/vanttec_sdv/build/vectornav_msgs': CMAKE_PREFIX_PATH=/opt/ros/humble /usr/bin/cmake /home/fcanof/vanttec_sdv/workspace/src/drivers/vectornav/vectornav_msgs -DCMAKE_INSTALL_PREFIX=/home/fcanof/vanttec_sdv/install/vectornav_msgs
[1.834s] -- The C compiler identification is GNU 11.4.0
[1.834s] -- The CXX compiler identification is GNU 11.4.0
[1.834s] -- Detecting C compiler ABI info
[1.834s] -- Detecting C compiler ABI info - done
[1.834s] -- Check for working C compiler: /usr/bin/cc - skipped
[1.835s] -- Detecting C compile features
[1.835s] -- Detecting C compile features - done
[1.835s] -- Detecting CXX compiler ABI info
[1.835s] -- Detecting CXX compiler ABI info - done
[1.835s] -- Check for working CXX compiler: /usr/bin/c++ - skipped
[1.835s] -- Detecting CXX compile features
[1.835s] -- Detecting CXX compile features - done
[1.835s] -- Found ament_cmake: 1.3.7 (/opt/ros/humble/share/ament_cmake/cmake)
[1.835s] -- Found Python3: /usr/bin/python3.10 (found version "3.10.12") found components: Interpreter 
[1.835s] -- Found geometry_msgs: 4.2.3 (/opt/ros/humble/share/geometry_msgs/cmake)
[1.835s] -- Found rosidl_generator_c: 3.1.5 (/opt/ros/humble/share/rosidl_generator_c/cmake)
[1.835s] -- Found rosidl_adapter: 3.1.5 (/opt/ros/humble/share/rosidl_adapter/cmake)
[1.835s] -- Found rosidl_generator_cpp: 3.1.5 (/opt/ros/humble/share/rosidl_generator_cpp/cmake)
[1.836s] -- Using all available rosidl_typesupport_c: rosidl_typesupport_fastrtps_c;rosidl_typesupport_introspection_c
[1.836s] -- Using all available rosidl_typesupport_cpp: rosidl_typesupport_fastrtps_cpp;rosidl_typesupport_introspection_cpp
[1.836s] -- Found rosidl_default_generators: 1.2.0 (/opt/ros/humble/share/rosidl_default_generators/cmake)
[1.836s] [0mGrabbing messages action/MagCal.action[0m
[2.414s] -- Found ament_cmake_ros: 0.10.0 (/opt/ros/humble/share/ament_cmake_ros/cmake)
