[0.056s] DEBUG:colcon:Command line arguments: ['/usr/bin/colcon', 'build', '--packages-select', 'vectornav_msgs']
[0.056s] DEBUG:colcon:Parsed command line arguments: Namespace(log_base=None, log_level=None, verb_name='build', build_base='build', install_base='install', merge_install=False, symlink_install=False, test_result_base=None, continue_on_error=False, executor='parallel', parallel_workers=12, event_handlers=None, ignore_user_meta=False, metas=['./colcon.meta'], base_paths=['.'], packages_ignore=None, packages_ignore_regex=None, paths=None, packages_up_to=None, packages_up_to_regex=None, packages_above=None, packages_above_and_dependencies=None, packages_above_depth=None, packages_select_by_dep=None, packages_skip_by_dep=None, packages_skip_up_to=None, packages_select_build_failed=False, packages_skip_build_finished=False, packages_select_test_failures=False, packages_skip_test_passed=False, packages_select=['vectornav_msgs'], packages_skip=None, packages_select_regex=None, packages_skip_regex=None, packages_start=None, packages_end=None, allow_overriding=[], cmake_args=None, cmake_target=None, cmake_target_skip_unavailable=False, cmake_clean_cache=False, cmake_clean_first=False, cmake_force_configure=False, ament_cmake_args=None, catkin_cmake_args=None, catkin_skip_building_tests=False, verb_parser=<colcon_defaults.argument_parser.defaults.DefaultArgumentsDecorator object at 0x702e051e98a0>, verb_extension=<colcon_core.verb.build.BuildVerb object at 0x702e051e92d0>, main=<bound method BuildVerb.main of <colcon_core.verb.build.BuildVerb object at 0x702e051e92d0>>)
[0.143s] Level 1:colcon.colcon_core.package_discovery:discover_packages(colcon_meta) check parameters
[0.144s] Level 1:colcon.colcon_core.package_discovery:discover_packages(recursive) check parameters
[0.144s] Level 1:colcon.colcon_core.package_discovery:discover_packages(ignore) check parameters
[0.144s] Level 1:colcon.colcon_core.package_discovery:discover_packages(path) check parameters
[0.144s] Level 1:colcon.colcon_core.package_discovery:discover_packages(colcon_meta) discover
[0.144s] Level 1:colcon.colcon_core.package_discovery:discover_packages(recursive) discover
[0.144s] INFO:colcon.colcon_core.package_discovery:Crawling recursively for packages in '/home/fectec151/Downloads/Projects/vanttec_sdv/workspace/src'
[0.144s] Level 1:colcon.colcon_core.package_identification:_identify(.) by extensions ['ignore', 'ignore_ament_install']
[0.144s] Level 1:colcon.colcon_core.package_identification:_identify(.) by extension 'ignore'
[0.144s] Level 1:colcon.colcon_core.package_identification:_identify(.) by extension 'ignore_ament_install'
[0.144s] Level 1:colcon.colcon_core.package_identification:_identify(.) by extensions ['colcon_pkg']
[0.144s] Level 1:colcon.colcon_core.package_identification:_identify(.) by extension 'colcon_pkg'
[0.144s] Level 1:colcon.colcon_core.package_identification:_identify(.) by extensions ['colcon_meta']
[0.144s] Level 1:colcon.colcon_core.package_identification:_identify(.) by extension 'colcon_meta'
[0.144s] Level 1:colcon.colcon_core.package_identification:_identify(.) by extensions ['ros']
[0.144s] Level 1:colcon.colcon_core.package_identification:_identify(.) by extension 'ros'
[0.151s] Level 1:colcon.colcon_core.package_identification:_identify(.) by extensions ['cmake', 'python']
[0.151s] Level 1:colcon.colcon_core.package_identification:_identify(.) by extension 'cmake'
[0.151s] Level 1:colcon.colcon_core.package_identification:_identify(.) by extension 'python'
[0.151s] Level 1:colcon.colcon_core.package_identification:_identify(.) by extensions ['python_setup_py']
[0.151s] Level 1:colcon.colcon_core.package_identification:_identify(.) by extension 'python_setup_py'
[0.151s] Level 1:colcon.colcon_core.package_identification:_identify(LIO-SAM) by extensions ['ignore', 'ignore_ament_install']
[0.151s] Level 1:colcon.colcon_core.package_identification:_identify(LIO-SAM) by extension 'ignore'
[0.151s] Level 1:colcon.colcon_core.package_identification:_identify(LIO-SAM) by extension 'ignore_ament_install'
[0.151s] Level 1:colcon.colcon_core.package_identification:_identify(LIO-SAM) by extensions ['colcon_pkg']
[0.151s] Level 1:colcon.colcon_core.package_identification:_identify(LIO-SAM) by extension 'colcon_pkg'
[0.151s] Level 1:colcon.colcon_core.package_identification:_identify(LIO-SAM) by extensions ['colcon_meta']
[0.151s] Level 1:colcon.colcon_core.package_identification:_identify(LIO-SAM) by extension 'colcon_meta'
[0.151s] Level 1:colcon.colcon_core.package_identification:_identify(LIO-SAM) by extensions ['ros']
[0.151s] Level 1:colcon.colcon_core.package_identification:_identify(LIO-SAM) by extension 'ros'
[0.153s] DEBUG:colcon.colcon_core.package_identification:Package 'LIO-SAM' with type 'ros.ament_cmake' and name 'lio_sam'
[0.153s] Level 1:colcon.colcon_core.package_identification:_identify(build) by extensions ['ignore', 'ignore_ament_install']
[0.153s] Level 1:colcon.colcon_core.package_identification:_identify(build) by extension 'ignore'
[0.153s] Level 1:colcon.colcon_core.package_identification:_identify(build) ignored
[0.153s] Level 1:colcon.colcon_core.package_identification:_identify(drivers) by extensions ['ignore', 'ignore_ament_install']
[0.153s] Level 1:colcon.colcon_core.package_identification:_identify(drivers) by extension 'ignore'
[0.153s] Level 1:colcon.colcon_core.package_identification:_identify(drivers) by extension 'ignore_ament_install'
[0.153s] Level 1:colcon.colcon_core.package_identification:_identify(drivers) by extensions ['colcon_pkg']
[0.153s] Level 1:colcon.colcon_core.package_identification:_identify(drivers) by extension 'colcon_pkg'
[0.153s] Level 1:colcon.colcon_core.package_identification:_identify(drivers) by extensions ['colcon_meta']
[0.153s] Level 1:colcon.colcon_core.package_identification:_identify(drivers) by extension 'colcon_meta'
[0.153s] Level 1:colcon.colcon_core.package_identification:_identify(drivers) by extensions ['ros']
[0.153s] Level 1:colcon.colcon_core.package_identification:_identify(drivers) by extension 'ros'
[0.153s] Level 1:colcon.colcon_core.package_identification:_identify(drivers) by extensions ['cmake', 'python']
[0.153s] Level 1:colcon.colcon_core.package_identification:_identify(drivers) by extension 'cmake'
[0.153s] Level 1:colcon.colcon_core.package_identification:_identify(drivers) by extension 'python'
[0.153s] Level 1:colcon.colcon_core.package_identification:_identify(drivers) by extensions ['python_setup_py']
[0.153s] Level 1:colcon.colcon_core.package_identification:_identify(drivers) by extension 'python_setup_py'
[0.153s] Level 1:colcon.colcon_core.package_identification:_identify(drivers/sbg_ros2_driver) by extensions ['ignore', 'ignore_ament_install']
[0.154s] Level 1:colcon.colcon_core.package_identification:_identify(drivers/sbg_ros2_driver) by extension 'ignore'
[0.154s] Level 1:colcon.colcon_core.package_identification:_identify(drivers/sbg_ros2_driver) by extension 'ignore_ament_install'
[0.154s] Level 1:colcon.colcon_core.package_identification:_identify(drivers/sbg_ros2_driver) by extensions ['colcon_pkg']
[0.154s] Level 1:colcon.colcon_core.package_identification:_identify(drivers/sbg_ros2_driver) by extension 'colcon_pkg'
[0.154s] Level 1:colcon.colcon_core.package_identification:_identify(drivers/sbg_ros2_driver) by extensions ['colcon_meta']
[0.154s] Level 1:colcon.colcon_core.package_identification:_identify(drivers/sbg_ros2_driver) by extension 'colcon_meta'
[0.154s] Level 1:colcon.colcon_core.package_identification:_identify(drivers/sbg_ros2_driver) by extensions ['ros']
[0.154s] Level 1:colcon.colcon_core.package_identification:_identify(drivers/sbg_ros2_driver) by extension 'ros'
[0.154s] Level 1:colcon.colcon_core.package_identification:_identify(drivers/sbg_ros2_driver) by extensions ['cmake', 'python']
[0.154s] Level 1:colcon.colcon_core.package_identification:_identify(drivers/sbg_ros2_driver) by extension 'cmake'
[0.154s] Level 1:colcon.colcon_core.package_identification:_identify(drivers/sbg_ros2_driver) by extension 'python'
[0.154s] Level 1:colcon.colcon_core.package_identification:_identify(drivers/sbg_ros2_driver) by extensions ['python_setup_py']
[0.154s] Level 1:colcon.colcon_core.package_identification:_identify(drivers/sbg_ros2_driver) by extension 'python_setup_py'
[0.154s] Level 1:colcon.colcon_core.package_identification:_identify(drivers/vectornav) by extensions ['ignore', 'ignore_ament_install']
[0.154s] Level 1:colcon.colcon_core.package_identification:_identify(drivers/vectornav) by extension 'ignore'
[0.154s] Level 1:colcon.colcon_core.package_identification:_identify(drivers/vectornav) by extension 'ignore_ament_install'
[0.154s] Level 1:colcon.colcon_core.package_identification:_identify(drivers/vectornav) by extensions ['colcon_pkg']
[0.154s] Level 1:colcon.colcon_core.package_identification:_identify(drivers/vectornav) by extension 'colcon_pkg'
[0.154s] Level 1:colcon.colcon_core.package_identification:_identify(drivers/vectornav) by extensions ['colcon_meta']
[0.154s] Level 1:colcon.colcon_core.package_identification:_identify(drivers/vectornav) by extension 'colcon_meta'
[0.154s] Level 1:colcon.colcon_core.package_identification:_identify(drivers/vectornav) by extensions ['ros']
[0.154s] Level 1:colcon.colcon_core.package_identification:_identify(drivers/vectornav) by extension 'ros'
[0.154s] Level 1:colcon.colcon_core.package_identification:_identify(drivers/vectornav) by extensions ['cmake', 'python']
[0.154s] Level 1:colcon.colcon_core.package_identification:_identify(drivers/vectornav) by extension 'cmake'
[0.154s] Level 1:colcon.colcon_core.package_identification:_identify(drivers/vectornav) by extension 'python'
[0.154s] Level 1:colcon.colcon_core.package_identification:_identify(drivers/vectornav) by extensions ['python_setup_py']
[0.154s] Level 1:colcon.colcon_core.package_identification:_identify(drivers/vectornav) by extension 'python_setup_py'
[0.154s] Level 1:colcon.colcon_core.package_identification:_identify(drivers/vectornav/vectornav) by extensions ['ignore', 'ignore_ament_install']
[0.154s] Level 1:colcon.colcon_core.package_identification:_identify(drivers/vectornav/vectornav) by extension 'ignore'
[0.154s] Level 1:colcon.colcon_core.package_identification:_identify(drivers/vectornav/vectornav) by extension 'ignore_ament_install'
[0.154s] Level 1:colcon.colcon_core.package_identification:_identify(drivers/vectornav/vectornav) by extensions ['colcon_pkg']
[0.154s] Level 1:colcon.colcon_core.package_identification:_identify(drivers/vectornav/vectornav) by extension 'colcon_pkg'
[0.154s] Level 1:colcon.colcon_core.package_identification:_identify(drivers/vectornav/vectornav) by extensions ['colcon_meta']
[0.154s] Level 1:colcon.colcon_core.package_identification:_identify(drivers/vectornav/vectornav) by extension 'colcon_meta'
[0.154s] Level 1:colcon.colcon_core.package_identification:_identify(drivers/vectornav/vectornav) by extensions ['ros']
[0.154s] Level 1:colcon.colcon_core.package_identification:_identify(drivers/vectornav/vectornav) by extension 'ros'
[0.155s] DEBUG:colcon.colcon_core.package_identification:Package 'drivers/vectornav/vectornav' with type 'ros.ament_cmake' and name 'vectornav'
[0.155s] Level 1:colcon.colcon_core.package_identification:_identify(drivers/vectornav/vectornav_msgs) by extensions ['ignore', 'ignore_ament_install']
[0.155s] Level 1:colcon.colcon_core.package_identification:_identify(drivers/vectornav/vectornav_msgs) by extension 'ignore'
[0.155s] Level 1:colcon.colcon_core.package_identification:_identify(drivers/vectornav/vectornav_msgs) by extension 'ignore_ament_install'
[0.155s] Level 1:colcon.colcon_core.package_identification:_identify(drivers/vectornav/vectornav_msgs) by extensions ['colcon_pkg']
[0.155s] Level 1:colcon.colcon_core.package_identification:_identify(drivers/vectornav/vectornav_msgs) by extension 'colcon_pkg'
[0.155s] Level 1:colcon.colcon_core.package_identification:_identify(drivers/vectornav/vectornav_msgs) by extensions ['colcon_meta']
[0.155s] Level 1:colcon.colcon_core.package_identification:_identify(drivers/vectornav/vectornav_msgs) by extension 'colcon_meta'
[0.155s] Level 1:colcon.colcon_core.package_identification:_identify(drivers/vectornav/vectornav_msgs) by extensions ['ros']
[0.155s] Level 1:colcon.colcon_core.package_identification:_identify(drivers/vectornav/vectornav_msgs) by extension 'ros'
[0.156s] DEBUG:colcon.colcon_core.package_identification:Package 'drivers/vectornav/vectornav_msgs' with type 'ros.ament_cmake' and name 'vectornav_msgs'
[0.156s] Level 1:colcon.colcon_core.package_identification:_identify(install) by extensions ['ignore', 'ignore_ament_install']
[0.156s] Level 1:colcon.colcon_core.package_identification:_identify(install) by extension 'ignore'
[0.156s] Level 1:colcon.colcon_core.package_identification:_identify(install) ignored
[0.156s] Level 1:colcon.colcon_core.package_identification:_identify(isaac_ros_common) by extensions ['ignore', 'ignore_ament_install']
[0.156s] Level 1:colcon.colcon_core.package_identification:_identify(isaac_ros_common) by extension 'ignore'
[0.156s] Level 1:colcon.colcon_core.package_identification:_identify(isaac_ros_common) by extension 'ignore_ament_install'
[0.156s] Level 1:colcon.colcon_core.package_identification:_identify(isaac_ros_common) by extensions ['colcon_pkg']
[0.156s] Level 1:colcon.colcon_core.package_identification:_identify(isaac_ros_common) by extension 'colcon_pkg'
[0.156s] Level 1:colcon.colcon_core.package_identification:_identify(isaac_ros_common) by extensions ['colcon_meta']
[0.156s] Level 1:colcon.colcon_core.package_identification:_identify(isaac_ros_common) by extension 'colcon_meta'
[0.156s] Level 1:colcon.colcon_core.package_identification:_identify(isaac_ros_common) by extensions ['ros']
[0.156s] Level 1:colcon.colcon_core.package_identification:_identify(isaac_ros_common) by extension 'ros'
[0.156s] Level 1:colcon.colcon_core.package_identification:_identify(isaac_ros_common) by extensions ['cmake', 'python']
[0.156s] Level 1:colcon.colcon_core.package_identification:_identify(isaac_ros_common) by extension 'cmake'
[0.156s] Level 1:colcon.colcon_core.package_identification:_identify(isaac_ros_common) by extension 'python'
[0.156s] Level 1:colcon.colcon_core.package_identification:_identify(isaac_ros_common) by extensions ['python_setup_py']
[0.156s] Level 1:colcon.colcon_core.package_identification:_identify(isaac_ros_common) by extension 'python_setup_py'
[0.156s] Level 1:colcon.colcon_core.package_identification:_identify(isaac_ros_common/docker) by extensions ['ignore', 'ignore_ament_install']
[0.156s] Level 1:colcon.colcon_core.package_identification:_identify(isaac_ros_common/docker) by extension 'ignore'
[0.156s] Level 1:colcon.colcon_core.package_identification:_identify(isaac_ros_common/docker) by extension 'ignore_ament_install'
[0.156s] Level 1:colcon.colcon_core.package_identification:_identify(isaac_ros_common/docker) by extensions ['colcon_pkg']
[0.156s] Level 1:colcon.colcon_core.package_identification:_identify(isaac_ros_common/docker) by extension 'colcon_pkg'
[0.156s] Level 1:colcon.colcon_core.package_identification:_identify(isaac_ros_common/docker) by extensions ['colcon_meta']
[0.156s] Level 1:colcon.colcon_core.package_identification:_identify(isaac_ros_common/docker) by extension 'colcon_meta'
[0.156s] Level 1:colcon.colcon_core.package_identification:_identify(isaac_ros_common/docker) by extensions ['ros']
[0.156s] Level 1:colcon.colcon_core.package_identification:_identify(isaac_ros_common/docker) by extension 'ros'
[0.156s] Level 1:colcon.colcon_core.package_identification:_identify(isaac_ros_common/docker) by extensions ['cmake', 'python']
[0.156s] Level 1:colcon.colcon_core.package_identification:_identify(isaac_ros_common/docker) by extension 'cmake'
[0.156s] Level 1:colcon.colcon_core.package_identification:_identify(isaac_ros_common/docker) by extension 'python'
[0.156s] Level 1:colcon.colcon_core.package_identification:_identify(isaac_ros_common/docker) by extensions ['python_setup_py']
[0.156s] Level 1:colcon.colcon_core.package_identification:_identify(isaac_ros_common/docker) by extension 'python_setup_py'
[0.156s] Level 1:colcon.colcon_core.package_identification:_identify(isaac_ros_common/docker/middleware_profiles) by extensions ['ignore', 'ignore_ament_install']
[0.156s] Level 1:colcon.colcon_core.package_identification:_identify(isaac_ros_common/docker/middleware_profiles) by extension 'ignore'
[0.156s] Level 1:colcon.colcon_core.package_identification:_identify(isaac_ros_common/docker/middleware_profiles) by extension 'ignore_ament_install'
[0.157s] Level 1:colcon.colcon_core.package_identification:_identify(isaac_ros_common/docker/middleware_profiles) by extensions ['colcon_pkg']
[0.157s] Level 1:colcon.colcon_core.package_identification:_identify(isaac_ros_common/docker/middleware_profiles) by extension 'colcon_pkg'
[0.157s] Level 1:colcon.colcon_core.package_identification:_identify(isaac_ros_common/docker/middleware_profiles) by extensions ['colcon_meta']
[0.157s] Level 1:colcon.colcon_core.package_identification:_identify(isaac_ros_common/docker/middleware_profiles) by extension 'colcon_meta'
[0.157s] Level 1:colcon.colcon_core.package_identification:_identify(isaac_ros_common/docker/middleware_profiles) by extensions ['ros']
[0.157s] Level 1:colcon.colcon_core.package_identification:_identify(isaac_ros_common/docker/middleware_profiles) by extension 'ros'
[0.157s] Level 1:colcon.colcon_core.package_identification:_identify(isaac_ros_common/docker/middleware_profiles) by extensions ['cmake', 'python']
[0.157s] Level 1:colcon.colcon_core.package_identification:_identify(isaac_ros_common/docker/middleware_profiles) by extension 'cmake'
[0.157s] Level 1:colcon.colcon_core.package_identification:_identify(isaac_ros_common/docker/middleware_profiles) by extension 'python'
[0.157s] Level 1:colcon.colcon_core.package_identification:_identify(isaac_ros_common/docker/middleware_profiles) by extensions ['python_setup_py']
[0.157s] Level 1:colcon.colcon_core.package_identification:_identify(isaac_ros_common/docker/middleware_profiles) by extension 'python_setup_py'
[0.157s] Level 1:colcon.colcon_core.package_identification:_identify(isaac_ros_common/docker/patches) by extensions ['ignore', 'ignore_ament_install']
[0.157s] Level 1:colcon.colcon_core.package_identification:_identify(isaac_ros_common/docker/patches) by extension 'ignore'
[0.157s] Level 1:colcon.colcon_core.package_identification:_identify(isaac_ros_common/docker/patches) by extension 'ignore_ament_install'
[0.157s] Level 1:colcon.colcon_core.package_identification:_identify(isaac_ros_common/docker/patches) by extensions ['colcon_pkg']
[0.157s] Level 1:colcon.colcon_core.package_identification:_identify(isaac_ros_common/docker/patches) by extension 'colcon_pkg'
[0.157s] Level 1:colcon.colcon_core.package_identification:_identify(isaac_ros_common/docker/patches) by extensions ['colcon_meta']
[0.157s] Level 1:colcon.colcon_core.package_identification:_identify(isaac_ros_common/docker/patches) by extension 'colcon_meta'
[0.157s] Level 1:colcon.colcon_core.package_identification:_identify(isaac_ros_common/docker/patches) by extensions ['ros']
[0.157s] Level 1:colcon.colcon_core.package_identification:_identify(isaac_ros_common/docker/patches) by extension 'ros'
[0.157s] Level 1:colcon.colcon_core.package_identification:_identify(isaac_ros_common/docker/patches) by extensions ['cmake', 'python']
[0.157s] Level 1:colcon.colcon_core.package_identification:_identify(isaac_ros_common/docker/patches) by extension 'cmake'
[0.157s] Level 1:colcon.colcon_core.package_identification:_identify(isaac_ros_common/docker/patches) by extension 'python'
[0.157s] Level 1:colcon.colcon_core.package_identification:_identify(isaac_ros_common/docker/patches) by extensions ['python_setup_py']
[0.157s] Level 1:colcon.colcon_core.package_identification:_identify(isaac_ros_common/docker/patches) by extension 'python_setup_py'
[0.157s] Level 1:colcon.colcon_core.package_identification:_identify(isaac_ros_common/docker/scripts) by extensions ['ignore', 'ignore_ament_install']
[0.157s] Level 1:colcon.colcon_core.package_identification:_identify(isaac_ros_common/docker/scripts) by extension 'ignore'
[0.157s] Level 1:colcon.colcon_core.package_identification:_identify(isaac_ros_common/docker/scripts) by extension 'ignore_ament_install'
[0.157s] Level 1:colcon.colcon_core.package_identification:_identify(isaac_ros_common/docker/scripts) by extensions ['colcon_pkg']
[0.157s] Level 1:colcon.colcon_core.package_identification:_identify(isaac_ros_common/docker/scripts) by extension 'colcon_pkg'
[0.157s] Level 1:colcon.colcon_core.package_identification:_identify(isaac_ros_common/docker/scripts) by extensions ['colcon_meta']
[0.157s] Level 1:colcon.colcon_core.package_identification:_identify(isaac_ros_common/docker/scripts) by extension 'colcon_meta'
[0.157s] Level 1:colcon.colcon_core.package_identification:_identify(isaac_ros_common/docker/scripts) by extensions ['ros']
[0.157s] Level 1:colcon.colcon_core.package_identification:_identify(isaac_ros_common/docker/scripts) by extension 'ros'
[0.157s] Level 1:colcon.colcon_core.package_identification:_identify(isaac_ros_common/docker/scripts) by extensions ['cmake', 'python']
[0.157s] Level 1:colcon.colcon_core.package_identification:_identify(isaac_ros_common/docker/scripts) by extension 'cmake'
[0.157s] Level 1:colcon.colcon_core.package_identification:_identify(isaac_ros_common/docker/scripts) by extension 'python'
[0.157s] Level 1:colcon.colcon_core.package_identification:_identify(isaac_ros_common/docker/scripts) by extensions ['python_setup_py']
[0.157s] Level 1:colcon.colcon_core.package_identification:_identify(isaac_ros_common/docker/scripts) by extension 'python_setup_py'
[0.157s] Level 1:colcon.colcon_core.package_identification:_identify(isaac_ros_common/docker/tao) by extensions ['ignore', 'ignore_ament_install']
[0.157s] Level 1:colcon.colcon_core.package_identification:_identify(isaac_ros_common/docker/tao) by extension 'ignore'
[0.157s] Level 1:colcon.colcon_core.package_identification:_identify(isaac_ros_common/docker/tao) by extension 'ignore_ament_install'
[0.158s] Level 1:colcon.colcon_core.package_identification:_identify(isaac_ros_common/docker/tao) by extensions ['colcon_pkg']
[0.158s] Level 1:colcon.colcon_core.package_identification:_identify(isaac_ros_common/docker/tao) by extension 'colcon_pkg'
[0.158s] Level 1:colcon.colcon_core.package_identification:_identify(isaac_ros_common/docker/tao) by extensions ['colcon_meta']
[0.158s] Level 1:colcon.colcon_core.package_identification:_identify(isaac_ros_common/docker/tao) by extension 'colcon_meta'
[0.158s] Level 1:colcon.colcon_core.package_identification:_identify(isaac_ros_common/docker/tao) by extensions ['ros']
[0.158s] Level 1:colcon.colcon_core.package_identification:_identify(isaac_ros_common/docker/tao) by extension 'ros'
[0.158s] Level 1:colcon.colcon_core.package_identification:_identify(isaac_ros_common/docker/tao) by extensions ['cmake', 'python']
[0.158s] Level 1:colcon.colcon_core.package_identification:_identify(isaac_ros_common/docker/tao) by extension 'cmake'
[0.158s] Level 1:colcon.colcon_core.package_identification:_identify(isaac_ros_common/docker/tao) by extension 'python'
[0.158s] Level 1:colcon.colcon_core.package_identification:_identify(isaac_ros_common/docker/tao) by extensions ['python_setup_py']
[0.158s] Level 1:colcon.colcon_core.package_identification:_identify(isaac_ros_common/docker/tao) by extension 'python_setup_py'
[0.158s] Level 1:colcon.colcon_core.package_identification:_identify(isaac_ros_common/docker/udev_rules) by extensions ['ignore', 'ignore_ament_install']
[0.158s] Level 1:colcon.colcon_core.package_identification:_identify(isaac_ros_common/docker/udev_rules) by extension 'ignore'
[0.158s] Level 1:colcon.colcon_core.package_identification:_identify(isaac_ros_common/docker/udev_rules) by extension 'ignore_ament_install'
[0.158s] Level 1:colcon.colcon_core.package_identification:_identify(isaac_ros_common/docker/udev_rules) by extensions ['colcon_pkg']
[0.158s] Level 1:colcon.colcon_core.package_identification:_identify(isaac_ros_common/docker/udev_rules) by extension 'colcon_pkg'
[0.158s] Level 1:colcon.colcon_core.package_identification:_identify(isaac_ros_common/docker/udev_rules) by extensions ['colcon_meta']
[0.158s] Level 1:colcon.colcon_core.package_identification:_identify(isaac_ros_common/docker/udev_rules) by extension 'colcon_meta'
[0.158s] Level 1:colcon.colcon_core.package_identification:_identify(isaac_ros_common/docker/udev_rules) by extensions ['ros']
[0.158s] Level 1:colcon.colcon_core.package_identification:_identify(isaac_ros_common/docker/udev_rules) by extension 'ros'
[0.158s] Level 1:colcon.colcon_core.package_identification:_identify(isaac_ros_common/docker/udev_rules) by extensions ['cmake', 'python']
[0.158s] Level 1:colcon.colcon_core.package_identification:_identify(isaac_ros_common/docker/udev_rules) by extension 'cmake'
[0.158s] Level 1:colcon.colcon_core.package_identification:_identify(isaac_ros_common/docker/udev_rules) by extension 'python'
[0.158s] Level 1:colcon.colcon_core.package_identification:_identify(isaac_ros_common/docker/udev_rules) by extensions ['python_setup_py']
[0.158s] Level 1:colcon.colcon_core.package_identification:_identify(isaac_ros_common/docker/udev_rules) by extension 'python_setup_py'
[0.158s] Level 1:colcon.colcon_core.package_identification:_identify(isaac_ros_common/isaac_ros_apriltag_interfaces) by extensions ['ignore', 'ignore_ament_install']
[0.158s] Level 1:colcon.colcon_core.package_identification:_identify(isaac_ros_common/isaac_ros_apriltag_interfaces) by extension 'ignore'
[0.158s] Level 1:colcon.colcon_core.package_identification:_identify(isaac_ros_common/isaac_ros_apriltag_interfaces) by extension 'ignore_ament_install'
[0.158s] Level 1:colcon.colcon_core.package_identification:_identify(isaac_ros_common/isaac_ros_apriltag_interfaces) by extensions ['colcon_pkg']
[0.158s] Level 1:colcon.colcon_core.package_identification:_identify(isaac_ros_common/isaac_ros_apriltag_interfaces) by extension 'colcon_pkg'
[0.158s] Level 1:colcon.colcon_core.package_identification:_identify(isaac_ros_common/isaac_ros_apriltag_interfaces) by extensions ['colcon_meta']
[0.158s] Level 1:colcon.colcon_core.package_identification:_identify(isaac_ros_common/isaac_ros_apriltag_interfaces) by extension 'colcon_meta'
[0.158s] Level 1:colcon.colcon_core.package_identification:_identify(isaac_ros_common/isaac_ros_apriltag_interfaces) by extensions ['ros']
[0.158s] Level 1:colcon.colcon_core.package_identification:_identify(isaac_ros_common/isaac_ros_apriltag_interfaces) by extension 'ros'
[0.159s] DEBUG:colcon.colcon_core.package_identification:Package 'isaac_ros_common/isaac_ros_apriltag_interfaces' with type 'ros.ament_cmake' and name 'isaac_ros_apriltag_interfaces'
[0.159s] Level 1:colcon.colcon_core.package_identification:_identify(isaac_ros_common/isaac_ros_bi3d_interfaces) by extensions ['ignore', 'ignore_ament_install']
[0.159s] Level 1:colcon.colcon_core.package_identification:_identify(isaac_ros_common/isaac_ros_bi3d_interfaces) by extension 'ignore'
[0.159s] Level 1:colcon.colcon_core.package_identification:_identify(isaac_ros_common/isaac_ros_bi3d_interfaces) by extension 'ignore_ament_install'
[0.159s] Level 1:colcon.colcon_core.package_identification:_identify(isaac_ros_common/isaac_ros_bi3d_interfaces) by extensions ['colcon_pkg']
[0.159s] Level 1:colcon.colcon_core.package_identification:_identify(isaac_ros_common/isaac_ros_bi3d_interfaces) by extension 'colcon_pkg'
[0.159s] Level 1:colcon.colcon_core.package_identification:_identify(isaac_ros_common/isaac_ros_bi3d_interfaces) by extensions ['colcon_meta']
[0.159s] Level 1:colcon.colcon_core.package_identification:_identify(isaac_ros_common/isaac_ros_bi3d_interfaces) by extension 'colcon_meta'
[0.159s] Level 1:colcon.colcon_core.package_identification:_identify(isaac_ros_common/isaac_ros_bi3d_interfaces) by extensions ['ros']
[0.159s] Level 1:colcon.colcon_core.package_identification:_identify(isaac_ros_common/isaac_ros_bi3d_interfaces) by extension 'ros'
[0.159s] DEBUG:colcon.colcon_core.package_identification:Package 'isaac_ros_common/isaac_ros_bi3d_interfaces' with type 'ros.ament_cmake' and name 'isaac_ros_bi3d_interfaces'
[0.159s] Level 1:colcon.colcon_core.package_identification:_identify(isaac_ros_common/isaac_ros_common) by extensions ['ignore', 'ignore_ament_install']
[0.159s] Level 1:colcon.colcon_core.package_identification:_identify(isaac_ros_common/isaac_ros_common) by extension 'ignore'
[0.159s] Level 1:colcon.colcon_core.package_identification:_identify(isaac_ros_common/isaac_ros_common) by extension 'ignore_ament_install'
[0.159s] Level 1:colcon.colcon_core.package_identification:_identify(isaac_ros_common/isaac_ros_common) by extensions ['colcon_pkg']
[0.159s] Level 1:colcon.colcon_core.package_identification:_identify(isaac_ros_common/isaac_ros_common) by extension 'colcon_pkg'
[0.159s] Level 1:colcon.colcon_core.package_identification:_identify(isaac_ros_common/isaac_ros_common) by extensions ['colcon_meta']
[0.159s] Level 1:colcon.colcon_core.package_identification:_identify(isaac_ros_common/isaac_ros_common) by extension 'colcon_meta'
[0.159s] Level 1:colcon.colcon_core.package_identification:_identify(isaac_ros_common/isaac_ros_common) by extensions ['ros']
[0.159s] Level 1:colcon.colcon_core.package_identification:_identify(isaac_ros_common/isaac_ros_common) by extension 'ros'
[0.160s] DEBUG:colcon.colcon_core.package_identification:Package 'isaac_ros_common/isaac_ros_common' with type 'ros.ament_cmake' and name 'isaac_ros_common'
[0.160s] Level 1:colcon.colcon_core.package_identification:_identify(isaac_ros_common/isaac_ros_nitros_bridge_interfaces) by extensions ['ignore', 'ignore_ament_install']
[0.160s] Level 1:colcon.colcon_core.package_identification:_identify(isaac_ros_common/isaac_ros_nitros_bridge_interfaces) by extension 'ignore'
[0.160s] Level 1:colcon.colcon_core.package_identification:_identify(isaac_ros_common/isaac_ros_nitros_bridge_interfaces) by extension 'ignore_ament_install'
[0.160s] Level 1:colcon.colcon_core.package_identification:_identify(isaac_ros_common/isaac_ros_nitros_bridge_interfaces) by extensions ['colcon_pkg']
[0.160s] Level 1:colcon.colcon_core.package_identification:_identify(isaac_ros_common/isaac_ros_nitros_bridge_interfaces) by extension 'colcon_pkg'
[0.160s] Level 1:colcon.colcon_core.package_identification:_identify(isaac_ros_common/isaac_ros_nitros_bridge_interfaces) by extensions ['colcon_meta']
[0.160s] Level 1:colcon.colcon_core.package_identification:_identify(isaac_ros_common/isaac_ros_nitros_bridge_interfaces) by extension 'colcon_meta'
[0.160s] Level 1:colcon.colcon_core.package_identification:_identify(isaac_ros_common/isaac_ros_nitros_bridge_interfaces) by extensions ['ros']
[0.160s] Level 1:colcon.colcon_core.package_identification:_identify(isaac_ros_common/isaac_ros_nitros_bridge_interfaces) by extension 'ros'
[0.160s] DEBUG:colcon.colcon_core.package_identification:Package 'isaac_ros_common/isaac_ros_nitros_bridge_interfaces' with type 'ros.ament_cmake' and name 'isaac_ros_nitros_bridge_interfaces'
[0.160s] Level 1:colcon.colcon_core.package_identification:_identify(isaac_ros_common/isaac_ros_nova_interfaces) by extensions ['ignore', 'ignore_ament_install']
[0.161s] Level 1:colcon.colcon_core.package_identification:_identify(isaac_ros_common/isaac_ros_nova_interfaces) by extension 'ignore'
[0.161s] Level 1:colcon.colcon_core.package_identification:_identify(isaac_ros_common/isaac_ros_nova_interfaces) by extension 'ignore_ament_install'
[0.161s] Level 1:colcon.colcon_core.package_identification:_identify(isaac_ros_common/isaac_ros_nova_interfaces) by extensions ['colcon_pkg']
[0.161s] Level 1:colcon.colcon_core.package_identification:_identify(isaac_ros_common/isaac_ros_nova_interfaces) by extension 'colcon_pkg'
[0.161s] Level 1:colcon.colcon_core.package_identification:_identify(isaac_ros_common/isaac_ros_nova_interfaces) by extensions ['colcon_meta']
[0.161s] Level 1:colcon.colcon_core.package_identification:_identify(isaac_ros_common/isaac_ros_nova_interfaces) by extension 'colcon_meta'
[0.161s] Level 1:colcon.colcon_core.package_identification:_identify(isaac_ros_common/isaac_ros_nova_interfaces) by extensions ['ros']
[0.161s] Level 1:colcon.colcon_core.package_identification:_identify(isaac_ros_common/isaac_ros_nova_interfaces) by extension 'ros'
[0.161s] DEBUG:colcon.colcon_core.package_identification:Package 'isaac_ros_common/isaac_ros_nova_interfaces' with type 'ros.ament_cmake' and name 'isaac_ros_nova_interfaces'
[0.161s] Level 1:colcon.colcon_core.package_identification:_identify(isaac_ros_common/isaac_ros_pointcloud_interfaces) by extensions ['ignore', 'ignore_ament_install']
[0.161s] Level 1:colcon.colcon_core.package_identification:_identify(isaac_ros_common/isaac_ros_pointcloud_interfaces) by extension 'ignore'
[0.161s] Level 1:colcon.colcon_core.package_identification:_identify(isaac_ros_common/isaac_ros_pointcloud_interfaces) by extension 'ignore_ament_install'
[0.161s] Level 1:colcon.colcon_core.package_identification:_identify(isaac_ros_common/isaac_ros_pointcloud_interfaces) by extensions ['colcon_pkg']
[0.161s] Level 1:colcon.colcon_core.package_identification:_identify(isaac_ros_common/isaac_ros_pointcloud_interfaces) by extension 'colcon_pkg'
[0.161s] Level 1:colcon.colcon_core.package_identification:_identify(isaac_ros_common/isaac_ros_pointcloud_interfaces) by extensions ['colcon_meta']
[0.161s] Level 1:colcon.colcon_core.package_identification:_identify(isaac_ros_common/isaac_ros_pointcloud_interfaces) by extension 'colcon_meta'
[0.161s] Level 1:colcon.colcon_core.package_identification:_identify(isaac_ros_common/isaac_ros_pointcloud_interfaces) by extensions ['ros']
[0.161s] Level 1:colcon.colcon_core.package_identification:_identify(isaac_ros_common/isaac_ros_pointcloud_interfaces) by extension 'ros'
[0.162s] DEBUG:colcon.colcon_core.package_identification:Package 'isaac_ros_common/isaac_ros_pointcloud_interfaces' with type 'ros.ament_cmake' and name 'isaac_ros_pointcloud_interfaces'
[0.162s] Level 1:colcon.colcon_core.package_identification:_identify(isaac_ros_common/isaac_ros_tensor_list_interfaces) by extensions ['ignore', 'ignore_ament_install']
[0.162s] Level 1:colcon.colcon_core.package_identification:_identify(isaac_ros_common/isaac_ros_tensor_list_interfaces) by extension 'ignore'
[0.162s] Level 1:colcon.colcon_core.package_identification:_identify(isaac_ros_common/isaac_ros_tensor_list_interfaces) by extension 'ignore_ament_install'
[0.162s] Level 1:colcon.colcon_core.package_identification:_identify(isaac_ros_common/isaac_ros_tensor_list_interfaces) by extensions ['colcon_pkg']
[0.162s] Level 1:colcon.colcon_core.package_identification:_identify(isaac_ros_common/isaac_ros_tensor_list_interfaces) by extension 'colcon_pkg'
[0.162s] Level 1:colcon.colcon_core.package_identification:_identify(isaac_ros_common/isaac_ros_tensor_list_interfaces) by extensions ['colcon_meta']
[0.162s] Level 1:colcon.colcon_core.package_identification:_identify(isaac_ros_common/isaac_ros_tensor_list_interfaces) by extension 'colcon_meta'
[0.162s] Level 1:colcon.colcon_core.package_identification:_identify(isaac_ros_common/isaac_ros_tensor_list_interfaces) by extensions ['ros']
[0.162s] Level 1:colcon.colcon_core.package_identification:_identify(isaac_ros_common/isaac_ros_tensor_list_interfaces) by extension 'ros'
[0.162s] DEBUG:colcon.colcon_core.package_identification:Package 'isaac_ros_common/isaac_ros_tensor_list_interfaces' with type 'ros.ament_cmake' and name 'isaac_ros_tensor_list_interfaces'
[0.162s] Level 1:colcon.colcon_core.package_identification:_identify(isaac_ros_common/isaac_ros_test) by extensions ['ignore', 'ignore_ament_install']
[0.162s] Level 1:colcon.colcon_core.package_identification:_identify(isaac_ros_common/isaac_ros_test) by extension 'ignore'
[0.162s] Level 1:colcon.colcon_core.package_identification:_identify(isaac_ros_common/isaac_ros_test) by extension 'ignore_ament_install'
[0.162s] Level 1:colcon.colcon_core.package_identification:_identify(isaac_ros_common/isaac_ros_test) by extensions ['colcon_pkg']
[0.162s] Level 1:colcon.colcon_core.package_identification:_identify(isaac_ros_common/isaac_ros_test) by extension 'colcon_pkg'
[0.162s] Level 1:colcon.colcon_core.package_identification:_identify(isaac_ros_common/isaac_ros_test) by extensions ['colcon_meta']
[0.162s] Level 1:colcon.colcon_core.package_identification:_identify(isaac_ros_common/isaac_ros_test) by extension 'colcon_meta'
[0.162s] Level 1:colcon.colcon_core.package_identification:_identify(isaac_ros_common/isaac_ros_test) by extensions ['ros']
[0.162s] Level 1:colcon.colcon_core.package_identification:_identify(isaac_ros_common/isaac_ros_test) by extension 'ros'
[0.163s] DEBUG:colcon.colcon_core.package_identification:Package 'isaac_ros_common/isaac_ros_test' with type 'ros.ament_python' and name 'isaac_ros_test'
[0.163s] Level 1:colcon.colcon_core.package_identification:_identify(isaac_ros_common/scripts) by extensions ['ignore', 'ignore_ament_install']
[0.163s] Level 1:colcon.colcon_core.package_identification:_identify(isaac_ros_common/scripts) by extension 'ignore'
[0.163s] Level 1:colcon.colcon_core.package_identification:_identify(isaac_ros_common/scripts) by extension 'ignore_ament_install'
[0.163s] Level 1:colcon.colcon_core.package_identification:_identify(isaac_ros_common/scripts) by extensions ['colcon_pkg']
[0.163s] Level 1:colcon.colcon_core.package_identification:_identify(isaac_ros_common/scripts) by extension 'colcon_pkg'
[0.163s] Level 1:colcon.colcon_core.package_identification:_identify(isaac_ros_common/scripts) by extensions ['colcon_meta']
[0.163s] Level 1:colcon.colcon_core.package_identification:_identify(isaac_ros_common/scripts) by extension 'colcon_meta'
[0.163s] Level 1:colcon.colcon_core.package_identification:_identify(isaac_ros_common/scripts) by extensions ['ros']
[0.163s] Level 1:colcon.colcon_core.package_identification:_identify(isaac_ros_common/scripts) by extension 'ros'
[0.163s] Level 1:colcon.colcon_core.package_identification:_identify(isaac_ros_common/scripts) by extensions ['cmake', 'python']
[0.163s] Level 1:colcon.colcon_core.package_identification:_identify(isaac_ros_common/scripts) by extension 'cmake'
[0.163s] Level 1:colcon.colcon_core.package_identification:_identify(isaac_ros_common/scripts) by extension 'python'
[0.163s] Level 1:colcon.colcon_core.package_identification:_identify(isaac_ros_common/scripts) by extensions ['python_setup_py']
[0.163s] Level 1:colcon.colcon_core.package_identification:_identify(isaac_ros_common/scripts) by extension 'python_setup_py'
[0.163s] Level 1:colcon.colcon_core.package_identification:_identify(isaac_ros_common/scripts/utils) by extensions ['ignore', 'ignore_ament_install']
[0.163s] Level 1:colcon.colcon_core.package_identification:_identify(isaac_ros_common/scripts/utils) by extension 'ignore'
[0.163s] Level 1:colcon.colcon_core.package_identification:_identify(isaac_ros_common/scripts/utils) by extension 'ignore_ament_install'
[0.163s] Level 1:colcon.colcon_core.package_identification:_identify(isaac_ros_common/scripts/utils) by extensions ['colcon_pkg']
[0.163s] Level 1:colcon.colcon_core.package_identification:_identify(isaac_ros_common/scripts/utils) by extension 'colcon_pkg'
[0.163s] Level 1:colcon.colcon_core.package_identification:_identify(isaac_ros_common/scripts/utils) by extensions ['colcon_meta']
[0.163s] Level 1:colcon.colcon_core.package_identification:_identify(isaac_ros_common/scripts/utils) by extension 'colcon_meta'
[0.163s] Level 1:colcon.colcon_core.package_identification:_identify(isaac_ros_common/scripts/utils) by extensions ['ros']
[0.163s] Level 1:colcon.colcon_core.package_identification:_identify(isaac_ros_common/scripts/utils) by extension 'ros'
[0.163s] Level 1:colcon.colcon_core.package_identification:_identify(isaac_ros_common/scripts/utils) by extensions ['cmake', 'python']
[0.163s] Level 1:colcon.colcon_core.package_identification:_identify(isaac_ros_common/scripts/utils) by extension 'cmake'
[0.163s] Level 1:colcon.colcon_core.package_identification:_identify(isaac_ros_common/scripts/utils) by extension 'python'
[0.163s] Level 1:colcon.colcon_core.package_identification:_identify(isaac_ros_common/scripts/utils) by extensions ['python_setup_py']
[0.163s] Level 1:colcon.colcon_core.package_identification:_identify(isaac_ros_common/scripts/utils) by extension 'python_setup_py'
[0.163s] Level 1:colcon.colcon_core.package_identification:_identify(lidar_localization_ros2) by extensions ['ignore', 'ignore_ament_install']
[0.163s] Level 1:colcon.colcon_core.package_identification:_identify(lidar_localization_ros2) by extension 'ignore'
[0.163s] Level 1:colcon.colcon_core.package_identification:_identify(lidar_localization_ros2) by extension 'ignore_ament_install'
[0.163s] Level 1:colcon.colcon_core.package_identification:_identify(lidar_localization_ros2) by extensions ['colcon_pkg']
[0.164s] Level 1:colcon.colcon_core.package_identification:_identify(lidar_localization_ros2) by extension 'colcon_pkg'
[0.164s] Level 1:colcon.colcon_core.package_identification:_identify(lidar_localization_ros2) by extensions ['colcon_meta']
[0.164s] Level 1:colcon.colcon_core.package_identification:_identify(lidar_localization_ros2) by extension 'colcon_meta'
[0.164s] Level 1:colcon.colcon_core.package_identification:_identify(lidar_localization_ros2) by extensions ['ros']
[0.164s] Level 1:colcon.colcon_core.package_identification:_identify(lidar_localization_ros2) by extension 'ros'
[0.164s] Level 1:colcon.colcon_core.package_identification:_identify(lidar_localization_ros2) by extensions ['cmake', 'python']
[0.164s] Level 1:colcon.colcon_core.package_identification:_identify(lidar_localization_ros2) by extension 'cmake'
[0.164s] Level 1:colcon.colcon_core.package_identification:_identify(lidar_localization_ros2) by extension 'python'
[0.164s] Level 1:colcon.colcon_core.package_identification:_identify(lidar_localization_ros2) by extensions ['python_setup_py']
[0.164s] Level 1:colcon.colcon_core.package_identification:_identify(lidar_localization_ros2) by extension 'python_setup_py'
[0.164s] Level 1:colcon.colcon_core.package_identification:_identify(log) by extensions ['ignore', 'ignore_ament_install']
[0.164s] Level 1:colcon.colcon_core.package_identification:_identify(log) by extension 'ignore'
[0.164s] Level 1:colcon.colcon_core.package_identification:_identify(log) ignored
[0.164s] Level 1:colcon.colcon_core.package_identification:_identify(ndt_omp_ros2) by extensions ['ignore', 'ignore_ament_install']
[0.164s] Level 1:colcon.colcon_core.package_identification:_identify(ndt_omp_ros2) by extension 'ignore'
[0.164s] Level 1:colcon.colcon_core.package_identification:_identify(ndt_omp_ros2) by extension 'ignore_ament_install'
[0.164s] Level 1:colcon.colcon_core.package_identification:_identify(ndt_omp_ros2) by extensions ['colcon_pkg']
[0.164s] Level 1:colcon.colcon_core.package_identification:_identify(ndt_omp_ros2) by extension 'colcon_pkg'
[0.164s] Level 1:colcon.colcon_core.package_identification:_identify(ndt_omp_ros2) by extensions ['colcon_meta']
[0.164s] Level 1:colcon.colcon_core.package_identification:_identify(ndt_omp_ros2) by extension 'colcon_meta'
[0.164s] Level 1:colcon.colcon_core.package_identification:_identify(ndt_omp_ros2) by extensions ['ros']
[0.164s] Level 1:colcon.colcon_core.package_identification:_identify(ndt_omp_ros2) by extension 'ros'
[0.164s] Level 1:colcon.colcon_core.package_identification:_identify(ndt_omp_ros2) by extensions ['cmake', 'python']
[0.164s] Level 1:colcon.colcon_core.package_identification:_identify(ndt_omp_ros2) by extension 'cmake'
[0.164s] Level 1:colcon.colcon_core.package_identification:_identify(ndt_omp_ros2) by extension 'python'
[0.164s] Level 1:colcon.colcon_core.package_identification:_identify(ndt_omp_ros2) by extensions ['python_setup_py']
[0.164s] Level 1:colcon.colcon_core.package_identification:_identify(ndt_omp_ros2) by extension 'python_setup_py'
[0.164s] Level 1:colcon.colcon_core.package_identification:_identify(sdv_can) by extensions ['ignore', 'ignore_ament_install']
[0.164s] Level 1:colcon.colcon_core.package_identification:_identify(sdv_can) by extension 'ignore'
[0.164s] Level 1:colcon.colcon_core.package_identification:_identify(sdv_can) by extension 'ignore_ament_install'
[0.164s] Level 1:colcon.colcon_core.package_identification:_identify(sdv_can) by extensions ['colcon_pkg']
[0.164s] Level 1:colcon.colcon_core.package_identification:_identify(sdv_can) by extension 'colcon_pkg'
[0.164s] Level 1:colcon.colcon_core.package_identification:_identify(sdv_can) by extensions ['colcon_meta']
[0.164s] Level 1:colcon.colcon_core.package_identification:_identify(sdv_can) by extension 'colcon_meta'
[0.164s] Level 1:colcon.colcon_core.package_identification:_identify(sdv_can) by extensions ['ros']
[0.164s] Level 1:colcon.colcon_core.package_identification:_identify(sdv_can) by extension 'ros'
[0.165s] DEBUG:colcon.colcon_core.package_identification:Package 'sdv_can' with type 'ros.ament_cmake' and name 'sdv_can'
[0.165s] Level 1:colcon.colcon_core.package_identification:_identify(sdv_control) by extensions ['ignore', 'ignore_ament_install']
[0.165s] Level 1:colcon.colcon_core.package_identification:_identify(sdv_control) by extension 'ignore'
[0.165s] Level 1:colcon.colcon_core.package_identification:_identify(sdv_control) by extension 'ignore_ament_install'
[0.165s] Level 1:colcon.colcon_core.package_identification:_identify(sdv_control) by extensions ['colcon_pkg']
[0.165s] Level 1:colcon.colcon_core.package_identification:_identify(sdv_control) by extension 'colcon_pkg'
[0.165s] Level 1:colcon.colcon_core.package_identification:_identify(sdv_control) by extensions ['colcon_meta']
[0.165s] Level 1:colcon.colcon_core.package_identification:_identify(sdv_control) by extension 'colcon_meta'
[0.165s] Level 1:colcon.colcon_core.package_identification:_identify(sdv_control) by extensions ['ros']
[0.165s] Level 1:colcon.colcon_core.package_identification:_identify(sdv_control) by extension 'ros'
[0.166s] DEBUG:colcon.colcon_core.package_identification:Package 'sdv_control' with type 'ros.ament_cmake' and name 'sdv_control'
[0.166s] Level 1:colcon.colcon_core.package_identification:_identify(sdv_description) by extensions ['ignore', 'ignore_ament_install']
[0.166s] Level 1:colcon.colcon_core.package_identification:_identify(sdv_description) by extension 'ignore'
[0.166s] Level 1:colcon.colcon_core.package_identification:_identify(sdv_description) by extension 'ignore_ament_install'
[0.166s] Level 1:colcon.colcon_core.package_identification:_identify(sdv_description) by extensions ['colcon_pkg']
[0.166s] Level 1:colcon.colcon_core.package_identification:_identify(sdv_description) by extension 'colcon_pkg'
[0.166s] Level 1:colcon.colcon_core.package_identification:_identify(sdv_description) by extensions ['colcon_meta']
[0.166s] Level 1:colcon.colcon_core.package_identification:_identify(sdv_description) by extension 'colcon_meta'
[0.166s] Level 1:colcon.colcon_core.package_identification:_identify(sdv_description) by extensions ['ros']
[0.166s] Level 1:colcon.colcon_core.package_identification:_identify(sdv_description) by extension 'ros'
[0.167s] DEBUG:colcon.colcon_core.package_identification:Package 'sdv_description' with type 'ros.ament_cmake' and name 'sdv_description'
[0.167s] Level 1:colcon.colcon_core.package_identification:_identify(sdv_docker) by extensions ['ignore', 'ignore_ament_install']
[0.167s] Level 1:colcon.colcon_core.package_identification:_identify(sdv_docker) by extension 'ignore'
[0.167s] Level 1:colcon.colcon_core.package_identification:_identify(sdv_docker) by extension 'ignore_ament_install'
[0.167s] Level 1:colcon.colcon_core.package_identification:_identify(sdv_docker) by extensions ['colcon_pkg']
[0.167s] Level 1:colcon.colcon_core.package_identification:_identify(sdv_docker) by extension 'colcon_pkg'
[0.167s] Level 1:colcon.colcon_core.package_identification:_identify(sdv_docker) by extensions ['colcon_meta']
[0.167s] Level 1:colcon.colcon_core.package_identification:_identify(sdv_docker) by extension 'colcon_meta'
[0.167s] Level 1:colcon.colcon_core.package_identification:_identify(sdv_docker) by extensions ['ros']
[0.167s] Level 1:colcon.colcon_core.package_identification:_identify(sdv_docker) by extension 'ros'
[0.167s] Level 1:colcon.colcon_core.package_identification:_identify(sdv_docker) by extensions ['cmake', 'python']
[0.167s] Level 1:colcon.colcon_core.package_identification:_identify(sdv_docker) by extension 'cmake'
[0.167s] Level 1:colcon.colcon_core.package_identification:_identify(sdv_docker) by extension 'python'
[0.167s] Level 1:colcon.colcon_core.package_identification:_identify(sdv_docker) by extensions ['python_setup_py']
[0.167s] Level 1:colcon.colcon_core.package_identification:_identify(sdv_docker) by extension 'python_setup_py'
[0.167s] Level 1:colcon.colcon_core.package_identification:_identify(sdv_launch) by extensions ['ignore', 'ignore_ament_install']
[0.167s] Level 1:colcon.colcon_core.package_identification:_identify(sdv_launch) by extension 'ignore'
[0.167s] Level 1:colcon.colcon_core.package_identification:_identify(sdv_launch) by extension 'ignore_ament_install'
[0.167s] Level 1:colcon.colcon_core.package_identification:_identify(sdv_launch) by extensions ['colcon_pkg']
[0.167s] Level 1:colcon.colcon_core.package_identification:_identify(sdv_launch) by extension 'colcon_pkg'
[0.167s] Level 1:colcon.colcon_core.package_identification:_identify(sdv_launch) by extensions ['colcon_meta']
[0.167s] Level 1:colcon.colcon_core.package_identification:_identify(sdv_launch) by extension 'colcon_meta'
[0.167s] Level 1:colcon.colcon_core.package_identification:_identify(sdv_launch) by extensions ['ros']
[0.167s] Level 1:colcon.colcon_core.package_identification:_identify(sdv_launch) by extension 'ros'
[0.167s] DEBUG:colcon.colcon_core.package_identification:Package 'sdv_launch' with type 'ros.ament_cmake' and name 'sdv_launch'
[0.167s] Level 1:colcon.colcon_core.package_identification:_identify(sdv_lidar) by extensions ['ignore', 'ignore_ament_install']
[0.167s] Level 1:colcon.colcon_core.package_identification:_identify(sdv_lidar) by extension 'ignore'
[0.168s] Level 1:colcon.colcon_core.package_identification:_identify(sdv_lidar) by extension 'ignore_ament_install'
[0.168s] Level 1:colcon.colcon_core.package_identification:_identify(sdv_lidar) by extensions ['colcon_pkg']
[0.168s] Level 1:colcon.colcon_core.package_identification:_identify(sdv_lidar) by extension 'colcon_pkg'
[0.168s] Level 1:colcon.colcon_core.package_identification:_identify(sdv_lidar) by extensions ['colcon_meta']
[0.168s] Level 1:colcon.colcon_core.package_identification:_identify(sdv_lidar) by extension 'colcon_meta'
[0.168s] Level 1:colcon.colcon_core.package_identification:_identify(sdv_lidar) by extensions ['ros']
[0.168s] Level 1:colcon.colcon_core.package_identification:_identify(sdv_lidar) by extension 'ros'
[0.168s] Level 1:colcon.colcon_core.package_identification:_identify(sdv_lidar) by extensions ['cmake', 'python']
[0.168s] Level 1:colcon.colcon_core.package_identification:_identify(sdv_lidar) by extension 'cmake'
[0.168s] Level 1:colcon.colcon_core.package_identification:_identify(sdv_lidar) by extension 'python'
[0.168s] Level 1:colcon.colcon_core.package_identification:_identify(sdv_lidar) by extensions ['python_setup_py']
[0.168s] Level 1:colcon.colcon_core.package_identification:_identify(sdv_lidar) by extension 'python_setup_py'
[0.168s] Level 1:colcon.colcon_core.package_identification:_identify(sdv_lidar/lidar3d_clustering) by extensions ['ignore', 'ignore_ament_install']
[0.168s] Level 1:colcon.colcon_core.package_identification:_identify(sdv_lidar/lidar3d_clustering) by extension 'ignore'
[0.168s] Level 1:colcon.colcon_core.package_identification:_identify(sdv_lidar/lidar3d_clustering) by extension 'ignore_ament_install'
[0.168s] Level 1:colcon.colcon_core.package_identification:_identify(sdv_lidar/lidar3d_clustering) by extensions ['colcon_pkg']
[0.168s] Level 1:colcon.colcon_core.package_identification:_identify(sdv_lidar/lidar3d_clustering) by extension 'colcon_pkg'
[0.168s] Level 1:colcon.colcon_core.package_identification:_identify(sdv_lidar/lidar3d_clustering) by extensions ['colcon_meta']
[0.168s] Level 1:colcon.colcon_core.package_identification:_identify(sdv_lidar/lidar3d_clustering) by extension 'colcon_meta'
[0.168s] Level 1:colcon.colcon_core.package_identification:_identify(sdv_lidar/lidar3d_clustering) by extensions ['ros']
[0.168s] Level 1:colcon.colcon_core.package_identification:_identify(sdv_lidar/lidar3d_clustering) by extension 'ros'
[0.169s] DEBUG:colcon.colcon_core.package_identification:Package 'sdv_lidar/lidar3d_clustering' with type 'ros.ament_cmake' and name 'lidar3d_clustering'
[0.169s] Level 1:colcon.colcon_core.package_identification:_identify(sdv_lidar/lidar_ground_getter) by extensions ['ignore', 'ignore_ament_install']
[0.169s] Level 1:colcon.colcon_core.package_identification:_identify(sdv_lidar/lidar_ground_getter) by extension 'ignore'
[0.169s] Level 1:colcon.colcon_core.package_identification:_identify(sdv_lidar/lidar_ground_getter) by extension 'ignore_ament_install'
[0.169s] Level 1:colcon.colcon_core.package_identification:_identify(sdv_lidar/lidar_ground_getter) by extensions ['colcon_pkg']
[0.169s] Level 1:colcon.colcon_core.package_identification:_identify(sdv_lidar/lidar_ground_getter) by extension 'colcon_pkg'
[0.169s] Level 1:colcon.colcon_core.package_identification:_identify(sdv_lidar/lidar_ground_getter) by extensions ['colcon_meta']
[0.169s] Level 1:colcon.colcon_core.package_identification:_identify(sdv_lidar/lidar_ground_getter) by extension 'colcon_meta'
[0.169s] Level 1:colcon.colcon_core.package_identification:_identify(sdv_lidar/lidar_ground_getter) by extensions ['ros']
[0.169s] Level 1:colcon.colcon_core.package_identification:_identify(sdv_lidar/lidar_ground_getter) by extension 'ros'
[0.169s] DEBUG:colcon.colcon_core.package_identification:Package 'sdv_lidar/lidar_ground_getter' with type 'ros.ament_cmake' and name 'lidar_ground_getter'
[0.169s] Level 1:colcon.colcon_core.package_identification:_identify(sdv_lidar/lidar_imu_sync) by extensions ['ignore', 'ignore_ament_install']
[0.170s] Level 1:colcon.colcon_core.package_identification:_identify(sdv_lidar/lidar_imu_sync) by extension 'ignore'
[0.170s] Level 1:colcon.colcon_core.package_identification:_identify(sdv_lidar/lidar_imu_sync) by extension 'ignore_ament_install'
[0.170s] Level 1:colcon.colcon_core.package_identification:_identify(sdv_lidar/lidar_imu_sync) by extensions ['colcon_pkg']
[0.170s] Level 1:colcon.colcon_core.package_identification:_identify(sdv_lidar/lidar_imu_sync) by extension 'colcon_pkg'
[0.170s] Level 1:colcon.colcon_core.package_identification:_identify(sdv_lidar/lidar_imu_sync) by extensions ['colcon_meta']
[0.170s] Level 1:colcon.colcon_core.package_identification:_identify(sdv_lidar/lidar_imu_sync) by extension 'colcon_meta'
[0.170s] Level 1:colcon.colcon_core.package_identification:_identify(sdv_lidar/lidar_imu_sync) by extensions ['ros']
[0.170s] Level 1:colcon.colcon_core.package_identification:_identify(sdv_lidar/lidar_imu_sync) by extension 'ros'
[0.170s] DEBUG:colcon.colcon_core.package_identification:Package 'sdv_lidar/lidar_imu_sync' with type 'ros.ament_cmake' and name 'lidar_imu_sync'
[0.170s] Level 1:colcon.colcon_core.package_identification:_identify(sdv_lidar/lidar_path_to_odom) by extensions ['ignore', 'ignore_ament_install']
[0.170s] Level 1:colcon.colcon_core.package_identification:_identify(sdv_lidar/lidar_path_to_odom) by extension 'ignore'
[0.170s] Level 1:colcon.colcon_core.package_identification:_identify(sdv_lidar/lidar_path_to_odom) by extension 'ignore_ament_install'
[0.170s] Level 1:colcon.colcon_core.package_identification:_identify(sdv_lidar/lidar_path_to_odom) by extensions ['colcon_pkg']
[0.170s] Level 1:colcon.colcon_core.package_identification:_identify(sdv_lidar/lidar_path_to_odom) by extension 'colcon_pkg'
[0.170s] Level 1:colcon.colcon_core.package_identification:_identify(sdv_lidar/lidar_path_to_odom) by extensions ['colcon_meta']
[0.170s] Level 1:colcon.colcon_core.package_identification:_identify(sdv_lidar/lidar_path_to_odom) by extension 'colcon_meta'
[0.170s] Level 1:colcon.colcon_core.package_identification:_identify(sdv_lidar/lidar_path_to_odom) by extensions ['ros']
[0.170s] Level 1:colcon.colcon_core.package_identification:_identify(sdv_lidar/lidar_path_to_odom) by extension 'ros'
[0.171s] DEBUG:colcon.colcon_core.package_identification:Package 'sdv_lidar/lidar_path_to_odom' with type 'ros.ament_cmake' and name 'lidar_path_to_odom'
[0.171s] Level 1:colcon.colcon_core.package_identification:_identify(sdv_lidar/sdv_lidar_processing) by extensions ['ignore', 'ignore_ament_install']
[0.171s] Level 1:colcon.colcon_core.package_identification:_identify(sdv_lidar/sdv_lidar_processing) by extension 'ignore'
[0.171s] Level 1:colcon.colcon_core.package_identification:_identify(sdv_lidar/sdv_lidar_processing) by extension 'ignore_ament_install'
[0.171s] Level 1:colcon.colcon_core.package_identification:_identify(sdv_lidar/sdv_lidar_processing) by extensions ['colcon_pkg']
[0.171s] Level 1:colcon.colcon_core.package_identification:_identify(sdv_lidar/sdv_lidar_processing) by extension 'colcon_pkg'
[0.171s] Level 1:colcon.colcon_core.package_identification:_identify(sdv_lidar/sdv_lidar_processing) by extensions ['colcon_meta']
[0.171s] Level 1:colcon.colcon_core.package_identification:_identify(sdv_lidar/sdv_lidar_processing) by extension 'colcon_meta'
[0.171s] Level 1:colcon.colcon_core.package_identification:_identify(sdv_lidar/sdv_lidar_processing) by extensions ['ros']
[0.171s] Level 1:colcon.colcon_core.package_identification:_identify(sdv_lidar/sdv_lidar_processing) by extension 'ros'
[0.172s] DEBUG:colcon.colcon_core.package_identification:Package 'sdv_lidar/sdv_lidar_processing' with type 'ros.ament_cmake' and name 'sdv_lidar_processing'
[0.172s] Level 1:colcon.colcon_core.package_identification:_identify(sdv_lidar/sdv_robot_description) by extensions ['ignore', 'ignore_ament_install']
[0.172s] Level 1:colcon.colcon_core.package_identification:_identify(sdv_lidar/sdv_robot_description) by extension 'ignore'
[0.172s] Level 1:colcon.colcon_core.package_identification:_identify(sdv_lidar/sdv_robot_description) by extension 'ignore_ament_install'
[0.172s] Level 1:colcon.colcon_core.package_identification:_identify(sdv_lidar/sdv_robot_description) by extensions ['colcon_pkg']
[0.172s] Level 1:colcon.colcon_core.package_identification:_identify(sdv_lidar/sdv_robot_description) by extension 'colcon_pkg'
[0.172s] Level 1:colcon.colcon_core.package_identification:_identify(sdv_lidar/sdv_robot_description) by extensions ['colcon_meta']
[0.172s] Level 1:colcon.colcon_core.package_identification:_identify(sdv_lidar/sdv_robot_description) by extension 'colcon_meta'
[0.172s] Level 1:colcon.colcon_core.package_identification:_identify(sdv_lidar/sdv_robot_description) by extensions ['ros']
[0.172s] Level 1:colcon.colcon_core.package_identification:_identify(sdv_lidar/sdv_robot_description) by extension 'ros'
[0.172s] DEBUG:colcon.colcon_core.package_identification:Package 'sdv_lidar/sdv_robot_description' with type 'ros.ament_cmake' and name 'sdv_robot_description'
[0.173s] Level 1:colcon.colcon_core.package_identification:_identify(sdv_lidar/voxel_grid_filter) by extensions ['ignore', 'ignore_ament_install']
[0.173s] Level 1:colcon.colcon_core.package_identification:_identify(sdv_lidar/voxel_grid_filter) by extension 'ignore'
[0.173s] Level 1:colcon.colcon_core.package_identification:_identify(sdv_lidar/voxel_grid_filter) by extension 'ignore_ament_install'
[0.173s] Level 1:colcon.colcon_core.package_identification:_identify(sdv_lidar/voxel_grid_filter) by extensions ['colcon_pkg']
[0.173s] Level 1:colcon.colcon_core.package_identification:_identify(sdv_lidar/voxel_grid_filter) by extension 'colcon_pkg'
[0.173s] Level 1:colcon.colcon_core.package_identification:_identify(sdv_lidar/voxel_grid_filter) by extensions ['colcon_meta']
[0.173s] Level 1:colcon.colcon_core.package_identification:_identify(sdv_lidar/voxel_grid_filter) by extension 'colcon_meta'
[0.173s] Level 1:colcon.colcon_core.package_identification:_identify(sdv_lidar/voxel_grid_filter) by extensions ['ros']
[0.173s] Level 1:colcon.colcon_core.package_identification:_identify(sdv_lidar/voxel_grid_filter) by extension 'ros'
[0.173s] DEBUG:colcon.colcon_core.package_identification:Package 'sdv_lidar/voxel_grid_filter' with type 'ros.ament_cmake' and name 'voxel_grid_filter'
[0.173s] Level 1:colcon.colcon_core.package_identification:_identify(sdv_localization) by extensions ['ignore', 'ignore_ament_install']
[0.173s] Level 1:colcon.colcon_core.package_identification:_identify(sdv_localization) by extension 'ignore'
[0.173s] Level 1:colcon.colcon_core.package_identification:_identify(sdv_localization) by extension 'ignore_ament_install'
[0.173s] Level 1:colcon.colcon_core.package_identification:_identify(sdv_localization) by extensions ['colcon_pkg']
[0.173s] Level 1:colcon.colcon_core.package_identification:_identify(sdv_localization) by extension 'colcon_pkg'
[0.173s] Level 1:colcon.colcon_core.package_identification:_identify(sdv_localization) by extensions ['colcon_meta']
[0.173s] Level 1:colcon.colcon_core.package_identification:_identify(sdv_localization) by extension 'colcon_meta'
[0.173s] Level 1:colcon.colcon_core.package_identification:_identify(sdv_localization) by extensions ['ros']
[0.173s] Level 1:colcon.colcon_core.package_identification:_identify(sdv_localization) by extension 'ros'
[0.174s] Level 1:colcon.colcon_core.package_identification:_identify(sdv_localization) by extensions ['cmake', 'python']
[0.174s] Level 1:colcon.colcon_core.package_identification:_identify(sdv_localization) by extension 'cmake'
[0.174s] Level 1:colcon.colcon_core.package_identification:_identify(sdv_localization) by extension 'python'
[0.174s] Level 1:colcon.colcon_core.package_identification:_identify(sdv_localization) by extensions ['python_setup_py']
[0.174s] Level 1:colcon.colcon_core.package_identification:_identify(sdv_localization) by extension 'python_setup_py'
[0.174s] Level 1:colcon.colcon_core.package_identification:_identify(sdv_localization/sdv_localization) by extensions ['ignore', 'ignore_ament_install']
[0.174s] Level 1:colcon.colcon_core.package_identification:_identify(sdv_localization/sdv_localization) by extension 'ignore'
[0.174s] Level 1:colcon.colcon_core.package_identification:_identify(sdv_localization/sdv_localization) by extension 'ignore_ament_install'
[0.174s] Level 1:colcon.colcon_core.package_identification:_identify(sdv_localization/sdv_localization) by extensions ['colcon_pkg']
[0.174s] Level 1:colcon.colcon_core.package_identification:_identify(sdv_localization/sdv_localization) by extension 'colcon_pkg'
[0.174s] Level 1:colcon.colcon_core.package_identification:_identify(sdv_localization/sdv_localization) by extensions ['colcon_meta']
[0.174s] Level 1:colcon.colcon_core.package_identification:_identify(sdv_localization/sdv_localization) by extension 'colcon_meta'
[0.174s] Level 1:colcon.colcon_core.package_identification:_identify(sdv_localization/sdv_localization) by extensions ['ros']
[0.174s] Level 1:colcon.colcon_core.package_identification:_identify(sdv_localization/sdv_localization) by extension 'ros'
[0.174s] DEBUG:colcon.colcon_core.package_identification:Package 'sdv_localization/sdv_localization' with type 'ros.ament_cmake' and name 'sdv_localization'
[0.174s] Level 1:colcon.colcon_core.package_identification:_identify(sdv_msgs) by extensions ['ignore', 'ignore_ament_install']
[0.175s] Level 1:colcon.colcon_core.package_identification:_identify(sdv_msgs) by extension 'ignore'
[0.175s] Level 1:colcon.colcon_core.package_identification:_identify(sdv_msgs) by extension 'ignore_ament_install'
[0.175s] Level 1:colcon.colcon_core.package_identification:_identify(sdv_msgs) by extensions ['colcon_pkg']
[0.175s] Level 1:colcon.colcon_core.package_identification:_identify(sdv_msgs) by extension 'colcon_pkg'
[0.175s] Level 1:colcon.colcon_core.package_identification:_identify(sdv_msgs) by extensions ['colcon_meta']
[0.175s] Level 1:colcon.colcon_core.package_identification:_identify(sdv_msgs) by extension 'colcon_meta'
[0.175s] Level 1:colcon.colcon_core.package_identification:_identify(sdv_msgs) by extensions ['ros']
[0.175s] Level 1:colcon.colcon_core.package_identification:_identify(sdv_msgs) by extension 'ros'
[0.175s] DEBUG:colcon.colcon_core.package_identification:Package 'sdv_msgs' with type 'ros.ament_cmake' and name 'sdv_msgs'
[0.175s] Level 1:colcon.colcon_core.package_identification:_identify(simulation_manual_control) by extensions ['ignore', 'ignore_ament_install']
[0.175s] Level 1:colcon.colcon_core.package_identification:_identify(simulation_manual_control) by extension 'ignore'
[0.175s] Level 1:colcon.colcon_core.package_identification:_identify(simulation_manual_control) by extension 'ignore_ament_install'
[0.175s] Level 1:colcon.colcon_core.package_identification:_identify(simulation_manual_control) by extensions ['colcon_pkg']
[0.175s] Level 1:colcon.colcon_core.package_identification:_identify(simulation_manual_control) by extension 'colcon_pkg'
[0.175s] Level 1:colcon.colcon_core.package_identification:_identify(simulation_manual_control) by extensions ['colcon_meta']
[0.175s] Level 1:colcon.colcon_core.package_identification:_identify(simulation_manual_control) by extension 'colcon_meta'
[0.175s] Level 1:colcon.colcon_core.package_identification:_identify(simulation_manual_control) by extensions ['ros']
[0.175s] Level 1:colcon.colcon_core.package_identification:_identify(simulation_manual_control) by extension 'ros'
[0.175s] Level 1:colcon.colcon_core.package_identification:_identify(simulation_manual_control) by extensions ['cmake', 'python']
[0.175s] Level 1:colcon.colcon_core.package_identification:_identify(simulation_manual_control) by extension 'cmake'
[0.175s] Level 1:colcon.colcon_core.package_identification:_identify(simulation_manual_control) by extension 'python'
[0.175s] Level 1:colcon.colcon_core.package_identification:_identify(simulation_manual_control) by extensions ['python_setup_py']
[0.175s] Level 1:colcon.colcon_core.package_identification:_identify(simulation_manual_control) by extension 'python_setup_py'
[0.175s] Level 1:colcon.colcon_core.package_identification:_identify(simulation_manual_control/ros_compatibility) by extensions ['ignore', 'ignore_ament_install']
[0.175s] Level 1:colcon.colcon_core.package_identification:_identify(simulation_manual_control/ros_compatibility) by extension 'ignore'
[0.175s] Level 1:colcon.colcon_core.package_identification:_identify(simulation_manual_control/ros_compatibility) by extension 'ignore_ament_install'
[0.175s] Level 1:colcon.colcon_core.package_identification:_identify(simulation_manual_control/ros_compatibility) by extensions ['colcon_pkg']
[0.175s] Level 1:colcon.colcon_core.package_identification:_identify(simulation_manual_control/ros_compatibility) by extension 'colcon_pkg'
[0.176s] Level 1:colcon.colcon_core.package_identification:_identify(simulation_manual_control/ros_compatibility) by extensions ['colcon_meta']
[0.176s] Level 1:colcon.colcon_core.package_identification:_identify(simulation_manual_control/ros_compatibility) by extension 'colcon_meta'
[0.176s] Level 1:colcon.colcon_core.package_identification:_identify(simulation_manual_control/ros_compatibility) by extensions ['ros']
[0.176s] Level 1:colcon.colcon_core.package_identification:_identify(simulation_manual_control/ros_compatibility) by extension 'ros'
[0.185s] DEBUG:colcon.colcon_core.package_identification:Package 'simulation_manual_control/ros_compatibility' with type 'ros.ament_python' and name 'ros_compatibility'
[0.185s] Level 1:colcon.colcon_core.package_identification:_identify(simulation_manual_control/sdv_manual_control) by extensions ['ignore', 'ignore_ament_install']
[0.185s] Level 1:colcon.colcon_core.package_identification:_identify(simulation_manual_control/sdv_manual_control) by extension 'ignore'
[0.185s] Level 1:colcon.colcon_core.package_identification:_identify(simulation_manual_control/sdv_manual_control) by extension 'ignore_ament_install'
[0.185s] Level 1:colcon.colcon_core.package_identification:_identify(simulation_manual_control/sdv_manual_control) by extensions ['colcon_pkg']
[0.185s] Level 1:colcon.colcon_core.package_identification:_identify(simulation_manual_control/sdv_manual_control) by extension 'colcon_pkg'
[0.185s] Level 1:colcon.colcon_core.package_identification:_identify(simulation_manual_control/sdv_manual_control) by extensions ['colcon_meta']
[0.185s] Level 1:colcon.colcon_core.package_identification:_identify(simulation_manual_control/sdv_manual_control) by extension 'colcon_meta'
[0.185s] Level 1:colcon.colcon_core.package_identification:_identify(simulation_manual_control/sdv_manual_control) by extensions ['ros']
[0.185s] Level 1:colcon.colcon_core.package_identification:_identify(simulation_manual_control/sdv_manual_control) by extension 'ros'
[0.187s] DEBUG:colcon.colcon_core.package_identification:Package 'simulation_manual_control/sdv_manual_control' with type 'ros.ament_python' and name 'sdv_manual_control'
[0.187s] Level 1:colcon.colcon_core.package_identification:_identify(waypoints_niagara_creator) by extensions ['ignore', 'ignore_ament_install']
[0.187s] Level 1:colcon.colcon_core.package_identification:_identify(waypoints_niagara_creator) by extension 'ignore'
[0.187s] Level 1:colcon.colcon_core.package_identification:_identify(waypoints_niagara_creator) by extension 'ignore_ament_install'
[0.187s] Level 1:colcon.colcon_core.package_identification:_identify(waypoints_niagara_creator) by extensions ['colcon_pkg']
[0.187s] Level 1:colcon.colcon_core.package_identification:_identify(waypoints_niagara_creator) by extension 'colcon_pkg'
[0.187s] Level 1:colcon.colcon_core.package_identification:_identify(waypoints_niagara_creator) by extensions ['colcon_meta']
[0.187s] Level 1:colcon.colcon_core.package_identification:_identify(waypoints_niagara_creator) by extension 'colcon_meta'
[0.187s] Level 1:colcon.colcon_core.package_identification:_identify(waypoints_niagara_creator) by extensions ['ros']
[0.187s] Level 1:colcon.colcon_core.package_identification:_identify(waypoints_niagara_creator) by extension 'ros'
[0.188s] DEBUG:colcon.colcon_core.package_identification:Package 'waypoints_niagara_creator' with type 'ros.ament_cmake' and name 'waypoints_niagara_creator'
[0.188s] Level 1:colcon.colcon_core.package_identification:_identify(waypoints_niagara_loader) by extensions ['ignore', 'ignore_ament_install']
[0.188s] Level 1:colcon.colcon_core.package_identification:_identify(waypoints_niagara_loader) by extension 'ignore'
[0.188s] Level 1:colcon.colcon_core.package_identification:_identify(waypoints_niagara_loader) by extension 'ignore_ament_install'
[0.188s] Level 1:colcon.colcon_core.package_identification:_identify(waypoints_niagara_loader) by extensions ['colcon_pkg']
[0.188s] Level 1:colcon.colcon_core.package_identification:_identify(waypoints_niagara_loader) by extension 'colcon_pkg'
[0.188s] Level 1:colcon.colcon_core.package_identification:_identify(waypoints_niagara_loader) by extensions ['colcon_meta']
[0.188s] Level 1:colcon.colcon_core.package_identification:_identify(waypoints_niagara_loader) by extension 'colcon_meta'
[0.188s] Level 1:colcon.colcon_core.package_identification:_identify(waypoints_niagara_loader) by extensions ['ros']
[0.188s] Level 1:colcon.colcon_core.package_identification:_identify(waypoints_niagara_loader) by extension 'ros'
[0.189s] DEBUG:colcon.colcon_core.package_identification:Package 'waypoints_niagara_loader' with type 'ros.ament_cmake' and name 'waypoints_niagara_loader'
[0.189s] Level 1:colcon.colcon_core.package_discovery:discover_packages(recursive) using defaults
[0.189s] Level 1:colcon.colcon_core.package_discovery:discover_packages(ignore) discover
[0.189s] Level 1:colcon.colcon_core.package_discovery:discover_packages(ignore) using defaults
[0.189s] Level 1:colcon.colcon_core.package_discovery:discover_packages(path) discover
[0.189s] Level 1:colcon.colcon_core.package_discovery:discover_packages(path) using defaults
[0.202s] INFO:colcon.colcon_core.package_selection:Skipping not selected package 'isaac_ros_common' in 'isaac_ros_common/isaac_ros_common'
[0.202s] INFO:colcon.colcon_core.package_selection:Skipping not selected package 'isaac_ros_test' in 'isaac_ros_common/isaac_ros_test'
[0.202s] INFO:colcon.colcon_core.package_selection:Skipping not selected package 'lidar3d_clustering' in 'sdv_lidar/lidar3d_clustering'
[0.202s] INFO:colcon.colcon_core.package_selection:Skipping not selected package 'lidar_ground_getter' in 'sdv_lidar/lidar_ground_getter'
[0.202s] INFO:colcon.colcon_core.package_selection:Skipping not selected package 'lidar_imu_sync' in 'sdv_lidar/lidar_imu_sync'
[0.202s] INFO:colcon.colcon_core.package_selection:Skipping not selected package 'lidar_path_to_odom' in 'sdv_lidar/lidar_path_to_odom'
[0.202s] INFO:colcon.colcon_core.package_selection:Skipping not selected package 'lio_sam' in 'LIO-SAM'
[0.202s] INFO:colcon.colcon_core.package_selection:Skipping not selected package 'ros_compatibility' in 'simulation_manual_control/ros_compatibility'
[0.202s] INFO:colcon.colcon_core.package_selection:Skipping not selected package 'sdv_description' in 'sdv_description'
[0.202s] INFO:colcon.colcon_core.package_selection:Skipping not selected package 'sdv_launch' in 'sdv_launch'
[0.202s] INFO:colcon.colcon_core.package_selection:Skipping not selected package 'sdv_lidar_processing' in 'sdv_lidar/sdv_lidar_processing'
[0.202s] INFO:colcon.colcon_core.package_selection:Skipping not selected package 'sdv_msgs' in 'sdv_msgs'
[0.202s] INFO:colcon.colcon_core.package_selection:Skipping not selected package 'sdv_robot_description' in 'sdv_lidar/sdv_robot_description'
[0.202s] INFO:colcon.colcon_core.package_selection:Skipping not selected package 'voxel_grid_filter' in 'sdv_lidar/voxel_grid_filter'
[0.202s] INFO:colcon.colcon_core.package_selection:Skipping not selected package 'waypoints_niagara_creator' in 'waypoints_niagara_creator'
[0.202s] INFO:colcon.colcon_core.package_selection:Skipping not selected package 'waypoints_niagara_loader' in 'waypoints_niagara_loader'
[0.202s] INFO:colcon.colcon_core.package_selection:Skipping not selected package 'isaac_ros_apriltag_interfaces' in 'isaac_ros_common/isaac_ros_apriltag_interfaces'
[0.202s] INFO:colcon.colcon_core.package_selection:Skipping not selected package 'isaac_ros_bi3d_interfaces' in 'isaac_ros_common/isaac_ros_bi3d_interfaces'
[0.202s] INFO:colcon.colcon_core.package_selection:Skipping not selected package 'isaac_ros_nitros_bridge_interfaces' in 'isaac_ros_common/isaac_ros_nitros_bridge_interfaces'
[0.202s] INFO:colcon.colcon_core.package_selection:Skipping not selected package 'isaac_ros_nova_interfaces' in 'isaac_ros_common/isaac_ros_nova_interfaces'
[0.203s] INFO:colcon.colcon_core.package_selection:Skipping not selected package 'isaac_ros_pointcloud_interfaces' in 'isaac_ros_common/isaac_ros_pointcloud_interfaces'
[0.203s] INFO:colcon.colcon_core.package_selection:Skipping not selected package 'isaac_ros_tensor_list_interfaces' in 'isaac_ros_common/isaac_ros_tensor_list_interfaces'
[0.203s] INFO:colcon.colcon_core.package_selection:Skipping not selected package 'sdv_can' in 'sdv_can'
[0.203s] INFO:colcon.colcon_core.package_selection:Skipping not selected package 'sdv_control' in 'sdv_control'
[0.203s] INFO:colcon.colcon_core.package_selection:Skipping not selected package 'sdv_localization' in 'sdv_localization/sdv_localization'
[0.203s] INFO:colcon.colcon_core.package_selection:Skipping not selected package 'sdv_manual_control' in 'simulation_manual_control/sdv_manual_control'
[0.203s] INFO:colcon.colcon_core.package_selection:Skipping not selected package 'vectornav' in 'drivers/vectornav/vectornav'
[0.203s] Level 1:colcon.colcon_core.package_discovery:discover_packages(prefix_path) check parameters
[0.203s] Level 1:colcon.colcon_core.package_discovery:discover_packages(prefix_path) discover
[0.204s] DEBUG:colcon.colcon_installed_package_information.package_discovery:Found 330 installed packages in /opt/ros/humble
[0.205s] Level 1:colcon.colcon_core.package_discovery:discover_packages(prefix_path) using defaults
[0.226s] Level 5:colcon.colcon_core.verb:set package 'vectornav_msgs' build argument 'cmake_args' from command line to 'None'
[0.226s] Level 5:colcon.colcon_core.verb:set package 'vectornav_msgs' build argument 'cmake_target' from command line to 'None'
[0.226s] Level 5:colcon.colcon_core.verb:set package 'vectornav_msgs' build argument 'cmake_target_skip_unavailable' from command line to 'False'
[0.227s] Level 5:colcon.colcon_core.verb:set package 'vectornav_msgs' build argument 'cmake_clean_cache' from command line to 'False'
[0.227s] Level 5:colcon.colcon_core.verb:set package 'vectornav_msgs' build argument 'cmake_clean_first' from command line to 'False'
[0.227s] Level 5:colcon.colcon_core.verb:set package 'vectornav_msgs' build argument 'cmake_force_configure' from command line to 'False'
[0.227s] Level 5:colcon.colcon_core.verb:set package 'vectornav_msgs' build argument 'ament_cmake_args' from command line to 'None'
[0.227s] Level 5:colcon.colcon_core.verb:set package 'vectornav_msgs' build argument 'catkin_cmake_args' from command line to 'None'
[0.227s] Level 5:colcon.colcon_core.verb:set package 'vectornav_msgs' build argument 'catkin_skip_building_tests' from command line to 'False'
[0.227s] DEBUG:colcon.colcon_core.verb:Building package 'vectornav_msgs' with the following arguments: {'ament_cmake_args': None, 'build_base': '/home/fectec151/Downloads/Projects/vanttec_sdv/workspace/src/build/vectornav_msgs', 'catkin_cmake_args': None, 'catkin_skip_building_tests': False, 'cmake_args': None, 'cmake_clean_cache': False, 'cmake_clean_first': False, 'cmake_force_configure': False, 'cmake_target': None, 'cmake_target_skip_unavailable': False, 'install_base': '/home/fectec151/Downloads/Projects/vanttec_sdv/workspace/src/install/vectornav_msgs', 'merge_install': False, 'path': '/home/fectec151/Downloads/Projects/vanttec_sdv/workspace/src/drivers/vectornav/vectornav_msgs', 'symlink_install': False, 'test_result_base': None}
[0.227s] INFO:colcon.colcon_core.executor:Executing jobs using 'parallel' executor
[0.228s] DEBUG:colcon.colcon_parallel_executor.executor.parallel:run_until_complete
[0.228s] INFO:colcon.colcon_ros.task.ament_cmake.build:Building ROS package in '/home/fectec151/Downloads/Projects/vanttec_sdv/workspace/src/drivers/vectornav/vectornav_msgs' with build type 'ament_cmake'
[0.228s] INFO:colcon.colcon_cmake.task.cmake.build:Building CMake package in '/home/fectec151/Downloads/Projects/vanttec_sdv/workspace/src/drivers/vectornav/vectornav_msgs'
[0.229s] INFO:colcon.colcon_core.plugin_system:Skipping extension 'colcon_core.shell.bat': Not used on non-Windows systems
[0.229s] INFO:colcon.colcon_core.shell:Skip shell extension 'powershell' for command environment: Not usable outside of PowerShell
[0.229s] DEBUG:colcon.colcon_core.shell:Skip shell extension 'dsv' for command environment
[0.236s] DEBUG:colcon.colcon_core.event_handler.log_command:Invoking command in '/home/fectec151/Downloads/Projects/vanttec_sdv/workspace/src/build/vectornav_msgs': CMAKE_PREFIX_PATH=/opt/ros/humble /usr/bin/cmake --build /home/fectec151/Downloads/Projects/vanttec_sdv/workspace/src/build/vectornav_msgs -- -j12 -l12
[0.446s] DEBUG:colcon.colcon_core.event_handler.log_command:Invoked command in '/home/fectec151/Downloads/Projects/vanttec_sdv/workspace/src/build/vectornav_msgs' returned '0': CMAKE_PREFIX_PATH=/opt/ros/humble /usr/bin/cmake --build /home/fectec151/Downloads/Projects/vanttec_sdv/workspace/src/build/vectornav_msgs -- -j12 -l12
[0.572s] DEBUG:colcon.colcon_core.event_handler.log_command:Invoking command in '/home/fectec151/Downloads/Projects/vanttec_sdv/workspace/src/build/vectornav_msgs': CMAKE_PREFIX_PATH=/opt/ros/humble /usr/bin/cmake --install /home/fectec151/Downloads/Projects/vanttec_sdv/workspace/src/build/vectornav_msgs
[0.616s] Level 1:colcon.colcon_core.environment:create_environment_scripts_only(vectornav_msgs)
[0.617s] DEBUG:colcon.colcon_core.event_handler.log_command:Invoked command in '/home/fectec151/Downloads/Projects/vanttec_sdv/workspace/src/build/vectornav_msgs' returned '0': CMAKE_PREFIX_PATH=/opt/ros/humble /usr/bin/cmake --install /home/fectec151/Downloads/Projects/vanttec_sdv/workspace/src/build/vectornav_msgs
[0.618s] Level 1:colcon.colcon_core.environment:checking '/home/fectec151/Downloads/Projects/vanttec_sdv/workspace/src/install/vectornav_msgs' for CMake module files
[0.618s] Level 1:colcon.colcon_core.environment:checking '/home/fectec151/Downloads/Projects/vanttec_sdv/workspace/src/install/vectornav_msgs' for CMake config files
[0.618s] Level 1:colcon.colcon_core.shell:create_environment_hook('vectornav_msgs', 'cmake_prefix_path')
[0.618s] INFO:colcon.colcon_core.shell:Creating environment hook '/home/fectec151/Downloads/Projects/vanttec_sdv/workspace/src/install/vectornav_msgs/share/vectornav_msgs/hook/cmake_prefix_path.ps1'
[0.619s] INFO:colcon.colcon_core.shell:Creating environment descriptor '/home/fectec151/Downloads/Projects/vanttec_sdv/workspace/src/install/vectornav_msgs/share/vectornav_msgs/hook/cmake_prefix_path.dsv'
[0.619s] INFO:colcon.colcon_core.shell:Creating environment hook '/home/fectec151/Downloads/Projects/vanttec_sdv/workspace/src/install/vectornav_msgs/share/vectornav_msgs/hook/cmake_prefix_path.sh'
[0.619s] Level 1:colcon.colcon_core.environment:checking '/home/fectec151/Downloads/Projects/vanttec_sdv/workspace/src/install/vectornav_msgs/lib'
[0.620s] Level 1:colcon.colcon_core.shell:create_environment_hook('vectornav_msgs', 'ld_library_path_lib')
[0.620s] INFO:colcon.colcon_core.shell:Creating environment hook '/home/fectec151/Downloads/Projects/vanttec_sdv/workspace/src/install/vectornav_msgs/share/vectornav_msgs/hook/ld_library_path_lib.ps1'
[0.620s] INFO:colcon.colcon_core.shell:Creating environment descriptor '/home/fectec151/Downloads/Projects/vanttec_sdv/workspace/src/install/vectornav_msgs/share/vectornav_msgs/hook/ld_library_path_lib.dsv'
[0.620s] INFO:colcon.colcon_core.shell:Creating environment hook '/home/fectec151/Downloads/Projects/vanttec_sdv/workspace/src/install/vectornav_msgs/share/vectornav_msgs/hook/ld_library_path_lib.sh'
[0.620s] Level 1:colcon.colcon_core.environment:checking '/home/fectec151/Downloads/Projects/vanttec_sdv/workspace/src/install/vectornav_msgs/bin'
[0.620s] Level 1:colcon.colcon_core.environment:checking '/home/fectec151/Downloads/Projects/vanttec_sdv/workspace/src/install/vectornav_msgs/lib/pkgconfig/vectornav_msgs.pc'
[0.620s] Level 1:colcon.colcon_core.environment:checking '/home/fectec151/Downloads/Projects/vanttec_sdv/workspace/src/install/vectornav_msgs/lib/python3.10/site-packages'
[0.621s] Level 1:colcon.colcon_core.environment:checking '/home/fectec151/Downloads/Projects/vanttec_sdv/workspace/src/install/vectornav_msgs/bin'
[0.621s] INFO:colcon.colcon_core.shell:Creating package script '/home/fectec151/Downloads/Projects/vanttec_sdv/workspace/src/install/vectornav_msgs/share/vectornav_msgs/package.ps1'
[0.621s] INFO:colcon.colcon_core.shell:Creating package descriptor '/home/fectec151/Downloads/Projects/vanttec_sdv/workspace/src/install/vectornav_msgs/share/vectornav_msgs/package.dsv'
[0.621s] INFO:colcon.colcon_core.shell:Creating package script '/home/fectec151/Downloads/Projects/vanttec_sdv/workspace/src/install/vectornav_msgs/share/vectornav_msgs/package.sh'
[0.622s] INFO:colcon.colcon_core.shell:Creating package script '/home/fectec151/Downloads/Projects/vanttec_sdv/workspace/src/install/vectornav_msgs/share/vectornav_msgs/package.bash'
[0.622s] INFO:colcon.colcon_core.shell:Creating package script '/home/fectec151/Downloads/Projects/vanttec_sdv/workspace/src/install/vectornav_msgs/share/vectornav_msgs/package.zsh'
[0.623s] Level 1:colcon.colcon_core.environment:create_file_with_runtime_dependencies(/home/fectec151/Downloads/Projects/vanttec_sdv/workspace/src/install/vectornav_msgs/share/colcon-core/packages/vectornav_msgs)
[0.749s] Level 1:colcon.colcon_core.environment:create_environment_scripts_only(vectornav_msgs)
[0.749s] Level 1:colcon.colcon_core.environment:checking '/home/fectec151/Downloads/Projects/vanttec_sdv/workspace/src/install/vectornav_msgs' for CMake module files
[0.750s] Level 1:colcon.colcon_core.environment:checking '/home/fectec151/Downloads/Projects/vanttec_sdv/workspace/src/install/vectornav_msgs' for CMake config files
[0.750s] Level 1:colcon.colcon_core.shell:create_environment_hook('vectornav_msgs', 'cmake_prefix_path')
[0.750s] INFO:colcon.colcon_core.shell:Creating environment hook '/home/fectec151/Downloads/Projects/vanttec_sdv/workspace/src/install/vectornav_msgs/share/vectornav_msgs/hook/cmake_prefix_path.ps1'
[0.750s] INFO:colcon.colcon_core.shell:Creating environment descriptor '/home/fectec151/Downloads/Projects/vanttec_sdv/workspace/src/install/vectornav_msgs/share/vectornav_msgs/hook/cmake_prefix_path.dsv'
[0.750s] INFO:colcon.colcon_core.shell:Creating environment hook '/home/fectec151/Downloads/Projects/vanttec_sdv/workspace/src/install/vectornav_msgs/share/vectornav_msgs/hook/cmake_prefix_path.sh'
[0.751s] Level 1:colcon.colcon_core.environment:checking '/home/fectec151/Downloads/Projects/vanttec_sdv/workspace/src/install/vectornav_msgs/lib'
[0.751s] Level 1:colcon.colcon_core.shell:create_environment_hook('vectornav_msgs', 'ld_library_path_lib')
[0.751s] INFO:colcon.colcon_core.shell:Creating environment hook '/home/fectec151/Downloads/Projects/vanttec_sdv/workspace/src/install/vectornav_msgs/share/vectornav_msgs/hook/ld_library_path_lib.ps1'
[0.751s] INFO:colcon.colcon_core.shell:Creating environment descriptor '/home/fectec151/Downloads/Projects/vanttec_sdv/workspace/src/install/vectornav_msgs/share/vectornav_msgs/hook/ld_library_path_lib.dsv'
[0.751s] INFO:colcon.colcon_core.shell:Creating environment hook '/home/fectec151/Downloads/Projects/vanttec_sdv/workspace/src/install/vectornav_msgs/share/vectornav_msgs/hook/ld_library_path_lib.sh'
[0.751s] Level 1:colcon.colcon_core.environment:checking '/home/fectec151/Downloads/Projects/vanttec_sdv/workspace/src/install/vectornav_msgs/bin'
[0.751s] Level 1:colcon.colcon_core.environment:checking '/home/fectec151/Downloads/Projects/vanttec_sdv/workspace/src/install/vectornav_msgs/lib/pkgconfig/vectornav_msgs.pc'
[0.751s] Level 1:colcon.colcon_core.environment:checking '/home/fectec151/Downloads/Projects/vanttec_sdv/workspace/src/install/vectornav_msgs/lib/python3.10/site-packages'
[0.752s] Level 1:colcon.colcon_core.environment:checking '/home/fectec151/Downloads/Projects/vanttec_sdv/workspace/src/install/vectornav_msgs/bin'
[0.752s] INFO:colcon.colcon_core.shell:Creating package script '/home/fectec151/Downloads/Projects/vanttec_sdv/workspace/src/install/vectornav_msgs/share/vectornav_msgs/package.ps1'
[0.752s] INFO:colcon.colcon_core.shell:Creating package descriptor '/home/fectec151/Downloads/Projects/vanttec_sdv/workspace/src/install/vectornav_msgs/share/vectornav_msgs/package.dsv'
[0.752s] INFO:colcon.colcon_core.shell:Creating package script '/home/fectec151/Downloads/Projects/vanttec_sdv/workspace/src/install/vectornav_msgs/share/vectornav_msgs/package.sh'
[0.753s] INFO:colcon.colcon_core.shell:Creating package script '/home/fectec151/Downloads/Projects/vanttec_sdv/workspace/src/install/vectornav_msgs/share/vectornav_msgs/package.bash'
[0.753s] INFO:colcon.colcon_core.shell:Creating package script '/home/fectec151/Downloads/Projects/vanttec_sdv/workspace/src/install/vectornav_msgs/share/vectornav_msgs/package.zsh'
[0.753s] Level 1:colcon.colcon_core.environment:create_file_with_runtime_dependencies(/home/fectec151/Downloads/Projects/vanttec_sdv/workspace/src/install/vectornav_msgs/share/colcon-core/packages/vectornav_msgs)
[0.753s] DEBUG:colcon.colcon_parallel_executor.executor.parallel:closing loop
[0.753s] DEBUG:colcon.colcon_parallel_executor.executor.parallel:loop closed
[0.753s] DEBUG:colcon.colcon_parallel_executor.executor.parallel:run_until_complete finished with '0'
[0.753s] DEBUG:colcon.colcon_core.event_reactor:joining thread
[0.757s] INFO:colcon.colcon_core.plugin_system:Skipping extension 'colcon_notification.desktop_notification.terminal_notifier': Not used on non-Darwin systems
[0.757s] INFO:colcon.colcon_core.plugin_system:Skipping extension 'colcon_notification.desktop_notification.win32': Not used on non-Windows systems
[0.757s] INFO:colcon.colcon_notification.desktop_notification:Sending desktop notification using 'notify2'
[0.763s] DEBUG:colcon.colcon_core.event_reactor:joined thread
[0.764s] INFO:colcon.colcon_core.shell:Creating prefix script '/home/fectec151/Downloads/Projects/vanttec_sdv/workspace/src/install/local_setup.ps1'
[0.765s] INFO:colcon.colcon_core.shell:Creating prefix util module '/home/fectec151/Downloads/Projects/vanttec_sdv/workspace/src/install/_local_setup_util_ps1.py'
[0.765s] INFO:colcon.colcon_core.shell:Creating prefix chain script '/home/fectec151/Downloads/Projects/vanttec_sdv/workspace/src/install/setup.ps1'
[0.766s] INFO:colcon.colcon_core.shell:Creating prefix script '/home/fectec151/Downloads/Projects/vanttec_sdv/workspace/src/install/local_setup.sh'
[0.766s] INFO:colcon.colcon_core.shell:Creating prefix util module '/home/fectec151/Downloads/Projects/vanttec_sdv/workspace/src/install/_local_setup_util_sh.py'
[0.766s] INFO:colcon.colcon_core.shell:Creating prefix chain script '/home/fectec151/Downloads/Projects/vanttec_sdv/workspace/src/install/setup.sh'
[0.767s] INFO:colcon.colcon_core.shell:Creating prefix script '/home/fectec151/Downloads/Projects/vanttec_sdv/workspace/src/install/local_setup.bash'
[0.767s] INFO:colcon.colcon_core.shell:Creating prefix chain script '/home/fectec151/Downloads/Projects/vanttec_sdv/workspace/src/install/setup.bash'
[0.768s] INFO:colcon.colcon_core.shell:Creating prefix script '/home/fectec151/Downloads/Projects/vanttec_sdv/workspace/src/install/local_setup.zsh'
[0.768s] INFO:colcon.colcon_core.shell:Creating prefix chain script '/home/fectec151/Downloads/Projects/vanttec_sdv/workspace/src/install/setup.zsh'
