-- The C compiler identification is GNU 11.4.0
-- The CXX compiler identification is GNU 11.4.0
-- Detecting C compiler ABI info
-- Detecting C compiler ABI info - done
-- Check for working C compiler: /usr/bin/cc - skipped
-- Detecting C compile features
-- Detecting C compile features - done
-- Detecting CXX compiler ABI info
-- Detecting CXX compiler ABI info - done
-- Check for working CXX compiler: /usr/bin/c++ - skipped
-- Detecting CXX compile features
-- Detecting CXX compile features - done
-- Found ament_cmake: 1.3.8 (/opt/ros/humble/share/ament_cmake/cmake)
-- Found Python3: /usr/bin/python3 (found version "3.10.12") found components: Interpreter 
-- Found rosidl_default_generators: 1.2.0 (/opt/ros/humble/share/rosidl_default_generators/cmake)
-- Using all available rosidl_typesupport_c: rosidl_typesupport_fastrtps_c;rosidl_typesupport_introspection_c
-- Found rosidl_adapter: 3.1.5 (/opt/ros/humble/share/rosidl_adapter/cmake)
-- Using all available rosidl_typesupport_cpp: rosidl_typesupport_fastrtps_cpp;rosidl_typesupport_introspection_cpp
-- Found geometry_msgs: 4.2.3 (/opt/ros/humble/share/geometry_msgs/cmake)
-- Found ament_cmake_ros: 0.10.0 (/opt/ros/humble/share/ament_cmake_ros/cmake)
-- Using all available rosidl_typesupport_c: rosidl_typesupport_fastrtps_c;rosidl_typesupport_introspection_c
-- Using all available rosidl_typesupport_cpp: rosidl_typesupport_fastrtps_cpp;rosidl_typesupport_introspection_cpp
-- Found PythonInterp: /usr/bin/python3 (found suitable version "3.10.12", minimum required is "3.6") 
-- Found python_cmake_module: 0.10.0 (/opt/ros/humble/share/python_cmake_module/cmake)
-- Found PythonLibs: /usr/lib/x86_64-linux-gnu/libpython3.10.so (found suitable version "3.10.12", minimum required is "3.5") 
-- Using PYTHON_EXECUTABLE: /usr/bin/python3
-- Using PYTHON_INCLUDE_DIRS: /usr/include/python3.10
-- Using PYTHON_LIBRARIES: /usr/lib/x86_64-linux-gnu/libpython3.10.so
-- Found PythonExtra: .so  
-- Configuring done
-- Generating done
-- Build files have been written to: /home/fectec151/Downloads/Projects/vanttec_sdv/build/sdv_msgs
[  0%] [34m[1mGenerating C code for ROS interfaces[0m
[  0%] [34m[1mGenerating C++ code for ROS interfaces[0m
[  0%] Built target ament_cmake_python_copy_sdv_msgs
running egg_info
creating sdv_msgs.egg-info
writing sdv_msgs.egg-info/PKG-INFO
writing dependency_links to sdv_msgs.egg-info/dependency_links.txt
writing top-level names to sdv_msgs.egg-info/top_level.txt
writing manifest file 'sdv_msgs.egg-info/SOURCES.txt'
reading manifest file 'sdv_msgs.egg-info/SOURCES.txt'
writing manifest file 'sdv_msgs.egg-info/SOURCES.txt'
[  0%] Built target ament_cmake_python_build_sdv_msgs_egg
[  0%] Built target sdv_msgs__cpp
[  1%] [34m[1mGenerating C++ type support dispatch for ROS interfaces[0m
[  2%] [34m[1mGenerating C++ type support for eProsima Fast-RTPS[0m
[  2%] [34m[1mGenerating C++ introspection for ROS interfaces[0m
[  3%] [32mBuilding C object CMakeFiles/sdv_msgs__rosidl_generator_c.dir/rosidl_generator_c/sdv_msgs/msg/detail/xbox_msg__functions.c.o[0m
[  3%] [32mBuilding C object CMakeFiles/sdv_msgs__rosidl_generator_c.dir/rosidl_generator_c/sdv_msgs/msg/detail/lane_invasion_event__functions.c.o[0m
[  3%] [32mBuilding C object CMakeFiles/sdv_msgs__rosidl_generator_c.dir/rosidl_generator_c/sdv_msgs/msg/detail/panel_msg__functions.c.o[0m
[  4%] [32mBuilding C object CMakeFiles/sdv_msgs__rosidl_generator_c.dir/rosidl_generator_c/sdv_msgs/msg/detail/collision_event__functions.c.o[0m
[  5%] [32mBuilding C object CMakeFiles/sdv_msgs__rosidl_generator_c.dir/rosidl_generator_c/sdv_msgs/msg/detail/throttle_msg__functions.c.o[0m
[  6%] [32mBuilding C object CMakeFiles/sdv_msgs__rosidl_generator_c.dir/rosidl_generator_c/sdv_msgs/msg/detail/state__functions.c.o[0m
[  6%] [32mBuilding C object CMakeFiles/sdv_msgs__rosidl_generator_c.dir/rosidl_generator_c/sdv_msgs/msg/detail/vehicle_control__functions.c.o[0m
[  7%] [32mBuilding C object CMakeFiles/sdv_msgs__rosidl_generator_c.dir/rosidl_generator_c/sdv_msgs/msg/detail/vehicle_info__functions.c.o[0m
[  8%] [32mBuilding C object CMakeFiles/sdv_msgs__rosidl_generator_c.dir/rosidl_generator_c/sdv_msgs/msg/detail/status__functions.c.o[0m
[  8%] [32mBuilding C object CMakeFiles/sdv_msgs__rosidl_generator_c.dir/rosidl_generator_c/sdv_msgs/msg/detail/vehicle_info_wheel__functions.c.o[0m
[  9%] [32mBuilding C object CMakeFiles/sdv_msgs__rosidl_generator_c.dir/rosidl_generator_c/sdv_msgs/msg/detail/vehicle_status__functions.c.o[0m
[ 10%] [32mBuilding C object CMakeFiles/sdv_msgs__rosidl_generator_c.dir/rosidl_generator_c/sdv_msgs/msg/detail/guidance_waypoints__functions.c.o[0m
[ 11%] [32mBuilding C object CMakeFiles/sdv_msgs__rosidl_generator_c.dir/rosidl_generator_c/sdv_msgs/msg/detail/eta_pose__functions.c.o[0m
[ 11%] [32mBuilding C object CMakeFiles/sdv_msgs__rosidl_generator_c.dir/rosidl_generator_c/sdv_msgs/msg/detail/system_dynamics__functions.c.o[0m
[ 12%] [32mBuilding C object CMakeFiles/sdv_msgs__rosidl_generator_c.dir/rosidl_generator_c/sdv_msgs/msg/detail/thrust_control__functions.c.o[0m
[ 12%] [32mBuilding C object CMakeFiles/sdv_msgs__rosidl_generator_c.dir/rosidl_generator_c/sdv_msgs/msg/detail/encoder__functions.c.o[0m
[ 13%] [32mBuilding C object CMakeFiles/sdv_msgs__rosidl_generator_c.dir/rosidl_generator_c/sdv_msgs/srv/detail/uint8__functions.c.o[0m
[ 14%] [32m[1mLinking C shared library libsdv_msgs__rosidl_generator_c.so[0m
[ 14%] Built target sdv_msgs__rosidl_generator_c
[ 16%] [34m[1mGenerating C type support dispatch for ROS interfaces[0m
[ 16%] [34m[1mGenerating C introspection for ROS interfaces[0m
[ 17%] [34m[1mGenerating C type support for eProsima Fast-RTPS[0m
[ 18%] [32mBuilding CXX object CMakeFiles/sdv_msgs__rosidl_typesupport_cpp.dir/rosidl_typesupport_cpp/sdv_msgs/msg/panel_msg__type_support.cpp.o[0m
[ 18%] [32mBuilding CXX object CMakeFiles/sdv_msgs__rosidl_typesupport_cpp.dir/rosidl_typesupport_cpp/sdv_msgs/msg/throttle_msg__type_support.cpp.o[0m
[ 18%] [32mBuilding CXX object CMakeFiles/sdv_msgs__rosidl_typesupport_cpp.dir/rosidl_typesupport_cpp/sdv_msgs/msg/status__type_support.cpp.o[0m
[ 18%] [32mBuilding CXX object CMakeFiles/sdv_msgs__rosidl_typesupport_cpp.dir/rosidl_typesupport_cpp/sdv_msgs/msg/state__type_support.cpp.o[0m
[ 19%] [32mBuilding CXX object CMakeFiles/sdv_msgs__rosidl_typesupport_cpp.dir/rosidl_typesupport_cpp/sdv_msgs/msg/collision_event__type_support.cpp.o[0m
[ 20%] [32mBuilding CXX object CMakeFiles/sdv_msgs__rosidl_typesupport_cpp.dir/rosidl_typesupport_cpp/sdv_msgs/msg/lane_invasion_event__type_support.cpp.o[0m
[ 21%] [32mBuilding CXX object CMakeFiles/sdv_msgs__rosidl_typesupport_cpp.dir/rosidl_typesupport_cpp/sdv_msgs/msg/xbox_msg__type_support.cpp.o[0m
[ 22%] [32mBuilding CXX object CMakeFiles/sdv_msgs__rosidl_typesupport_cpp.dir/rosidl_typesupport_cpp/sdv_msgs/msg/vehicle_control__type_support.cpp.o[0m
[ 23%] [32mBuilding CXX object CMakeFiles/sdv_msgs__rosidl_typesupport_cpp.dir/rosidl_typesupport_cpp/sdv_msgs/msg/vehicle_info__type_support.cpp.o[0m
[ 23%] [32mBuilding CXX object CMakeFiles/sdv_msgs__rosidl_typesupport_cpp.dir/rosidl_typesupport_cpp/sdv_msgs/msg/vehicle_status__type_support.cpp.o[0m
[ 24%] [32mBuilding CXX object CMakeFiles/sdv_msgs__rosidl_typesupport_cpp.dir/rosidl_typesupport_cpp/sdv_msgs/msg/vehicle_info_wheel__type_support.cpp.o[0m
[ 24%] [32mBuilding CXX object CMakeFiles/sdv_msgs__rosidl_typesupport_cpp.dir/rosidl_typesupport_cpp/sdv_msgs/msg/guidance_waypoints__type_support.cpp.o[0m
[ 25%] [32mBuilding CXX object CMakeFiles/sdv_msgs__rosidl_typesupport_cpp.dir/rosidl_typesupport_cpp/sdv_msgs/msg/eta_pose__type_support.cpp.o[0m
[ 26%] [32mBuilding CXX object CMakeFiles/sdv_msgs__rosidl_typesupport_c.dir/rosidl_typesupport_c/sdv_msgs/msg/panel_msg__type_support.cpp.o[0m
[ 27%] [32mBuilding CXX object CMakeFiles/sdv_msgs__rosidl_typesupport_introspection_cpp.dir/rosidl_typesupport_introspection_cpp/sdv_msgs/msg/detail/state__type_support.cpp.o[0m
[ 27%] [32mBuilding CXX object CMakeFiles/sdv_msgs__rosidl_typesupport_c.dir/rosidl_typesupport_c/sdv_msgs/msg/state__type_support.cpp.o[0m
[ 27%] [32mBuilding CXX object CMakeFiles/sdv_msgs__rosidl_typesupport_introspection_cpp.dir/rosidl_typesupport_introspection_cpp/sdv_msgs/msg/detail/panel_msg__type_support.cpp.o[0m
[ 28%] [32mBuilding CXX object CMakeFiles/sdv_msgs__rosidl_typesupport_c.dir/rosidl_typesupport_c/sdv_msgs/msg/xbox_msg__type_support.cpp.o[0m
[ 29%] [32mBuilding CXX object CMakeFiles/sdv_msgs__rosidl_typesupport_cpp.dir/rosidl_typesupport_cpp/sdv_msgs/msg/system_dynamics__type_support.cpp.o[0m
[ 29%] [32mBuilding CXX object CMakeFiles/sdv_msgs__rosidl_typesupport_c.dir/rosidl_typesupport_c/sdv_msgs/msg/throttle_msg__type_support.cpp.o[0m
[ 30%] [32mBuilding CXX object CMakeFiles/sdv_msgs__rosidl_typesupport_c.dir/rosidl_typesupport_c/sdv_msgs/msg/collision_event__type_support.cpp.o[0m
[ 30%] [32mBuilding CXX object CMakeFiles/sdv_msgs__rosidl_typesupport_c.dir/rosidl_typesupport_c/sdv_msgs/msg/lane_invasion_event__type_support.cpp.o[0m
[ 31%] [32mBuilding CXX object CMakeFiles/sdv_msgs__rosidl_typesupport_c.dir/rosidl_typesupport_c/sdv_msgs/msg/status__type_support.cpp.o[0m
[ 31%] [32mBuilding CXX object CMakeFiles/sdv_msgs__rosidl_typesupport_cpp.dir/rosidl_typesupport_cpp/sdv_msgs/msg/thrust_control__type_support.cpp.o[0m
[ 32%] [32mBuilding CXX object CMakeFiles/sdv_msgs__rosidl_typesupport_cpp.dir/rosidl_typesupport_cpp/sdv_msgs/msg/encoder__type_support.cpp.o[0m
[ 33%] [32mBuilding CXX object CMakeFiles/sdv_msgs__rosidl_typesupport_fastrtps_cpp.dir/rosidl_typesupport_fastrtps_cpp/sdv_msgs/msg/detail/dds_fastrtps/state__type_support.cpp.o[0m
[ 34%] [32mBuilding CXX object CMakeFiles/sdv_msgs__rosidl_typesupport_c.dir/rosidl_typesupport_c/sdv_msgs/msg/vehicle_control__type_support.cpp.o[0m
[ 34%] [32mBuilding CXX object CMakeFiles/sdv_msgs__rosidl_typesupport_fastrtps_cpp.dir/rosidl_typesupport_fastrtps_cpp/sdv_msgs/msg/detail/dds_fastrtps/panel_msg__type_support.cpp.o[0m
[ 34%] [32mBuilding CXX object CMakeFiles/sdv_msgs__rosidl_typesupport_c.dir/rosidl_typesupport_c/sdv_msgs/msg/vehicle_info__type_support.cpp.o[0m
[ 35%] [32mBuilding CXX object CMakeFiles/sdv_msgs__rosidl_typesupport_c.dir/rosidl_typesupport_c/sdv_msgs/msg/vehicle_status__type_support.cpp.o[0m
[ 36%] [32mBuilding CXX object CMakeFiles/sdv_msgs__rosidl_typesupport_fastrtps_cpp.dir/rosidl_typesupport_fastrtps_cpp/sdv_msgs/msg/detail/dds_fastrtps/xbox_msg__type_support.cpp.o[0m
[ 37%] [32mBuilding CXX object CMakeFiles/sdv_msgs__rosidl_typesupport_c.dir/rosidl_typesupport_c/sdv_msgs/msg/vehicle_info_wheel__type_support.cpp.o[0m
[ 37%] [32mBuilding CXX object CMakeFiles/sdv_msgs__rosidl_typesupport_c.dir/rosidl_typesupport_c/sdv_msgs/msg/guidance_waypoints__type_support.cpp.o[0m
[ 38%] [32mBuilding CXX object CMakeFiles/sdv_msgs__rosidl_typesupport_c.dir/rosidl_typesupport_c/sdv_msgs/msg/eta_pose__type_support.cpp.o[0m
[ 39%] [32mBuilding C object CMakeFiles/sdv_msgs__rosidl_typesupport_introspection_c.dir/rosidl_typesupport_introspection_c/sdv_msgs/msg/detail/state__type_support.c.o[0m
[ 39%] [32mBuilding CXX object CMakeFiles/sdv_msgs__rosidl_typesupport_c.dir/rosidl_typesupport_c/sdv_msgs/msg/system_dynamics__type_support.cpp.o[0m
[ 40%] [32mBuilding CXX object CMakeFiles/sdv_msgs__rosidl_typesupport_c.dir/rosidl_typesupport_c/sdv_msgs/msg/thrust_control__type_support.cpp.o[0m
[ 41%] [32mBuilding CXX object CMakeFiles/sdv_msgs__rosidl_typesupport_introspection_cpp.dir/rosidl_typesupport_introspection_cpp/sdv_msgs/msg/detail/xbox_msg__type_support.cpp.o[0m
[ 41%] [32mBuilding C object CMakeFiles/sdv_msgs__rosidl_typesupport_introspection_c.dir/rosidl_typesupport_introspection_c/sdv_msgs/msg/detail/panel_msg__type_support.c.o[0m
[ 42%] [32mBuilding C object CMakeFiles/sdv_msgs__rosidl_typesupport_introspection_c.dir/rosidl_typesupport_introspection_c/sdv_msgs/msg/detail/xbox_msg__type_support.c.o[0m
[ 43%] [32mBuilding CXX object CMakeFiles/sdv_msgs__rosidl_typesupport_c.dir/rosidl_typesupport_c/sdv_msgs/msg/encoder__type_support.cpp.o[0m
[ 44%] [32mBuilding CXX object CMakeFiles/sdv_msgs__rosidl_typesupport_cpp.dir/rosidl_typesupport_cpp/sdv_msgs/srv/uint8__type_support.cpp.o[0m
[ 45%] [32mBuilding CXX object CMakeFiles/sdv_msgs__rosidl_typesupport_introspection_cpp.dir/rosidl_typesupport_introspection_cpp/sdv_msgs/msg/detail/throttle_msg__type_support.cpp.o[0m
[ 45%] [32mBuilding CXX object CMakeFiles/sdv_msgs__rosidl_typesupport_introspection_cpp.dir/rosidl_typesupport_introspection_cpp/sdv_msgs/msg/detail/collision_event__type_support.cpp.o[0m
[ 45%] [32mBuilding C object CMakeFiles/sdv_msgs__rosidl_typesupport_introspection_c.dir/rosidl_typesupport_introspection_c/sdv_msgs/msg/detail/throttle_msg__type_support.c.o[0m
[ 46%] [32mBuilding C object CMakeFiles/sdv_msgs__rosidl_typesupport_introspection_c.dir/rosidl_typesupport_introspection_c/sdv_msgs/msg/detail/collision_event__type_support.c.o[0m
[ 46%] [32mBuilding CXX object CMakeFiles/sdv_msgs__rosidl_typesupport_c.dir/rosidl_typesupport_c/sdv_msgs/srv/uint8__type_support.cpp.o[0m
[ 47%] [32mBuilding CXX object CMakeFiles/sdv_msgs__rosidl_typesupport_introspection_cpp.dir/rosidl_typesupport_introspection_cpp/sdv_msgs/msg/detail/lane_invasion_event__type_support.cpp.o[0m
[ 48%] [32mBuilding C object CMakeFiles/sdv_msgs__rosidl_typesupport_introspection_c.dir/rosidl_typesupport_introspection_c/sdv_msgs/msg/detail/lane_invasion_event__type_support.c.o[0m
[ 48%] [32mBuilding C object CMakeFiles/sdv_msgs__rosidl_typesupport_introspection_c.dir/rosidl_typesupport_introspection_c/sdv_msgs/msg/detail/status__type_support.c.o[0m
[ 49%] [32mBuilding CXX object CMakeFiles/sdv_msgs__rosidl_typesupport_fastrtps_cpp.dir/rosidl_typesupport_fastrtps_cpp/sdv_msgs/msg/detail/dds_fastrtps/throttle_msg__type_support.cpp.o[0m
[ 50%] [32m[1mLinking CXX shared library libsdv_msgs__rosidl_typesupport_c.so[0m
[ 51%] [32mBuilding C object CMakeFiles/sdv_msgs__rosidl_typesupport_introspection_c.dir/rosidl_typesupport_introspection_c/sdv_msgs/msg/detail/vehicle_control__type_support.c.o[0m
[ 52%] [32mBuilding C object CMakeFiles/sdv_msgs__rosidl_typesupport_introspection_c.dir/rosidl_typesupport_introspection_c/sdv_msgs/msg/detail/vehicle_info__type_support.c.o[0m
[ 52%] [32mBuilding C object CMakeFiles/sdv_msgs__rosidl_typesupport_introspection_c.dir/rosidl_typesupport_introspection_c/sdv_msgs/msg/detail/vehicle_status__type_support.c.o[0m
[ 52%] [32mBuilding CXX object CMakeFiles/sdv_msgs__rosidl_typesupport_fastrtps_cpp.dir/rosidl_typesupport_fastrtps_cpp/sdv_msgs/msg/detail/dds_fastrtps/collision_event__type_support.cpp.o[0m
[ 52%] Built target sdv_msgs__rosidl_typesupport_c
[ 53%] [32mBuilding C object CMakeFiles/sdv_msgs__rosidl_typesupport_introspection_c.dir/rosidl_typesupport_introspection_c/sdv_msgs/msg/detail/vehicle_info_wheel__type_support.c.o[0m
[ 53%] [32mBuilding CXX object CMakeFiles/sdv_msgs__rosidl_typesupport_fastrtps_c.dir/rosidl_typesupport_fastrtps_c/sdv_msgs/msg/detail/state__type_support_c.cpp.o[0m
[ 54%] [32mBuilding C object CMakeFiles/sdv_msgs__rosidl_typesupport_introspection_c.dir/rosidl_typesupport_introspection_c/sdv_msgs/msg/detail/guidance_waypoints__type_support.c.o[0m
[ 55%] [32mBuilding CXX object CMakeFiles/sdv_msgs__rosidl_typesupport_fastrtps_c.dir/rosidl_typesupport_fastrtps_c/sdv_msgs/msg/detail/panel_msg__type_support_c.cpp.o[0m
[ 56%] [32mBuilding CXX object CMakeFiles/sdv_msgs__rosidl_typesupport_fastrtps_c.dir/rosidl_typesupport_fastrtps_c/sdv_msgs/msg/detail/xbox_msg__type_support_c.cpp.o[0m
[ 56%] [32m[1mLinking CXX shared library libsdv_msgs__rosidl_typesupport_cpp.so[0m
[ 57%] [32mBuilding CXX object CMakeFiles/sdv_msgs__rosidl_typesupport_introspection_cpp.dir/rosidl_typesupport_introspection_cpp/sdv_msgs/msg/detail/status__type_support.cpp.o[0m
[ 57%] [32mBuilding C object CMakeFiles/sdv_msgs__rosidl_typesupport_introspection_c.dir/rosidl_typesupport_introspection_c/sdv_msgs/msg/detail/eta_pose__type_support.c.o[0m
[ 57%] [32mBuilding CXX object CMakeFiles/sdv_msgs__rosidl_typesupport_introspection_cpp.dir/rosidl_typesupport_introspection_cpp/sdv_msgs/msg/detail/vehicle_control__type_support.cpp.o[0m
[ 58%] [32mBuilding C object CMakeFiles/sdv_msgs__rosidl_typesupport_introspection_c.dir/rosidl_typesupport_introspection_c/sdv_msgs/msg/detail/system_dynamics__type_support.c.o[0m
[ 58%] Built target sdv_msgs__rosidl_typesupport_cpp
[ 59%] [32mBuilding CXX object CMakeFiles/sdv_msgs__rosidl_typesupport_introspection_cpp.dir/rosidl_typesupport_introspection_cpp/sdv_msgs/msg/detail/vehicle_info__type_support.cpp.o[0m
[ 59%] [32mBuilding C object CMakeFiles/sdv_msgs__rosidl_typesupport_introspection_c.dir/rosidl_typesupport_introspection_c/sdv_msgs/msg/detail/thrust_control__type_support.c.o[0m
[ 59%] [32mBuilding CXX object CMakeFiles/sdv_msgs__rosidl_typesupport_introspection_cpp.dir/rosidl_typesupport_introspection_cpp/sdv_msgs/msg/detail/vehicle_status__type_support.cpp.o[0m
[ 60%] [32mBuilding CXX object CMakeFiles/sdv_msgs__rosidl_typesupport_introspection_cpp.dir/rosidl_typesupport_introspection_cpp/sdv_msgs/msg/detail/vehicle_info_wheel__type_support.cpp.o[0m
[ 61%] [32mBuilding C object CMakeFiles/sdv_msgs__rosidl_typesupport_introspection_c.dir/rosidl_typesupport_introspection_c/sdv_msgs/msg/detail/encoder__type_support.c.o[0m
[ 61%] [32mBuilding CXX object CMakeFiles/sdv_msgs__rosidl_typesupport_fastrtps_c.dir/rosidl_typesupport_fastrtps_c/sdv_msgs/msg/detail/throttle_msg__type_support_c.cpp.o[0m
[ 62%] [32mBuilding C object CMakeFiles/sdv_msgs__rosidl_typesupport_introspection_c.dir/rosidl_typesupport_introspection_c/sdv_msgs/srv/detail/uint8__type_support.c.o[0m
[ 63%] [32mBuilding CXX object CMakeFiles/sdv_msgs__rosidl_typesupport_introspection_cpp.dir/rosidl_typesupport_introspection_cpp/sdv_msgs/msg/detail/guidance_waypoints__type_support.cpp.o[0m
[ 63%] [32mBuilding CXX object CMakeFiles/sdv_msgs__rosidl_typesupport_fastrtps_cpp.dir/rosidl_typesupport_fastrtps_cpp/sdv_msgs/msg/detail/dds_fastrtps/status__type_support.cpp.o[0m
[ 64%] [32mBuilding CXX object CMakeFiles/sdv_msgs__rosidl_typesupport_fastrtps_cpp.dir/rosidl_typesupport_fastrtps_cpp/sdv_msgs/msg/detail/dds_fastrtps/lane_invasion_event__type_support.cpp.o[0m
[ 64%] [32m[1mLinking C shared library libsdv_msgs__rosidl_typesupport_introspection_c.so[0m
[ 64%] Built target sdv_msgs__rosidl_typesupport_introspection_c
[ 65%] [32mBuilding CXX object CMakeFiles/sdv_msgs__rosidl_typesupport_fastrtps_c.dir/rosidl_typesupport_fastrtps_c/sdv_msgs/msg/detail/collision_event__type_support_c.cpp.o[0m
[ 65%] [32mBuilding CXX object CMakeFiles/sdv_msgs__rosidl_typesupport_introspection_cpp.dir/rosidl_typesupport_introspection_cpp/sdv_msgs/msg/detail/eta_pose__type_support.cpp.o[0m
[ 66%] [32mBuilding CXX object CMakeFiles/sdv_msgs__rosidl_typesupport_fastrtps_cpp.dir/rosidl_typesupport_fastrtps_cpp/sdv_msgs/msg/detail/dds_fastrtps/vehicle_control__type_support.cpp.o[0m
[ 67%] [32mBuilding CXX object CMakeFiles/sdv_msgs__rosidl_typesupport_fastrtps_c.dir/rosidl_typesupport_fastrtps_c/sdv_msgs/msg/detail/lane_invasion_event__type_support_c.cpp.o[0m
[ 68%] [32mBuilding CXX object CMakeFiles/sdv_msgs__rosidl_typesupport_introspection_cpp.dir/rosidl_typesupport_introspection_cpp/sdv_msgs/msg/detail/system_dynamics__type_support.cpp.o[0m
[ 69%] [32mBuilding CXX object CMakeFiles/sdv_msgs__rosidl_typesupport_introspection_cpp.dir/rosidl_typesupport_introspection_cpp/sdv_msgs/msg/detail/thrust_control__type_support.cpp.o[0m
[ 69%] [32mBuilding CXX object CMakeFiles/sdv_msgs__rosidl_typesupport_introspection_cpp.dir/rosidl_typesupport_introspection_cpp/sdv_msgs/msg/detail/encoder__type_support.cpp.o[0m
[ 70%] [32mBuilding CXX object CMakeFiles/sdv_msgs__rosidl_typesupport_introspection_cpp.dir/rosidl_typesupport_introspection_cpp/sdv_msgs/srv/detail/uint8__type_support.cpp.o[0m
[ 70%] [32mBuilding CXX object CMakeFiles/sdv_msgs__rosidl_typesupport_fastrtps_c.dir/rosidl_typesupport_fastrtps_c/sdv_msgs/msg/detail/status__type_support_c.cpp.o[0m
[ 71%] [32mBuilding CXX object CMakeFiles/sdv_msgs__rosidl_typesupport_fastrtps_c.dir/rosidl_typesupport_fastrtps_c/sdv_msgs/msg/detail/vehicle_control__type_support_c.cpp.o[0m
[ 71%] [32mBuilding CXX object CMakeFiles/sdv_msgs__rosidl_typesupport_fastrtps_c.dir/rosidl_typesupport_fastrtps_c/sdv_msgs/msg/detail/vehicle_info__type_support_c.cpp.o[0m
[ 72%] [32mBuilding CXX object CMakeFiles/sdv_msgs__rosidl_typesupport_fastrtps_cpp.dir/rosidl_typesupport_fastrtps_cpp/sdv_msgs/msg/detail/dds_fastrtps/vehicle_info__type_support.cpp.o[0m
[ 73%] [32mBuilding CXX object CMakeFiles/sdv_msgs__rosidl_typesupport_fastrtps_c.dir/rosidl_typesupport_fastrtps_c/sdv_msgs/msg/detail/vehicle_status__type_support_c.cpp.o[0m
[ 74%] [32mBuilding CXX object CMakeFiles/sdv_msgs__rosidl_typesupport_fastrtps_c.dir/rosidl_typesupport_fastrtps_c/sdv_msgs/msg/detail/vehicle_info_wheel__type_support_c.cpp.o[0m
[ 74%] [32mBuilding CXX object CMakeFiles/sdv_msgs__rosidl_typesupport_fastrtps_c.dir/rosidl_typesupport_fastrtps_c/sdv_msgs/msg/detail/guidance_waypoints__type_support_c.cpp.o[0m
[ 75%] [32mBuilding CXX object CMakeFiles/sdv_msgs__rosidl_typesupport_fastrtps_c.dir/rosidl_typesupport_fastrtps_c/sdv_msgs/msg/detail/eta_pose__type_support_c.cpp.o[0m
[ 76%] [32mBuilding CXX object CMakeFiles/sdv_msgs__rosidl_typesupport_fastrtps_c.dir/rosidl_typesupport_fastrtps_c/sdv_msgs/msg/detail/system_dynamics__type_support_c.cpp.o[0m
[ 76%] [32mBuilding CXX object CMakeFiles/sdv_msgs__rosidl_typesupport_fastrtps_cpp.dir/rosidl_typesupport_fastrtps_cpp/sdv_msgs/msg/detail/dds_fastrtps/vehicle_status__type_support.cpp.o[0m
[ 77%] [32mBuilding CXX object CMakeFiles/sdv_msgs__rosidl_typesupport_fastrtps_cpp.dir/rosidl_typesupport_fastrtps_cpp/sdv_msgs/msg/detail/dds_fastrtps/vehicle_info_wheel__type_support.cpp.o[0m
[ 77%] [32mBuilding CXX object CMakeFiles/sdv_msgs__rosidl_typesupport_fastrtps_c.dir/rosidl_typesupport_fastrtps_c/sdv_msgs/msg/detail/thrust_control__type_support_c.cpp.o[0m
[ 78%] [32mBuilding CXX object CMakeFiles/sdv_msgs__rosidl_typesupport_fastrtps_cpp.dir/rosidl_typesupport_fastrtps_cpp/sdv_msgs/msg/detail/dds_fastrtps/guidance_waypoints__type_support.cpp.o[0m
[ 79%] [32mBuilding CXX object CMakeFiles/sdv_msgs__rosidl_typesupport_fastrtps_c.dir/rosidl_typesupport_fastrtps_c/sdv_msgs/msg/detail/encoder__type_support_c.cpp.o[0m
[ 79%] [32mBuilding CXX object CMakeFiles/sdv_msgs__rosidl_typesupport_fastrtps_cpp.dir/rosidl_typesupport_fastrtps_cpp/sdv_msgs/msg/detail/dds_fastrtps/eta_pose__type_support.cpp.o[0m
[ 80%] [32mBuilding CXX object CMakeFiles/sdv_msgs__rosidl_typesupport_fastrtps_c.dir/rosidl_typesupport_fastrtps_c/sdv_msgs/srv/detail/uint8__type_support_c.cpp.o[0m
[ 81%] [32mBuilding CXX object CMakeFiles/sdv_msgs__rosidl_typesupport_fastrtps_cpp.dir/rosidl_typesupport_fastrtps_cpp/sdv_msgs/msg/detail/dds_fastrtps/system_dynamics__type_support.cpp.o[0m
[ 82%] [32m[1mLinking CXX shared library libsdv_msgs__rosidl_typesupport_introspection_cpp.so[0m
[ 82%] [32mBuilding CXX object CMakeFiles/sdv_msgs__rosidl_typesupport_fastrtps_cpp.dir/rosidl_typesupport_fastrtps_cpp/sdv_msgs/msg/detail/dds_fastrtps/thrust_control__type_support.cpp.o[0m
[ 83%] [32mBuilding CXX object CMakeFiles/sdv_msgs__rosidl_typesupport_fastrtps_cpp.dir/rosidl_typesupport_fastrtps_cpp/sdv_msgs/msg/detail/dds_fastrtps/encoder__type_support.cpp.o[0m
[ 84%] [32mBuilding CXX object CMakeFiles/sdv_msgs__rosidl_typesupport_fastrtps_cpp.dir/rosidl_typesupport_fastrtps_cpp/sdv_msgs/srv/detail/dds_fastrtps/uint8__type_support.cpp.o[0m
[ 84%] Built target sdv_msgs__rosidl_typesupport_introspection_cpp
[ 84%] [32m[1mLinking CXX shared library libsdv_msgs__rosidl_typesupport_fastrtps_c.so[0m
[ 84%] Built target sdv_msgs__rosidl_typesupport_fastrtps_c
[ 84%] [32m[1mLinking CXX shared library libsdv_msgs__rosidl_typesupport_fastrtps_cpp.so[0m
[ 84%] Built target sdv_msgs__rosidl_typesupport_fastrtps_cpp
[ 84%] Built target sdv_msgs
[ 85%] [34m[1mGenerating Python code for ROS interfaces[0m
[ 85%] Built target sdv_msgs__py
[ 85%] [32mBuilding C object CMakeFiles/sdv_msgs__rosidl_generator_py.dir/rosidl_generator_py/sdv_msgs/msg/_state_s.c.o[0m
[ 86%] [32mBuilding C object CMakeFiles/sdv_msgs__rosidl_generator_py.dir/rosidl_generator_py/sdv_msgs/msg/_xbox_msg_s.c.o[0m
[ 87%] [32mBuilding C object CMakeFiles/sdv_msgs__rosidl_generator_py.dir/rosidl_generator_py/sdv_msgs/msg/_panel_msg_s.c.o[0m
[ 88%] [32mBuilding C object CMakeFiles/sdv_msgs__rosidl_generator_py.dir/rosidl_generator_py/sdv_msgs/msg/_collision_event_s.c.o[0m
[ 88%] [32mBuilding C object CMakeFiles/sdv_msgs__rosidl_generator_py.dir/rosidl_generator_py/sdv_msgs/msg/_lane_invasion_event_s.c.o[0m
[ 88%] [32mBuilding C object CMakeFiles/sdv_msgs__rosidl_generator_py.dir/rosidl_generator_py/sdv_msgs/msg/_throttle_msg_s.c.o[0m
[ 89%] [32mBuilding C object CMakeFiles/sdv_msgs__rosidl_generator_py.dir/rosidl_generator_py/sdv_msgs/msg/_status_s.c.o[0m
[ 89%] [32mBuilding C object CMakeFiles/sdv_msgs__rosidl_generator_py.dir/rosidl_generator_py/sdv_msgs/msg/_guidance_waypoints_s.c.o[0m
[ 91%] [32mBuilding C object CMakeFiles/sdv_msgs__rosidl_generator_py.dir/rosidl_generator_py/sdv_msgs/msg/_eta_pose_s.c.o[0m
[ 91%] [32mBuilding C object CMakeFiles/sdv_msgs__rosidl_generator_py.dir/rosidl_generator_py/sdv_msgs/msg/_system_dynamics_s.c.o[0m
[ 91%] [32mBuilding C object CMakeFiles/sdv_msgs__rosidl_generator_py.dir/rosidl_generator_py/sdv_msgs/msg/_thrust_control_s.c.o[0m
[ 92%] [32mBuilding C object CMakeFiles/sdv_msgs__rosidl_generator_py.dir/rosidl_generator_py/sdv_msgs/msg/_encoder_s.c.o[0m
[ 92%] [32mBuilding C object CMakeFiles/sdv_msgs__rosidl_generator_py.dir/rosidl_generator_py/sdv_msgs/srv/_uint8_s.c.o[0m
[ 93%] [32mBuilding C object CMakeFiles/sdv_msgs__rosidl_generator_py.dir/rosidl_generator_py/sdv_msgs/msg/_vehicle_info_wheel_s.c.o[0m
[ 94%] [32mBuilding C object CMakeFiles/sdv_msgs__rosidl_generator_py.dir/rosidl_generator_py/sdv_msgs/msg/_vehicle_status_s.c.o[0m
[ 94%] [32mBuilding C object CMakeFiles/sdv_msgs__rosidl_generator_py.dir/rosidl_generator_py/sdv_msgs/msg/_vehicle_info_s.c.o[0m
[ 95%] [32mBuilding C object CMakeFiles/sdv_msgs__rosidl_generator_py.dir/rosidl_generator_py/sdv_msgs/msg/_vehicle_control_s.c.o[0m
[ 96%] [32m[1mLinking C shared library rosidl_generator_py/sdv_msgs/libsdv_msgs__rosidl_generator_py.so[0m
[ 96%] Built target sdv_msgs__rosidl_generator_py
[ 97%] [32mBuilding C object CMakeFiles/sdv_msgs__rosidl_typesupport_introspection_c__pyext.dir/rosidl_generator_py/sdv_msgs/_sdv_msgs_s.ep.rosidl_typesupport_introspection_c.c.o[0m
[ 98%] [32mBuilding C object CMakeFiles/sdv_msgs__rosidl_typesupport_fastrtps_c__pyext.dir/rosidl_generator_py/sdv_msgs/_sdv_msgs_s.ep.rosidl_typesupport_fastrtps_c.c.o[0m
[ 99%] [32mBuilding C object CMakeFiles/sdv_msgs__rosidl_typesupport_c__pyext.dir/rosidl_generator_py/sdv_msgs/_sdv_msgs_s.ep.rosidl_typesupport_c.c.o[0m
[ 99%] [32m[1mLinking C shared library rosidl_generator_py/sdv_msgs/sdv_msgs_s__rosidl_typesupport_fastrtps_c.cpython-310-x86_64-linux-gnu.so[0m
[100%] [32m[1mLinking C shared library rosidl_generator_py/sdv_msgs/sdv_msgs_s__rosidl_typesupport_introspection_c.cpython-310-x86_64-linux-gnu.so[0m
[100%] [32m[1mLinking C shared library rosidl_generator_py/sdv_msgs/sdv_msgs_s__rosidl_typesupport_c.cpython-310-x86_64-linux-gnu.so[0m
[100%] Built target sdv_msgs__rosidl_typesupport_fastrtps_c__pyext
[100%] Built target sdv_msgs__rosidl_typesupport_introspection_c__pyext
[100%] Built target sdv_msgs__rosidl_typesupport_c__pyext
-- Install configuration: ""
-- Installing: /home/fectec151/Downloads/Projects/vanttec_sdv/install/sdv_msgs/share/ament_index/resource_index/rosidl_interfaces/sdv_msgs
-- Installing: /home/fectec151/Downloads/Projects/vanttec_sdv/install/sdv_msgs/include/sdv_msgs/sdv_msgs
-- Installing: /home/fectec151/Downloads/Projects/vanttec_sdv/install/sdv_msgs/include/sdv_msgs/sdv_msgs/srv
-- Installing: /home/fectec151/Downloads/Projects/vanttec_sdv/install/sdv_msgs/include/sdv_msgs/sdv_msgs/srv/detail
-- Installing: /home/fectec151/Downloads/Projects/vanttec_sdv/install/sdv_msgs/include/sdv_msgs/sdv_msgs/srv/detail/uint8__functions.h
-- Installing: /home/fectec151/Downloads/Projects/vanttec_sdv/install/sdv_msgs/include/sdv_msgs/sdv_msgs/srv/detail/uint8__functions.c
-- Installing: /home/fectec151/Downloads/Projects/vanttec_sdv/install/sdv_msgs/include/sdv_msgs/sdv_msgs/srv/detail/uint8__struct.h
-- Installing: /home/fectec151/Downloads/Projects/vanttec_sdv/install/sdv_msgs/include/sdv_msgs/sdv_msgs/srv/detail/uint8__type_support.h
-- Installing: /home/fectec151/Downloads/Projects/vanttec_sdv/install/sdv_msgs/include/sdv_msgs/sdv_msgs/srv/uint8.h
-- Installing: /home/fectec151/Downloads/Projects/vanttec_sdv/install/sdv_msgs/include/sdv_msgs/sdv_msgs/msg
-- Installing: /home/fectec151/Downloads/Projects/vanttec_sdv/install/sdv_msgs/include/sdv_msgs/sdv_msgs/msg/vehicle_status.h
-- Installing: /home/fectec151/Downloads/Projects/vanttec_sdv/install/sdv_msgs/include/sdv_msgs/sdv_msgs/msg/vehicle_info.h
-- Installing: /home/fectec151/Downloads/Projects/vanttec_sdv/install/sdv_msgs/include/sdv_msgs/sdv_msgs/msg/lane_invasion_event.h
-- Installing: /home/fectec151/Downloads/Projects/vanttec_sdv/install/sdv_msgs/include/sdv_msgs/sdv_msgs/msg/vehicle_control.h
-- Installing: /home/fectec151/Downloads/Projects/vanttec_sdv/install/sdv_msgs/include/sdv_msgs/sdv_msgs/msg/encoder.h
-- Installing: /home/fectec151/Downloads/Projects/vanttec_sdv/install/sdv_msgs/include/sdv_msgs/sdv_msgs/msg/state.h
-- Installing: /home/fectec151/Downloads/Projects/vanttec_sdv/install/sdv_msgs/include/sdv_msgs/sdv_msgs/msg/panel_msg.h
-- Installing: /home/fectec151/Downloads/Projects/vanttec_sdv/install/sdv_msgs/include/sdv_msgs/sdv_msgs/msg/throttle_msg.h
-- Installing: /home/fectec151/Downloads/Projects/vanttec_sdv/install/sdv_msgs/include/sdv_msgs/sdv_msgs/msg/rosidl_generator_c__visibility_control.h
-- Installing: /home/fectec151/Downloads/Projects/vanttec_sdv/install/sdv_msgs/include/sdv_msgs/sdv_msgs/msg/xbox_msg.h
-- Installing: /home/fectec151/Downloads/Projects/vanttec_sdv/install/sdv_msgs/include/sdv_msgs/sdv_msgs/msg/vehicle_info_wheel.h
-- Installing: /home/fectec151/Downloads/Projects/vanttec_sdv/install/sdv_msgs/include/sdv_msgs/sdv_msgs/msg/collision_event.h
-- Installing: /home/fectec151/Downloads/Projects/vanttec_sdv/install/sdv_msgs/include/sdv_msgs/sdv_msgs/msg/eta_pose.h
-- Installing: /home/fectec151/Downloads/Projects/vanttec_sdv/install/sdv_msgs/include/sdv_msgs/sdv_msgs/msg/guidance_waypoints.h
-- Installing: /home/fectec151/Downloads/Projects/vanttec_sdv/install/sdv_msgs/include/sdv_msgs/sdv_msgs/msg/status.h
-- Installing: /home/fectec151/Downloads/Projects/vanttec_sdv/install/sdv_msgs/include/sdv_msgs/sdv_msgs/msg/system_dynamics.h
-- Installing: /home/fectec151/Downloads/Projects/vanttec_sdv/install/sdv_msgs/include/sdv_msgs/sdv_msgs/msg/thrust_control.h
-- Installing: /home/fectec151/Downloads/Projects/vanttec_sdv/install/sdv_msgs/include/sdv_msgs/sdv_msgs/msg/detail
-- Installing: /home/fectec151/Downloads/Projects/vanttec_sdv/install/sdv_msgs/include/sdv_msgs/sdv_msgs/msg/detail/vehicle_status__functions.c
-- Installing: /home/fectec151/Downloads/Projects/vanttec_sdv/install/sdv_msgs/include/sdv_msgs/sdv_msgs/msg/detail/thrust_control__functions.h
-- Installing: /home/fectec151/Downloads/Projects/vanttec_sdv/install/sdv_msgs/include/sdv_msgs/sdv_msgs/msg/detail/xbox_msg__functions.c
-- Installing: /home/fectec151/Downloads/Projects/vanttec_sdv/install/sdv_msgs/include/sdv_msgs/sdv_msgs/msg/detail/vehicle_status__functions.h
-- Installing: /home/fectec151/Downloads/Projects/vanttec_sdv/install/sdv_msgs/include/sdv_msgs/sdv_msgs/msg/detail/vehicle_info__struct.h
-- Installing: /home/fectec151/Downloads/Projects/vanttec_sdv/install/sdv_msgs/include/sdv_msgs/sdv_msgs/msg/detail/collision_event__functions.h
-- Installing: /home/fectec151/Downloads/Projects/vanttec_sdv/install/sdv_msgs/include/sdv_msgs/sdv_msgs/msg/detail/throttle_msg__functions.c
-- Installing: /home/fectec151/Downloads/Projects/vanttec_sdv/install/sdv_msgs/include/sdv_msgs/sdv_msgs/msg/detail/encoder__functions.c
-- Installing: /home/fectec151/Downloads/Projects/vanttec_sdv/install/sdv_msgs/include/sdv_msgs/sdv_msgs/msg/detail/system_dynamics__functions.h
-- Installing: /home/fectec151/Downloads/Projects/vanttec_sdv/install/sdv_msgs/include/sdv_msgs/sdv_msgs/msg/detail/vehicle_control__struct.h
-- Installing: /home/fectec151/Downloads/Projects/vanttec_sdv/install/sdv_msgs/include/sdv_msgs/sdv_msgs/msg/detail/vehicle_control__functions.c
-- Installing: /home/fectec151/Downloads/Projects/vanttec_sdv/install/sdv_msgs/include/sdv_msgs/sdv_msgs/msg/detail/xbox_msg__functions.h
-- Installing: /home/fectec151/Downloads/Projects/vanttec_sdv/install/sdv_msgs/include/sdv_msgs/sdv_msgs/msg/detail/throttle_msg__type_support.h
-- Installing: /home/fectec151/Downloads/Projects/vanttec_sdv/install/sdv_msgs/include/sdv_msgs/sdv_msgs/msg/detail/lane_invasion_event__struct.h
-- Installing: /home/fectec151/Downloads/Projects/vanttec_sdv/install/sdv_msgs/include/sdv_msgs/sdv_msgs/msg/detail/collision_event__struct.h
-- Installing: /home/fectec151/Downloads/Projects/vanttec_sdv/install/sdv_msgs/include/sdv_msgs/sdv_msgs/msg/detail/status__functions.c
-- Installing: /home/fectec151/Downloads/Projects/vanttec_sdv/install/sdv_msgs/include/sdv_msgs/sdv_msgs/msg/detail/vehicle_info__functions.h
-- Installing: /home/fectec151/Downloads/Projects/vanttec_sdv/install/sdv_msgs/include/sdv_msgs/sdv_msgs/msg/detail/eta_pose__functions.h
-- Installing: /home/fectec151/Downloads/Projects/vanttec_sdv/install/sdv_msgs/include/sdv_msgs/sdv_msgs/msg/detail/lane_invasion_event__functions.h
-- Installing: /home/fectec151/Downloads/Projects/vanttec_sdv/install/sdv_msgs/include/sdv_msgs/sdv_msgs/msg/detail/thrust_control__struct.h
-- Installing: /home/fectec151/Downloads/Projects/vanttec_sdv/install/sdv_msgs/include/sdv_msgs/sdv_msgs/msg/detail/vehicle_info_wheel__struct.h
-- Installing: /home/fectec151/Downloads/Projects/vanttec_sdv/install/sdv_msgs/include/sdv_msgs/sdv_msgs/msg/detail/system_dynamics__functions.c
-- Installing: /home/fectec151/Downloads/Projects/vanttec_sdv/install/sdv_msgs/include/sdv_msgs/sdv_msgs/msg/detail/panel_msg__struct.h
-- Installing: /home/fectec151/Downloads/Projects/vanttec_sdv/install/sdv_msgs/include/sdv_msgs/sdv_msgs/msg/detail/state__type_support.h
-- Installing: /home/fectec151/Downloads/Projects/vanttec_sdv/install/sdv_msgs/include/sdv_msgs/sdv_msgs/msg/detail/state__functions.h
-- Installing: /home/fectec151/Downloads/Projects/vanttec_sdv/install/sdv_msgs/include/sdv_msgs/sdv_msgs/msg/detail/vehicle_info_wheel__type_support.h
-- Installing: /home/fectec151/Downloads/Projects/vanttec_sdv/install/sdv_msgs/include/sdv_msgs/sdv_msgs/msg/detail/guidance_waypoints__struct.h
-- Installing: /home/fectec151/Downloads/Projects/vanttec_sdv/install/sdv_msgs/include/sdv_msgs/sdv_msgs/msg/detail/status__type_support.h
-- Installing: /home/fectec151/Downloads/Projects/vanttec_sdv/install/sdv_msgs/include/sdv_msgs/sdv_msgs/msg/detail/vehicle_info_wheel__functions.c
-- Installing: /home/fectec151/Downloads/Projects/vanttec_sdv/install/sdv_msgs/include/sdv_msgs/sdv_msgs/msg/detail/vehicle_control__type_support.h
-- Installing: /home/fectec151/Downloads/Projects/vanttec_sdv/install/sdv_msgs/include/sdv_msgs/sdv_msgs/msg/detail/vehicle_info_wheel__functions.h
-- Installing: /home/fectec151/Downloads/Projects/vanttec_sdv/install/sdv_msgs/include/sdv_msgs/sdv_msgs/msg/detail/panel_msg__functions.h
-- Installing: /home/fectec151/Downloads/Projects/vanttec_sdv/install/sdv_msgs/include/sdv_msgs/sdv_msgs/msg/detail/eta_pose__struct.h
-- Installing: /home/fectec151/Downloads/Projects/vanttec_sdv/install/sdv_msgs/include/sdv_msgs/sdv_msgs/msg/detail/thrust_control__functions.c
-- Installing: /home/fectec151/Downloads/Projects/vanttec_sdv/install/sdv_msgs/include/sdv_msgs/sdv_msgs/msg/detail/panel_msg__type_support.h
-- Installing: /home/fectec151/Downloads/Projects/vanttec_sdv/install/sdv_msgs/include/sdv_msgs/sdv_msgs/msg/detail/vehicle_status__struct.h
-- Installing: /home/fectec151/Downloads/Projects/vanttec_sdv/install/sdv_msgs/include/sdv_msgs/sdv_msgs/msg/detail/status__functions.h
-- Installing: /home/fectec151/Downloads/Projects/vanttec_sdv/install/sdv_msgs/include/sdv_msgs/sdv_msgs/msg/detail/state__functions.c
-- Installing: /home/fectec151/Downloads/Projects/vanttec_sdv/install/sdv_msgs/include/sdv_msgs/sdv_msgs/msg/detail/guidance_waypoints__type_support.h
-- Installing: /home/fectec151/Downloads/Projects/vanttec_sdv/install/sdv_msgs/include/sdv_msgs/sdv_msgs/msg/detail/status__struct.h
-- Installing: /home/fectec151/Downloads/Projects/vanttec_sdv/install/sdv_msgs/include/sdv_msgs/sdv_msgs/msg/detail/lane_invasion_event__functions.c
-- Installing: /home/fectec151/Downloads/Projects/vanttec_sdv/install/sdv_msgs/include/sdv_msgs/sdv_msgs/msg/detail/collision_event__type_support.h
-- Installing: /home/fectec151/Downloads/Projects/vanttec_sdv/install/sdv_msgs/include/sdv_msgs/sdv_msgs/msg/detail/state__struct.h
-- Installing: /home/fectec151/Downloads/Projects/vanttec_sdv/install/sdv_msgs/include/sdv_msgs/sdv_msgs/msg/detail/lane_invasion_event__type_support.h
-- Installing: /home/fectec151/Downloads/Projects/vanttec_sdv/install/sdv_msgs/include/sdv_msgs/sdv_msgs/msg/detail/vehicle_info__functions.c
-- Installing: /home/fectec151/Downloads/Projects/vanttec_sdv/install/sdv_msgs/include/sdv_msgs/sdv_msgs/msg/detail/xbox_msg__type_support.h
-- Installing: /home/fectec151/Downloads/Projects/vanttec_sdv/install/sdv_msgs/include/sdv_msgs/sdv_msgs/msg/detail/eta_pose__functions.c
-- Installing: /home/fectec151/Downloads/Projects/vanttec_sdv/install/sdv_msgs/include/sdv_msgs/sdv_msgs/msg/detail/vehicle_control__functions.h
-- Installing: /home/fectec151/Downloads/Projects/vanttec_sdv/install/sdv_msgs/include/sdv_msgs/sdv_msgs/msg/detail/throttle_msg__struct.h
-- Installing: /home/fectec151/Downloads/Projects/vanttec_sdv/install/sdv_msgs/include/sdv_msgs/sdv_msgs/msg/detail/encoder__struct.h
-- Installing: /home/fectec151/Downloads/Projects/vanttec_sdv/install/sdv_msgs/include/sdv_msgs/sdv_msgs/msg/detail/throttle_msg__functions.h
-- Installing: /home/fectec151/Downloads/Projects/vanttec_sdv/install/sdv_msgs/include/sdv_msgs/sdv_msgs/msg/detail/guidance_waypoints__functions.c
-- Installing: /home/fectec151/Downloads/Projects/vanttec_sdv/install/sdv_msgs/include/sdv_msgs/sdv_msgs/msg/detail/eta_pose__type_support.h
-- Installing: /home/fectec151/Downloads/Projects/vanttec_sdv/install/sdv_msgs/include/sdv_msgs/sdv_msgs/msg/detail/vehicle_info__type_support.h
-- Installing: /home/fectec151/Downloads/Projects/vanttec_sdv/install/sdv_msgs/include/sdv_msgs/sdv_msgs/msg/detail/system_dynamics__type_support.h
-- Installing: /home/fectec151/Downloads/Projects/vanttec_sdv/install/sdv_msgs/include/sdv_msgs/sdv_msgs/msg/detail/encoder__type_support.h
-- Installing: /home/fectec151/Downloads/Projects/vanttec_sdv/install/sdv_msgs/include/sdv_msgs/sdv_msgs/msg/detail/xbox_msg__struct.h
-- Installing: /home/fectec151/Downloads/Projects/vanttec_sdv/install/sdv_msgs/include/sdv_msgs/sdv_msgs/msg/detail/guidance_waypoints__functions.h
-- Installing: /home/fectec151/Downloads/Projects/vanttec_sdv/install/sdv_msgs/include/sdv_msgs/sdv_msgs/msg/detail/panel_msg__functions.c
-- Installing: /home/fectec151/Downloads/Projects/vanttec_sdv/install/sdv_msgs/include/sdv_msgs/sdv_msgs/msg/detail/system_dynamics__struct.h
-- Installing: /home/fectec151/Downloads/Projects/vanttec_sdv/install/sdv_msgs/include/sdv_msgs/sdv_msgs/msg/detail/thrust_control__type_support.h
-- Installing: /home/fectec151/Downloads/Projects/vanttec_sdv/install/sdv_msgs/include/sdv_msgs/sdv_msgs/msg/detail/vehicle_status__type_support.h
-- Installing: /home/fectec151/Downloads/Projects/vanttec_sdv/install/sdv_msgs/include/sdv_msgs/sdv_msgs/msg/detail/collision_event__functions.c
-- Installing: /home/fectec151/Downloads/Projects/vanttec_sdv/install/sdv_msgs/include/sdv_msgs/sdv_msgs/msg/detail/encoder__functions.h
-- Installing: /home/fectec151/Downloads/Projects/vanttec_sdv/install/sdv_msgs/share/sdv_msgs/environment/library_path.sh
-- Installing: /home/fectec151/Downloads/Projects/vanttec_sdv/install/sdv_msgs/share/sdv_msgs/environment/library_path.dsv
-- Installing: /home/fectec151/Downloads/Projects/vanttec_sdv/install/sdv_msgs/lib/libsdv_msgs__rosidl_generator_c.so
-- Set runtime path of "/home/fectec151/Downloads/Projects/vanttec_sdv/install/sdv_msgs/lib/libsdv_msgs__rosidl_generator_c.so" to ""
-- Up-to-date: /home/fectec151/Downloads/Projects/vanttec_sdv/install/sdv_msgs/include/sdv_msgs/sdv_msgs
-- Up-to-date: /home/fectec151/Downloads/Projects/vanttec_sdv/install/sdv_msgs/include/sdv_msgs/sdv_msgs/srv
-- Up-to-date: /home/fectec151/Downloads/Projects/vanttec_sdv/install/sdv_msgs/include/sdv_msgs/sdv_msgs/srv/detail
-- Installing: /home/fectec151/Downloads/Projects/vanttec_sdv/install/sdv_msgs/include/sdv_msgs/sdv_msgs/srv/detail/uint8__rosidl_typesupport_fastrtps_c.h
-- Up-to-date: /home/fectec151/Downloads/Projects/vanttec_sdv/install/sdv_msgs/include/sdv_msgs/sdv_msgs/msg
-- Installing: /home/fectec151/Downloads/Projects/vanttec_sdv/install/sdv_msgs/include/sdv_msgs/sdv_msgs/msg/rosidl_typesupport_fastrtps_c__visibility_control.h
-- Up-to-date: /home/fectec151/Downloads/Projects/vanttec_sdv/install/sdv_msgs/include/sdv_msgs/sdv_msgs/msg/detail
-- Installing: /home/fectec151/Downloads/Projects/vanttec_sdv/install/sdv_msgs/include/sdv_msgs/sdv_msgs/msg/detail/vehicle_control__rosidl_typesupport_fastrtps_c.h
-- Installing: /home/fectec151/Downloads/Projects/vanttec_sdv/install/sdv_msgs/include/sdv_msgs/sdv_msgs/msg/detail/vehicle_info_wheel__rosidl_typesupport_fastrtps_c.h
-- Installing: /home/fectec151/Downloads/Projects/vanttec_sdv/install/sdv_msgs/include/sdv_msgs/sdv_msgs/msg/detail/thrust_control__rosidl_typesupport_fastrtps_c.h
-- Installing: /home/fectec151/Downloads/Projects/vanttec_sdv/install/sdv_msgs/include/sdv_msgs/sdv_msgs/msg/detail/guidance_waypoints__rosidl_typesupport_fastrtps_c.h
-- Installing: /home/fectec151/Downloads/Projects/vanttec_sdv/install/sdv_msgs/include/sdv_msgs/sdv_msgs/msg/detail/xbox_msg__rosidl_typesupport_fastrtps_c.h
-- Installing: /home/fectec151/Downloads/Projects/vanttec_sdv/install/sdv_msgs/include/sdv_msgs/sdv_msgs/msg/detail/state__rosidl_typesupport_fastrtps_c.h
-- Installing: /home/fectec151/Downloads/Projects/vanttec_sdv/install/sdv_msgs/include/sdv_msgs/sdv_msgs/msg/detail/collision_event__rosidl_typesupport_fastrtps_c.h
-- Installing: /home/fectec151/Downloads/Projects/vanttec_sdv/install/sdv_msgs/include/sdv_msgs/sdv_msgs/msg/detail/eta_pose__rosidl_typesupport_fastrtps_c.h
-- Installing: /home/fectec151/Downloads/Projects/vanttec_sdv/install/sdv_msgs/include/sdv_msgs/sdv_msgs/msg/detail/vehicle_status__rosidl_typesupport_fastrtps_c.h
-- Installing: /home/fectec151/Downloads/Projects/vanttec_sdv/install/sdv_msgs/include/sdv_msgs/sdv_msgs/msg/detail/throttle_msg__rosidl_typesupport_fastrtps_c.h
-- Installing: /home/fectec151/Downloads/Projects/vanttec_sdv/install/sdv_msgs/include/sdv_msgs/sdv_msgs/msg/detail/lane_invasion_event__rosidl_typesupport_fastrtps_c.h
-- Installing: /home/fectec151/Downloads/Projects/vanttec_sdv/install/sdv_msgs/include/sdv_msgs/sdv_msgs/msg/detail/panel_msg__rosidl_typesupport_fastrtps_c.h
-- Installing: /home/fectec151/Downloads/Projects/vanttec_sdv/install/sdv_msgs/include/sdv_msgs/sdv_msgs/msg/detail/system_dynamics__rosidl_typesupport_fastrtps_c.h
-- Installing: /home/fectec151/Downloads/Projects/vanttec_sdv/install/sdv_msgs/include/sdv_msgs/sdv_msgs/msg/detail/status__rosidl_typesupport_fastrtps_c.h
-- Installing: /home/fectec151/Downloads/Projects/vanttec_sdv/install/sdv_msgs/include/sdv_msgs/sdv_msgs/msg/detail/encoder__rosidl_typesupport_fastrtps_c.h
-- Installing: /home/fectec151/Downloads/Projects/vanttec_sdv/install/sdv_msgs/include/sdv_msgs/sdv_msgs/msg/detail/vehicle_info__rosidl_typesupport_fastrtps_c.h
-- Installing: /home/fectec151/Downloads/Projects/vanttec_sdv/install/sdv_msgs/lib/libsdv_msgs__rosidl_typesupport_fastrtps_c.so
-- Set runtime path of "/home/fectec151/Downloads/Projects/vanttec_sdv/install/sdv_msgs/lib/libsdv_msgs__rosidl_typesupport_fastrtps_c.so" to ""
-- Up-to-date: /home/fectec151/Downloads/Projects/vanttec_sdv/install/sdv_msgs/include/sdv_msgs/sdv_msgs
-- Up-to-date: /home/fectec151/Downloads/Projects/vanttec_sdv/install/sdv_msgs/include/sdv_msgs/sdv_msgs/srv
-- Up-to-date: /home/fectec151/Downloads/Projects/vanttec_sdv/install/sdv_msgs/include/sdv_msgs/sdv_msgs/srv/detail
-- Installing: /home/fectec151/Downloads/Projects/vanttec_sdv/install/sdv_msgs/include/sdv_msgs/sdv_msgs/srv/detail/uint8__rosidl_typesupport_introspection_c.h
-- Installing: /home/fectec151/Downloads/Projects/vanttec_sdv/install/sdv_msgs/include/sdv_msgs/sdv_msgs/srv/detail/uint8__type_support.c
-- Up-to-date: /home/fectec151/Downloads/Projects/vanttec_sdv/install/sdv_msgs/include/sdv_msgs/sdv_msgs/msg
-- Installing: /home/fectec151/Downloads/Projects/vanttec_sdv/install/sdv_msgs/include/sdv_msgs/sdv_msgs/msg/rosidl_typesupport_introspection_c__visibility_control.h
-- Up-to-date: /home/fectec151/Downloads/Projects/vanttec_sdv/install/sdv_msgs/include/sdv_msgs/sdv_msgs/msg/detail
-- Installing: /home/fectec151/Downloads/Projects/vanttec_sdv/install/sdv_msgs/include/sdv_msgs/sdv_msgs/msg/detail/status__rosidl_typesupport_introspection_c.h
-- Installing: /home/fectec151/Downloads/Projects/vanttec_sdv/install/sdv_msgs/include/sdv_msgs/sdv_msgs/msg/detail/vehicle_status__type_support.c
-- Installing: /home/fectec151/Downloads/Projects/vanttec_sdv/install/sdv_msgs/include/sdv_msgs/sdv_msgs/msg/detail/state__type_support.c
-- Installing: /home/fectec151/Downloads/Projects/vanttec_sdv/install/sdv_msgs/include/sdv_msgs/sdv_msgs/msg/detail/vehicle_info_wheel__type_support.c
-- Installing: /home/fectec151/Downloads/Projects/vanttec_sdv/install/sdv_msgs/include/sdv_msgs/sdv_msgs/msg/detail/status__type_support.c
-- Installing: /home/fectec151/Downloads/Projects/vanttec_sdv/install/sdv_msgs/include/sdv_msgs/sdv_msgs/msg/detail/collision_event__type_support.c
-- Installing: /home/fectec151/Downloads/Projects/vanttec_sdv/install/sdv_msgs/include/sdv_msgs/sdv_msgs/msg/detail/eta_pose__type_support.c
-- Installing: /home/fectec151/Downloads/Projects/vanttec_sdv/install/sdv_msgs/include/sdv_msgs/sdv_msgs/msg/detail/lane_invasion_event__rosidl_typesupport_introspection_c.h
-- Installing: /home/fectec151/Downloads/Projects/vanttec_sdv/install/sdv_msgs/include/sdv_msgs/sdv_msgs/msg/detail/encoder__rosidl_typesupport_introspection_c.h
-- Installing: /home/fectec151/Downloads/Projects/vanttec_sdv/install/sdv_msgs/include/sdv_msgs/sdv_msgs/msg/detail/guidance_waypoints__rosidl_typesupport_introspection_c.h
-- Installing: /home/fectec151/Downloads/Projects/vanttec_sdv/install/sdv_msgs/include/sdv_msgs/sdv_msgs/msg/detail/eta_pose__rosidl_typesupport_introspection_c.h
-- Installing: /home/fectec151/Downloads/Projects/vanttec_sdv/install/sdv_msgs/include/sdv_msgs/sdv_msgs/msg/detail/vehicle_control__rosidl_typesupport_introspection_c.h
-- Installing: /home/fectec151/Downloads/Projects/vanttec_sdv/install/sdv_msgs/include/sdv_msgs/sdv_msgs/msg/detail/vehicle_info__type_support.c
-- Installing: /home/fectec151/Downloads/Projects/vanttec_sdv/install/sdv_msgs/include/sdv_msgs/sdv_msgs/msg/detail/encoder__type_support.c
-- Installing: /home/fectec151/Downloads/Projects/vanttec_sdv/install/sdv_msgs/include/sdv_msgs/sdv_msgs/msg/detail/vehicle_status__rosidl_typesupport_introspection_c.h
-- Installing: /home/fectec151/Downloads/Projects/vanttec_sdv/install/sdv_msgs/include/sdv_msgs/sdv_msgs/msg/detail/xbox_msg__rosidl_typesupport_introspection_c.h
-- Installing: /home/fectec151/Downloads/Projects/vanttec_sdv/install/sdv_msgs/include/sdv_msgs/sdv_msgs/msg/detail/thrust_control__rosidl_typesupport_introspection_c.h
-- Installing: /home/fectec151/Downloads/Projects/vanttec_sdv/install/sdv_msgs/include/sdv_msgs/sdv_msgs/msg/detail/xbox_msg__type_support.c
-- Installing: /home/fectec151/Downloads/Projects/vanttec_sdv/install/sdv_msgs/include/sdv_msgs/sdv_msgs/msg/detail/throttle_msg__type_support.c
-- Installing: /home/fectec151/Downloads/Projects/vanttec_sdv/install/sdv_msgs/include/sdv_msgs/sdv_msgs/msg/detail/lane_invasion_event__type_support.c
-- Installing: /home/fectec151/Downloads/Projects/vanttec_sdv/install/sdv_msgs/include/sdv_msgs/sdv_msgs/msg/detail/panel_msg__rosidl_typesupport_introspection_c.h
-- Installing: /home/fectec151/Downloads/Projects/vanttec_sdv/install/sdv_msgs/include/sdv_msgs/sdv_msgs/msg/detail/panel_msg__type_support.c
-- Installing: /home/fectec151/Downloads/Projects/vanttec_sdv/install/sdv_msgs/include/sdv_msgs/sdv_msgs/msg/detail/vehicle_control__type_support.c
-- Installing: /home/fectec151/Downloads/Projects/vanttec_sdv/install/sdv_msgs/include/sdv_msgs/sdv_msgs/msg/detail/vehicle_info_wheel__rosidl_typesupport_introspection_c.h
-- Installing: /home/fectec151/Downloads/Projects/vanttec_sdv/install/sdv_msgs/include/sdv_msgs/sdv_msgs/msg/detail/system_dynamics__type_support.c
-- Installing: /home/fectec151/Downloads/Projects/vanttec_sdv/install/sdv_msgs/include/sdv_msgs/sdv_msgs/msg/detail/state__rosidl_typesupport_introspection_c.h
-- Installing: /home/fectec151/Downloads/Projects/vanttec_sdv/install/sdv_msgs/include/sdv_msgs/sdv_msgs/msg/detail/thrust_control__type_support.c
-- Installing: /home/fectec151/Downloads/Projects/vanttec_sdv/install/sdv_msgs/include/sdv_msgs/sdv_msgs/msg/detail/collision_event__rosidl_typesupport_introspection_c.h
-- Installing: /home/fectec151/Downloads/Projects/vanttec_sdv/install/sdv_msgs/include/sdv_msgs/sdv_msgs/msg/detail/vehicle_info__rosidl_typesupport_introspection_c.h
-- Installing: /home/fectec151/Downloads/Projects/vanttec_sdv/install/sdv_msgs/include/sdv_msgs/sdv_msgs/msg/detail/throttle_msg__rosidl_typesupport_introspection_c.h
-- Installing: /home/fectec151/Downloads/Projects/vanttec_sdv/install/sdv_msgs/include/sdv_msgs/sdv_msgs/msg/detail/system_dynamics__rosidl_typesupport_introspection_c.h
-- Installing: /home/fectec151/Downloads/Projects/vanttec_sdv/install/sdv_msgs/include/sdv_msgs/sdv_msgs/msg/detail/guidance_waypoints__type_support.c
-- Installing: /home/fectec151/Downloads/Projects/vanttec_sdv/install/sdv_msgs/lib/libsdv_msgs__rosidl_typesupport_introspection_c.so
-- Set runtime path of "/home/fectec151/Downloads/Projects/vanttec_sdv/install/sdv_msgs/lib/libsdv_msgs__rosidl_typesupport_introspection_c.so" to ""
-- Installing: /home/fectec151/Downloads/Projects/vanttec_sdv/install/sdv_msgs/lib/libsdv_msgs__rosidl_typesupport_c.so
-- Set runtime path of "/home/fectec151/Downloads/Projects/vanttec_sdv/install/sdv_msgs/lib/libsdv_msgs__rosidl_typesupport_c.so" to ""
-- Up-to-date: /home/fectec151/Downloads/Projects/vanttec_sdv/install/sdv_msgs/include/sdv_msgs/sdv_msgs
-- Up-to-date: /home/fectec151/Downloads/Projects/vanttec_sdv/install/sdv_msgs/include/sdv_msgs/sdv_msgs/srv
-- Installing: /home/fectec151/Downloads/Projects/vanttec_sdv/install/sdv_msgs/include/sdv_msgs/sdv_msgs/srv/uint8.hpp
-- Up-to-date: /home/fectec151/Downloads/Projects/vanttec_sdv/install/sdv_msgs/include/sdv_msgs/sdv_msgs/srv/detail
-- Installing: /home/fectec151/Downloads/Projects/vanttec_sdv/install/sdv_msgs/include/sdv_msgs/sdv_msgs/srv/detail/uint8__builder.hpp
-- Installing: /home/fectec151/Downloads/Projects/vanttec_sdv/install/sdv_msgs/include/sdv_msgs/sdv_msgs/srv/detail/uint8__traits.hpp
-- Installing: /home/fectec151/Downloads/Projects/vanttec_sdv/install/sdv_msgs/include/sdv_msgs/sdv_msgs/srv/detail/uint8__struct.hpp
-- Up-to-date: /home/fectec151/Downloads/Projects/vanttec_sdv/install/sdv_msgs/include/sdv_msgs/sdv_msgs/msg
-- Installing: /home/fectec151/Downloads/Projects/vanttec_sdv/install/sdv_msgs/include/sdv_msgs/sdv_msgs/msg/xbox_msg.hpp
-- Installing: /home/fectec151/Downloads/Projects/vanttec_sdv/install/sdv_msgs/include/sdv_msgs/sdv_msgs/msg/status.hpp
-- Installing: /home/fectec151/Downloads/Projects/vanttec_sdv/install/sdv_msgs/include/sdv_msgs/sdv_msgs/msg/vehicle_info_wheel.hpp
-- Installing: /home/fectec151/Downloads/Projects/vanttec_sdv/install/sdv_msgs/include/sdv_msgs/sdv_msgs/msg/thrust_control.hpp
-- Installing: /home/fectec151/Downloads/Projects/vanttec_sdv/install/sdv_msgs/include/sdv_msgs/sdv_msgs/msg/vehicle_info.hpp
-- Installing: /home/fectec151/Downloads/Projects/vanttec_sdv/install/sdv_msgs/include/sdv_msgs/sdv_msgs/msg/throttle_msg.hpp
-- Installing: /home/fectec151/Downloads/Projects/vanttec_sdv/install/sdv_msgs/include/sdv_msgs/sdv_msgs/msg/vehicle_control.hpp
-- Installing: /home/fectec151/Downloads/Projects/vanttec_sdv/install/sdv_msgs/include/sdv_msgs/sdv_msgs/msg/guidance_waypoints.hpp
-- Installing: /home/fectec151/Downloads/Projects/vanttec_sdv/install/sdv_msgs/include/sdv_msgs/sdv_msgs/msg/lane_invasion_event.hpp
-- Installing: /home/fectec151/Downloads/Projects/vanttec_sdv/install/sdv_msgs/include/sdv_msgs/sdv_msgs/msg/system_dynamics.hpp
-- Installing: /home/fectec151/Downloads/Projects/vanttec_sdv/install/sdv_msgs/include/sdv_msgs/sdv_msgs/msg/collision_event.hpp
-- Installing: /home/fectec151/Downloads/Projects/vanttec_sdv/install/sdv_msgs/include/sdv_msgs/sdv_msgs/msg/state.hpp
-- Up-to-date: /home/fectec151/Downloads/Projects/vanttec_sdv/install/sdv_msgs/include/sdv_msgs/sdv_msgs/msg/detail
-- Installing: /home/fectec151/Downloads/Projects/vanttec_sdv/install/sdv_msgs/include/sdv_msgs/sdv_msgs/msg/detail/status__builder.hpp
-- Installing: /home/fectec151/Downloads/Projects/vanttec_sdv/install/sdv_msgs/include/sdv_msgs/sdv_msgs/msg/detail/panel_msg__traits.hpp
-- Installing: /home/fectec151/Downloads/Projects/vanttec_sdv/install/sdv_msgs/include/sdv_msgs/sdv_msgs/msg/detail/vehicle_status__builder.hpp
-- Installing: /home/fectec151/Downloads/Projects/vanttec_sdv/install/sdv_msgs/include/sdv_msgs/sdv_msgs/msg/detail/collision_event__traits.hpp
-- Installing: /home/fectec151/Downloads/Projects/vanttec_sdv/install/sdv_msgs/include/sdv_msgs/sdv_msgs/msg/detail/encoder__struct.hpp
-- Installing: /home/fectec151/Downloads/Projects/vanttec_sdv/install/sdv_msgs/include/sdv_msgs/sdv_msgs/msg/detail/throttle_msg__struct.hpp
-- Installing: /home/fectec151/Downloads/Projects/vanttec_sdv/install/sdv_msgs/include/sdv_msgs/sdv_msgs/msg/detail/status__traits.hpp
-- Installing: /home/fectec151/Downloads/Projects/vanttec_sdv/install/sdv_msgs/include/sdv_msgs/sdv_msgs/msg/detail/eta_pose__builder.hpp
-- Installing: /home/fectec151/Downloads/Projects/vanttec_sdv/install/sdv_msgs/include/sdv_msgs/sdv_msgs/msg/detail/vehicle_info_wheel__builder.hpp
-- Installing: /home/fectec151/Downloads/Projects/vanttec_sdv/install/sdv_msgs/include/sdv_msgs/sdv_msgs/msg/detail/thrust_control__traits.hpp
-- Installing: /home/fectec151/Downloads/Projects/vanttec_sdv/install/sdv_msgs/include/sdv_msgs/sdv_msgs/msg/detail/xbox_msg__builder.hpp
-- Installing: /home/fectec151/Downloads/Projects/vanttec_sdv/install/sdv_msgs/include/sdv_msgs/sdv_msgs/msg/detail/system_dynamics__builder.hpp
-- Installing: /home/fectec151/Downloads/Projects/vanttec_sdv/install/sdv_msgs/include/sdv_msgs/sdv_msgs/msg/detail/vehicle_info_wheel__traits.hpp
-- Installing: /home/fectec151/Downloads/Projects/vanttec_sdv/install/sdv_msgs/include/sdv_msgs/sdv_msgs/msg/detail/throttle_msg__builder.hpp
-- Installing: /home/fectec151/Downloads/Projects/vanttec_sdv/install/sdv_msgs/include/sdv_msgs/sdv_msgs/msg/detail/state__traits.hpp
-- Installing: /home/fectec151/Downloads/Projects/vanttec_sdv/install/sdv_msgs/include/sdv_msgs/sdv_msgs/msg/detail/panel_msg__struct.hpp
-- Installing: /home/fectec151/Downloads/Projects/vanttec_sdv/install/sdv_msgs/include/sdv_msgs/sdv_msgs/msg/detail/vehicle_info_wheel__struct.hpp
-- Installing: /home/fectec151/Downloads/Projects/vanttec_sdv/install/sdv_msgs/include/sdv_msgs/sdv_msgs/msg/detail/vehicle_status__traits.hpp
-- Installing: /home/fectec151/Downloads/Projects/vanttec_sdv/install/sdv_msgs/include/sdv_msgs/sdv_msgs/msg/detail/collision_event__builder.hpp
-- Installing: /home/fectec151/Downloads/Projects/vanttec_sdv/install/sdv_msgs/include/sdv_msgs/sdv_msgs/msg/detail/eta_pose__traits.hpp
-- Installing: /home/fectec151/Downloads/Projects/vanttec_sdv/install/sdv_msgs/include/sdv_msgs/sdv_msgs/msg/detail/status__struct.hpp
-- Installing: /home/fectec151/Downloads/Projects/vanttec_sdv/install/sdv_msgs/include/sdv_msgs/sdv_msgs/msg/detail/guidance_waypoints__struct.hpp
-- Installing: /home/fectec151/Downloads/Projects/vanttec_sdv/install/sdv_msgs/include/sdv_msgs/sdv_msgs/msg/detail/system_dynamics__struct.hpp
-- Installing: /home/fectec151/Downloads/Projects/vanttec_sdv/install/sdv_msgs/include/sdv_msgs/sdv_msgs/msg/detail/state__builder.hpp
-- Installing: /home/fectec151/Downloads/Projects/vanttec_sdv/install/sdv_msgs/include/sdv_msgs/sdv_msgs/msg/detail/lane_invasion_event__builder.hpp
-- Installing: /home/fectec151/Downloads/Projects/vanttec_sdv/install/sdv_msgs/include/sdv_msgs/sdv_msgs/msg/detail/vehicle_control__builder.hpp
-- Installing: /home/fectec151/Downloads/Projects/vanttec_sdv/install/sdv_msgs/include/sdv_msgs/sdv_msgs/msg/detail/xbox_msg__traits.hpp
-- Installing: /home/fectec151/Downloads/Projects/vanttec_sdv/install/sdv_msgs/include/sdv_msgs/sdv_msgs/msg/detail/guidance_waypoints__traits.hpp
-- Installing: /home/fectec151/Downloads/Projects/vanttec_sdv/install/sdv_msgs/include/sdv_msgs/sdv_msgs/msg/detail/vehicle_info__struct.hpp
-- Installing: /home/fectec151/Downloads/Projects/vanttec_sdv/install/sdv_msgs/include/sdv_msgs/sdv_msgs/msg/detail/guidance_waypoints__builder.hpp
-- Installing: /home/fectec151/Downloads/Projects/vanttec_sdv/install/sdv_msgs/include/sdv_msgs/sdv_msgs/msg/detail/state__struct.hpp
-- Installing: /home/fectec151/Downloads/Projects/vanttec_sdv/install/sdv_msgs/include/sdv_msgs/sdv_msgs/msg/detail/vehicle_control__traits.hpp
-- Installing: /home/fectec151/Downloads/Projects/vanttec_sdv/install/sdv_msgs/include/sdv_msgs/sdv_msgs/msg/detail/lane_invasion_event__struct.hpp
-- Installing: /home/fectec151/Downloads/Projects/vanttec_sdv/install/sdv_msgs/include/sdv_msgs/sdv_msgs/msg/detail/vehicle_control__struct.hpp
-- Installing: /home/fectec151/Downloads/Projects/vanttec_sdv/install/sdv_msgs/include/sdv_msgs/sdv_msgs/msg/detail/lane_invasion_event__traits.hpp
-- Installing: /home/fectec151/Downloads/Projects/vanttec_sdv/install/sdv_msgs/include/sdv_msgs/sdv_msgs/msg/detail/xbox_msg__struct.hpp
-- Installing: /home/fectec151/Downloads/Projects/vanttec_sdv/install/sdv_msgs/include/sdv_msgs/sdv_msgs/msg/detail/vehicle_status__struct.hpp
-- Installing: /home/fectec151/Downloads/Projects/vanttec_sdv/install/sdv_msgs/include/sdv_msgs/sdv_msgs/msg/detail/encoder__traits.hpp
-- Installing: /home/fectec151/Downloads/Projects/vanttec_sdv/install/sdv_msgs/include/sdv_msgs/sdv_msgs/msg/detail/encoder__builder.hpp
-- Installing: /home/fectec151/Downloads/Projects/vanttec_sdv/install/sdv_msgs/include/sdv_msgs/sdv_msgs/msg/detail/vehicle_info__builder.hpp
-- Installing: /home/fectec151/Downloads/Projects/vanttec_sdv/install/sdv_msgs/include/sdv_msgs/sdv_msgs/msg/detail/collision_event__struct.hpp
-- Installing: /home/fectec151/Downloads/Projects/vanttec_sdv/install/sdv_msgs/include/sdv_msgs/sdv_msgs/msg/detail/vehicle_info__traits.hpp
-- Installing: /home/fectec151/Downloads/Projects/vanttec_sdv/install/sdv_msgs/include/sdv_msgs/sdv_msgs/msg/detail/thrust_control__builder.hpp
-- Installing: /home/fectec151/Downloads/Projects/vanttec_sdv/install/sdv_msgs/include/sdv_msgs/sdv_msgs/msg/detail/throttle_msg__traits.hpp
-- Installing: /home/fectec151/Downloads/Projects/vanttec_sdv/install/sdv_msgs/include/sdv_msgs/sdv_msgs/msg/detail/system_dynamics__traits.hpp
-- Installing: /home/fectec151/Downloads/Projects/vanttec_sdv/install/sdv_msgs/include/sdv_msgs/sdv_msgs/msg/detail/panel_msg__builder.hpp
-- Installing: /home/fectec151/Downloads/Projects/vanttec_sdv/install/sdv_msgs/include/sdv_msgs/sdv_msgs/msg/detail/thrust_control__struct.hpp
-- Installing: /home/fectec151/Downloads/Projects/vanttec_sdv/install/sdv_msgs/include/sdv_msgs/sdv_msgs/msg/detail/eta_pose__struct.hpp
-- Installing: /home/fectec151/Downloads/Projects/vanttec_sdv/install/sdv_msgs/include/sdv_msgs/sdv_msgs/msg/panel_msg.hpp
-- Installing: /home/fectec151/Downloads/Projects/vanttec_sdv/install/sdv_msgs/include/sdv_msgs/sdv_msgs/msg/eta_pose.hpp
-- Installing: /home/fectec151/Downloads/Projects/vanttec_sdv/install/sdv_msgs/include/sdv_msgs/sdv_msgs/msg/encoder.hpp
-- Installing: /home/fectec151/Downloads/Projects/vanttec_sdv/install/sdv_msgs/include/sdv_msgs/sdv_msgs/msg/vehicle_status.hpp
-- Up-to-date: /home/fectec151/Downloads/Projects/vanttec_sdv/install/sdv_msgs/include/sdv_msgs/sdv_msgs
-- Up-to-date: /home/fectec151/Downloads/Projects/vanttec_sdv/install/sdv_msgs/include/sdv_msgs/sdv_msgs/srv
-- Up-to-date: /home/fectec151/Downloads/Projects/vanttec_sdv/install/sdv_msgs/include/sdv_msgs/sdv_msgs/srv/detail
-- Installing: /home/fectec151/Downloads/Projects/vanttec_sdv/install/sdv_msgs/include/sdv_msgs/sdv_msgs/srv/detail/dds_fastrtps
-- Installing: /home/fectec151/Downloads/Projects/vanttec_sdv/install/sdv_msgs/include/sdv_msgs/sdv_msgs/srv/detail/uint8__rosidl_typesupport_fastrtps_cpp.hpp
-- Up-to-date: /home/fectec151/Downloads/Projects/vanttec_sdv/install/sdv_msgs/include/sdv_msgs/sdv_msgs/msg
-- Installing: /home/fectec151/Downloads/Projects/vanttec_sdv/install/sdv_msgs/include/sdv_msgs/sdv_msgs/msg/rosidl_typesupport_fastrtps_cpp__visibility_control.h
-- Up-to-date: /home/fectec151/Downloads/Projects/vanttec_sdv/install/sdv_msgs/include/sdv_msgs/sdv_msgs/msg/detail
-- Installing: /home/fectec151/Downloads/Projects/vanttec_sdv/install/sdv_msgs/include/sdv_msgs/sdv_msgs/msg/detail/panel_msg__rosidl_typesupport_fastrtps_cpp.hpp
-- Installing: /home/fectec151/Downloads/Projects/vanttec_sdv/install/sdv_msgs/include/sdv_msgs/sdv_msgs/msg/detail/eta_pose__rosidl_typesupport_fastrtps_cpp.hpp
-- Installing: /home/fectec151/Downloads/Projects/vanttec_sdv/install/sdv_msgs/include/sdv_msgs/sdv_msgs/msg/detail/dds_fastrtps
-- Installing: /home/fectec151/Downloads/Projects/vanttec_sdv/install/sdv_msgs/include/sdv_msgs/sdv_msgs/msg/detail/vehicle_info__rosidl_typesupport_fastrtps_cpp.hpp
-- Installing: /home/fectec151/Downloads/Projects/vanttec_sdv/install/sdv_msgs/include/sdv_msgs/sdv_msgs/msg/detail/system_dynamics__rosidl_typesupport_fastrtps_cpp.hpp
-- Installing: /home/fectec151/Downloads/Projects/vanttec_sdv/install/sdv_msgs/include/sdv_msgs/sdv_msgs/msg/detail/collision_event__rosidl_typesupport_fastrtps_cpp.hpp
-- Installing: /home/fectec151/Downloads/Projects/vanttec_sdv/install/sdv_msgs/include/sdv_msgs/sdv_msgs/msg/detail/encoder__rosidl_typesupport_fastrtps_cpp.hpp
-- Installing: /home/fectec151/Downloads/Projects/vanttec_sdv/install/sdv_msgs/include/sdv_msgs/sdv_msgs/msg/detail/vehicle_control__rosidl_typesupport_fastrtps_cpp.hpp
-- Installing: /home/fectec151/Downloads/Projects/vanttec_sdv/install/sdv_msgs/include/sdv_msgs/sdv_msgs/msg/detail/state__rosidl_typesupport_fastrtps_cpp.hpp
-- Installing: /home/fectec151/Downloads/Projects/vanttec_sdv/install/sdv_msgs/include/sdv_msgs/sdv_msgs/msg/detail/xbox_msg__rosidl_typesupport_fastrtps_cpp.hpp
-- Installing: /home/fectec151/Downloads/Projects/vanttec_sdv/install/sdv_msgs/include/sdv_msgs/sdv_msgs/msg/detail/thrust_control__rosidl_typesupport_fastrtps_cpp.hpp
-- Installing: /home/fectec151/Downloads/Projects/vanttec_sdv/install/sdv_msgs/include/sdv_msgs/sdv_msgs/msg/detail/guidance_waypoints__rosidl_typesupport_fastrtps_cpp.hpp
-- Installing: /home/fectec151/Downloads/Projects/vanttec_sdv/install/sdv_msgs/include/sdv_msgs/sdv_msgs/msg/detail/status__rosidl_typesupport_fastrtps_cpp.hpp
-- Installing: /home/fectec151/Downloads/Projects/vanttec_sdv/install/sdv_msgs/include/sdv_msgs/sdv_msgs/msg/detail/lane_invasion_event__rosidl_typesupport_fastrtps_cpp.hpp
-- Installing: /home/fectec151/Downloads/Projects/vanttec_sdv/install/sdv_msgs/include/sdv_msgs/sdv_msgs/msg/detail/throttle_msg__rosidl_typesupport_fastrtps_cpp.hpp
-- Installing: /home/fectec151/Downloads/Projects/vanttec_sdv/install/sdv_msgs/include/sdv_msgs/sdv_msgs/msg/detail/vehicle_info_wheel__rosidl_typesupport_fastrtps_cpp.hpp
-- Installing: /home/fectec151/Downloads/Projects/vanttec_sdv/install/sdv_msgs/include/sdv_msgs/sdv_msgs/msg/detail/vehicle_status__rosidl_typesupport_fastrtps_cpp.hpp
-- Installing: /home/fectec151/Downloads/Projects/vanttec_sdv/install/sdv_msgs/lib/libsdv_msgs__rosidl_typesupport_fastrtps_cpp.so
-- Set runtime path of "/home/fectec151/Downloads/Projects/vanttec_sdv/install/sdv_msgs/lib/libsdv_msgs__rosidl_typesupport_fastrtps_cpp.so" to ""
-- Up-to-date: /home/fectec151/Downloads/Projects/vanttec_sdv/install/sdv_msgs/include/sdv_msgs/sdv_msgs
-- Up-to-date: /home/fectec151/Downloads/Projects/vanttec_sdv/install/sdv_msgs/include/sdv_msgs/sdv_msgs/srv
-- Up-to-date: /home/fectec151/Downloads/Projects/vanttec_sdv/install/sdv_msgs/include/sdv_msgs/sdv_msgs/srv/detail
-- Installing: /home/fectec151/Downloads/Projects/vanttec_sdv/install/sdv_msgs/include/sdv_msgs/sdv_msgs/srv/detail/uint8__type_support.cpp
-- Installing: /home/fectec151/Downloads/Projects/vanttec_sdv/install/sdv_msgs/include/sdv_msgs/sdv_msgs/srv/detail/uint8__rosidl_typesupport_introspection_cpp.hpp
-- Up-to-date: /home/fectec151/Downloads/Projects/vanttec_sdv/install/sdv_msgs/include/sdv_msgs/sdv_msgs/msg
-- Up-to-date: /home/fectec151/Downloads/Projects/vanttec_sdv/install/sdv_msgs/include/sdv_msgs/sdv_msgs/msg/detail
-- Installing: /home/fectec151/Downloads/Projects/vanttec_sdv/install/sdv_msgs/include/sdv_msgs/sdv_msgs/msg/detail/panel_msg__type_support.cpp
-- Installing: /home/fectec151/Downloads/Projects/vanttec_sdv/install/sdv_msgs/include/sdv_msgs/sdv_msgs/msg/detail/vehicle_info_wheel__type_support.cpp
-- Installing: /home/fectec151/Downloads/Projects/vanttec_sdv/install/sdv_msgs/include/sdv_msgs/sdv_msgs/msg/detail/guidance_waypoints__type_support.cpp
-- Installing: /home/fectec151/Downloads/Projects/vanttec_sdv/install/sdv_msgs/include/sdv_msgs/sdv_msgs/msg/detail/vehicle_status__type_support.cpp
-- Installing: /home/fectec151/Downloads/Projects/vanttec_sdv/install/sdv_msgs/include/sdv_msgs/sdv_msgs/msg/detail/vehicle_status__rosidl_typesupport_introspection_cpp.hpp
-- Installing: /home/fectec151/Downloads/Projects/vanttec_sdv/install/sdv_msgs/include/sdv_msgs/sdv_msgs/msg/detail/vehicle_info__rosidl_typesupport_introspection_cpp.hpp
-- Installing: /home/fectec151/Downloads/Projects/vanttec_sdv/install/sdv_msgs/include/sdv_msgs/sdv_msgs/msg/detail/vehicle_control__rosidl_typesupport_introspection_cpp.hpp
-- Installing: /home/fectec151/Downloads/Projects/vanttec_sdv/install/sdv_msgs/include/sdv_msgs/sdv_msgs/msg/detail/lane_invasion_event__rosidl_typesupport_introspection_cpp.hpp
-- Installing: /home/fectec151/Downloads/Projects/vanttec_sdv/install/sdv_msgs/include/sdv_msgs/sdv_msgs/msg/detail/thrust_control__rosidl_typesupport_introspection_cpp.hpp
-- Installing: /home/fectec151/Downloads/Projects/vanttec_sdv/install/sdv_msgs/include/sdv_msgs/sdv_msgs/msg/detail/collision_event__type_support.cpp
-- Installing: /home/fectec151/Downloads/Projects/vanttec_sdv/install/sdv_msgs/include/sdv_msgs/sdv_msgs/msg/detail/throttle_msg__type_support.cpp
-- Installing: /home/fectec151/Downloads/Projects/vanttec_sdv/install/sdv_msgs/include/sdv_msgs/sdv_msgs/msg/detail/system_dynamics__rosidl_typesupport_introspection_cpp.hpp
-- Installing: /home/fectec151/Downloads/Projects/vanttec_sdv/install/sdv_msgs/include/sdv_msgs/sdv_msgs/msg/detail/eta_pose__rosidl_typesupport_introspection_cpp.hpp
-- Installing: /home/fectec151/Downloads/Projects/vanttec_sdv/install/sdv_msgs/include/sdv_msgs/sdv_msgs/msg/detail/eta_pose__type_support.cpp
-- Installing: /home/fectec151/Downloads/Projects/vanttec_sdv/install/sdv_msgs/include/sdv_msgs/sdv_msgs/msg/detail/lane_invasion_event__type_support.cpp
-- Installing: /home/fectec151/Downloads/Projects/vanttec_sdv/install/sdv_msgs/include/sdv_msgs/sdv_msgs/msg/detail/state__type_support.cpp
-- Installing: /home/fectec151/Downloads/Projects/vanttec_sdv/install/sdv_msgs/include/sdv_msgs/sdv_msgs/msg/detail/vehicle_info_wheel__rosidl_typesupport_introspection_cpp.hpp
-- Installing: /home/fectec151/Downloads/Projects/vanttec_sdv/install/sdv_msgs/include/sdv_msgs/sdv_msgs/msg/detail/throttle_msg__rosidl_typesupport_introspection_cpp.hpp
-- Installing: /home/fectec151/Downloads/Projects/vanttec_sdv/install/sdv_msgs/include/sdv_msgs/sdv_msgs/msg/detail/xbox_msg__rosidl_typesupport_introspection_cpp.hpp
-- Installing: /home/fectec151/Downloads/Projects/vanttec_sdv/install/sdv_msgs/include/sdv_msgs/sdv_msgs/msg/detail/system_dynamics__type_support.cpp
-- Installing: /home/fectec151/Downloads/Projects/vanttec_sdv/install/sdv_msgs/include/sdv_msgs/sdv_msgs/msg/detail/encoder__rosidl_typesupport_introspection_cpp.hpp
-- Installing: /home/fectec151/Downloads/Projects/vanttec_sdv/install/sdv_msgs/include/sdv_msgs/sdv_msgs/msg/detail/xbox_msg__type_support.cpp
-- Installing: /home/fectec151/Downloads/Projects/vanttec_sdv/install/sdv_msgs/include/sdv_msgs/sdv_msgs/msg/detail/status__type_support.cpp
-- Installing: /home/fectec151/Downloads/Projects/vanttec_sdv/install/sdv_msgs/include/sdv_msgs/sdv_msgs/msg/detail/encoder__type_support.cpp
-- Installing: /home/fectec151/Downloads/Projects/vanttec_sdv/install/sdv_msgs/include/sdv_msgs/sdv_msgs/msg/detail/vehicle_control__type_support.cpp
-- Installing: /home/fectec151/Downloads/Projects/vanttec_sdv/install/sdv_msgs/include/sdv_msgs/sdv_msgs/msg/detail/collision_event__rosidl_typesupport_introspection_cpp.hpp
-- Installing: /home/fectec151/Downloads/Projects/vanttec_sdv/install/sdv_msgs/include/sdv_msgs/sdv_msgs/msg/detail/thrust_control__type_support.cpp
-- Installing: /home/fectec151/Downloads/Projects/vanttec_sdv/install/sdv_msgs/include/sdv_msgs/sdv_msgs/msg/detail/vehicle_info__type_support.cpp
-- Installing: /home/fectec151/Downloads/Projects/vanttec_sdv/install/sdv_msgs/include/sdv_msgs/sdv_msgs/msg/detail/guidance_waypoints__rosidl_typesupport_introspection_cpp.hpp
-- Installing: /home/fectec151/Downloads/Projects/vanttec_sdv/install/sdv_msgs/include/sdv_msgs/sdv_msgs/msg/detail/status__rosidl_typesupport_introspection_cpp.hpp
-- Installing: /home/fectec151/Downloads/Projects/vanttec_sdv/install/sdv_msgs/include/sdv_msgs/sdv_msgs/msg/detail/panel_msg__rosidl_typesupport_introspection_cpp.hpp
-- Installing: /home/fectec151/Downloads/Projects/vanttec_sdv/install/sdv_msgs/include/sdv_msgs/sdv_msgs/msg/detail/state__rosidl_typesupport_introspection_cpp.hpp
-- Installing: /home/fectec151/Downloads/Projects/vanttec_sdv/install/sdv_msgs/lib/libsdv_msgs__rosidl_typesupport_introspection_cpp.so
-- Set runtime path of "/home/fectec151/Downloads/Projects/vanttec_sdv/install/sdv_msgs/lib/libsdv_msgs__rosidl_typesupport_introspection_cpp.so" to ""
-- Installing: /home/fectec151/Downloads/Projects/vanttec_sdv/install/sdv_msgs/lib/libsdv_msgs__rosidl_typesupport_cpp.so
-- Set runtime path of "/home/fectec151/Downloads/Projects/vanttec_sdv/install/sdv_msgs/lib/libsdv_msgs__rosidl_typesupport_cpp.so" to ""
-- Installing: /home/fectec151/Downloads/Projects/vanttec_sdv/install/sdv_msgs/share/sdv_msgs/environment/pythonpath.sh
-- Installing: /home/fectec151/Downloads/Projects/vanttec_sdv/install/sdv_msgs/share/sdv_msgs/environment/pythonpath.dsv
-- Installing: /home/fectec151/Downloads/Projects/vanttec_sdv/install/sdv_msgs/local/lib/python3.10/dist-packages/sdv_msgs-0.0.0-py3.10.egg-info
-- Installing: /home/fectec151/Downloads/Projects/vanttec_sdv/install/sdv_msgs/local/lib/python3.10/dist-packages/sdv_msgs-0.0.0-py3.10.egg-info/PKG-INFO
-- Installing: /home/fectec151/Downloads/Projects/vanttec_sdv/install/sdv_msgs/local/lib/python3.10/dist-packages/sdv_msgs-0.0.0-py3.10.egg-info/top_level.txt
-- Installing: /home/fectec151/Downloads/Projects/vanttec_sdv/install/sdv_msgs/local/lib/python3.10/dist-packages/sdv_msgs-0.0.0-py3.10.egg-info/SOURCES.txt
-- Installing: /home/fectec151/Downloads/Projects/vanttec_sdv/install/sdv_msgs/local/lib/python3.10/dist-packages/sdv_msgs-0.0.0-py3.10.egg-info/dependency_links.txt
-- Installing: /home/fectec151/Downloads/Projects/vanttec_sdv/install/sdv_msgs/local/lib/python3.10/dist-packages/sdv_msgs
-- Installing: /home/fectec151/Downloads/Projects/vanttec_sdv/install/sdv_msgs/local/lib/python3.10/dist-packages/sdv_msgs/sdv_msgs_s__rosidl_typesupport_c.cpython-310-x86_64-linux-gnu.so
-- Installing: /home/fectec151/Downloads/Projects/vanttec_sdv/install/sdv_msgs/local/lib/python3.10/dist-packages/sdv_msgs/_sdv_msgs_s.ep.rosidl_typesupport_c.c
-- Installing: /home/fectec151/Downloads/Projects/vanttec_sdv/install/sdv_msgs/local/lib/python3.10/dist-packages/sdv_msgs/srv
-- Installing: /home/fectec151/Downloads/Projects/vanttec_sdv/install/sdv_msgs/local/lib/python3.10/dist-packages/sdv_msgs/srv/_uint8.py
-- Installing: /home/fectec151/Downloads/Projects/vanttec_sdv/install/sdv_msgs/local/lib/python3.10/dist-packages/sdv_msgs/srv/__init__.py
-- Installing: /home/fectec151/Downloads/Projects/vanttec_sdv/install/sdv_msgs/local/lib/python3.10/dist-packages/sdv_msgs/srv/_uint8_s.c
-- Installing: /home/fectec151/Downloads/Projects/vanttec_sdv/install/sdv_msgs/local/lib/python3.10/dist-packages/sdv_msgs/sdv_msgs_s__rosidl_typesupport_introspection_c.cpython-310-x86_64-linux-gnu.so
-- Installing: /home/fectec151/Downloads/Projects/vanttec_sdv/install/sdv_msgs/local/lib/python3.10/dist-packages/sdv_msgs/msg
-- Installing: /home/fectec151/Downloads/Projects/vanttec_sdv/install/sdv_msgs/local/lib/python3.10/dist-packages/sdv_msgs/msg/_guidance_waypoints_s.c
-- Installing: /home/fectec151/Downloads/Projects/vanttec_sdv/install/sdv_msgs/local/lib/python3.10/dist-packages/sdv_msgs/msg/_vehicle_info_wheel.py
-- Installing: /home/fectec151/Downloads/Projects/vanttec_sdv/install/sdv_msgs/local/lib/python3.10/dist-packages/sdv_msgs/msg/_vehicle_info.py
-- Installing: /home/fectec151/Downloads/Projects/vanttec_sdv/install/sdv_msgs/local/lib/python3.10/dist-packages/sdv_msgs/msg/_vehicle_status_s.c
-- Installing: /home/fectec151/Downloads/Projects/vanttec_sdv/install/sdv_msgs/local/lib/python3.10/dist-packages/sdv_msgs/msg/_panel_msg_s.c
-- Installing: /home/fectec151/Downloads/Projects/vanttec_sdv/install/sdv_msgs/local/lib/python3.10/dist-packages/sdv_msgs/msg/_status_s.c
-- Installing: /home/fectec151/Downloads/Projects/vanttec_sdv/install/sdv_msgs/local/lib/python3.10/dist-packages/sdv_msgs/msg/_collision_event.py
-- Installing: /home/fectec151/Downloads/Projects/vanttec_sdv/install/sdv_msgs/local/lib/python3.10/dist-packages/sdv_msgs/msg/_vehicle_status.py
-- Installing: /home/fectec151/Downloads/Projects/vanttec_sdv/install/sdv_msgs/local/lib/python3.10/dist-packages/sdv_msgs/msg/_panel_msg.py
-- Installing: /home/fectec151/Downloads/Projects/vanttec_sdv/install/sdv_msgs/local/lib/python3.10/dist-packages/sdv_msgs/msg/_guidance_waypoints.py
-- Installing: /home/fectec151/Downloads/Projects/vanttec_sdv/install/sdv_msgs/local/lib/python3.10/dist-packages/sdv_msgs/msg/__init__.py
-- Installing: /home/fectec151/Downloads/Projects/vanttec_sdv/install/sdv_msgs/local/lib/python3.10/dist-packages/sdv_msgs/msg/_lane_invasion_event_s.c
-- Installing: /home/fectec151/Downloads/Projects/vanttec_sdv/install/sdv_msgs/local/lib/python3.10/dist-packages/sdv_msgs/msg/_vehicle_control.py
-- Installing: /home/fectec151/Downloads/Projects/vanttec_sdv/install/sdv_msgs/local/lib/python3.10/dist-packages/sdv_msgs/msg/_vehicle_control_s.c
-- Installing: /home/fectec151/Downloads/Projects/vanttec_sdv/install/sdv_msgs/local/lib/python3.10/dist-packages/sdv_msgs/msg/_system_dynamics_s.c
-- Installing: /home/fectec151/Downloads/Projects/vanttec_sdv/install/sdv_msgs/local/lib/python3.10/dist-packages/sdv_msgs/msg/_encoder.py
-- Installing: /home/fectec151/Downloads/Projects/vanttec_sdv/install/sdv_msgs/local/lib/python3.10/dist-packages/sdv_msgs/msg/_thrust_control_s.c
-- Installing: /home/fectec151/Downloads/Projects/vanttec_sdv/install/sdv_msgs/local/lib/python3.10/dist-packages/sdv_msgs/msg/_throttle_msg_s.c
-- Installing: /home/fectec151/Downloads/Projects/vanttec_sdv/install/sdv_msgs/local/lib/python3.10/dist-packages/sdv_msgs/msg/_status.py
-- Installing: /home/fectec151/Downloads/Projects/vanttec_sdv/install/sdv_msgs/local/lib/python3.10/dist-packages/sdv_msgs/msg/_lane_invasion_event.py
-- Installing: /home/fectec151/Downloads/Projects/vanttec_sdv/install/sdv_msgs/local/lib/python3.10/dist-packages/sdv_msgs/msg/_vehicle_info_s.c
-- Installing: /home/fectec151/Downloads/Projects/vanttec_sdv/install/sdv_msgs/local/lib/python3.10/dist-packages/sdv_msgs/msg/_eta_pose.py
-- Installing: /home/fectec151/Downloads/Projects/vanttec_sdv/install/sdv_msgs/local/lib/python3.10/dist-packages/sdv_msgs/msg/_eta_pose_s.c
-- Installing: /home/fectec151/Downloads/Projects/vanttec_sdv/install/sdv_msgs/local/lib/python3.10/dist-packages/sdv_msgs/msg/_state.py
-- Installing: /home/fectec151/Downloads/Projects/vanttec_sdv/install/sdv_msgs/local/lib/python3.10/dist-packages/sdv_msgs/msg/_throttle_msg.py
-- Installing: /home/fectec151/Downloads/Projects/vanttec_sdv/install/sdv_msgs/local/lib/python3.10/dist-packages/sdv_msgs/msg/_encoder_s.c
-- Installing: /home/fectec151/Downloads/Projects/vanttec_sdv/install/sdv_msgs/local/lib/python3.10/dist-packages/sdv_msgs/msg/_xbox_msg.py
-- Installing: /home/fectec151/Downloads/Projects/vanttec_sdv/install/sdv_msgs/local/lib/python3.10/dist-packages/sdv_msgs/msg/_thrust_control.py
-- Installing: /home/fectec151/Downloads/Projects/vanttec_sdv/install/sdv_msgs/local/lib/python3.10/dist-packages/sdv_msgs/msg/_collision_event_s.c
-- Installing: /home/fectec151/Downloads/Projects/vanttec_sdv/install/sdv_msgs/local/lib/python3.10/dist-packages/sdv_msgs/msg/_system_dynamics.py
-- Installing: /home/fectec151/Downloads/Projects/vanttec_sdv/install/sdv_msgs/local/lib/python3.10/dist-packages/sdv_msgs/msg/_xbox_msg_s.c
-- Installing: /home/fectec151/Downloads/Projects/vanttec_sdv/install/sdv_msgs/local/lib/python3.10/dist-packages/sdv_msgs/msg/_state_s.c
-- Installing: /home/fectec151/Downloads/Projects/vanttec_sdv/install/sdv_msgs/local/lib/python3.10/dist-packages/sdv_msgs/msg/_vehicle_info_wheel_s.c
-- Installing: /home/fectec151/Downloads/Projects/vanttec_sdv/install/sdv_msgs/local/lib/python3.10/dist-packages/sdv_msgs/__init__.py
-- Installing: /home/fectec151/Downloads/Projects/vanttec_sdv/install/sdv_msgs/local/lib/python3.10/dist-packages/sdv_msgs/_sdv_msgs_s.ep.rosidl_typesupport_fastrtps_c.c
-- Installing: /home/fectec151/Downloads/Projects/vanttec_sdv/install/sdv_msgs/local/lib/python3.10/dist-packages/sdv_msgs/_sdv_msgs_s.ep.rosidl_typesupport_introspection_c.c
-- Installing: /home/fectec151/Downloads/Projects/vanttec_sdv/install/sdv_msgs/local/lib/python3.10/dist-packages/sdv_msgs/libsdv_msgs__rosidl_generator_py.so
-- Installing: /home/fectec151/Downloads/Projects/vanttec_sdv/install/sdv_msgs/local/lib/python3.10/dist-packages/sdv_msgs/sdv_msgs_s__rosidl_typesupport_fastrtps_c.cpython-310-x86_64-linux-gnu.so
Listing '/home/fectec151/Downloads/Projects/vanttec_sdv/install/sdv_msgs/local/lib/python3.10/dist-packages/sdv_msgs'...
Compiling '/home/fectec151/Downloads/Projects/vanttec_sdv/install/sdv_msgs/local/lib/python3.10/dist-packages/sdv_msgs/__init__.py'...
Listing '/home/fectec151/Downloads/Projects/vanttec_sdv/install/sdv_msgs/local/lib/python3.10/dist-packages/sdv_msgs/msg'...
Compiling '/home/fectec151/Downloads/Projects/vanttec_sdv/install/sdv_msgs/local/lib/python3.10/dist-packages/sdv_msgs/msg/__init__.py'...
Compiling '/home/fectec151/Downloads/Projects/vanttec_sdv/install/sdv_msgs/local/lib/python3.10/dist-packages/sdv_msgs/msg/_collision_event.py'...
Compiling '/home/fectec151/Downloads/Projects/vanttec_sdv/install/sdv_msgs/local/lib/python3.10/dist-packages/sdv_msgs/msg/_encoder.py'...
Compiling '/home/fectec151/Downloads/Projects/vanttec_sdv/install/sdv_msgs/local/lib/python3.10/dist-packages/sdv_msgs/msg/_eta_pose.py'...
Compiling '/home/fectec151/Downloads/Projects/vanttec_sdv/install/sdv_msgs/local/lib/python3.10/dist-packages/sdv_msgs/msg/_guidance_waypoints.py'...
Compiling '/home/fectec151/Downloads/Projects/vanttec_sdv/install/sdv_msgs/local/lib/python3.10/dist-packages/sdv_msgs/msg/_lane_invasion_event.py'...
Compiling '/home/fectec151/Downloads/Projects/vanttec_sdv/install/sdv_msgs/local/lib/python3.10/dist-packages/sdv_msgs/msg/_panel_msg.py'...
Compiling '/home/fectec151/Downloads/Projects/vanttec_sdv/install/sdv_msgs/local/lib/python3.10/dist-packages/sdv_msgs/msg/_state.py'...
Compiling '/home/fectec151/Downloads/Projects/vanttec_sdv/install/sdv_msgs/local/lib/python3.10/dist-packages/sdv_msgs/msg/_status.py'...
Compiling '/home/fectec151/Downloads/Projects/vanttec_sdv/install/sdv_msgs/local/lib/python3.10/dist-packages/sdv_msgs/msg/_system_dynamics.py'...
Compiling '/home/fectec151/Downloads/Projects/vanttec_sdv/install/sdv_msgs/local/lib/python3.10/dist-packages/sdv_msgs/msg/_throttle_msg.py'...
Compiling '/home/fectec151/Downloads/Projects/vanttec_sdv/install/sdv_msgs/local/lib/python3.10/dist-packages/sdv_msgs/msg/_thrust_control.py'...
Compiling '/home/fectec151/Downloads/Projects/vanttec_sdv/install/sdv_msgs/local/lib/python3.10/dist-packages/sdv_msgs/msg/_vehicle_control.py'...
Compiling '/home/fectec151/Downloads/Projects/vanttec_sdv/install/sdv_msgs/local/lib/python3.10/dist-packages/sdv_msgs/msg/_vehicle_info.py'...
Compiling '/home/fectec151/Downloads/Projects/vanttec_sdv/install/sdv_msgs/local/lib/python3.10/dist-packages/sdv_msgs/msg/_vehicle_info_wheel.py'...
Compiling '/home/fectec151/Downloads/Projects/vanttec_sdv/install/sdv_msgs/local/lib/python3.10/dist-packages/sdv_msgs/msg/_vehicle_status.py'...
Compiling '/home/fectec151/Downloads/Projects/vanttec_sdv/install/sdv_msgs/local/lib/python3.10/dist-packages/sdv_msgs/msg/_xbox_msg.py'...
Listing '/home/fectec151/Downloads/Projects/vanttec_sdv/install/sdv_msgs/local/lib/python3.10/dist-packages/sdv_msgs/srv'...
Compiling '/home/fectec151/Downloads/Projects/vanttec_sdv/install/sdv_msgs/local/lib/python3.10/dist-packages/sdv_msgs/srv/__init__.py'...
Compiling '/home/fectec151/Downloads/Projects/vanttec_sdv/install/sdv_msgs/local/lib/python3.10/dist-packages/sdv_msgs/srv/_uint8.py'...
-- Installing: /home/fectec151/Downloads/Projects/vanttec_sdv/install/sdv_msgs/local/lib/python3.10/dist-packages/sdv_msgs/sdv_msgs_s__rosidl_typesupport_fastrtps_c.cpython-310-x86_64-linux-gnu.so
-- Set runtime path of "/home/fectec151/Downloads/Projects/vanttec_sdv/install/sdv_msgs/local/lib/python3.10/dist-packages/sdv_msgs/sdv_msgs_s__rosidl_typesupport_fastrtps_c.cpython-310-x86_64-linux-gnu.so" to ""
-- Installing: /home/fectec151/Downloads/Projects/vanttec_sdv/install/sdv_msgs/local/lib/python3.10/dist-packages/sdv_msgs/sdv_msgs_s__rosidl_typesupport_introspection_c.cpython-310-x86_64-linux-gnu.so
-- Set runtime path of "/home/fectec151/Downloads/Projects/vanttec_sdv/install/sdv_msgs/local/lib/python3.10/dist-packages/sdv_msgs/sdv_msgs_s__rosidl_typesupport_introspection_c.cpython-310-x86_64-linux-gnu.so" to ""
-- Installing: /home/fectec151/Downloads/Projects/vanttec_sdv/install/sdv_msgs/local/lib/python3.10/dist-packages/sdv_msgs/sdv_msgs_s__rosidl_typesupport_c.cpython-310-x86_64-linux-gnu.so
-- Set runtime path of "/home/fectec151/Downloads/Projects/vanttec_sdv/install/sdv_msgs/local/lib/python3.10/dist-packages/sdv_msgs/sdv_msgs_s__rosidl_typesupport_c.cpython-310-x86_64-linux-gnu.so" to ""
-- Installing: /home/fectec151/Downloads/Projects/vanttec_sdv/install/sdv_msgs/lib/libsdv_msgs__rosidl_generator_py.so
-- Set runtime path of "/home/fectec151/Downloads/Projects/vanttec_sdv/install/sdv_msgs/lib/libsdv_msgs__rosidl_generator_py.so" to ""
-- Installing: /home/fectec151/Downloads/Projects/vanttec_sdv/install/sdv_msgs/share/sdv_msgs/msg/State.idl
-- Installing: /home/fectec151/Downloads/Projects/vanttec_sdv/install/sdv_msgs/share/sdv_msgs/msg/PanelMsg.idl
-- Installing: /home/fectec151/Downloads/Projects/vanttec_sdv/install/sdv_msgs/share/sdv_msgs/msg/XboxMsg.idl
-- Installing: /home/fectec151/Downloads/Projects/vanttec_sdv/install/sdv_msgs/share/sdv_msgs/msg/ThrottleMsg.idl
-- Installing: /home/fectec151/Downloads/Projects/vanttec_sdv/install/sdv_msgs/share/sdv_msgs/msg/CollisionEvent.idl
-- Installing: /home/fectec151/Downloads/Projects/vanttec_sdv/install/sdv_msgs/share/sdv_msgs/msg/LaneInvasionEvent.idl
-- Installing: /home/fectec151/Downloads/Projects/vanttec_sdv/install/sdv_msgs/share/sdv_msgs/msg/Status.idl
-- Installing: /home/fectec151/Downloads/Projects/vanttec_sdv/install/sdv_msgs/share/sdv_msgs/msg/VehicleControl.idl
-- Installing: /home/fectec151/Downloads/Projects/vanttec_sdv/install/sdv_msgs/share/sdv_msgs/msg/VehicleInfo.idl
-- Installing: /home/fectec151/Downloads/Projects/vanttec_sdv/install/sdv_msgs/share/sdv_msgs/msg/VehicleStatus.idl
-- Installing: /home/fectec151/Downloads/Projects/vanttec_sdv/install/sdv_msgs/share/sdv_msgs/msg/VehicleInfoWheel.idl
-- Installing: /home/fectec151/Downloads/Projects/vanttec_sdv/install/sdv_msgs/share/sdv_msgs/msg/GuidanceWaypoints.idl
-- Installing: /home/fectec151/Downloads/Projects/vanttec_sdv/install/sdv_msgs/share/sdv_msgs/msg/EtaPose.idl
-- Installing: /home/fectec151/Downloads/Projects/vanttec_sdv/install/sdv_msgs/share/sdv_msgs/msg/SystemDynamics.idl
-- Installing: /home/fectec151/Downloads/Projects/vanttec_sdv/install/sdv_msgs/share/sdv_msgs/msg/ThrustControl.idl
-- Installing: /home/fectec151/Downloads/Projects/vanttec_sdv/install/sdv_msgs/share/sdv_msgs/msg/Encoder.idl
-- Installing: /home/fectec151/Downloads/Projects/vanttec_sdv/install/sdv_msgs/share/sdv_msgs/srv/Uint8.idl
-- Installing: /home/fectec151/Downloads/Projects/vanttec_sdv/install/sdv_msgs/share/sdv_msgs/msg/State.msg
-- Installing: /home/fectec151/Downloads/Projects/vanttec_sdv/install/sdv_msgs/share/sdv_msgs/msg/PanelMsg.msg
-- Installing: /home/fectec151/Downloads/Projects/vanttec_sdv/install/sdv_msgs/share/sdv_msgs/msg/XboxMsg.msg
-- Installing: /home/fectec151/Downloads/Projects/vanttec_sdv/install/sdv_msgs/share/sdv_msgs/msg/ThrottleMsg.msg
-- Installing: /home/fectec151/Downloads/Projects/vanttec_sdv/install/sdv_msgs/share/sdv_msgs/msg/CollisionEvent.msg
-- Installing: /home/fectec151/Downloads/Projects/vanttec_sdv/install/sdv_msgs/share/sdv_msgs/msg/LaneInvasionEvent.msg
-- Installing: /home/fectec151/Downloads/Projects/vanttec_sdv/install/sdv_msgs/share/sdv_msgs/msg/Status.msg
-- Installing: /home/fectec151/Downloads/Projects/vanttec_sdv/install/sdv_msgs/share/sdv_msgs/msg/VehicleControl.msg
-- Installing: /home/fectec151/Downloads/Projects/vanttec_sdv/install/sdv_msgs/share/sdv_msgs/msg/VehicleInfo.msg
-- Installing: /home/fectec151/Downloads/Projects/vanttec_sdv/install/sdv_msgs/share/sdv_msgs/msg/VehicleStatus.msg
-- Installing: /home/fectec151/Downloads/Projects/vanttec_sdv/install/sdv_msgs/share/sdv_msgs/msg/VehicleInfoWheel.msg
-- Installing: /home/fectec151/Downloads/Projects/vanttec_sdv/install/sdv_msgs/share/sdv_msgs/msg/GuidanceWaypoints.msg
-- Installing: /home/fectec151/Downloads/Projects/vanttec_sdv/install/sdv_msgs/share/sdv_msgs/msg/EtaPose.msg
-- Installing: /home/fectec151/Downloads/Projects/vanttec_sdv/install/sdv_msgs/share/sdv_msgs/msg/SystemDynamics.msg
-- Installing: /home/fectec151/Downloads/Projects/vanttec_sdv/install/sdv_msgs/share/sdv_msgs/msg/ThrustControl.msg
-- Installing: /home/fectec151/Downloads/Projects/vanttec_sdv/install/sdv_msgs/share/sdv_msgs/msg/Encoder.msg
-- Installing: /home/fectec151/Downloads/Projects/vanttec_sdv/install/sdv_msgs/share/sdv_msgs/srv/Uint8.srv
-- Installing: /home/fectec151/Downloads/Projects/vanttec_sdv/install/sdv_msgs/share/sdv_msgs/srv/Uint8_Request.msg
-- Installing: /home/fectec151/Downloads/Projects/vanttec_sdv/install/sdv_msgs/share/sdv_msgs/srv/Uint8_Response.msg
-- Installing: /home/fectec151/Downloads/Projects/vanttec_sdv/install/sdv_msgs/share/ament_index/resource_index/package_run_dependencies/sdv_msgs
-- Installing: /home/fectec151/Downloads/Projects/vanttec_sdv/install/sdv_msgs/share/ament_index/resource_index/parent_prefix_path/sdv_msgs
-- Installing: /home/fectec151/Downloads/Projects/vanttec_sdv/install/sdv_msgs/share/sdv_msgs/environment/ament_prefix_path.sh
-- Installing: /home/fectec151/Downloads/Projects/vanttec_sdv/install/sdv_msgs/share/sdv_msgs/environment/ament_prefix_path.dsv
-- Installing: /home/fectec151/Downloads/Projects/vanttec_sdv/install/sdv_msgs/share/sdv_msgs/environment/path.sh
-- Installing: /home/fectec151/Downloads/Projects/vanttec_sdv/install/sdv_msgs/share/sdv_msgs/environment/path.dsv
-- Installing: /home/fectec151/Downloads/Projects/vanttec_sdv/install/sdv_msgs/share/sdv_msgs/local_setup.bash
-- Installing: /home/fectec151/Downloads/Projects/vanttec_sdv/install/sdv_msgs/share/sdv_msgs/local_setup.sh
-- Installing: /home/fectec151/Downloads/Projects/vanttec_sdv/install/sdv_msgs/share/sdv_msgs/local_setup.zsh
-- Installing: /home/fectec151/Downloads/Projects/vanttec_sdv/install/sdv_msgs/share/sdv_msgs/local_setup.dsv
-- Installing: /home/fectec151/Downloads/Projects/vanttec_sdv/install/sdv_msgs/share/sdv_msgs/package.dsv
-- Installing: /home/fectec151/Downloads/Projects/vanttec_sdv/install/sdv_msgs/share/ament_index/resource_index/packages/sdv_msgs
-- Installing: /home/fectec151/Downloads/Projects/vanttec_sdv/install/sdv_msgs/share/sdv_msgs/cmake/export_sdv_msgs__rosidl_generator_cExport.cmake
-- Installing: /home/fectec151/Downloads/Projects/vanttec_sdv/install/sdv_msgs/share/sdv_msgs/cmake/export_sdv_msgs__rosidl_generator_cExport-noconfig.cmake
-- Installing: /home/fectec151/Downloads/Projects/vanttec_sdv/install/sdv_msgs/share/sdv_msgs/cmake/export_sdv_msgs__rosidl_typesupport_fastrtps_cExport.cmake
-- Installing: /home/fectec151/Downloads/Projects/vanttec_sdv/install/sdv_msgs/share/sdv_msgs/cmake/export_sdv_msgs__rosidl_typesupport_fastrtps_cExport-noconfig.cmake
-- Installing: /home/fectec151/Downloads/Projects/vanttec_sdv/install/sdv_msgs/share/sdv_msgs/cmake/sdv_msgs__rosidl_typesupport_introspection_cExport.cmake
-- Installing: /home/fectec151/Downloads/Projects/vanttec_sdv/install/sdv_msgs/share/sdv_msgs/cmake/sdv_msgs__rosidl_typesupport_introspection_cExport-noconfig.cmake
-- Installing: /home/fectec151/Downloads/Projects/vanttec_sdv/install/sdv_msgs/share/sdv_msgs/cmake/sdv_msgs__rosidl_typesupport_cExport.cmake
-- Installing: /home/fectec151/Downloads/Projects/vanttec_sdv/install/sdv_msgs/share/sdv_msgs/cmake/sdv_msgs__rosidl_typesupport_cExport-noconfig.cmake
-- Installing: /home/fectec151/Downloads/Projects/vanttec_sdv/install/sdv_msgs/share/sdv_msgs/cmake/export_sdv_msgs__rosidl_generator_cppExport.cmake
-- Installing: /home/fectec151/Downloads/Projects/vanttec_sdv/install/sdv_msgs/share/sdv_msgs/cmake/export_sdv_msgs__rosidl_typesupport_fastrtps_cppExport.cmake
-- Installing: /home/fectec151/Downloads/Projects/vanttec_sdv/install/sdv_msgs/share/sdv_msgs/cmake/export_sdv_msgs__rosidl_typesupport_fastrtps_cppExport-noconfig.cmake
-- Installing: /home/fectec151/Downloads/Projects/vanttec_sdv/install/sdv_msgs/share/sdv_msgs/cmake/sdv_msgs__rosidl_typesupport_introspection_cppExport.cmake
-- Installing: /home/fectec151/Downloads/Projects/vanttec_sdv/install/sdv_msgs/share/sdv_msgs/cmake/sdv_msgs__rosidl_typesupport_introspection_cppExport-noconfig.cmake
-- Installing: /home/fectec151/Downloads/Projects/vanttec_sdv/install/sdv_msgs/share/sdv_msgs/cmake/sdv_msgs__rosidl_typesupport_cppExport.cmake
-- Installing: /home/fectec151/Downloads/Projects/vanttec_sdv/install/sdv_msgs/share/sdv_msgs/cmake/sdv_msgs__rosidl_typesupport_cppExport-noconfig.cmake
-- Installing: /home/fectec151/Downloads/Projects/vanttec_sdv/install/sdv_msgs/share/sdv_msgs/cmake/export_sdv_msgs__rosidl_generator_pyExport.cmake
-- Installing: /home/fectec151/Downloads/Projects/vanttec_sdv/install/sdv_msgs/share/sdv_msgs/cmake/export_sdv_msgs__rosidl_generator_pyExport-noconfig.cmake
-- Installing: /home/fectec151/Downloads/Projects/vanttec_sdv/install/sdv_msgs/share/sdv_msgs/cmake/rosidl_cmake-extras.cmake
-- Installing: /home/fectec151/Downloads/Projects/vanttec_sdv/install/sdv_msgs/share/sdv_msgs/cmake/ament_cmake_export_dependencies-extras.cmake
-- Installing: /home/fectec151/Downloads/Projects/vanttec_sdv/install/sdv_msgs/share/sdv_msgs/cmake/ament_cmake_export_include_directories-extras.cmake
-- Installing: /home/fectec151/Downloads/Projects/vanttec_sdv/install/sdv_msgs/share/sdv_msgs/cmake/ament_cmake_export_libraries-extras.cmake
-- Installing: /home/fectec151/Downloads/Projects/vanttec_sdv/install/sdv_msgs/share/sdv_msgs/cmake/ament_cmake_export_targets-extras.cmake
-- Installing: /home/fectec151/Downloads/Projects/vanttec_sdv/install/sdv_msgs/share/sdv_msgs/cmake/rosidl_cmake_export_typesupport_targets-extras.cmake
-- Installing: /home/fectec151/Downloads/Projects/vanttec_sdv/install/sdv_msgs/share/sdv_msgs/cmake/rosidl_cmake_export_typesupport_libraries-extras.cmake
-- Installing: /home/fectec151/Downloads/Projects/vanttec_sdv/install/sdv_msgs/share/sdv_msgs/cmake/sdv_msgsConfig.cmake
-- Installing: /home/fectec151/Downloads/Projects/vanttec_sdv/install/sdv_msgs/share/sdv_msgs/cmake/sdv_msgsConfig-version.cmake
-- Installing: /home/fectec151/Downloads/Projects/vanttec_sdv/install/sdv_msgs/share/sdv_msgs/package.xml
