[0.843s] Invoking command in '/home/fcanof/vanttec_sdv/build/isaac_ros_common': CMAKE_PREFIX_PATH=/opt/ros/humble /usr/bin/cmake /home/fcanof/vanttec_sdv/workspace/src/isaac_ros_common/isaac_ros_common -DCMAKE_INSTALL_PREFIX=/home/fcanof/vanttec_sdv/install/isaac_ros_common
[1.953s] -- The C compiler identification is GNU 11.4.0
[1.953s] -- The CXX compiler identification is GNU 11.4.0
[1.953s] -- Detecting C compiler ABI info
[1.953s] -- Detecting C compiler ABI info - done
[1.953s] -- Check for working C compiler: /usr/bin/cc - skipped
[1.954s] -- Detecting C compile features
[1.954s] -- Detecting C compile features - done
[1.954s] -- Detecting CXX compiler ABI info
[1.954s] -- Detecting CXX compiler ABI info - done
[1.954s] -- Check for working CXX compiler: /usr/bin/c++ - skipped
[1.956s] -- Detecting CXX compile features
[1.956s] -- Detecting CXX compile features - done
[1.956s] -- Found ament_cmake_auto: 1.3.8 (/opt/ros/humble/share/ament_cmake_auto/cmake)
[1.956s] -- Found Python3: /usr/bin/python3.10 (found version "3.10.12") found components: Interpreter 
[1.956s] -- Found rosidl_generator_c: 3.1.5 (/opt/ros/humble/share/rosidl_generator_c/cmake)
[1.956s] -- Found rosidl_adapter: 3.1.5 (/opt/ros/humble/share/rosidl_adapter/cmake)
[1.956s] -- Found rosidl_generator_cpp: 3.1.5 (/opt/ros/humble/share/rosidl_generator_cpp/cmake)
[1.956s] -- Using all available rosidl_typesupport_c: rosidl_typesupport_fastrtps_c;rosidl_typesupport_introspection_c
[1.957s] -- Using all available rosidl_typesupport_cpp: rosidl_typesupport_fastrtps_cpp;rosidl_typesupport_introspection_cpp
[1.957s] -- Found rmw_implementation_cmake: 6.1.1 (/opt/ros/humble/share/rmw_implementation_cmake/cmake)
[1.957s] -- Found rmw_fastrtps_cpp: 6.2.6 (/opt/ros/humble/share/rmw_fastrtps_cpp/cmake)
[1.957s] -- Found OpenSSL: /usr/lib/x86_64-linux-gnu/libcrypto.so (found version "3.0.2")  
[1.993s] -- Found FastRTPS: /opt/ros/humble/include  
[2.080s] -- Using RMW implementation 'rmw_fastrtps_cpp' as default
[2.100s] -- Looking for pthread.h
[2.236s] -- Looking for pthread.h - found
[2.236s] -- Performing Test CMAKE_HAVE_LIBC_PTHREAD
[2.341s] -- Performing Test CMAKE_HAVE_LIBC_PTHREAD - Success
[2.343s] -- Found Threads: TRUE  
[2.683s] -- Loading isaac_ros_common extras
[2.683s] -- CMAKE_BUILD_TYPE: Release
[2.686s] [31mCMake Error at /usr/share/cmake-3.22/Modules/FindCUDA.cmake:859 (message):
[2.687s]   Specify CUDA_TOOLKIT_ROOT_DIR
[2.688s] Call Stack (most recent call first):
[2.688s]   cmake/isaac_ros_common-extras.cmake:39 (find_package)
[2.688s]   CMakeLists.txt:28 (include)
[2.688s] 
[2.688s] [0m
[2.688s] -- Configuring incomplete, errors occurred!
[2.688s] See also "/home/fcanof/vanttec_sdv/build/isaac_ros_common/CMakeFiles/CMakeOutput.log".
[2.702s] Invoked command in '/home/fcanof/vanttec_sdv/build/isaac_ros_common' returned '1': CMAKE_PREFIX_PATH=/opt/ros/humble /usr/bin/cmake /home/fcanof/vanttec_sdv/workspace/src/isaac_ros_common/isaac_ros_common -DCMAKE_INSTALL_PREFIX=/home/fcanof/vanttec_sdv/install/isaac_ros_common
