[0.028s] Invoking command in '/home/fectec151/Downloads/Projects/vanttec_sdv/workspace/src/build/sdv_control': CMAKE_PREFIX_PATH=/home/fectec151/Downloads/Projects/vanttec_sdv/workspace/src/install/vectornav_msgs:/home/fectec151/Downloads/Projects/vanttec_sdv/workspace/src/install/sdv_msgs:/home/fectec151/Downloads/Projects/vanttec_sdv/workspace/src/install/sdv_control:/opt/ros/humble /usr/bin/cmake --build /home/fectec151/Downloads/Projects/vanttec_sdv/workspace/src/build/sdv_control -- -j12 -l12
[0.067s] -- Found ament_cmake: 1.3.8 (/opt/ros/humble/share/ament_cmake/cmake)
[0.288s] -- Found rclcpp: 16.0.8 (/opt/ros/humble/share/rclcpp/cmake)
[0.329s] -- Found rosidl_generator_c: 3.1.5 (/opt/ros/humble/share/rosidl_generator_c/cmake)
[0.333s] -- Found rosidl_adapter: 3.1.5 (/opt/ros/humble/share/rosidl_adapter/cmake)
[0.342s] -- Found rosidl_generator_cpp: 3.1.5 (/opt/ros/humble/share/rosidl_generator_cpp/cmake)
[0.364s] -- Using all available rosidl_typesupport_c: rosidl_typesupport_fastrtps_c;rosidl_typesupport_introspection_c
[0.389s] -- Using all available rosidl_typesupport_cpp: rosidl_typesupport_fastrtps_cpp;rosidl_typesupport_introspection_cpp
[0.472s] -- Found rmw_implementation_cmake: 6.1.1 (/opt/ros/humble/share/rmw_implementation_cmake/cmake)
[0.474s] -- Found rmw_fastrtps_cpp: 6.2.6 (/opt/ros/humble/share/rmw_fastrtps_cpp/cmake)
[0.664s] -- Using RMW implementation 'rmw_fastrtps_cpp' as default
[0.933s] -- Found geometry_msgs: 4.2.3 (/opt/ros/humble/share/geometry_msgs/cmake)
[1.032s] -- Found vectornav_msgs: 3.0.0 (/home/fectec151/Downloads/Projects/vanttec_sdv/workspace/src/install/vectornav_msgs/share/vectornav_msgs/cmake)
[1.289s] -- Found nav_msgs: 4.2.3 (/opt/ros/humble/share/nav_msgs/cmake)
[1.487s] -- Found sensor_msgs: 4.2.3 (/opt/ros/humble/share/sensor_msgs/cmake)
[1.726s] -- Found tf2_ros: 0.25.6 (/opt/ros/humble/share/tf2_ros/cmake)
[2.377s] -- Found sdv_msgs: 0.0.0 (/home/fectec151/Downloads/Projects/vanttec_sdv/workspace/src/install/sdv_msgs/share/sdv_msgs/cmake)
[2.459s] -- Found diagnostic_msgs: 4.2.3 (/opt/ros/humble/share/diagnostic_msgs/cmake)
[2.529s] -- Found rclpy: 3.3.12 (/opt/ros/humble/share/rclpy/cmake)
[2.530s] -- Found tf2_geometry_msgs: 0.25.6 (/opt/ros/humble/share/tf2_geometry_msgs/cmake)
[2.538s] -- Found eigen3_cmake_module: 0.1.1 (/opt/ros/humble/share/eigen3_cmake_module/cmake)
[2.540s] -- Ensuring Eigen3 include directory is part of orocos-kdl CMake target
[2.847s] -- Found ament_lint_auto: 0.12.10 (/opt/ros/humble/share/ament_lint_auto/cmake)
[3.018s] -- Added test 'cppcheck' to perform static code analysis on C / C++ code
[3.018s] -- Configured cppcheck include dirs: $<BUILD_INTERFACE:/home/fectec151/Downloads/Projects/vanttec_sdv/workspace/src/sdv_control/include>;/home/fectec151/Downloads/Projects/vanttec_sdv/workspace/src/sdv_control/libs/vanttec_controllers
[3.019s] -- Configured cppcheck exclude dirs and/or files: 
[3.024s] -- Added test 'flake8' to check Python code syntax and style conventions
[3.034s] -- Added test 'lint_cmake' to check CMake code style
[3.039s] -- Added test 'pep257' to check Python code against some of the docstring style conventions in PEP 257
[3.078s] -- Added test 'uncrustify' to check C / C++ code style
[3.078s] -- Configured uncrustify additional arguments: 
[3.084s] -- Added test 'xmllint' to check XML markup files
[3.085s] -- Configuring done
[3.148s] -- Generating done
[3.154s] -- Build files have been written to: /home/fectec151/Downloads/Projects/vanttec_sdv/workspace/src/build/sdv_control
[3.194s] [35m[1mConsolidate compiler generated dependencies of target vanttec_controllers[0m
[3.194s] [35m[1mConsolidate compiler generated dependencies of target gtest[0m
[3.213s] [ 11%] Built target vanttec_controllers
[3.215s] [ 22%] Built target gtest
[3.234s] [35m[1mConsolidate compiler generated dependencies of target stanley_controller_node[0m
[3.234s] [35m[1mConsolidate compiler generated dependencies of target gmock[0m
[3.240s] [35m[1mConsolidate compiler generated dependencies of target vel_pid_node[0m
[3.251s] [35m[1mConsolidate compiler generated dependencies of target sdv_kinematic_sim[0m
[3.267s] [35m[1mConsolidate compiler generated dependencies of target gtest_main[0m
[3.293s] [ 44%] Built target gtest_main
[3.293s] [ 44%] Built target stanley_controller_node
[3.294s] [ 55%] Built target gmock
[3.298s] [ 66%] Built target sdv_kinematic_sim
[3.298s] [ 77%] Built target vel_pid_node
[3.310s] [35m[1mConsolidate compiler generated dependencies of target vanttec_controllers_test[0m
[3.312s] [35m[1mConsolidate compiler generated dependencies of target gmock_main[0m
[3.330s] [ 88%] Built target vanttec_controllers_test
[3.337s] [100%] Built target gmock_main
[3.353s] Invoked command in '/home/fectec151/Downloads/Projects/vanttec_sdv/workspace/src/build/sdv_control' returned '0': CMAKE_PREFIX_PATH=/home/fectec151/Downloads/Projects/vanttec_sdv/workspace/src/install/vectornav_msgs:/home/fectec151/Downloads/Projects/vanttec_sdv/workspace/src/install/sdv_msgs:/home/fectec151/Downloads/Projects/vanttec_sdv/workspace/src/install/sdv_control:/opt/ros/humble /usr/bin/cmake --build /home/fectec151/Downloads/Projects/vanttec_sdv/workspace/src/build/sdv_control -- -j12 -l12
[3.447s] Invoking command in '/home/fectec151/Downloads/Projects/vanttec_sdv/workspace/src/build/sdv_control': CMAKE_PREFIX_PATH=/home/fectec151/Downloads/Projects/vanttec_sdv/workspace/src/install/vectornav_msgs:/home/fectec151/Downloads/Projects/vanttec_sdv/workspace/src/install/sdv_msgs:/home/fectec151/Downloads/Projects/vanttec_sdv/workspace/src/install/sdv_control:/opt/ros/humble /usr/bin/cmake --install /home/fectec151/Downloads/Projects/vanttec_sdv/workspace/src/build/sdv_control
[3.460s] -- Install configuration: ""
[3.460s] -- Up-to-date: /home/fectec151/Downloads/Projects/vanttec_sdv/workspace/src/install/sdv_control/lib/sdv_control/vel_pid_node
[3.461s] -- Up-to-date: /home/fectec151/Downloads/Projects/vanttec_sdv/workspace/src/install/sdv_control/lib/sdv_control/stanley_controller_node
[3.462s] -- Up-to-date: /home/fectec151/Downloads/Projects/vanttec_sdv/workspace/src/install/sdv_control/lib/sdv_control/sdv_kinematic_sim
[3.462s] -- Up-to-date: /home/fectec151/Downloads/Projects/vanttec_sdv/workspace/src/install/sdv_control/share/sdv_control/config
[3.462s] -- Up-to-date: /home/fectec151/Downloads/Projects/vanttec_sdv/workspace/src/install/sdv_control/share/sdv_control/config/waypoints_carreta.csv
[3.463s] -- Up-to-date: /home/fectec151/Downloads/Projects/vanttec_sdv/workspace/src/install/sdv_control/share/sdv_control/config/anniversary_waypoints_ned.csv
[3.463s] -- Up-to-date: /home/fectec151/Downloads/Projects/vanttec_sdv/workspace/src/install/sdv_control/share/sdv_control/config/car_params.yaml
[3.463s] -- Up-to-date: /home/fectec151/Downloads/Projects/vanttec_sdv/workspace/src/install/sdv_control/share/sdv_control/config/zigzag.csv
[3.463s] -- Up-to-date: /home/fectec151/Downloads/Projects/vanttec_sdv/workspace/src/install/sdv_control/share/sdv_control/config/el_borrego.csv
[3.463s] -- Up-to-date: /home/fectec151/Downloads/Projects/vanttec_sdv/workspace/src/install/sdv_control/share/sdv_control/config/zf_street.csv
[3.464s] -- Up-to-date: /home/fectec151/Downloads/Projects/vanttec_sdv/workspace/src/install/sdv_control/share/sdv_control/config/new_waypoints_3.csv
[3.464s] -- Up-to-date: /home/fectec151/Downloads/Projects/vanttec_sdv/workspace/src/install/sdv_control/share/sdv_control/config/zf_parking.csv
[3.464s] -- Up-to-date: /home/fectec151/Downloads/Projects/vanttec_sdv/workspace/src/install/sdv_control/share/sdv_control/config/sim2.csv
[3.464s] -- Up-to-date: /home/fectec151/Downloads/Projects/vanttec_sdv/workspace/src/install/sdv_control/share/sdv_control/config/sim_waypoints.csv
[3.464s] -- Up-to-date: /home/fectec151/Downloads/Projects/vanttec_sdv/workspace/src/install/sdv_control/share/sdv_control/config/sim_params.yaml
[3.465s] -- Up-to-date: /home/fectec151/Downloads/Projects/vanttec_sdv/workspace/src/install/sdv_control/share/sdv_control/config/parking_waypoints_ned.csv
[3.465s] -- Up-to-date: /home/fectec151/Downloads/Projects/vanttec_sdv/workspace/src/install/sdv_control/share/sdv_control/config/zf_estacionamiento.csv
[3.465s] -- Up-to-date: /home/fectec151/Downloads/Projects/vanttec_sdv/workspace/src/install/sdv_control/share/sdv_control/config/new_waypoints_1.csv
[3.465s] -- Up-to-date: /home/fectec151/Downloads/Projects/vanttec_sdv/workspace/src/install/sdv_control/share/sdv_control/launch
[3.466s] -- Up-to-date: /home/fectec151/Downloads/Projects/vanttec_sdv/workspace/src/install/sdv_control/share/sdv_control/launch/model_launch.py
[3.466s] -- Up-to-date: /home/fectec151/Downloads/Projects/vanttec_sdv/workspace/src/install/sdv_control/share/sdv_control/launch/rviz_cfg
[3.466s] -- Up-to-date: /home/fectec151/Downloads/Projects/vanttec_sdv/workspace/src/install/sdv_control/share/sdv_control/launch/rviz_cfg/sdv_sim_wpnts.rviz
[3.466s] -- Up-to-date: /home/fectec151/Downloads/Projects/vanttec_sdv/workspace/src/install/sdv_control/share/sdv_control/launch/control_launch.py
[3.466s] -- Up-to-date: /home/fectec151/Downloads/Projects/vanttec_sdv/workspace/src/install/sdv_control/share/sdv_control/launch/guidance_launch.py
[3.466s] -- Up-to-date: /home/fectec151/Downloads/Projects/vanttec_sdv/workspace/src/install/sdv_control/share/sdv_control/launch/sim_launch.py
[3.467s] -- Up-to-date: /home/fectec151/Downloads/Projects/vanttec_sdv/workspace/src/install/sdv_control/share/sdv_control/rviz
[3.467s] -- Up-to-date: /home/fectec151/Downloads/Projects/vanttec_sdv/workspace/src/install/sdv_control/share/sdv_control/rviz/sim.rviz
[3.467s] -- Up-to-date: /home/fectec151/Downloads/Projects/vanttec_sdv/workspace/src/install/sdv_control/lib/sdv_control/path_publisher_node.py
[3.467s] -- Installing: /home/fectec151/Downloads/Projects/vanttec_sdv/workspace/src/install/sdv_control/lib/sdv_control/path_planner_node.py
[3.468s] -- Up-to-date: /home/fectec151/Downloads/Projects/vanttec_sdv/workspace/src/install/sdv_control/share/ament_index/resource_index/package_run_dependencies/sdv_control
[3.468s] -- Up-to-date: /home/fectec151/Downloads/Projects/vanttec_sdv/workspace/src/install/sdv_control/share/ament_index/resource_index/parent_prefix_path/sdv_control
[3.468s] -- Up-to-date: /home/fectec151/Downloads/Projects/vanttec_sdv/workspace/src/install/sdv_control/share/sdv_control/environment/ament_prefix_path.sh
[3.468s] -- Installing: /home/fectec151/Downloads/Projects/vanttec_sdv/workspace/src/install/sdv_control/share/sdv_control/environment/ament_prefix_path.dsv
[3.469s] -- Up-to-date: /home/fectec151/Downloads/Projects/vanttec_sdv/workspace/src/install/sdv_control/share/sdv_control/environment/path.sh
[3.469s] -- Installing: /home/fectec151/Downloads/Projects/vanttec_sdv/workspace/src/install/sdv_control/share/sdv_control/environment/path.dsv
[3.469s] -- Up-to-date: /home/fectec151/Downloads/Projects/vanttec_sdv/workspace/src/install/sdv_control/share/sdv_control/local_setup.bash
[3.470s] -- Up-to-date: /home/fectec151/Downloads/Projects/vanttec_sdv/workspace/src/install/sdv_control/share/sdv_control/local_setup.sh
[3.470s] -- Up-to-date: /home/fectec151/Downloads/Projects/vanttec_sdv/workspace/src/install/sdv_control/share/sdv_control/local_setup.zsh
[3.470s] -- Installing: /home/fectec151/Downloads/Projects/vanttec_sdv/workspace/src/install/sdv_control/share/sdv_control/local_setup.dsv
[3.470s] -- Installing: /home/fectec151/Downloads/Projects/vanttec_sdv/workspace/src/install/sdv_control/share/sdv_control/package.dsv
[3.470s] -- Up-to-date: /home/fectec151/Downloads/Projects/vanttec_sdv/workspace/src/install/sdv_control/share/ament_index/resource_index/packages/sdv_control
[3.471s] -- Up-to-date: /home/fectec151/Downloads/Projects/vanttec_sdv/workspace/src/install/sdv_control/share/sdv_control/cmake/sdv_controlConfig.cmake
[3.471s] -- Up-to-date: /home/fectec151/Downloads/Projects/vanttec_sdv/workspace/src/install/sdv_control/share/sdv_control/cmake/sdv_controlConfig-version.cmake
[3.471s] -- Up-to-date: /home/fectec151/Downloads/Projects/vanttec_sdv/workspace/src/install/sdv_control/share/sdv_control/package.xml
[3.471s] -- Up-to-date: /home/fectec151/Downloads/Projects/vanttec_sdv/workspace/src/install/sdv_control/include
[3.471s] -- Up-to-date: /home/fectec151/Downloads/Projects/vanttec_sdv/workspace/src/install/sdv_control/include/gmock
[3.471s] -- Up-to-date: /home/fectec151/Downloads/Projects/vanttec_sdv/workspace/src/install/sdv_control/include/gmock/gmock-nice-strict.h
[3.472s] -- Up-to-date: /home/fectec151/Downloads/Projects/vanttec_sdv/workspace/src/install/sdv_control/include/gmock/gmock-actions.h
[3.472s] -- Up-to-date: /home/fectec151/Downloads/Projects/vanttec_sdv/workspace/src/install/sdv_control/include/gmock/gmock-more-actions.h
[3.472s] -- Up-to-date: /home/fectec151/Downloads/Projects/vanttec_sdv/workspace/src/install/sdv_control/include/gmock/gmock-function-mocker.h
[3.472s] -- Up-to-date: /home/fectec151/Downloads/Projects/vanttec_sdv/workspace/src/install/sdv_control/include/gmock/gmock.h
[3.472s] -- Up-to-date: /home/fectec151/Downloads/Projects/vanttec_sdv/workspace/src/install/sdv_control/include/gmock/gmock-cardinalities.h
[3.472s] -- Up-to-date: /home/fectec151/Downloads/Projects/vanttec_sdv/workspace/src/install/sdv_control/include/gmock/gmock-more-matchers.h
[3.473s] -- Up-to-date: /home/fectec151/Downloads/Projects/vanttec_sdv/workspace/src/install/sdv_control/include/gmock/gmock-matchers.h
[3.473s] -- Up-to-date: /home/fectec151/Downloads/Projects/vanttec_sdv/workspace/src/install/sdv_control/include/gmock/gmock-spec-builders.h
[3.474s] -- Up-to-date: /home/fectec151/Downloads/Projects/vanttec_sdv/workspace/src/install/sdv_control/include/gmock/internal
[3.475s] -- Up-to-date: /home/fectec151/Downloads/Projects/vanttec_sdv/workspace/src/install/sdv_control/include/gmock/internal/gmock-internal-utils.h
[3.475s] -- Up-to-date: /home/fectec151/Downloads/Projects/vanttec_sdv/workspace/src/install/sdv_control/include/gmock/internal/custom
[3.476s] -- Up-to-date: /home/fectec151/Downloads/Projects/vanttec_sdv/workspace/src/install/sdv_control/include/gmock/internal/custom/README.md
[3.476s] -- Up-to-date: /home/fectec151/Downloads/Projects/vanttec_sdv/workspace/src/install/sdv_control/include/gmock/internal/custom/gmock-matchers.h
[3.476s] -- Up-to-date: /home/fectec151/Downloads/Projects/vanttec_sdv/workspace/src/install/sdv_control/include/gmock/internal/custom/gmock-port.h
[3.477s] -- Up-to-date: /home/fectec151/Downloads/Projects/vanttec_sdv/workspace/src/install/sdv_control/include/gmock/internal/custom/gmock-generated-actions.h
[3.477s] -- Up-to-date: /home/fectec151/Downloads/Projects/vanttec_sdv/workspace/src/install/sdv_control/include/gmock/internal/gmock-port.h
[3.478s] -- Up-to-date: /home/fectec151/Downloads/Projects/vanttec_sdv/workspace/src/install/sdv_control/include/gmock/internal/gmock-pp.h
[3.478s] -- Up-to-date: /home/fectec151/Downloads/Projects/vanttec_sdv/workspace/src/install/sdv_control/lib/libgmock.a
[3.478s] -- Up-to-date: /home/fectec151/Downloads/Projects/vanttec_sdv/workspace/src/install/sdv_control/lib/libgmock_main.a
[3.479s] -- Up-to-date: /home/fectec151/Downloads/Projects/vanttec_sdv/workspace/src/install/sdv_control/lib/pkgconfig/gmock.pc
[3.479s] -- Up-to-date: /home/fectec151/Downloads/Projects/vanttec_sdv/workspace/src/install/sdv_control/lib/pkgconfig/gmock_main.pc
[3.480s] -- Up-to-date: /home/fectec151/Downloads/Projects/vanttec_sdv/workspace/src/install/sdv_control/lib/cmake/GTest/GTestTargets.cmake
[3.480s] -- Up-to-date: /home/fectec151/Downloads/Projects/vanttec_sdv/workspace/src/install/sdv_control/lib/cmake/GTest/GTestTargets-noconfig.cmake
[3.481s] -- Up-to-date: /home/fectec151/Downloads/Projects/vanttec_sdv/workspace/src/install/sdv_control/lib/cmake/GTest/GTestConfigVersion.cmake
[3.481s] -- Up-to-date: /home/fectec151/Downloads/Projects/vanttec_sdv/workspace/src/install/sdv_control/lib/cmake/GTest/GTestConfig.cmake
[3.481s] -- Up-to-date: /home/fectec151/Downloads/Projects/vanttec_sdv/workspace/src/install/sdv_control/include
[3.482s] -- Up-to-date: /home/fectec151/Downloads/Projects/vanttec_sdv/workspace/src/install/sdv_control/include/gtest
[3.482s] -- Up-to-date: /home/fectec151/Downloads/Projects/vanttec_sdv/workspace/src/install/sdv_control/include/gtest/gtest_pred_impl.h
[3.482s] -- Up-to-date: /home/fectec151/Downloads/Projects/vanttec_sdv/workspace/src/install/sdv_control/include/gtest/gtest-matchers.h
[3.482s] -- Up-to-date: /home/fectec151/Downloads/Projects/vanttec_sdv/workspace/src/install/sdv_control/include/gtest/gtest.h
[3.483s] -- Up-to-date: /home/fectec151/Downloads/Projects/vanttec_sdv/workspace/src/install/sdv_control/include/gtest/gtest-typed-test.h
[3.483s] -- Up-to-date: /home/fectec151/Downloads/Projects/vanttec_sdv/workspace/src/install/sdv_control/include/gtest/gtest-message.h
[3.483s] -- Up-to-date: /home/fectec151/Downloads/Projects/vanttec_sdv/workspace/src/install/sdv_control/include/gtest/gtest-printers.h
[3.484s] -- Up-to-date: /home/fectec151/Downloads/Projects/vanttec_sdv/workspace/src/install/sdv_control/include/gtest/gtest_prod.h
[3.484s] -- Up-to-date: /home/fectec151/Downloads/Projects/vanttec_sdv/workspace/src/install/sdv_control/include/gtest/gtest-death-test.h
[3.484s] -- Up-to-date: /home/fectec151/Downloads/Projects/vanttec_sdv/workspace/src/install/sdv_control/include/gtest/gtest-param-test.h
[3.484s] -- Up-to-date: /home/fectec151/Downloads/Projects/vanttec_sdv/workspace/src/install/sdv_control/include/gtest/gtest-test-part.h
[3.484s] -- Up-to-date: /home/fectec151/Downloads/Projects/vanttec_sdv/workspace/src/install/sdv_control/include/gtest/internal
[3.484s] -- Up-to-date: /home/fectec151/Downloads/Projects/vanttec_sdv/workspace/src/install/sdv_control/include/gtest/internal/gtest-type-util.h
[3.484s] -- Up-to-date: /home/fectec151/Downloads/Projects/vanttec_sdv/workspace/src/install/sdv_control/include/gtest/internal/gtest-port-arch.h
[3.484s] -- Up-to-date: /home/fectec151/Downloads/Projects/vanttec_sdv/workspace/src/install/sdv_control/include/gtest/internal/gtest-internal.h
[3.484s] -- Up-to-date: /home/fectec151/Downloads/Projects/vanttec_sdv/workspace/src/install/sdv_control/include/gtest/internal/gtest-port.h
[3.484s] -- Up-to-date: /home/fectec151/Downloads/Projects/vanttec_sdv/workspace/src/install/sdv_control/include/gtest/internal/gtest-string.h
[3.484s] -- Up-to-date: /home/fectec151/Downloads/Projects/vanttec_sdv/workspace/src/install/sdv_control/include/gtest/internal/gtest-param-util.h
[3.484s] -- Up-to-date: /home/fectec151/Downloads/Projects/vanttec_sdv/workspace/src/install/sdv_control/include/gtest/internal/gtest-filepath.h
[3.485s] -- Up-to-date: /home/fectec151/Downloads/Projects/vanttec_sdv/workspace/src/install/sdv_control/include/gtest/internal/custom
[3.485s] -- Up-to-date: /home/fectec151/Downloads/Projects/vanttec_sdv/workspace/src/install/sdv_control/include/gtest/internal/custom/gtest.h
[3.485s] -- Up-to-date: /home/fectec151/Downloads/Projects/vanttec_sdv/workspace/src/install/sdv_control/include/gtest/internal/custom/gtest-printers.h
[3.485s] -- Up-to-date: /home/fectec151/Downloads/Projects/vanttec_sdv/workspace/src/install/sdv_control/include/gtest/internal/custom/gtest-port.h
[3.485s] -- Up-to-date: /home/fectec151/Downloads/Projects/vanttec_sdv/workspace/src/install/sdv_control/include/gtest/internal/custom/README.md
[3.485s] -- Up-to-date: /home/fectec151/Downloads/Projects/vanttec_sdv/workspace/src/install/sdv_control/include/gtest/internal/gtest-death-test-internal.h
[3.485s] -- Up-to-date: /home/fectec151/Downloads/Projects/vanttec_sdv/workspace/src/install/sdv_control/include/gtest/gtest-spi.h
[3.485s] -- Up-to-date: /home/fectec151/Downloads/Projects/vanttec_sdv/workspace/src/install/sdv_control/lib/libgtest.a
[3.486s] -- Up-to-date: /home/fectec151/Downloads/Projects/vanttec_sdv/workspace/src/install/sdv_control/lib/libgtest_main.a
[3.486s] -- Up-to-date: /home/fectec151/Downloads/Projects/vanttec_sdv/workspace/src/install/sdv_control/lib/pkgconfig/gtest.pc
[3.486s] -- Up-to-date: /home/fectec151/Downloads/Projects/vanttec_sdv/workspace/src/install/sdv_control/lib/pkgconfig/gtest_main.pc
[3.486s] Invoked command in '/home/fectec151/Downloads/Projects/vanttec_sdv/workspace/src/build/sdv_control' returned '0': CMAKE_PREFIX_PATH=/home/fectec151/Downloads/Projects/vanttec_sdv/workspace/src/install/vectornav_msgs:/home/fectec151/Downloads/Projects/vanttec_sdv/workspace/src/install/sdv_msgs:/home/fectec151/Downloads/Projects/vanttec_sdv/workspace/src/install/sdv_control:/opt/ros/humble /usr/bin/cmake --install /home/fectec151/Downloads/Projects/vanttec_sdv/workspace/src/build/sdv_control
