[0.024s] Invoking command in '/home/fectec151/Downloads/Projects/vanttec_sdv/workspace/src/build/sdv_control': CMAKE_PREFIX_PATH=/home/fectec151/Downloads/Projects/vanttec_sdv/workspace/src/install/vectornav_msgs:/home/fectec151/Downloads/Projects/vanttec_sdv/workspace/src/install/sdv_msgs:/home/fectec151/Downloads/Projects/vanttec_sdv/workspace/src/install/sdv_control:/opt/ros/humble /usr/bin/cmake --build /home/fectec151/Downloads/Projects/vanttec_sdv/workspace/src/build/sdv_control -- -j12 -l12
[0.063s] -- Found ament_cmake: 1.3.8 (/opt/ros/humble/share/ament_cmake/cmake)
[0.281s] -- Found rclcpp: 16.0.8 (/opt/ros/humble/share/rclcpp/cmake)
[0.323s] -- Found rosidl_generator_c: 3.1.5 (/opt/ros/humble/share/rosidl_generator_c/cmake)
[0.326s] -- Found rosidl_adapter: 3.1.5 (/opt/ros/humble/share/rosidl_adapter/cmake)
[0.334s] -- Found rosidl_generator_cpp: 3.1.5 (/opt/ros/humble/share/rosidl_generator_cpp/cmake)
[0.347s] -- Using all available rosidl_typesupport_c: rosidl_typesupport_fastrtps_c;rosidl_typesupport_introspection_c
[0.368s] -- Using all available rosidl_typesupport_cpp: rosidl_typesupport_fastrtps_cpp;rosidl_typesupport_introspection_cpp
[0.454s] -- Found rmw_implementation_cmake: 6.1.1 (/opt/ros/humble/share/rmw_implementation_cmake/cmake)
[0.455s] -- Found rmw_fastrtps_cpp: 6.2.6 (/opt/ros/humble/share/rmw_fastrtps_cpp/cmake)
[0.617s] -- Using RMW implementation 'rmw_fastrtps_cpp' as default
[0.865s] -- Found geometry_msgs: 4.2.3 (/opt/ros/humble/share/geometry_msgs/cmake)
[0.925s] -- Found vectornav_msgs: 3.0.0 (/home/fectec151/Downloads/Projects/vanttec_sdv/workspace/src/install/vectornav_msgs/share/vectornav_msgs/cmake)
[1.126s] -- Found nav_msgs: 4.2.3 (/opt/ros/humble/share/nav_msgs/cmake)
[1.254s] -- Found sensor_msgs: 4.2.3 (/opt/ros/humble/share/sensor_msgs/cmake)
[1.395s] -- Found tf2_ros: 0.25.6 (/opt/ros/humble/share/tf2_ros/cmake)
[1.818s] -- Found sdv_msgs: 0.0.0 (/home/fectec151/Downloads/Projects/vanttec_sdv/workspace/src/install/sdv_msgs/share/sdv_msgs/cmake)
[1.894s] -- Found diagnostic_msgs: 4.2.3 (/opt/ros/humble/share/diagnostic_msgs/cmake)
[1.956s] -- Found rclpy: 3.3.12 (/opt/ros/humble/share/rclpy/cmake)
[1.956s] -- Found tf2_geometry_msgs: 0.25.6 (/opt/ros/humble/share/tf2_geometry_msgs/cmake)
[1.963s] -- Found eigen3_cmake_module: 0.1.1 (/opt/ros/humble/share/eigen3_cmake_module/cmake)
[1.965s] -- Ensuring Eigen3 include directory is part of orocos-kdl CMake target
[2.240s] -- Found ament_lint_auto: 0.12.10 (/opt/ros/humble/share/ament_lint_auto/cmake)
[2.418s] -- Added test 'cppcheck' to perform static code analysis on C / C++ code
[2.419s] -- Configured cppcheck include dirs: $<BUILD_INTERFACE:/home/fectec151/Downloads/Projects/vanttec_sdv/workspace/src/sdv_control/include>;/home/fectec151/Downloads/Projects/vanttec_sdv/workspace/src/sdv_control/libs/vanttec_controllers
[2.419s] -- Configured cppcheck exclude dirs and/or files: 
[2.429s] -- Added test 'flake8' to check Python code syntax and style conventions
[2.448s] -- Added test 'lint_cmake' to check CMake code style
[2.457s] -- Added test 'pep257' to check Python code against some of the docstring style conventions in PEP 257
[2.507s] -- Added test 'uncrustify' to check C / C++ code style
[2.507s] -- Configured uncrustify additional arguments: 
[2.513s] -- Added test 'xmllint' to check XML markup files
[2.515s] -- Configuring done
[2.593s] -- Generating done
[2.600s] -- Build files have been written to: /home/fectec151/Downloads/Projects/vanttec_sdv/workspace/src/build/sdv_control
[2.646s] [35m[1mConsolidate compiler generated dependencies of target vanttec_controllers[0m
[2.646s] [35m[1mConsolidate compiler generated dependencies of target gtest[0m
[2.660s] [ 11%] Built target vanttec_controllers
[2.663s] [ 22%] Built target gtest
[2.675s] [35m[1mConsolidate compiler generated dependencies of target sdv_kinematic_sim[0m
[2.675s] [35m[1mConsolidate compiler generated dependencies of target vel_pid_node[0m
[2.675s] [35m[1mConsolidate compiler generated dependencies of target stanley_controller_node[0m
[2.682s] [35m[1mConsolidate compiler generated dependencies of target gmock[0m
[2.683s] [35m[1mConsolidate compiler generated dependencies of target gtest_main[0m
[2.715s] [ 33%] Built target gmock
[2.720s] [ 44%] Built target stanley_controller_node
[2.724s] [ 55%] Built target sdv_kinematic_sim
[2.731s] [ 66%] Built target vel_pid_node
[2.744s] [ 77%] Built target gtest_main
[2.751s] [35m[1mConsolidate compiler generated dependencies of target gmock_main[0m
[2.760s] [35m[1mConsolidate compiler generated dependencies of target vanttec_controllers_test[0m
[2.771s] [ 88%] Built target gmock_main
[2.782s] [100%] Built target vanttec_controllers_test
[2.799s] Invoked command in '/home/fectec151/Downloads/Projects/vanttec_sdv/workspace/src/build/sdv_control' returned '0': CMAKE_PREFIX_PATH=/home/fectec151/Downloads/Projects/vanttec_sdv/workspace/src/install/vectornav_msgs:/home/fectec151/Downloads/Projects/vanttec_sdv/workspace/src/install/sdv_msgs:/home/fectec151/Downloads/Projects/vanttec_sdv/workspace/src/install/sdv_control:/opt/ros/humble /usr/bin/cmake --build /home/fectec151/Downloads/Projects/vanttec_sdv/workspace/src/build/sdv_control -- -j12 -l12
[2.860s] Invoking command in '/home/fectec151/Downloads/Projects/vanttec_sdv/workspace/src/build/sdv_control': CMAKE_PREFIX_PATH=/home/fectec151/Downloads/Projects/vanttec_sdv/workspace/src/install/vectornav_msgs:/home/fectec151/Downloads/Projects/vanttec_sdv/workspace/src/install/sdv_msgs:/home/fectec151/Downloads/Projects/vanttec_sdv/workspace/src/install/sdv_control:/opt/ros/humble /usr/bin/cmake --install /home/fectec151/Downloads/Projects/vanttec_sdv/workspace/src/build/sdv_control
[2.873s] -- Install configuration: ""
[2.873s] -- Up-to-date: /home/fectec151/Downloads/Projects/vanttec_sdv/workspace/src/install/sdv_control/lib/sdv_control/vel_pid_node
[2.874s] -- Up-to-date: /home/fectec151/Downloads/Projects/vanttec_sdv/workspace/src/install/sdv_control/lib/sdv_control/stanley_controller_node
[2.875s] -- Up-to-date: /home/fectec151/Downloads/Projects/vanttec_sdv/workspace/src/install/sdv_control/lib/sdv_control/sdv_kinematic_sim
[2.875s] -- Up-to-date: /home/fectec151/Downloads/Projects/vanttec_sdv/workspace/src/install/sdv_control/share/sdv_control/config
[2.875s] -- Up-to-date: /home/fectec151/Downloads/Projects/vanttec_sdv/workspace/src/install/sdv_control/share/sdv_control/config/waypoints_carreta.csv
[2.876s] -- Up-to-date: /home/fectec151/Downloads/Projects/vanttec_sdv/workspace/src/install/sdv_control/share/sdv_control/config/anniversary_waypoints_ned.csv
[2.876s] -- Up-to-date: /home/fectec151/Downloads/Projects/vanttec_sdv/workspace/src/install/sdv_control/share/sdv_control/config/car_params.yaml
[2.876s] -- Up-to-date: /home/fectec151/Downloads/Projects/vanttec_sdv/workspace/src/install/sdv_control/share/sdv_control/config/zigzag.csv
[2.876s] -- Up-to-date: /home/fectec151/Downloads/Projects/vanttec_sdv/workspace/src/install/sdv_control/share/sdv_control/config/el_borrego.csv
[2.876s] -- Up-to-date: /home/fectec151/Downloads/Projects/vanttec_sdv/workspace/src/install/sdv_control/share/sdv_control/config/zf_street.csv
[2.876s] -- Up-to-date: /home/fectec151/Downloads/Projects/vanttec_sdv/workspace/src/install/sdv_control/share/sdv_control/config/new_waypoints_3.csv
[2.877s] -- Up-to-date: /home/fectec151/Downloads/Projects/vanttec_sdv/workspace/src/install/sdv_control/share/sdv_control/config/zf_parking.csv
[2.877s] -- Up-to-date: /home/fectec151/Downloads/Projects/vanttec_sdv/workspace/src/install/sdv_control/share/sdv_control/config/sim2.csv
[2.877s] -- Up-to-date: /home/fectec151/Downloads/Projects/vanttec_sdv/workspace/src/install/sdv_control/share/sdv_control/config/sim_waypoints.csv
[2.877s] -- Up-to-date: /home/fectec151/Downloads/Projects/vanttec_sdv/workspace/src/install/sdv_control/share/sdv_control/config/sim_params.yaml
[2.877s] -- Up-to-date: /home/fectec151/Downloads/Projects/vanttec_sdv/workspace/src/install/sdv_control/share/sdv_control/config/parking_waypoints_ned.csv
[2.877s] -- Up-to-date: /home/fectec151/Downloads/Projects/vanttec_sdv/workspace/src/install/sdv_control/share/sdv_control/config/zf_estacionamiento.csv
[2.878s] -- Up-to-date: /home/fectec151/Downloads/Projects/vanttec_sdv/workspace/src/install/sdv_control/share/sdv_control/config/new_waypoints_1.csv
[2.878s] -- Up-to-date: /home/fectec151/Downloads/Projects/vanttec_sdv/workspace/src/install/sdv_control/share/sdv_control/launch
[2.878s] -- Up-to-date: /home/fectec151/Downloads/Projects/vanttec_sdv/workspace/src/install/sdv_control/share/sdv_control/launch/model_launch.py
[2.878s] -- Up-to-date: /home/fectec151/Downloads/Projects/vanttec_sdv/workspace/src/install/sdv_control/share/sdv_control/launch/rviz_cfg
[2.878s] -- Up-to-date: /home/fectec151/Downloads/Projects/vanttec_sdv/workspace/src/install/sdv_control/share/sdv_control/launch/rviz_cfg/sdv_sim_wpnts.rviz
[2.878s] -- Up-to-date: /home/fectec151/Downloads/Projects/vanttec_sdv/workspace/src/install/sdv_control/share/sdv_control/launch/control_launch.py
[2.880s] -- Up-to-date: /home/fectec151/Downloads/Projects/vanttec_sdv/workspace/src/install/sdv_control/share/sdv_control/launch/guidance_launch.py
[2.880s] -- Up-to-date: /home/fectec151/Downloads/Projects/vanttec_sdv/workspace/src/install/sdv_control/share/sdv_control/launch/sim_launch.py
[2.880s] -- Up-to-date: /home/fectec151/Downloads/Projects/vanttec_sdv/workspace/src/install/sdv_control/share/sdv_control/rviz
[2.880s] -- Up-to-date: /home/fectec151/Downloads/Projects/vanttec_sdv/workspace/src/install/sdv_control/share/sdv_control/rviz/sim.rviz
[2.880s] -- Up-to-date: /home/fectec151/Downloads/Projects/vanttec_sdv/workspace/src/install/sdv_control/lib/sdv_control/path_publisher_node.py
[2.880s] -- Installing: /home/fectec151/Downloads/Projects/vanttec_sdv/workspace/src/install/sdv_control/lib/sdv_control/path_planner_node.py
[2.881s] -- Up-to-date: /home/fectec151/Downloads/Projects/vanttec_sdv/workspace/src/install/sdv_control/share/ament_index/resource_index/package_run_dependencies/sdv_control
[2.881s] -- Installing: /home/fectec151/Downloads/Projects/vanttec_sdv/workspace/src/install/sdv_control/share/ament_index/resource_index/parent_prefix_path/sdv_control
[2.881s] -- Up-to-date: /home/fectec151/Downloads/Projects/vanttec_sdv/workspace/src/install/sdv_control/share/sdv_control/environment/ament_prefix_path.sh
[2.881s] -- Installing: /home/fectec151/Downloads/Projects/vanttec_sdv/workspace/src/install/sdv_control/share/sdv_control/environment/ament_prefix_path.dsv
[2.882s] -- Up-to-date: /home/fectec151/Downloads/Projects/vanttec_sdv/workspace/src/install/sdv_control/share/sdv_control/environment/path.sh
[2.882s] -- Installing: /home/fectec151/Downloads/Projects/vanttec_sdv/workspace/src/install/sdv_control/share/sdv_control/environment/path.dsv
[2.882s] -- Up-to-date: /home/fectec151/Downloads/Projects/vanttec_sdv/workspace/src/install/sdv_control/share/sdv_control/local_setup.bash
[2.882s] -- Up-to-date: /home/fectec151/Downloads/Projects/vanttec_sdv/workspace/src/install/sdv_control/share/sdv_control/local_setup.sh
[2.883s] -- Up-to-date: /home/fectec151/Downloads/Projects/vanttec_sdv/workspace/src/install/sdv_control/share/sdv_control/local_setup.zsh
[2.883s] -- Installing: /home/fectec151/Downloads/Projects/vanttec_sdv/workspace/src/install/sdv_control/share/sdv_control/local_setup.dsv
[2.883s] -- Installing: /home/fectec151/Downloads/Projects/vanttec_sdv/workspace/src/install/sdv_control/share/sdv_control/package.dsv
[2.883s] -- Up-to-date: /home/fectec151/Downloads/Projects/vanttec_sdv/workspace/src/install/sdv_control/share/ament_index/resource_index/packages/sdv_control
[2.884s] -- Up-to-date: /home/fectec151/Downloads/Projects/vanttec_sdv/workspace/src/install/sdv_control/share/sdv_control/cmake/sdv_controlConfig.cmake
[2.884s] -- Up-to-date: /home/fectec151/Downloads/Projects/vanttec_sdv/workspace/src/install/sdv_control/share/sdv_control/cmake/sdv_controlConfig-version.cmake
[2.884s] -- Installing: /home/fectec151/Downloads/Projects/vanttec_sdv/workspace/src/install/sdv_control/share/sdv_control/package.xml
[2.884s] -- Up-to-date: /home/fectec151/Downloads/Projects/vanttec_sdv/workspace/src/install/sdv_control/include
[2.885s] -- Up-to-date: /home/fectec151/Downloads/Projects/vanttec_sdv/workspace/src/install/sdv_control/include/gmock
[2.885s] -- Up-to-date: /home/fectec151/Downloads/Projects/vanttec_sdv/workspace/src/install/sdv_control/include/gmock/gmock-nice-strict.h
[2.885s] -- Up-to-date: /home/fectec151/Downloads/Projects/vanttec_sdv/workspace/src/install/sdv_control/include/gmock/gmock-actions.h
[2.885s] -- Up-to-date: /home/fectec151/Downloads/Projects/vanttec_sdv/workspace/src/install/sdv_control/include/gmock/gmock-more-actions.h
[2.886s] -- Up-to-date: /home/fectec151/Downloads/Projects/vanttec_sdv/workspace/src/install/sdv_control/include/gmock/gmock-function-mocker.h
[2.886s] -- Up-to-date: /home/fectec151/Downloads/Projects/vanttec_sdv/workspace/src/install/sdv_control/include/gmock/gmock.h
[2.886s] -- Up-to-date: /home/fectec151/Downloads/Projects/vanttec_sdv/workspace/src/install/sdv_control/include/gmock/gmock-cardinalities.h
[2.886s] -- Up-to-date: /home/fectec151/Downloads/Projects/vanttec_sdv/workspace/src/install/sdv_control/include/gmock/gmock-more-matchers.h
[2.886s] -- Up-to-date: /home/fectec151/Downloads/Projects/vanttec_sdv/workspace/src/install/sdv_control/include/gmock/gmock-matchers.h
[2.886s] -- Up-to-date: /home/fectec151/Downloads/Projects/vanttec_sdv/workspace/src/install/sdv_control/include/gmock/gmock-spec-builders.h
[2.887s] -- Up-to-date: /home/fectec151/Downloads/Projects/vanttec_sdv/workspace/src/install/sdv_control/include/gmock/internal
[2.887s] -- Up-to-date: /home/fectec151/Downloads/Projects/vanttec_sdv/workspace/src/install/sdv_control/include/gmock/internal/gmock-internal-utils.h
[2.887s] -- Up-to-date: /home/fectec151/Downloads/Projects/vanttec_sdv/workspace/src/install/sdv_control/include/gmock/internal/custom
[2.887s] -- Up-to-date: /home/fectec151/Downloads/Projects/vanttec_sdv/workspace/src/install/sdv_control/include/gmock/internal/custom/README.md
[2.887s] -- Up-to-date: /home/fectec151/Downloads/Projects/vanttec_sdv/workspace/src/install/sdv_control/include/gmock/internal/custom/gmock-matchers.h
[2.887s] -- Up-to-date: /home/fectec151/Downloads/Projects/vanttec_sdv/workspace/src/install/sdv_control/include/gmock/internal/custom/gmock-port.h
[2.888s] -- Up-to-date: /home/fectec151/Downloads/Projects/vanttec_sdv/workspace/src/install/sdv_control/include/gmock/internal/custom/gmock-generated-actions.h
[2.888s] -- Up-to-date: /home/fectec151/Downloads/Projects/vanttec_sdv/workspace/src/install/sdv_control/include/gmock/internal/gmock-port.h
[2.888s] -- Up-to-date: /home/fectec151/Downloads/Projects/vanttec_sdv/workspace/src/install/sdv_control/include/gmock/internal/gmock-pp.h
[2.888s] -- Up-to-date: /home/fectec151/Downloads/Projects/vanttec_sdv/workspace/src/install/sdv_control/lib/libgmock.a
[2.889s] -- Up-to-date: /home/fectec151/Downloads/Projects/vanttec_sdv/workspace/src/install/sdv_control/lib/libgmock_main.a
[2.889s] -- Up-to-date: /home/fectec151/Downloads/Projects/vanttec_sdv/workspace/src/install/sdv_control/lib/pkgconfig/gmock.pc
[2.889s] -- Up-to-date: /home/fectec151/Downloads/Projects/vanttec_sdv/workspace/src/install/sdv_control/lib/pkgconfig/gmock_main.pc
[2.889s] -- Up-to-date: /home/fectec151/Downloads/Projects/vanttec_sdv/workspace/src/install/sdv_control/lib/cmake/GTest/GTestTargets.cmake
[2.909s] -- Up-to-date: /home/fectec151/Downloads/Projects/vanttec_sdv/workspace/src/install/sdv_control/lib/cmake/GTest/GTestTargets-noconfig.cmake
[2.911s] -- Up-to-date: /home/fectec151/Downloads/Projects/vanttec_sdv/workspace/src/install/sdv_control/lib/cmake/GTest/GTestConfigVersion.cmake
[2.912s] -- Up-to-date: /home/fectec151/Downloads/Projects/vanttec_sdv/workspace/src/install/sdv_control/lib/cmake/GTest/GTestConfig.cmake
[2.912s] -- Up-to-date: /home/fectec151/Downloads/Projects/vanttec_sdv/workspace/src/install/sdv_control/include
[2.912s] -- Up-to-date: /home/fectec151/Downloads/Projects/vanttec_sdv/workspace/src/install/sdv_control/include/gtest
[2.913s] -- Up-to-date: /home/fectec151/Downloads/Projects/vanttec_sdv/workspace/src/install/sdv_control/include/gtest/gtest_pred_impl.h
[2.913s] -- Up-to-date: /home/fectec151/Downloads/Projects/vanttec_sdv/workspace/src/install/sdv_control/include/gtest/gtest-matchers.h
[2.914s] -- Up-to-date: /home/fectec151/Downloads/Projects/vanttec_sdv/workspace/src/install/sdv_control/include/gtest/gtest.h
[2.915s] -- Up-to-date: /home/fectec151/Downloads/Projects/vanttec_sdv/workspace/src/install/sdv_control/include/gtest/gtest-typed-test.h
[2.916s] -- Up-to-date: /home/fectec151/Downloads/Projects/vanttec_sdv/workspace/src/install/sdv_control/include/gtest/gtest-message.h
[2.917s] -- Up-to-date: /home/fectec151/Downloads/Projects/vanttec_sdv/workspace/src/install/sdv_control/include/gtest/gtest-printers.h
[2.917s] -- Up-to-date: /home/fectec151/Downloads/Projects/vanttec_sdv/workspace/src/install/sdv_control/include/gtest/gtest_prod.h
[2.918s] -- Up-to-date: /home/fectec151/Downloads/Projects/vanttec_sdv/workspace/src/install/sdv_control/include/gtest/gtest-death-test.h
[2.918s] -- Up-to-date: /home/fectec151/Downloads/Projects/vanttec_sdv/workspace/src/install/sdv_control/include/gtest/gtest-param-test.h
[2.919s] -- Up-to-date: /home/fectec151/Downloads/Projects/vanttec_sdv/workspace/src/install/sdv_control/include/gtest/gtest-test-part.h
[2.919s] -- Up-to-date: /home/fectec151/Downloads/Projects/vanttec_sdv/workspace/src/install/sdv_control/include/gtest/internal
[2.919s] -- Up-to-date: /home/fectec151/Downloads/Projects/vanttec_sdv/workspace/src/install/sdv_control/include/gtest/internal/gtest-type-util.h
[2.920s] -- Up-to-date: /home/fectec151/Downloads/Projects/vanttec_sdv/workspace/src/install/sdv_control/include/gtest/internal/gtest-port-arch.h
[2.920s] -- Up-to-date: /home/fectec151/Downloads/Projects/vanttec_sdv/workspace/src/install/sdv_control/include/gtest/internal/gtest-internal.h
[2.921s] -- Up-to-date: /home/fectec151/Downloads/Projects/vanttec_sdv/workspace/src/install/sdv_control/include/gtest/internal/gtest-port.h
[2.921s] -- Up-to-date: /home/fectec151/Downloads/Projects/vanttec_sdv/workspace/src/install/sdv_control/include/gtest/internal/gtest-string.h
[2.922s] -- Up-to-date: /home/fectec151/Downloads/Projects/vanttec_sdv/workspace/src/install/sdv_control/include/gtest/internal/gtest-param-util.h
[2.922s] -- Up-to-date: /home/fectec151/Downloads/Projects/vanttec_sdv/workspace/src/install/sdv_control/include/gtest/internal/gtest-filepath.h
[2.922s] -- Up-to-date: /home/fectec151/Downloads/Projects/vanttec_sdv/workspace/src/install/sdv_control/include/gtest/internal/custom
[2.924s] -- Up-to-date: /home/fectec151/Downloads/Projects/vanttec_sdv/workspace/src/install/sdv_control/include/gtest/internal/custom/gtest.h
[2.924s] -- Up-to-date: /home/fectec151/Downloads/Projects/vanttec_sdv/workspace/src/install/sdv_control/include/gtest/internal/custom/gtest-printers.h
[2.924s] -- Up-to-date: /home/fectec151/Downloads/Projects/vanttec_sdv/workspace/src/install/sdv_control/include/gtest/internal/custom/gtest-port.h
[2.925s] -- Up-to-date: /home/fectec151/Downloads/Projects/vanttec_sdv/workspace/src/install/sdv_control/include/gtest/internal/custom/README.md
[2.926s] -- Up-to-date: /home/fectec151/Downloads/Projects/vanttec_sdv/workspace/src/install/sdv_control/include/gtest/internal/gtest-death-test-internal.h
[2.926s] -- Up-to-date: /home/fectec151/Downloads/Projects/vanttec_sdv/workspace/src/install/sdv_control/include/gtest/gtest-spi.h
[2.926s] -- Up-to-date: /home/fectec151/Downloads/Projects/vanttec_sdv/workspace/src/install/sdv_control/lib/libgtest.a
[2.926s] -- Up-to-date: /home/fectec151/Downloads/Projects/vanttec_sdv/workspace/src/install/sdv_control/lib/libgtest_main.a
[2.926s] -- Up-to-date: /home/fectec151/Downloads/Projects/vanttec_sdv/workspace/src/install/sdv_control/lib/pkgconfig/gtest.pc
[2.926s] -- Up-to-date: /home/fectec151/Downloads/Projects/vanttec_sdv/workspace/src/install/sdv_control/lib/pkgconfig/gtest_main.pc
[2.927s] Invoked command in '/home/fectec151/Downloads/Projects/vanttec_sdv/workspace/src/build/sdv_control' returned '0': CMAKE_PREFIX_PATH=/home/fectec151/Downloads/Projects/vanttec_sdv/workspace/src/install/vectornav_msgs:/home/fectec151/Downloads/Projects/vanttec_sdv/workspace/src/install/sdv_msgs:/home/fectec151/Downloads/Projects/vanttec_sdv/workspace/src/install/sdv_control:/opt/ros/humble /usr/bin/cmake --install /home/fectec151/Downloads/Projects/vanttec_sdv/workspace/src/build/sdv_control
