[0.786s] Invoking command in '/home/fcanof/vanttec_sdv/build/isaac_ros_common': CMAKE_PREFIX_PATH=/opt/ros/humble /usr/bin/cmake /home/fcanof/vanttec_sdv/workspace/src/isaac_ros_common/isaac_ros_common -DCMAKE_INSTALL_PREFIX=/home/fcanof/vanttec_sdv/install/isaac_ros_common
[1.873s] [31mCMake Error at /usr/share/cmake-3.22/Modules/FindCUDA.cmake:859 (message):
[1.874s]   Specify CUDA_TOOLKIT_ROOT_DIR
[1.874s] Call Stack (most recent call first):
[1.875s]   cmake/isaac_ros_common-extras.cmake:39 (find_package)
[1.875s]   CMakeLists.txt:28 (include)
[1.876s] 
[1.876s] [0m
[1.877s] -- Found ament_cmake_auto: 1.3.8 (/opt/ros/humble/share/ament_cmake_auto/cmake)
[1.878s] -- Found rosidl_generator_c: 3.1.5 (/opt/ros/humble/share/rosidl_generator_c/cmake)
[1.878s] -- Found rosidl_adapter: 3.1.5 (/opt/ros/humble/share/rosidl_adapter/cmake)
[1.878s] -- Found rosidl_generator_cpp: 3.1.5 (/opt/ros/humble/share/rosidl_generator_cpp/cmake)
[1.878s] -- Using all available rosidl_typesupport_c: rosidl_typesupport_fastrtps_c;rosidl_typesupport_introspection_c
[1.878s] -- Using all available rosidl_typesupport_cpp: rosidl_typesupport_fastrtps_cpp;rosidl_typesupport_introspection_cpp
[1.879s] -- Found rmw_implementation_cmake: 6.1.1 (/opt/ros/humble/share/rmw_implementation_cmake/cmake)
[1.879s] -- Found rmw_fastrtps_cpp: 6.2.6 (/opt/ros/humble/share/rmw_fastrtps_cpp/cmake)
[1.880s] -- Using RMW implementation 'rmw_fastrtps_cpp' as default
[1.880s] -- Loading isaac_ros_common extras
[1.880s] -- CMAKE_BUILD_TYPE: Release
[1.880s] -- Configuring incomplete, errors occurred!
[1.880s] See also "/home/fcanof/vanttec_sdv/build/isaac_ros_common/CMakeFiles/CMakeOutput.log".
[1.896s] Invoked command in '/home/fcanof/vanttec_sdv/build/isaac_ros_common' returned '1': CMAKE_PREFIX_PATH=/opt/ros/humble /usr/bin/cmake /home/fcanof/vanttec_sdv/workspace/src/isaac_ros_common/isaac_ros_common -DCMAKE_INSTALL_PREFIX=/home/fcanof/vanttec_sdv/install/isaac_ros_common
