../libs/src/Vanttec_CANLib/CANMessage.cpp:12:13:uint8_t vanttec::getId(const vanttec::CANMessage&)	16	static
../libs/src/Vanttec_CANLib/CANMessage.cpp:16:11:float vanttec::getFloat(const vanttec::CANMessage&)	16	static
../libs/src/Vanttec_CANLib/CANMessage.cpp:20:10:void vanttec::packFloat(vanttec::CANMessage&, uint8_t, float)	24	static
../libs/src/Vanttec_CANLib/CANMessage.cpp:25:14:uint16_t vanttec::getShort(const vanttec::CANMessage&)	16	static
../libs/src/Vanttec_CANLib/CANMessage.cpp:29:10:void vanttec::packShort(vanttec::CANMessage&, uint8_t, uint16_t)	16	static
../libs/src/Vanttec_CANLib/CANMessage.cpp:34:14:uint32_t vanttec::getLong(const vanttec::CANMessage&)	16	static
../libs/src/Vanttec_CANLib/CANMessage.cpp:38:10:void vanttec::packLong(vanttec::CANMessage&, uint8_t, uint32_t)	24	static
../libs/src/Vanttec_CANLib/CANMessage.cpp:43:10:void vanttec::packByte(vanttec::CANMessage&, uint8_t, uint8_t)	16	static
../libs/src/Vanttec_CANLib/CANMessage.cpp:53:9:uint8_t can_parse_id(const uint8_t*, uint8_t)	16	static
../libs/src/Vanttec_CANLib/CANMessage.cpp:58:9:uint8_t can_pack_byte(uint8_t, uint8_t, uint8_t*, uint8_t)	16	static
../libs/src/Vanttec_CANLib/CANMessage.cpp:67:9:uint8_t can_parse_byte(const uint8_t*, uint8_t)	16	static
../libs/src/Vanttec_CANLib/CANMessage.cpp:72:9:uint8_t can_pack_float(uint8_t, float, uint8_t*, uint8_t)	24	static
../libs/src/Vanttec_CANLib/CANMessage.cpp:76:7:float can_parse_float(const uint8_t*, uint8_t)	16	static
../libs/src/Vanttec_CANLib/CANMessage.cpp:84:9:uint8_t can_pack_short(uint8_t, uint16_t, uint8_t*, uint8_t)	16	static
../libs/src/Vanttec_CANLib/CANMessage.cpp:92:10:uint16_t can_parse_short(const uint8_t*, uint8_t)	16	static
../libs/src/Vanttec_CANLib/CANMessage.cpp:98:9:uint8_t can_pack_long(uint8_t, uint32_t, uint8_t*, uint8_t)	24	static
../libs/src/Vanttec_CANLib/CANMessage.cpp:106:10:uint32_t can_parse_long(const uint8_t*, uint8_t)	16	static
