[1.161s] Invoking command in '/home/fcanof/vanttec_sdv/build/lidar3d_clustering': CMAKE_PREFIX_PATH=/opt/ros/humble /usr/bin/cmake /home/fcanof/vanttec_sdv/workspace/src/sdv_lidar/lidar3d_clustering -DCMAKE_INSTALL_PREFIX=/home/fcanof/vanttec_sdv/install/lidar3d_clustering
[1.541s] -- The C compiler identification is GNU 11.4.0
[1.541s] -- The CXX compiler identification is GNU 11.4.0
[1.541s] -- Detecting C compiler ABI info
[1.541s] -- Detecting C compiler ABI info - done
[1.542s] -- Check for working C compiler: /usr/bin/cc - skipped
[1.542s] -- Detecting C compile features
[1.542s] -- Detecting C compile features - done
[1.542s] -- Detecting CXX compiler ABI info
[1.542s] -- Detecting CXX compiler ABI info - done
[1.542s] -- Check for working CXX compiler: /usr/bin/c++ - skipped
[1.542s] -- Detecting CXX compile features
[1.542s] -- Detecting CXX compile features - done
[1.542s] -- Found ament_cmake: 1.3.7 (/opt/ros/humble/share/ament_cmake/cmake)
[1.636s] -- Found Python3: /usr/bin/python3.10 (found version "3.10.12") found components: Interpreter 
[1.758s] -- Found rclcpp: 16.0.8 (/opt/ros/humble/share/rclcpp/cmake)
[1.823s] -- Found rosidl_generator_c: 3.1.5 (/opt/ros/humble/share/rosidl_generator_c/cmake)
[1.830s] -- Found rosidl_adapter: 3.1.5 (/opt/ros/humble/share/rosidl_adapter/cmake)
[1.843s] -- Found rosidl_generator_cpp: 3.1.5 (/opt/ros/humble/share/rosidl_generator_cpp/cmake)
[1.863s] -- Using all available rosidl_typesupport_c: rosidl_typesupport_fastrtps_c;rosidl_typesupport_introspection_c
[1.894s] -- Using all available rosidl_typesupport_cpp: rosidl_typesupport_fastrtps_cpp;rosidl_typesupport_introspection_cpp
[2.001s] -- Found rmw_implementation_cmake: 6.1.1 (/opt/ros/humble/share/rmw_implementation_cmake/cmake)
[2.003s] -- Found rmw_fastrtps_cpp: 6.2.6 (/opt/ros/humble/share/rmw_fastrtps_cpp/cmake)
[2.158s] -- Found OpenSSL: /usr/lib/x86_64-linux-gnu/libcrypto.so (found version "3.0.2")  
[2.211s] -- Found FastRTPS: /opt/ros/humble/include  
[2.282s] -- Using RMW implementation 'rmw_fastrtps_cpp' as default
[2.297s] -- Looking for pthread.h
[2.406s] -- Looking for pthread.h - found
[2.407s] -- Performing Test CMAKE_HAVE_LIBC_PTHREAD
