2022-11-16 19:16:56,081 [INFO] Activator:177 - 


2022-11-16 19:16:56,081 [INFO] Activator:178 - !SESSION log4j initialized
2022-11-16 19:17:18,851 [ERROR] LogOutputStream:74 - [STDERR_REDIRECT] SLF4J: Failed to load class "org.slf4j.impl.StaticLoggerBinder".
2022-11-16 19:17:18,851 [ERROR] LogOutputStream:74 - [STDERR_REDIRECT] SLF4J: Defaulting to no-operation (NOP) logger implementation
2022-11-16 19:17:18,851 [ERROR] LogOutputStream:74 - [STDERR_REDIRECT] SLF4J: See http://www.slf4j.org/codes.html#StaticLoggerBinder for further details.
2022-11-16 19:22:19,825 [INFO] McuFinderGlobals:44 - Set McuFinder mode to 2 (CubeIDE integrated)
2022-11-16 19:22:21,055 [INFO] ApplicationProperties:181 - Using Application install path: C:\ST\STM32CubeIDE_1.10.1\STM32CubeIDE\plugins\com.st.stm32cube.common.mx_6.6.1.202207061420
2022-11-16 19:22:21,075 [INFO] DbMcusXml:77 - Set database path to: C:\ST\STM32CubeIDE_1.10.1\STM32CubeIDE\plugins\com.st.stm32cube.common.mx_6.6.1.202207061420\\db\/mcu/
2022-11-16 19:22:21,085 [INFO] ApiDb:269 - Set plugin database path to: C:\ST\STM32CubeIDE_1.10.1\STM32CubeIDE\plugins\com.st.stm32cube.common.mx_6.6.1.202207061420\\db\/plugins/boardmanager/
2022-11-16 19:22:21,085 [WARN] ApiDb:254 - Overriding images path with different value:  => C:\ST\STM32CubeIDE_1.10.1\STM32CubeIDE\plugins\com.st.stm32cube.common.mx_6.6.1.202207061420\\db\/plugins/mcufinder/images/
2022-11-16 19:22:21,095 [INFO] ApiDb:249 - Set database path to: C:\Users\Z0180064\.stmcufinder\plugins\mcufinder//mcu/
2022-11-16 19:22:21,095 [INFO] DbMcusAds:124 - Set database path to: C:\Users\Z0180064\.stmcufinder\plugins\mcufinder//mcu/
2022-11-16 19:22:21,105 [INFO] CrossReferenceDbSqlite:201 - Set database path to: C:\Users\Z0180064\.stmcufinder\plugins\mcufinder//mcu/cs/
2022-11-16 19:22:21,195 [INFO] RulesReader:61 - Compatibility file has been processed (282 Rules)
2022-11-16 19:22:21,270 [INFO] DbMcusXml:77 - Set database path to: C:\ST\STM32CubeIDE_1.10.1\STM32CubeIDE\plugins\com.st.stm32cube.common.mx_6.6.1.202207061420\\db\/mcu/
2022-11-16 19:22:21,270 [INFO] ApiDb:269 - Set plugin database path to: C:\ST\STM32CubeIDE_1.10.1\STM32CubeIDE\plugins\com.st.stm32cube.common.mx_6.6.1.202207061420\\db\/plugins/boardmanager/
2022-11-16 19:22:21,270 [INFO] ApiDb:256 - Set plugin images path to: C:\ST\STM32CubeIDE_1.10.1\STM32CubeIDE\plugins\com.st.stm32cube.common.mx_6.6.1.202207061420\\db\/plugins/mcufinder/images/
2022-11-16 19:22:21,270 [WARN] DbFile:40 - Overriding database path with different value: C:\Users\Z0180064\.stmcufinder\plugins\mcufinder/ => C:\Users\Z0180064\.stmcufinder\plugins\mcufinder
2022-11-16 19:22:21,270 [INFO] ApiDb:249 - Set database path to: C:\Users\Z0180064\.stmcufinder\plugins\mcufinder//mcu/
2022-11-16 19:22:21,275 [WARN] DbFile:40 - Overriding database path with different value: C:\Users\Z0180064\.stmcufinder\plugins\mcufinder/ => C:\Users\Z0180064\.stmcufinder\plugins\mcufinder
2022-11-16 19:22:21,275 [INFO] DbMcusAds:124 - Set database path to: C:\Users\Z0180064\.stmcufinder\plugins\mcufinder//mcu/
2022-11-16 19:22:21,275 [WARN] DbFile:40 - Overriding database path with different value: C:\Users\Z0180064\.stmcufinder\plugins\mcufinder/ => C:\Users\Z0180064\.stmcufinder\plugins\mcufinder
2022-11-16 19:22:21,275 [WARN] DbFile:40 - Overriding database path with different value: C:\Users\Z0180064\.stmcufinder\plugins\mcufinder/ => C:\Users\Z0180064\.stmcufinder\plugins\mcufinder
2022-11-16 19:22:21,275 [INFO] CrossReferenceDbSqlite:201 - Set database path to: C:\Users\Z0180064\.stmcufinder\plugins\mcufinder//mcu/cs/
2022-11-16 19:22:21,355 [INFO] MainPanel:242 - HeapMemory: 268435456
2022-11-16 19:22:21,445 [INFO] DbMcusXml:77 - Set database path to: C:\ST\STM32CubeIDE_1.10.1\STM32CubeIDE\plugins\com.st.stm32cube.common.mx_6.6.1.202207061420\\db\/mcu/
2022-11-16 19:22:21,445 [INFO] ApiDb:269 - Set plugin database path to: C:\ST\STM32CubeIDE_1.10.1\STM32CubeIDE\plugins\com.st.stm32cube.common.mx_6.6.1.202207061420\\db\/plugins/boardmanager/
2022-11-16 19:22:21,445 [INFO] ApiDb:256 - Set plugin images path to: C:\ST\STM32CubeIDE_1.10.1\STM32CubeIDE\plugins\com.st.stm32cube.common.mx_6.6.1.202207061420\\db\/plugins/mcufinder/images/
2022-11-16 19:22:21,445 [WARN] DbFile:40 - Overriding database path with different value: C:\Users\Z0180064\.stmcufinder\plugins\mcufinder/ => C:\Users\Z0180064\.stmcufinder\plugins\mcufinder
2022-11-16 19:22:21,445 [INFO] ApiDb:249 - Set database path to: C:\Users\Z0180064\.stmcufinder\plugins\mcufinder//mcu/
2022-11-16 19:22:21,445 [WARN] DbFile:40 - Overriding database path with different value: C:\Users\Z0180064\.stmcufinder\plugins\mcufinder/ => C:\Users\Z0180064\.stmcufinder\plugins\mcufinder
2022-11-16 19:22:21,445 [INFO] DbMcusAds:124 - Set database path to: C:\Users\Z0180064\.stmcufinder\plugins\mcufinder//mcu/
2022-11-16 19:22:21,445 [WARN] DbFile:40 - Overriding database path with different value: C:\Users\Z0180064\.stmcufinder\plugins\mcufinder/ => C:\Users\Z0180064\.stmcufinder\plugins\mcufinder
2022-11-16 19:22:21,445 [WARN] DbFile:40 - Overriding database path with different value: C:\Users\Z0180064\.stmcufinder\plugins\mcufinder/ => C:\Users\Z0180064\.stmcufinder\plugins\mcufinder
2022-11-16 19:22:21,445 [INFO] CrossReferenceDbSqlite:201 - Set database path to: C:\Users\Z0180064\.stmcufinder\plugins\mcufinder//mcu/cs/
2022-11-16 19:22:21,455 [INFO] ApplicationProperties:181 - Using Application install path: C:\ST\STM32CubeIDE_1.10.1\STM32CubeIDE\plugins\com.st.stm32cube.common.mx_6.6.1.202207061420
2022-11-16 19:22:21,465 [INFO] PluginManage:193 - Search for loadable plugins [exclusion list=, ]
2022-11-16 19:22:21,465 [INFO] PluginManage:307 - Check plugin analytics
2022-11-16 19:22:21,575 [INFO] AnalyticsPlugin:262 - Accepted Software Licenses: 
2022-11-16 19:22:21,575 [INFO] AnalyticsPlugin:264 - Accepted CMSIS Pack Licenses: 
2022-11-16 19:22:21,575 [INFO] AnalyticsPlugin:266 - Accepted Firmware Licenses: FW.G4.1.5.0
2022-11-16 19:22:21,585 [INFO] PluginManage:356 - Loaded plugin analytics (category:tool,tabindex:-1)
2022-11-16 19:22:21,585 [INFO] PluginManage:307 - Check plugin cadmodel
2022-11-16 19:22:21,595 [INFO] CADModel:65 - Init CAD model plugin
2022-11-16 19:22:21,595 [INFO] PluginManage:356 - Loaded plugin cadmodel (category:power,tabindex:5)
2022-11-16 19:22:21,595 [INFO] PluginManage:307 - Check plugin clock
2022-11-16 19:22:21,610 [INFO] PluginManage:356 - Loaded plugin clock (category:base,tabindex:2)
2022-11-16 19:22:21,610 [INFO] PluginManage:307 - Check plugin ddr
2022-11-16 19:22:21,610 [INFO] PluginManage:356 - Loaded plugin ddr (category:tool,tabindex:6)
2022-11-16 19:22:21,610 [INFO] PluginManage:307 - Check plugin filemanager
2022-11-16 19:22:21,740 [INFO] PluginManage:356 - Loaded plugin filemanager (category:base,tabindex:10)
2022-11-16 19:22:21,740 [INFO] PluginManage:307 - Check plugin ipmanager
2022-11-16 19:22:21,752 [INFO] PluginManage:356 - Loaded plugin ipmanager (category:base,tabindex:5)
2022-11-16 19:22:21,752 [INFO] PluginManage:307 - Check plugin lpbam
2022-11-16 19:22:21,755 [INFO] PluginManage:356 - Loaded plugin lpbam (category:base,tabindex:0)
2022-11-16 19:22:21,755 [INFO] PluginManage:307 - Check plugin pinoutandconfiguration
2022-11-16 19:22:21,765 [INFO] PluginManage:356 - Loaded plugin pinoutandconfiguration (category:base,tabindex:1)
2022-11-16 19:22:21,765 [INFO] PluginManage:307 - Check plugin pinoutconfig
2022-11-16 19:22:21,795 [INFO] PluginManage:356 - Loaded plugin pinoutconfig (category:base,tabindex:0)
2022-11-16 19:22:21,795 [INFO] PluginManage:307 - Check plugin power
2022-11-16 19:22:21,805 [INFO] PluginManage:356 - Loaded plugin power (category:power,tabindex:4)
2022-11-16 19:22:21,805 [INFO] PluginManage:307 - Check plugin projectmanager
2022-11-16 19:22:21,820 [INFO] PluginManage:356 - Loaded plugin projectmanager (category:projectmanager,tabindex:3)
2022-11-16 19:22:21,820 [INFO] PluginManage:307 - Check plugin thirdparty
2022-11-16 19:22:21,915 [WARN] IntegrityCheckThread:82 - waiting for thirdparty lock release [integrity check]
2022-11-16 19:22:21,915 [INFO] PluginManage:356 - Loaded plugin thirdparty (category:base,tabindex:-1)
2022-11-16 19:22:21,915 [INFO] IntegrityCheckThread:84 - entering critical section [integrity check]
2022-11-16 19:22:21,915 [INFO] PluginManage:307 - Check plugin tools
2022-11-16 19:22:21,915 [INFO] ThirdPartyUpdaterWithRetryManager:70 - Updater plugin not ready yet. [1/15]
2022-11-16 19:22:21,915 [INFO] PluginManage:356 - Loaded plugin tools (category:base,tabindex:7)
2022-11-16 19:22:21,915 [INFO] PluginManage:307 - Check plugin tutovideos
2022-11-16 19:22:22,115 [INFO] PluginManage:356 - Loaded plugin tutovideos (category:base,tabindex:-1)
2022-11-16 19:22:22,125 [INFO] PluginManage:307 - Check plugin updater
2022-11-16 19:22:22,152 [INFO] PluginManage:356 - Loaded plugin updater (category:base,tabindex:12)
2022-11-16 19:22:22,152 [INFO] PluginManage:280 - PluginManage : Loaded plugins [15]
2022-11-16 19:22:22,365 [INFO] PinOutPanel:1468 - setPackage(No Configuration,No Configuration)
2022-11-16 19:22:22,435 [INFO] CADModel:98 - CPN selected for project level
2022-11-16 19:22:22,450 [INFO] IPUIPlugin:79 - create IPUIPlugin
2022-11-16 19:22:22,450 [INFO] PluginManager:217 - loadIPPluginJar : add adc
2022-11-16 19:22:22,450 [INFO] IPUIPlugin:79 - create IPUIPlugin
2022-11-16 19:22:22,453 [INFO] PluginManager:217 - loadIPPluginJar : add aes
2022-11-16 19:22:22,455 [INFO] IPUIPlugin:79 - create IPUIPlugin
2022-11-16 19:22:22,455 [INFO] PluginManager:217 - loadIPPluginJar : add can
2022-11-16 19:22:22,455 [INFO] IPUIPlugin:79 - create IPUIPlugin
2022-11-16 19:22:22,455 [INFO] PluginManager:217 - loadIPPluginJar : add comp
2022-11-16 19:22:22,455 [INFO] IPUIPlugin:79 - create IPUIPlugin
2022-11-16 19:22:22,455 [INFO] PluginManager:217 - loadIPPluginJar : add cryp
2022-11-16 19:22:22,460 [INFO] IPUIPlugin:79 - create IPUIPlugin
2022-11-16 19:22:22,460 [INFO] PluginManager:217 - loadIPPluginJar : add dfsdm
2022-11-16 19:22:22,465 [INFO] IPUIPlugin:79 - create IPUIPlugin
2022-11-16 19:22:22,465 [INFO] PluginManager:217 - loadIPPluginJar : add dma
2022-11-16 19:22:22,465 [INFO] IPUIPlugin:79 - create IPUIPlugin
2022-11-16 19:22:22,465 [INFO] PluginManager:217 - loadIPPluginJar : add dma3
2022-11-16 19:22:22,465 [INFO] IPUIPlugin:79 - create IPUIPlugin
2022-11-16 19:22:22,465 [INFO] PluginManager:217 - loadIPPluginJar : add fatfs
2022-11-16 19:22:22,465 [INFO] IPUIPlugin:79 - create IPUIPlugin
2022-11-16 19:22:22,465 [INFO] PluginManager:217 - loadIPPluginJar : add fmc
2022-11-16 19:22:22,475 [INFO] IPUIPlugin:79 - create IPUIPlugin
2022-11-16 19:22:22,475 [INFO] PluginManager:217 - loadIPPluginJar : add freertos
2022-11-16 19:22:22,475 [INFO] IPUIPlugin:79 - create IPUIPlugin
2022-11-16 19:22:22,475 [INFO] PluginManager:217 - loadIPPluginJar : add genericplugin
2022-11-16 19:22:22,475 [INFO] IPUIPlugin:79 - create IPUIPlugin
2022-11-16 19:22:22,475 [INFO] PluginManager:217 - loadIPPluginJar : add gfxmmu
2022-11-16 19:22:22,475 [INFO] IPUIPlugin:79 - create IPUIPlugin
2022-11-16 19:22:22,475 [INFO] PluginManager:217 - loadIPPluginJar : add gic
2022-11-16 19:22:22,485 [INFO] IPUIPlugin:79 - create IPUIPlugin
2022-11-16 19:22:22,485 [INFO] PluginManager:217 - loadIPPluginJar : add gpio
2022-11-16 19:22:22,485 [INFO] IPUIPlugin:79 - create IPUIPlugin
2022-11-16 19:22:22,485 [INFO] PluginManager:217 - loadIPPluginJar : add gtzc
2022-11-16 19:22:22,485 [INFO] IPUIPlugin:79 - create IPUIPlugin
2022-11-16 19:22:22,485 [INFO] PluginManager:217 - loadIPPluginJar : add hash
2022-11-16 19:22:22,485 [INFO] IPUIPlugin:79 - create IPUIPlugin
2022-11-16 19:22:22,485 [INFO] PluginManager:217 - loadIPPluginJar : add i2c
2022-11-16 19:22:22,495 [INFO] IPUIPlugin:79 - create IPUIPlugin
2022-11-16 19:22:22,495 [INFO] PluginManager:217 - loadIPPluginJar : add i2s
2022-11-16 19:22:22,505 [INFO] IPUIPlugin:79 - create IPUIPlugin
2022-11-16 19:22:22,505 [INFO] PluginManager:217 - loadIPPluginJar : add ipddr
2022-11-16 19:22:22,515 [INFO] IPUIPlugin:79 - create IPUIPlugin
2022-11-16 19:22:22,515 [INFO] PluginManager:217 - loadIPPluginJar : add linkedlist
2022-11-16 19:22:22,515 [INFO] IPUIPlugin:79 - create IPUIPlugin
2022-11-16 19:22:22,515 [INFO] PluginManager:217 - loadIPPluginJar : add lorawan
2022-11-16 19:22:22,515 [INFO] IPUIPlugin:79 - create IPUIPlugin
2022-11-16 19:22:22,515 [INFO] PluginManager:217 - loadIPPluginJar : add ltdc
2022-11-16 19:22:22,515 [INFO] IPUIPlugin:79 - create IPUIPlugin
2022-11-16 19:22:22,515 [INFO] PluginManager:217 - loadIPPluginJar : add mdma
2022-11-16 19:22:22,525 [INFO] IPUIPlugin:79 - create IPUIPlugin
2022-11-16 19:22:22,525 [INFO] PluginManager:217 - loadIPPluginJar : add nvic
2022-11-16 19:22:22,525 [INFO] IPUIPlugin:79 - create IPUIPlugin
2022-11-16 19:22:22,525 [INFO] PluginManager:217 - loadIPPluginJar : add opamp
2022-11-16 19:22:22,535 [INFO] IPUIPlugin:79 - create IPUIPlugin
2022-11-16 19:22:22,535 [INFO] PluginManager:217 - loadIPPluginJar : add openamp
2022-11-16 19:22:22,535 [INFO] IPUIPlugin:79 - create IPUIPlugin
2022-11-16 19:22:22,535 [INFO] PluginManager:217 - loadIPPluginJar : add pdm2pcm
2022-11-16 19:22:22,535 [INFO] IPUIPlugin:79 - create IPUIPlugin
2022-11-16 19:22:22,545 [INFO] PluginManager:217 - loadIPPluginJar : add plateformsettings
2022-11-16 19:22:22,545 [INFO] IPUIPlugin:79 - create IPUIPlugin
2022-11-16 19:22:22,545 [INFO] PluginManager:217 - loadIPPluginJar : add quadspi
2022-11-16 19:22:22,545 [INFO] IPUIPlugin:79 - create IPUIPlugin
2022-11-16 19:22:22,545 [INFO] PluginManager:217 - loadIPPluginJar : add resmgrutility
2022-11-16 19:22:22,553 [INFO] IPUIPlugin:79 - create IPUIPlugin
2022-11-16 19:22:22,553 [INFO] PluginManager:217 - loadIPPluginJar : add sai
2022-11-16 19:22:22,555 [INFO] IPUIPlugin:79 - create IPUIPlugin
2022-11-16 19:22:22,555 [INFO] PluginManager:217 - loadIPPluginJar : add spi
2022-11-16 19:22:22,555 [INFO] IPUIPlugin:79 - create IPUIPlugin
2022-11-16 19:22:22,555 [INFO] PluginManager:217 - loadIPPluginJar : add stm32_wpan
2022-11-16 19:22:22,555 [INFO] IPUIPlugin:79 - create IPUIPlugin
2022-11-16 19:22:22,555 [INFO] PluginManager:217 - loadIPPluginJar : add tim
2022-11-16 19:22:22,560 [INFO] IPUIPlugin:79 - create IPUIPlugin
2022-11-16 19:22:22,560 [INFO] PluginManager:217 - loadIPPluginJar : add touchsensing
2022-11-16 19:22:22,560 [INFO] IPUIPlugin:79 - create IPUIPlugin
2022-11-16 19:22:22,560 [INFO] PluginManager:217 - loadIPPluginJar : add tracer_emb
2022-11-16 19:22:22,560 [INFO] IPUIPlugin:79 - create IPUIPlugin
2022-11-16 19:22:22,560 [INFO] PluginManager:217 - loadIPPluginJar : add ts
2022-11-16 19:22:22,565 [INFO] IPUIPlugin:79 - create IPUIPlugin
2022-11-16 19:22:22,565 [INFO] PluginManager:217 - loadIPPluginJar : add tsc
2022-11-16 19:22:22,565 [INFO] IPUIPlugin:79 - create IPUIPlugin
2022-11-16 19:22:22,565 [INFO] PluginManager:217 - loadIPPluginJar : add ucpd
2022-11-16 19:22:22,565 [INFO] IPUIPlugin:79 - create IPUIPlugin
2022-11-16 19:22:22,565 [INFO] PluginManager:217 - loadIPPluginJar : add usart
2022-11-16 19:22:22,570 [INFO] IPUIPlugin:79 - create IPUIPlugin
2022-11-16 19:22:22,570 [INFO] PluginManager:217 - loadIPPluginJar : add usbx
2022-11-16 19:22:22,875 [FATAL] Updater:301 - Updater called before beeing initialized
2022-11-16 19:22:23,030 [FATAL] Updater:301 - Updater called before beeing initialized
2022-11-16 19:22:23,035 [INFO] DbMcusAds:52 - JSON generation date=Thu Sep 30 01:56:37 CDT 2021 (1632984997303)
2022-11-16 19:22:23,035 [FATAL] Updater:301 - Updater called before beeing initialized
2022-11-16 19:22:23,065 [WARN] DetailPanel:344 - Failed to get advertising image, set to default
2022-11-16 19:22:23,155 [FATAL] Updater:301 - Updater called before beeing initialized
2022-11-16 19:22:23,155 [FATAL] Updater:301 - Updater called before beeing initialized
2022-11-16 19:22:23,155 [FATAL] Updater:301 - Updater called before beeing initialized
2022-11-16 19:22:23,155 [WARN] DetailPanel:344 - Failed to get advertising image, set to default
2022-11-16 19:22:23,155 [FATAL] Updater:301 - Updater called before beeing initialized
2022-11-16 19:22:23,205 [ERROR] Updater:1105 - MainUpdater not yet initialized. External WinMGr cannot be set.
2022-11-16 19:22:23,205 [INFO] Updater:1041 - Updater Version found : 6.6.1
2022-11-16 19:22:23,215 [INFO] ApplicationProperties:181 - Using Application install path: C:\ST\STM32CubeIDE_1.10.1\STM32CubeIDE\plugins\com.st.stm32cube.common.mx_6.6.1.202207061420
2022-11-16 19:22:23,615 [INFO] MainUpdater:2768 - connection check result : 10
2022-11-16 19:22:23,615 [INFO] MainUpdater:280 - Updater Check For Update Now.
2022-11-16 19:22:23,615 [INFO] MicroXplorer:481 - Change Database Version : DB.6.0.60
2022-11-16 19:22:23,795 [INFO] CheckServerUpdateThread:119 - End of CheckServer Thread
2022-11-16 19:22:23,845 [INFO] MainUpdater:2768 - connection check result : 10
2022-11-16 19:22:23,848 [INFO] MainUpdater:2768 - connection check result : 10
2022-11-16 19:22:23,905 [INFO] MicroXplorer:451 - Change Database Path : 
2022-11-16 19:22:23,905 [INFO] MicroXplorer:481 - Change Database Version : DB.6.0.60
2022-11-16 19:22:23,905 [WARN] ThirdParty:827 - waiting for thirdparty lock release [close project]
2022-11-16 19:22:25,035 [WARN] PackLoader:242 - Cannot read IP mode file for STMicroelectronics.X-CUBE-GNSS1.6.0.0
2022-11-16 19:22:25,085 [WARN] PackLoader:242 - Cannot read IP mode file for STMicroelectronics.X-CUBE-AZRTOS-F4.1.1.0
2022-11-16 19:22:25,095 [WARN] PackLoader:242 - Cannot read IP mode file for STMicroelectronics.X-CUBE-BLEMGR.1.2.0
2022-11-16 19:22:25,115 [WARN] PackLoader:242 - Cannot read IP mode file for STMicroelectronics.X-CUBE-AZRTOS-F7.1.1.0
2022-11-16 19:22:25,125 [WARN] PackLoader:242 - Cannot read IP mode file for STMicroelectronics.X-CUBE-BLE1.6.2.3
2022-11-16 19:22:25,125 [WARN] PackLoader:242 - Cannot read IP mode file for STMicroelectronics.X-CUBE-NFC4.2.0.5
2022-11-16 19:22:25,135 [WARN] PackLoader:242 - Cannot read IP mode file for STMicroelectronics.X-CUBE-NFC4.2.0.4
2022-11-16 19:22:25,145 [WARN] PackLoader:242 - Cannot read IP mode file for STMicroelectronics.X-CUBE-TOF1.3.1.0
2022-11-16 19:22:25,155 [WARN] PackLoader:242 - Cannot read IP mode file for STMicroelectronics.X-CUBE-NFC7.1.0.0
2022-11-16 19:22:25,195 [WARN] PackLoader:242 - Cannot read IP mode file for STMicroelectronics.X-CUBE-MEMS1.9.3.0
2022-11-16 19:22:25,380 [WARN] PackLoader:242 - Cannot read IP mode file for STMicroelectronics.X-CUBE-AI.7.2.0
2022-11-16 19:22:25,385 [WARN] PackLoader:242 - Cannot read IP mode file for STMicroelectronics.X-CUBE-SFXS2LP1.4.0.0
2022-11-16 19:22:25,395 [WARN] PackLoader:242 - Cannot read IP mode file for STMicroelectronics.X-CUBE-BLE2.3.3.0
2022-11-16 19:22:25,400 [WARN] PackLoader:242 - Cannot read IP mode file for STMicroelectronics.X-CUBE-DISPLAY.2.2.0
2022-11-16 19:22:25,410 [WARN] PackLoader:242 - Cannot read IP mode file for STMicroelectronics.X-CUBE-TOF1.3.2.0
2022-11-16 19:22:25,420 [WARN] PackLoader:242 - Cannot read IP mode file for STMicroelectronics.X-CUBE-ISPU.1.0.0
2022-11-16 19:22:25,420 [WARN] PackLoader:242 - Cannot read IP mode file for STMicroelectronics.X-CUBE-ISPU.1.1.0
2022-11-16 19:22:25,430 [WARN] PackLoader:242 - Cannot read IP mode file for RoweBots.I-CUBE-UNISONRTOS.5.5.0-4
2022-11-16 19:22:25,440 [WARN] PackLoader:242 - Cannot read IP mode file for STMicroelectronics.X-CUBE-AZRTOS-H7.2.1.0
2022-11-16 19:22:25,455 [WARN] PackLoader:242 - Cannot read IP mode file for wolfSSL.I-CUBE-wolfSSL.5.4.0
2022-11-16 19:22:25,457 [WARN] PackLoader:242 - Cannot read IP mode file for STMicroelectronics.X-CUBE-BLEMGR.1.0.0
2022-11-16 19:22:25,457 [WARN] PackLoader:242 - Cannot read IP mode file for STMicroelectronics.X-CUBE-AI.7.3.0
2022-11-16 19:22:25,465 [WARN] PackLoader:242 - Cannot read IP mode file for STMicroelectronics.X-CUBE-ALGOBUILD.1.3.0
2022-11-16 19:22:25,475 [WARN] PackLoader:242 - Cannot read IP mode file for STMicroelectronics.X-CUBE-AZRTOS-G0.1.1.0
2022-11-16 19:22:25,485 [WARN] PackLoader:242 - Cannot read IP mode file for STMicroelectronics.X-CUBE-SUBG2.5.0.0
2022-11-16 19:22:25,515 [WARN] PackLoader:242 - Cannot read IP mode file for SEGGER.I-CUBE-embOS.1.2.0
2022-11-16 19:22:25,557 [WARN] PackLoader:242 - Cannot read IP mode file for STMicroelectronics.FP-ATR-ASTRA1.1.1.1
2022-11-16 19:22:25,565 [WARN] PackLoader:242 - Cannot read IP mode file for STMicroelectronics.FP-ATR-ASTRA1.1.1.0
2022-11-16 19:22:25,575 [WARN] PackLoader:242 - Cannot read IP mode file for STMicroelectronics.X-CUBE-AZRTOS-G4.1.0.0
2022-11-16 19:22:25,595 [WARN] PackLoader:242 - Cannot read IP mode file for STMicroelectronics.FP-ATR-SIGFOX1.3.2.0
2022-11-16 19:22:25,615 [WARN] PackLoader:242 - Cannot read IP mode file for STMicroelectronics.X-CUBE-AZRTOS-L4.1.0.0
2022-11-16 19:22:25,625 [WARN] PackLoader:242 - Cannot read IP mode file for emotas.I-CUBE-CANOPEN.1.1.2
2022-11-16 19:22:25,635 [WARN] PackLoader:242 - Cannot read IP mode file for STMicroelectronics.X-CUBE-TOUCHGFX.4.20.0
2022-11-16 19:22:25,645 [WARN] PackLoader:242 - Cannot read IP mode file for STMicroelectronics.X-CUBE-AZRTOS-WL.1.0.0
2022-11-16 19:22:25,645 [WARN] PackLoader:242 - Cannot read IP mode file for portGmbH.I-Cube-SoM-uGOAL.1.1.0
2022-11-16 19:22:25,645 [WARN] PackLoader:242 - Cannot read IP mode file for STMicroelectronics.X-CUBE-ALS.1.0.1
2022-11-16 19:22:25,657 [WARN] PackLoader:242 - Cannot read IP mode file for STMicroelectronics.X-CUBE-AZRTOS-L5.1.0.0
2022-11-16 19:22:25,665 [WARN] PackLoader:242 - Cannot read IP mode file for STMicroelectronics.X-CUBE-EEPRMA1.3.1.1
2022-11-16 19:22:25,665 [INFO] ThirdParty:929 - Integrity check success = true
2022-11-16 19:22:25,665 [INFO] IntegrityCheckThread:98 - exiting critical section [integrity check]
2022-11-16 19:22:25,665 [INFO] IntegrityCheckThread:101 - End integrity checks thread
2022-11-16 19:22:25,665 [INFO] ThirdParty:829 - entering critical section [close project]
2022-11-16 19:22:25,665 [INFO] ThirdParty:839 - exiting critical section [close project]
2022-11-16 19:22:25,665 [INFO] PinOutPanel:1468 - setPackage(No Configuration,No Configuration)
2022-11-16 19:22:25,675 [INFO] UtilMem:74 - Begin LoadConfig() Used Memory: 209014624 Bytes (268435456)
2022-11-16 19:22:25,675 [INFO] MicroXplorer:451 - Change Database Path : 
2022-11-16 19:22:25,675 [INFO] MicroXplorer:481 - Change Database Version : DB.6.0.60
2022-11-16 19:22:25,675 [INFO] OpenFileManager:307 - Change cursor
2022-11-16 19:22:25,699 [INFO] Mcu:1922 - Initializing MCU STM32G431K(6-8-B)Ux STM32G431KBUx STM32G431KBU3
2022-11-16 19:22:28,475 [INFO] Context:654 - Trying to add GPIOservice into a context  which must be forbidden
2022-11-16 19:22:29,167 [WARN] ApiManager:308 - Cannot register API 'Board Extension:GNSS1A1' from pack STMicroelectronics.X-CUBE-GNSS1.6.0.0: no header file found
2022-11-16 19:22:29,167 [WARN] ApiManager:308 - Cannot register API 'Board Support:Custom' from pack STMicroelectronics.X-CUBE-GNSS1.6.0.0: no header file found
2022-11-16 19:22:29,167 [WARN] ApiManager:308 - Cannot register API 'Data Exchange:lib_gnss' from pack STMicroelectronics.X-CUBE-GNSS1.6.0.0: no header file found
2022-11-16 19:22:29,176 [WARN] ApiManager:308 - Cannot register API 'Wireless:BlueNRG-MS' from pack STMicroelectronics.X-CUBE-BLE1.6.2.3: no header file found
2022-11-16 19:22:29,176 [INFO] RtosManager:488 - Registered RTOS mode: class=CMSIS, group=RTOS, mode=CMSIS_V1, owner=FREERTOS
2022-11-16 19:22:29,176 [INFO] RtosManager:488 - Registered RTOS mode: class=CMSIS, group=RTOS2, mode=CMSIS_V2, owner=FREERTOS
2022-11-16 19:22:29,176 [INFO] RtosManager:488 - Registered RTOS mode: class=RTOS, group=Core, mode=CMSIS_V1, owner=FREERTOS
2022-11-16 19:22:29,176 [INFO] RtosManager:488 - Registered RTOS mode: class=RTOS, group=Core, mode=CMSIS_V2, owner=FREERTOS
2022-11-16 19:22:29,176 [WARN] ModelIntegratedComponent:185 - Missing modes for component STMicroelectronics:FreeRTOS:0.0.1:STMicroelectronics:RTOS:FreeRTOS:Core:::10.2.0:
2022-11-16 19:22:29,176 [WARN] ApiManager:308 - Cannot register API 'Board Extension:S2868A1' from pack STMicroelectronics.X-CUBE-SUBG2.5.0.0: no header file found
2022-11-16 19:22:29,185 [WARN] ApiManager:308 - Cannot register API 'Board Extension:S2868A2' from pack STMicroelectronics.X-CUBE-SUBG2.5.0.0: no header file found
2022-11-16 19:22:29,185 [WARN] ApiManager:308 - Cannot register API 'Board Extension:S2915A1' from pack STMicroelectronics.X-CUBE-SUBG2.5.0.0: no header file found
2022-11-16 19:22:29,194 [WARN] ApiManager:308 - Cannot register API 'Board Extension:NFC04A1' from pack STMicroelectronics.X-CUBE-NFC4.2.0.5: no header file found
2022-11-16 19:22:29,195 [WARN] ApiManager:308 - Cannot register API 'Board Extension:NFC04A1' from pack STMicroelectronics.X-CUBE-NFC4.2.0.4: no header file found
2022-11-16 19:22:29,197 [WARN] ModelIntegratedComponent:64 - No mode defined for component null
2022-11-16 19:22:29,197 [WARN] ModelIntegratedComponent:64 - No mode defined for component null
2022-11-16 19:22:29,197 [WARN] ModelIntegratedComponent:64 - No mode defined for component null
2022-11-16 19:22:29,197 [WARN] ModelIntegratedComponent:64 - No mode defined for component null
2022-11-16 19:22:29,197 [WARN] ModelIntegratedComponent:64 - No mode defined for component null
2022-11-16 19:22:29,197 [WARN] ModelIntegratedComponent:64 - No mode defined for component null
2022-11-16 19:22:29,197 [WARN] ModelIntegratedComponent:64 - No mode defined for component null
2022-11-16 19:22:29,197 [WARN] ModelIntegratedComponent:64 - No mode defined for component null
2022-11-16 19:22:29,197 [WARN] ModelIntegratedComponent:64 - No mode defined for component null
2022-11-16 19:22:29,197 [WARN] ModelIntegratedComponent:64 - No mode defined for component null
2022-11-16 19:22:29,197 [WARN] ModelIntegratedComponent:64 - No mode defined for component null
2022-11-16 19:22:29,197 [WARN] ModelIntegratedComponent:64 - No mode defined for component null
2022-11-16 19:22:29,197 [WARN] ModelIntegratedComponent:64 - No mode defined for component null
2022-11-16 19:22:29,197 [WARN] ModelIntegratedComponent:64 - No mode defined for component null
2022-11-16 19:22:29,197 [WARN] ModelIntegratedComponent:64 - No mode defined for component null
2022-11-16 19:22:29,197 [WARN] ModelIntegratedComponent:64 - No mode defined for component null
2022-11-16 19:22:29,197 [WARN] ModelIntegratedComponent:64 - No mode defined for component null
2022-11-16 19:22:29,197 [WARN] ModelIntegratedComponent:64 - No mode defined for component null
2022-11-16 19:22:29,197 [WARN] ModelIntegratedComponent:64 - No mode defined for component null
2022-11-16 19:22:29,197 [WARN] ModelIntegratedComponent:64 - No mode defined for component null
2022-11-16 19:22:29,197 [WARN] ModelIntegratedComponent:64 - No mode defined for component null
2022-11-16 19:22:29,197 [WARN] ModelIntegratedComponent:64 - No mode defined for component null
2022-11-16 19:22:29,197 [WARN] ModelIntegratedComponent:64 - No mode defined for component null
2022-11-16 19:22:29,197 [WARN] ModelIntegratedComponent:64 - No mode defined for component null
2022-11-16 19:22:29,197 [WARN] ModelIntegratedComponent:64 - No mode defined for component null
2022-11-16 19:22:29,197 [WARN] ModelIntegratedComponent:64 - No mode defined for component null
2022-11-16 19:22:29,197 [WARN] ModelIntegratedComponent:64 - No mode defined for component null
2022-11-16 19:22:29,197 [WARN] ModelIntegratedComponent:64 - No mode defined for component null
2022-11-16 19:22:29,197 [WARN] ModelIntegratedComponent:64 - No mode defined for component null
2022-11-16 19:22:29,197 [WARN] ModelIntegratedComponent:64 - No mode defined for component null
2022-11-16 19:22:29,197 [WARN] ModelIntegratedComponent:64 - No mode defined for component null
2022-11-16 19:22:29,197 [WARN] ModelIntegratedComponent:64 - No mode defined for component null
2022-11-16 19:22:29,197 [WARN] ModelIntegratedComponent:64 - No mode defined for component null
2022-11-16 19:22:29,205 [WARN] ApiManager:308 - Cannot register API 'Board Extension:NFC07A1' from pack STMicroelectronics.X-CUBE-NFC7.1.0.0: no header file found
2022-11-16 19:22:29,297 [WARN] ApiManager:308 - Cannot register API 'Board Extension:IKS01A3' from pack STMicroelectronics.X-CUBE-MEMS1.9.3.0: no header file found
2022-11-16 19:22:29,297 [WARN] ApiManager:308 - Cannot register API 'Board Extension:IKS01A2' from pack STMicroelectronics.X-CUBE-MEMS1.9.3.0: no header file found
2022-11-16 19:22:29,297 [WARN] ApiManager:308 - Cannot register API 'Board Extension:IKS02A1' from pack STMicroelectronics.X-CUBE-MEMS1.9.3.0: no header file found
2022-11-16 19:22:29,305 [WARN] ApiManager:308 - Cannot register API 'Board Extension:EEPRMA1' from pack STMicroelectronics.X-CUBE-EEPRMA1.3.1.1: no header file found
2022-11-16 19:22:29,305 [WARN] ApiManager:308 - Cannot register API 'Board Extension:EEPRMA2' from pack STMicroelectronics.X-CUBE-EEPRMA1.3.1.1: no header file found
2022-11-16 19:22:29,305 [WARN] ApiManager:308 - Cannot register API 'Board Extension:S2868A1' from pack STMicroelectronics.X-CUBE-SFXS2LP1.4.0.0: no header file found
2022-11-16 19:22:29,305 [WARN] ApiManager:308 - Cannot register API 'Board Extension:S2868A2' from pack STMicroelectronics.X-CUBE-SFXS2LP1.4.0.0: no header file found
2022-11-16 19:22:29,305 [WARN] ApiManager:308 - Cannot register API 'Board Extension:S2915A1' from pack STMicroelectronics.X-CUBE-SFXS2LP1.4.0.0: no header file found
2022-11-16 19:22:29,305 [WARN] ApiManager:308 - Cannot register API 'Wireless:BlueNRG-2' from pack STMicroelectronics.X-CUBE-BLE2.3.3.0: no header file found
2022-11-16 19:22:29,315 [INFO] ThirdPartyModel:289 - Start build external matchings
2022-11-16 19:22:29,495 [INFO] ThirdPartyModel:302 - End build external matchings
2022-11-16 19:22:29,505 [INFO] RtosManager:801 - Current active RTOS is FREERTOS [Cortex-M4NS]
2022-11-16 19:22:29,505 [WARN] IP:2111 - MessageRAMOffset not found: check if there is a RefParameter without a condition.
2022-11-16 19:22:29,505 [WARN] IP:2111 - RxFifo0ElmtsNbr not found: check if there is a RefParameter without a condition.
2022-11-16 19:22:29,505 [WARN] IP:2111 - RxFifo0ElmtSize not found: check if there is a RefParameter without a condition.
2022-11-16 19:22:29,505 [WARN] IP:2111 - RxFifo1ElmtsNbr not found: check if there is a RefParameter without a condition.
2022-11-16 19:22:29,505 [WARN] IP:2111 - RxFifo1ElmtSize not found: check if there is a RefParameter without a condition.
2022-11-16 19:22:29,505 [WARN] IP:2111 - RxBuffersNbr not found: check if there is a RefParameter without a condition.
2022-11-16 19:22:29,505 [WARN] IP:2111 - RxBufferSize not found: check if there is a RefParameter without a condition.
2022-11-16 19:22:29,505 [WARN] IP:2111 - TxEventsNbr not found: check if there is a RefParameter without a condition.
2022-11-16 19:22:29,505 [WARN] IP:2111 - TxBuffersNbr not found: check if there is a RefParameter without a condition.
2022-11-16 19:22:29,511 [WARN] IP:2111 - TxFifoQueueElmtsNbr not found: check if there is a RefParameter without a condition.
2022-11-16 19:22:29,511 [WARN] IP:2111 - TxElmtSize not found: check if there is a RefParameter without a condition.
2022-11-16 19:22:29,511 [WARN] IP:2111 - ClockCalibrationCCU not found: check if there is a RefParameter without a condition.
2022-11-16 19:22:29,511 [WARN] IP:2111 - ClockDividerCCU not found: check if there is a RefParameter without a condition.
2022-11-16 19:22:29,511 [WARN] IP:2111 - MinOscClkPeriodsCCU not found: check if there is a RefParameter without a condition.
2022-11-16 19:22:29,511 [WARN] IP:2111 - TimeQuantaPerBitTimeCCU not found: check if there is a RefParameter without a condition.
2022-11-16 19:22:29,511 [WARN] IP:2111 - WatchdogStartValueCCU not found: check if there is a RefParameter without a condition.
2022-11-16 19:22:29,840 [INFO] UtilMem:74 - End LoadConfig() Used Memory: 245000544 Bytes (432013312)
2022-11-16 19:22:29,935 [INFO] ApiDb:576 - Connected to CubeFinder SQLite database (C:\Users\Z0180064\.stmcufinder\plugins\mcufinder\mcu\cube-finder-db.db)
2022-11-16 19:22:29,965 [INFO] ApiDb:663 - CubeFinder database Data Model version=2.1
2022-11-16 19:22:29,965 [INFO] ApiDb:664 - CubeFinder database Configuration version=3.0.32
2022-11-16 19:22:29,965 [INFO] ApiDb:665 - CubeFinder database generation date=2022-08-05 (1659688109)
2022-11-16 19:22:29,965 [INFO] ApiDb:666 - CubeFinder database FW Pack versions=[STM32Cube_FW_C0_V1.0.0, STM32Cube_FW_F4_V1.27.1, STM32Cube_FW_F7_V1.17.0, STM32Cube_FW_G0_V1.6.1, STM32Cube_FW_G4_V1.5.0, STM32Cube_FW_H7_V1.10.0, STM32Cube_FW_L5_V1.4.0, STM32Cube_FW_U5_V1.1.1, STM32Cube_FW_WB_V1.14.1, STM32Cube_FW_WL_V1.2.0, X-CUBE-ALGOBUILD_V1.3.0, X-CUBE-ALS_V1.0.1, X-CUBE-AZRTOS-F4_V1.1.0, X-CUBE-AZRTOS-F7_V1.1.0, X-CUBE-AZRTOS-G0_V1.1.0, X-CUBE-AZRTOS-G4_V1.0.0, X-CUBE-AZRTOS-H7_V2.1.0, X-CUBE-AZRTOS-L4_V1.0.0, X-CUBE-AZRTOS-L5_V1.0.0, X-CUBE-AZRTOS-WL_V1.0.0, X-CUBE-BLE1_V6.2.3, X-CUBE-BLE2_V3.3.0, X-CUBE-EEPRMA1_V3.1.1, X-CUBE-GNSS1_V6.0.0, X-CUBE-MEMS1_V9.1.0, X-CUBE-MEMS1_V9.3.0, X-CUBE-NFC4_V2.0.4, X-CUBE-NFC7_V1.0.0, X-CUBE-SFXS2LP1_V4.0.0, X-CUBE-SUBG2_V5.0.0]
2022-11-16 19:22:31,935 [INFO] ApiDb:239 - Found 138 in-development CPN: [B-WB1M-WPAN1, NUCLEO-C031C6, STEVAL-STWINBX1, STM320518-EVAL, STM32C0116-DK, STM32C011D6Y3TR, STM32C011D6Y6TR, STM32C011F4P3, STM32C011F4P6, STM32C011F4U3, STM32C011F4U6TR, STM32C011F6P3, STM32C011F6P6, STM32C011F6U3, STM32C011F6U6TR, STM32C011J4M3, STM32C011J4M6, STM32C011J6M3, STM32C011J6M6, STM32C0316-DK, STM32C031C4T3, STM32C031C4T6, STM32C031C4U3, STM32C031C4U6, STM32C031C6T3, STM32C031C6T6, STM32C031C6U3, STM32C031C6U6, STM32C031F4P3, STM32C031F4P6, STM32C031F6P3, STM32C031F6P6, STM32C031G4U3, STM32C031G4U6, STM32C031G6U3, STM32C031G6U6, STM32C031K4T3, STM32C031K4T6, STM32C031K4U3, STM32C031K4U6, STM32C031K6T3, STM32C031K6T6, STM32C031K6U3, STM32C031K6U6, STM32G071K8TXN, STM32G071K8UXN, STM32G081GBU6N, STM32G081KBT6N, STM32G081KBUXN, STM32G0B1CCT6N, STM32G0B1KCT6, STM32G0B1NEY6TR, STM32G0B1RCT6N, STM32G0C1CCT6, STM32G0C1CCT6N, STM32G0C1CCU6N, STM32G0C1CET6N, STM32G0C1CEU6N, STM32G0C1KCT6, STM32G0C1NEY6TR, STM32G0C1RCI6N, STM32G0C1RCT6N, STM32G0C1REI6N, STM32G0C1RET6N, STM32G0C1VCI6, STM32G0C1VEI6, STM32G471CCT6, STM32G471CCU6, STM32G471CET3, STM32G471CET6, STM32G471CEU3, STM32G471CEU6, STM32G471MCT6, STM32G471MET3, STM32G471MET6, STM32G471MEY6TR, STM32G471QCT6, STM32G471QET3, STM32G471RCT6, STM32G471RET3, STM32G471RET6, STM32G471VCH6, STM32G471VCI6, STM32G471VCT6, STM32G471VEH3, STM32G471VEH6, STM32G471VEI3, STM32G471VEI6, STM32G471VET3, STM32G471VET6, STM32G474CCT6, STM32L476VGY6PTR, STM32L4R5QGI6STR, STM32MP131AAE3, STM32MP131AAF3, STM32MP131AAG3, STM32MP131CAE3, STM32MP131CAF3, STM32MP131CAG3, STM32MP131DAE7, STM32MP131DAF7, STM32MP131DAG7, STM32MP131FAE7, STM32MP131FAF7, STM32MP131FAG7, STM32MP133AAE3, STM32MP133AAF3, STM32MP133AAG3, STM32MP133CAE3, STM32MP133CAF3, STM32MP133CAG3, STM32MP133DAE7, STM32MP133DAF7, STM32MP133DAG7, STM32MP133FAE7, STM32MP133FAF7, STM32MP133FAG7, STM32MP135AAE3, STM32MP135AAF3, STM32MP135AAG3, STM32MP135CAE3, STM32MP135CAF3, STM32MP135CAG3, STM32MP135DAE7, STM32MP135DAF7, STM32MP135DAG7, STM32MP135F-DK, STM32MP135FAE7, STM32MP135FAF7, STM32MP135FAG7, STM32U595ZJT6Q, STM32U599BJY6QTR, STM32U599NIH6Q, STM32U599NJH6Q, STM32U5A5ZJT6Q, STM32U5A9BJY6QTR, STM32U5A9NJH6Q, STM32WB1MMCH6]
2022-11-16 19:22:31,935 [INFO] DbMcus:215 - Found 3542 MCUs, 3542 are supported
2022-11-16 19:22:31,935 [INFO] ApiDb:418 - Load user favorites file C:\Users\Z0180064/.stm32cubeide/favorites.mcus.txt: 0 item(s)
2022-11-16 19:22:31,935 [INFO] ApiDb:422 - User favorites MCUs=[]
2022-11-16 19:22:31,935 [INFO] DbMcus:221 - Set 0 / 0 favorites MCUs
2022-11-16 19:22:31,945 [WARN] ThirdParty:789 - waiting for thirdparty lock release [change project]
2022-11-16 19:22:31,945 [INFO] ThirdParty:791 - entering critical section [change project]
2022-11-16 19:22:31,945 [INFO] ThirdParty:981 - CMSIS Pack Vendor :STMicroelectronics X-CUBE-ISPU 1.1.0
2022-11-16 19:22:31,945 [INFO] ThirdParty:981 - CMSIS Pack Vendor :RoweBots I-CUBE-UNISONRTOS 5.5.0-4
2022-11-16 19:22:31,945 [INFO] ThirdParty:981 - CMSIS Pack Vendor :STMicroelectronics X-CUBE-GNSS1 6.0.0
2022-11-16 19:22:31,945 [INFO] ThirdParty:981 - CMSIS Pack Vendor :STMicroelectronics X-CUBE-AZRTOS-H7 2.1.0
2022-11-16 19:22:31,945 [INFO] ThirdParty:981 - CMSIS Pack Vendor :STMicroelectronics USB_HOST 2.0.0
2022-11-16 19:22:31,945 [INFO] ThirdParty:981 - CMSIS Pack Vendor :STMicroelectronics X-CUBE-AZRTOS-F4 1.1.0
2022-11-16 19:22:31,945 [INFO] ThirdParty:981 - CMSIS Pack Vendor :STMicroelectronics LIBJPEG 8.0.0
2022-11-16 19:22:31,945 [INFO] ThirdParty:981 - CMSIS Pack Vendor :wolfSSL I-CUBE-wolfSSL 5.4.0
2022-11-16 19:22:31,945 [INFO] ThirdParty:981 - CMSIS Pack Vendor :STMicroelectronics USB_DEVICE 3.0.0
2022-11-16 19:22:31,945 [INFO] ThirdParty:981 - CMSIS Pack Vendor :STMicroelectronics X-CUBE-BLEMGR 1.0.0
2022-11-16 19:22:31,945 [INFO] ThirdParty:981 - CMSIS Pack Vendor :STMicroelectronics X-CUBE-BLEMGR 1.2.0
2022-11-16 19:22:31,945 [INFO] ThirdParty:981 - CMSIS Pack Vendor :STMicroelectronics X-CUBE-AZRTOS-F7 1.1.0
2022-11-16 19:22:31,945 [INFO] ThirdParty:981 - CMSIS Pack Vendor :STMicroelectronics USB_DEVICE 2.0.0
2022-11-16 19:22:31,945 [INFO] ThirdParty:981 - CMSIS Pack Vendor :STMicroelectronics X-CUBE-AI 7.3.0
2022-11-16 19:22:31,945 [INFO] ThirdParty:981 - CMSIS Pack Vendor :STMicroelectronics X-CUBE-BLE1 6.2.3
2022-11-16 19:22:31,945 [INFO] ThirdParty:981 - CMSIS Pack Vendor :STMicroelectronics X-CUBE-ALGOBUILD 1.3.0
2022-11-16 19:22:31,945 [INFO] ThirdParty:981 - CMSIS Pack Vendor :STMicroelectronics FreeRTOS 0.0.1
2022-11-16 19:22:31,945 [INFO] ThirdParty:981 - CMSIS Pack Vendor :STMicroelectronics X-CUBE-AZRTOS-G0 1.1.0
2022-11-16 19:22:31,945 [INFO] ThirdParty:981 - CMSIS Pack Vendor :STMicroelectronics X-CUBE-SUBG2 5.0.0
2022-11-16 19:22:31,945 [INFO] ThirdParty:981 - CMSIS Pack Vendor :SEGGER I-CUBE-embOS 1.2.0
2022-11-16 19:22:31,945 [INFO] ThirdParty:981 - CMSIS Pack Vendor :STMicroelectronics STM32_WPAN 1.0.0
2022-11-16 19:22:31,945 [INFO] ThirdParty:981 - CMSIS Pack Vendor :STMicroelectronics lwIP 2.0.3
2022-11-16 19:22:31,945 [INFO] ThirdParty:981 - CMSIS Pack Vendor :STMicroelectronics X-CUBE-NFC4 2.0.5
2022-11-16 19:22:31,945 [INFO] ThirdParty:981 - CMSIS Pack Vendor :STMicroelectronics X-CUBE-NFC4 2.0.4
2022-11-16 19:22:31,955 [INFO] ThirdParty:981 - CMSIS Pack Vendor :STMicroelectronics USB_HOST 1.0.0
2022-11-16 19:22:31,955 [INFO] ThirdParty:981 - CMSIS Pack Vendor :STMicroelectronics PDM2PCM 3.1.0
2022-11-16 19:22:31,955 [INFO] ThirdParty:981 - CMSIS Pack Vendor :STMicroelectronics FP-ATR-ASTRA1 1.1.1
2022-11-16 19:22:31,955 [INFO] ThirdParty:981 - CMSIS Pack Vendor :STMicroelectronics PDM2PCM 3.3.0
2022-11-16 19:22:31,955 [INFO] ThirdParty:981 - CMSIS Pack Vendor :STMicroelectronics X-CUBE-TOF1 3.1.0
2022-11-16 19:22:31,955 [INFO] ThirdParty:981 - CMSIS Pack Vendor :STMicroelectronics FP-ATR-ASTRA1 1.1.0
2022-11-16 19:22:31,955 [INFO] ThirdParty:981 - CMSIS Pack Vendor :STMicroelectronics X-CUBE-AZRTOS-G4 1.0.0
2022-11-16 19:22:31,955 [INFO] ThirdParty:981 - CMSIS Pack Vendor :STMicroelectronics FP-ATR-SIGFOX1 3.2.0
2022-11-16 19:22:31,955 [INFO] ThirdParty:981 - CMSIS Pack Vendor :STMicroelectronics X-CUBE-AZRTOS-L4 1.0.0
2022-11-16 19:22:31,955 [INFO] ThirdParty:981 - CMSIS Pack Vendor :STMicroelectronics HAL Drivers 0.0.0
2022-11-16 19:22:31,955 [INFO] ThirdParty:981 - CMSIS Pack Vendor :STMicroelectronics MBEDTLS 2.16.2
2022-11-16 19:22:31,955 [INFO] ThirdParty:981 - CMSIS Pack Vendor :emotas I-CUBE-CANOPEN 1.1.2
2022-11-16 19:22:31,955 [INFO] ThirdParty:981 - CMSIS Pack Vendor :STMicroelectronics X-CUBE-TOUCHGFX 4.20.0
2022-11-16 19:22:31,955 [INFO] ThirdParty:981 - CMSIS Pack Vendor :STMicroelectronics MBEDTLS 2.14.1
2022-11-16 19:22:31,955 [INFO] ThirdParty:981 - CMSIS Pack Vendor :STMicroelectronics X-CUBE-NFC7 1.0.0
2022-11-16 19:22:31,955 [INFO] ThirdParty:981 - CMSIS Pack Vendor :STMicroelectronics X-CUBE-AZRTOS-WL 1.0.0
2022-11-16 19:22:31,955 [INFO] ThirdParty:981 - CMSIS Pack Vendor :STMicroelectronics X-CUBE-MEMS1 9.3.0
2022-11-16 19:22:31,955 [INFO] ThirdParty:981 - CMSIS Pack Vendor :portGmbH I-Cube-SoM-uGOAL 1.1.0
2022-11-16 19:22:31,955 [INFO] ThirdParty:981 - CMSIS Pack Vendor :STMicroelectronics X-CUBE-ALS 1.0.1
2022-11-16 19:22:31,955 [INFO] ThirdParty:981 - CMSIS Pack Vendor :STMicroelectronics X-CUBE-AI 7.2.0
2022-11-16 19:22:31,955 [INFO] ThirdParty:981 - CMSIS Pack Vendor :STMicroelectronics ThreadX 1.0.0
2022-11-16 19:22:31,955 [INFO] ThirdParty:981 - CMSIS Pack Vendor :STMicroelectronics X-CUBE-AZRTOS-L5 1.0.0
2022-11-16 19:22:31,955 [INFO] ThirdParty:981 - CMSIS Pack Vendor :STMicroelectronics USB_DEVICE 1.0.0
2022-11-16 19:22:31,955 [INFO] ThirdParty:981 - CMSIS Pack Vendor :STMicroelectronics X-CUBE-EEPRMA1 3.1.1
2022-11-16 19:22:31,955 [INFO] ThirdParty:981 - CMSIS Pack Vendor :STMicroelectronics ThreadX 0.0.2
2022-11-16 19:22:31,955 [INFO] ThirdParty:981 - CMSIS Pack Vendor :STMicroelectronics lwIP 2.1.2
2022-11-16 19:22:31,955 [INFO] ThirdParty:981 - CMSIS Pack Vendor :STMicroelectronics X-CUBE-SFXS2LP1 4.0.0
2022-11-16 19:22:31,955 [INFO] ThirdParty:981 - CMSIS Pack Vendor :STMicroelectronics X-CUBE-BLE2 3.3.0
2022-11-16 19:22:31,955 [INFO] ThirdParty:981 - CMSIS Pack Vendor :STMicroelectronics X-CUBE-DISPLAY 2.2.0
2022-11-16 19:22:31,955 [INFO] ThirdParty:981 - CMSIS Pack Vendor :STMicroelectronics X-CUBE-TOF1 3.2.0
2022-11-16 19:22:31,955 [INFO] ThirdParty:981 - CMSIS Pack Vendor :STMicroelectronics PDM2PCM 3.2.0
2022-11-16 19:22:31,955 [INFO] ThirdParty:981 - CMSIS Pack Vendor :STMicroelectronics X-CUBE-ISPU 1.0.0
2022-11-16 19:22:31,955 [INFO] ThirdParty:797 - exiting critical section [change project]
2022-11-16 19:22:32,315 [INFO] PinOutPanel:1468 - setPackage(No Configuration,No Configuration)
2022-11-16 19:22:32,315 [INFO] PinOutPanel:1468 - setPackage(STM32G431KBUx,UFQFPN32)
2022-11-16 19:22:32,685 [INFO] UtilMem:74 - Before build in PCC Used Memory: 259069216 Bytes (432013312)
2022-11-16 19:22:33,505 [INFO] UtilMem:74 - After build in PCC Used Memory: 364356200 Bytes (432013312)
2022-11-16 19:22:33,595 [INFO] ApiDbMcu:505 - Load IP Config File for FREERTOS
2022-11-16 19:22:33,625 [INFO] IPUIPlugin:79 - create IPUIPlugin
2022-11-16 19:22:33,625 [INFO] IPUIPlugin:79 - create IPUIPlugin
2022-11-16 19:22:33,625 [INFO] IPUIPlugin:79 - create IPUIPlugin
2022-11-16 19:22:33,625 [INFO] IPUIPlugin:79 - create IPUIPlugin
2022-11-16 19:22:33,625 [INFO] IPUIPlugin:79 - create IPUIPlugin
2022-11-16 19:22:33,625 [INFO] IPUIPlugin:79 - create IPUIPlugin
2022-11-16 19:22:33,625 [INFO] IPUIPlugin:79 - create IPUIPlugin
2022-11-16 19:22:33,625 [INFO] IPUIPlugin:79 - create IPUIPlugin
2022-11-16 19:22:33,625 [INFO] IPUIPlugin:79 - create IPUIPlugin
2022-11-16 19:22:33,625 [INFO] IPUIPlugin:79 - create IPUIPlugin
2022-11-16 19:22:33,625 [INFO] IPUIPlugin:79 - create IPUIPlugin
2022-11-16 19:22:33,625 [INFO] IPUIPlugin:79 - create IPUIPlugin
2022-11-16 19:22:33,625 [INFO] IPUIPlugin:79 - create IPUIPlugin
2022-11-16 19:22:33,625 [INFO] IPUIPlugin:79 - create IPUIPlugin
2022-11-16 19:22:33,625 [INFO] IPUIPlugin:79 - create IPUIPlugin
2022-11-16 19:22:33,625 [INFO] IPUIPlugin:79 - create IPUIPlugin
2022-11-16 19:22:33,625 [INFO] IPUIPlugin:79 - create IPUIPlugin
2022-11-16 19:22:33,625 [INFO] IPUIPlugin:79 - create IPUIPlugin
2022-11-16 19:22:33,625 [INFO] IPUIPlugin:79 - create IPUIPlugin
2022-11-16 19:22:33,625 [INFO] IPUIPlugin:79 - create IPUIPlugin
2022-11-16 19:22:33,625 [INFO] IPUIPlugin:79 - create IPUIPlugin
2022-11-16 19:22:33,625 [INFO] IPUIPlugin:79 - create IPUIPlugin
2022-11-16 19:22:33,625 [INFO] IPUIPlugin:79 - create IPUIPlugin
2022-11-16 19:22:33,625 [INFO] IPUIPlugin:79 - create IPUIPlugin
2022-11-16 19:22:33,625 [INFO] IPUIPlugin:79 - create IPUIPlugin
2022-11-16 19:22:33,625 [INFO] IPUIPlugin:79 - create IPUIPlugin
2022-11-16 19:22:33,625 [INFO] IPUIPlugin:79 - create IPUIPlugin
2022-11-16 19:22:33,625 [INFO] IPUIPlugin:79 - create IPUIPlugin
2022-11-16 19:22:33,625 [INFO] IPUIPlugin:79 - create IPUIPlugin
2022-11-16 19:22:33,635 [INFO] IPUIPlugin:79 - create IPUIPlugin
2022-11-16 19:22:33,635 [INFO] IPUIPlugin:79 - create IPUIPlugin
2022-11-16 19:22:33,635 [INFO] IPUIPlugin:79 - create IPUIPlugin
2022-11-16 19:22:33,635 [INFO] IPUIPlugin:79 - create IPUIPlugin
2022-11-16 19:22:33,635 [INFO] IPUIPlugin:79 - create IPUIPlugin
2022-11-16 19:22:33,635 [INFO] IPUIPlugin:79 - create IPUIPlugin
2022-11-16 19:22:33,635 [INFO] IPUIPlugin:79 - create IPUIPlugin
2022-11-16 19:22:33,635 [INFO] IPUIPlugin:79 - create IPUIPlugin
2022-11-16 19:22:33,635 [INFO] IPUIPlugin:79 - create IPUIPlugin
2022-11-16 19:22:33,635 [INFO] IPUIPlugin:79 - create IPUIPlugin
2022-11-16 19:22:33,635 [INFO] IPUIPlugin:79 - create IPUIPlugin
2022-11-16 19:22:33,635 [INFO] IPUIPlugin:79 - create IPUIPlugin
2022-11-16 19:22:33,635 [INFO] IPUIPlugin:79 - create IPUIPlugin
2022-11-16 19:22:33,635 [INFO] IPUIPlugin:79 - create IPUIPlugin
2022-11-16 19:22:33,635 [INFO] IPUIPlugin:79 - create IPUIPlugin
2022-11-16 19:22:33,635 [INFO] IPUIPlugin:79 - create IPUIPlugin
2022-11-16 19:22:33,635 [INFO] IPUIPlugin:79 - create IPUIPlugin
2022-11-16 19:22:33,635 [INFO] IPUIPlugin:79 - create IPUIPlugin
2022-11-16 19:22:33,635 [INFO] IPUIPlugin:79 - create IPUIPlugin
2022-11-16 19:22:33,635 [INFO] IPUIPlugin:79 - create IPUIPlugin
2022-11-16 19:22:33,635 [INFO] IPUIPlugin:79 - create IPUIPlugin
2022-11-16 19:22:33,635 [INFO] IPUIPlugin:79 - create IPUIPlugin
2022-11-16 19:22:33,635 [INFO] IPUIPlugin:79 - create IPUIPlugin
2022-11-16 19:22:33,635 [INFO] IPUIPlugin:79 - create IPUIPlugin
2022-11-16 19:22:33,635 [INFO] IPUIPlugin:79 - create IPUIPlugin
2022-11-16 19:22:33,635 [INFO] IPUIPlugin:79 - create IPUIPlugin
2022-11-16 19:22:33,635 [INFO] IPUIPlugin:79 - create IPUIPlugin
2022-11-16 19:22:33,645 [WARN] IP:2111 - MessageRAMOffset not found: check if there is a RefParameter without a condition.
2022-11-16 19:22:33,645 [WARN] IP:2111 - RxFifo0ElmtsNbr not found: check if there is a RefParameter without a condition.
2022-11-16 19:22:33,645 [WARN] IP:2111 - RxFifo0ElmtSize not found: check if there is a RefParameter without a condition.
2022-11-16 19:22:33,645 [WARN] IP:2111 - RxFifo1ElmtsNbr not found: check if there is a RefParameter without a condition.
2022-11-16 19:22:33,645 [WARN] IP:2111 - RxFifo1ElmtSize not found: check if there is a RefParameter without a condition.
2022-11-16 19:22:33,645 [WARN] IP:2111 - RxBuffersNbr not found: check if there is a RefParameter without a condition.
2022-11-16 19:22:33,645 [WARN] IP:2111 - RxBufferSize not found: check if there is a RefParameter without a condition.
2022-11-16 19:22:33,645 [WARN] IP:2111 - TxEventsNbr not found: check if there is a RefParameter without a condition.
2022-11-16 19:22:33,645 [WARN] IP:2111 - TxBuffersNbr not found: check if there is a RefParameter without a condition.
2022-11-16 19:22:33,645 [WARN] IP:2111 - TxFifoQueueElmtsNbr not found: check if there is a RefParameter without a condition.
2022-11-16 19:22:33,645 [WARN] IP:2111 - TxElmtSize not found: check if there is a RefParameter without a condition.
2022-11-16 19:22:33,645 [WARN] IP:2111 - ClockCalibrationCCU not found: check if there is a RefParameter without a condition.
2022-11-16 19:22:33,645 [WARN] IP:2111 - ClockDividerCCU not found: check if there is a RefParameter without a condition.
2022-11-16 19:22:33,645 [WARN] IP:2111 - MinOscClkPeriodsCCU not found: check if there is a RefParameter without a condition.
2022-11-16 19:22:33,645 [WARN] IP:2111 - TimeQuantaPerBitTimeCCU not found: check if there is a RefParameter without a condition.
2022-11-16 19:22:33,645 [WARN] IP:2111 - WatchdogStartValueCCU not found: check if there is a RefParameter without a condition.
2022-11-16 19:22:33,675 [INFO] LogOutputStream:76 - [STDOUT_REDIRECT] Nominal 
2022-11-16 19:22:33,675 [INFO] Can:70 - Can Add PropertyChangeListener com.st.microxplorer.plugins.ip.can.Can@3d2b7ab6
2022-11-16 19:22:33,700 [WARN] FreeRTOS:1004 - Null or empty value: should not occur! (nothing added to the table)
2022-11-16 19:22:33,845 [INFO] RtosManager:614 - Active RTOS found at IOC load: FREERTOS [Cortex-M4NS]
2022-11-16 19:22:33,886 [INFO] OpenFileManager:327 - Restore cursor
2022-11-16 19:22:33,945 [WARN] IP:2111 - MessageRAMOffset not found: check if there is a RefParameter without a condition.
2022-11-16 19:22:33,945 [WARN] IP:2111 - RxFifo0ElmtsNbr not found: check if there is a RefParameter without a condition.
2022-11-16 19:22:33,945 [WARN] IP:2111 - RxFifo0ElmtSize not found: check if there is a RefParameter without a condition.
2022-11-16 19:22:33,945 [WARN] IP:2111 - RxFifo1ElmtsNbr not found: check if there is a RefParameter without a condition.
2022-11-16 19:22:33,945 [WARN] IP:2111 - RxFifo1ElmtSize not found: check if there is a RefParameter without a condition.
2022-11-16 19:22:33,945 [WARN] IP:2111 - RxBuffersNbr not found: check if there is a RefParameter without a condition.
2022-11-16 19:22:33,945 [WARN] IP:2111 - RxBufferSize not found: check if there is a RefParameter without a condition.
2022-11-16 19:22:33,945 [WARN] IP:2111 - TxEventsNbr not found: check if there is a RefParameter without a condition.
2022-11-16 19:22:33,945 [WARN] IP:2111 - TxBuffersNbr not found: check if there is a RefParameter without a condition.
2022-11-16 19:22:33,945 [WARN] IP:2111 - TxFifoQueueElmtsNbr not found: check if there is a RefParameter without a condition.
2022-11-16 19:22:33,945 [WARN] IP:2111 - TxElmtSize not found: check if there is a RefParameter without a condition.
2022-11-16 19:22:33,945 [WARN] IP:2111 - ClockCalibrationCCU not found: check if there is a RefParameter without a condition.
2022-11-16 19:22:33,945 [WARN] IP:2111 - ClockDividerCCU not found: check if there is a RefParameter without a condition.
2022-11-16 19:22:33,945 [WARN] IP:2111 - MinOscClkPeriodsCCU not found: check if there is a RefParameter without a condition.
2022-11-16 19:22:33,945 [WARN] IP:2111 - TimeQuantaPerBitTimeCCU not found: check if there is a RefParameter without a condition.
2022-11-16 19:22:33,945 [WARN] IP:2111 - WatchdogStartValueCCU not found: check if there is a RefParameter without a condition.
2022-11-16 19:22:44,455 [WARN] IP:2111 - MessageRAMOffset not found: check if there is a RefParameter without a condition.
2022-11-16 19:22:44,455 [WARN] IP:2111 - RxFifo0ElmtsNbr not found: check if there is a RefParameter without a condition.
2022-11-16 19:22:44,455 [WARN] IP:2111 - RxFifo0ElmtSize not found: check if there is a RefParameter without a condition.
2022-11-16 19:22:44,455 [WARN] IP:2111 - RxFifo1ElmtsNbr not found: check if there is a RefParameter without a condition.
2022-11-16 19:22:44,455 [WARN] IP:2111 - RxFifo1ElmtSize not found: check if there is a RefParameter without a condition.
2022-11-16 19:22:44,455 [WARN] IP:2111 - RxBuffersNbr not found: check if there is a RefParameter without a condition.
2022-11-16 19:22:44,455 [WARN] IP:2111 - RxBufferSize not found: check if there is a RefParameter without a condition.
2022-11-16 19:22:44,455 [WARN] IP:2111 - TxEventsNbr not found: check if there is a RefParameter without a condition.
2022-11-16 19:22:44,455 [WARN] IP:2111 - TxBuffersNbr not found: check if there is a RefParameter without a condition.
2022-11-16 19:22:44,455 [WARN] IP:2111 - TxFifoQueueElmtsNbr not found: check if there is a RefParameter without a condition.
2022-11-16 19:22:44,455 [WARN] IP:2111 - TxElmtSize not found: check if there is a RefParameter without a condition.
2022-11-16 19:22:44,455 [WARN] IP:2111 - ClockCalibrationCCU not found: check if there is a RefParameter without a condition.
2022-11-16 19:22:44,455 [WARN] IP:2111 - ClockDividerCCU not found: check if there is a RefParameter without a condition.
2022-11-16 19:22:44,455 [WARN] IP:2111 - MinOscClkPeriodsCCU not found: check if there is a RefParameter without a condition.
2022-11-16 19:22:44,455 [WARN] IP:2111 - TimeQuantaPerBitTimeCCU not found: check if there is a RefParameter without a condition.
2022-11-16 19:22:44,455 [WARN] IP:2111 - WatchdogStartValueCCU not found: check if there is a RefParameter without a condition.
2022-11-16 19:24:56,480 [INFO] NvicIntPanel:100 - NVIC parent = com.st.microxplorer.plugins.ip.nvic.MultiNvicIntPanel[,0,0,532x409,layout=javax.swing.BoxLayout,alignmentX=0.0,alignmentY=0.0,border=,flags=9,maximumSize=,minimumSize=,preferredSize=]
2022-11-16 19:25:05,090 [ERROR] RtosPanel:557 - Can not restore the selected Tab for FREERTOS(A reason can be that the tab is no more available.)
2022-11-16 19:25:08,740 [INFO] TasksAndQueuesTab:756 - Dynamic
2022-11-16 19:25:08,740 [WARN] TasksAndQueuesTab:762 - 128 128
2022-11-16 19:25:08,740 [WARN] TasksAndQueuesTab:774 - max value is: 768.0
2022-11-16 19:25:08,740 [INFO] TasksAndQueuesTab:756 - Dynamic
2022-11-16 19:25:08,740 [WARN] TasksAndQueuesTab:762 - 128 128
2022-11-16 19:25:08,740 [WARN] TasksAndQueuesTab:774 - max value is: 768.0
2022-11-16 19:25:23,780 [INFO] EditThreadDialog:703 - RAM SIZE (in KB): 32
2022-11-16 19:25:23,780 [INFO] EditThreadDialog:705 - RAM SIZE (in words): 8192
2022-11-16 19:25:55,920 [INFO] TasksAndQueuesTab:756 - Dynamic
2022-11-16 19:25:55,920 [WARN] TasksAndQueuesTab:762 - 128 128
2022-11-16 19:25:55,920 [WARN] TasksAndQueuesTab:774 - max value is: 768.0
2022-11-16 19:25:55,920 [INFO] TasksAndQueuesTab:756 - Dynamic
2022-11-16 19:25:55,920 [WARN] TasksAndQueuesTab:762 - 128 128
2022-11-16 19:25:55,920 [WARN] TasksAndQueuesTab:774 - max value is: 768.0
2022-11-16 19:25:55,920 [INFO] TasksAndQueuesTab:756 - Dynamic
2022-11-16 19:25:55,920 [WARN] TasksAndQueuesTab:762 - 128 128
2022-11-16 19:25:55,930 [WARN] TasksAndQueuesTab:774 - max value is: 768.0
2022-11-16 19:26:05,510 [INFO] EditThreadDialog:703 - RAM SIZE (in KB): 32
2022-11-16 19:26:05,510 [INFO] EditThreadDialog:705 - RAM SIZE (in words): 8192
2022-11-16 19:26:13,280 [INFO] TasksAndQueuesTab:756 - Dynamic
2022-11-16 19:26:13,280 [WARN] TasksAndQueuesTab:762 - 128 128
2022-11-16 19:26:13,280 [WARN] TasksAndQueuesTab:774 - max value is: 768.0
2022-11-16 19:26:13,280 [INFO] TasksAndQueuesTab:756 - Dynamic
2022-11-16 19:26:13,280 [WARN] TasksAndQueuesTab:762 - 128 128
2022-11-16 19:26:13,280 [WARN] TasksAndQueuesTab:774 - max value is: 768.0
2022-11-16 19:26:13,280 [INFO] TasksAndQueuesTab:756 - Dynamic
2022-11-16 19:26:13,280 [WARN] TasksAndQueuesTab:762 - 128 128
2022-11-16 19:26:13,280 [WARN] TasksAndQueuesTab:774 - max value is: 768.0
2022-11-16 19:26:21,394 [INFO] UtilMem:74 - End SaveConfig() Used Memory: 262705096 Bytes (432013312)
2022-11-16 19:26:23,020 [INFO] UtilMem:74 - End SaveConfig() Used Memory: 284491168 Bytes (432013312)
2022-11-16 19:26:24,880 [INFO] UtilMem:74 - End SaveConfig() Used Memory: 260743832 Bytes (432013312)
2022-11-16 19:26:25,300 [INFO] BlockDiagram:2753 - set Specific Code input for plugin: FREERTOS
2022-11-16 19:26:25,300 [INFO] BlockDiagram:2753 - set Specific Code input for plugin: RCC
2022-11-16 19:26:25,300 [INFO] BlockDiagram:2753 - set Specific Code input for plugin: NVIC
2022-11-16 19:26:25,300 [INFO] BlockDiagram:2753 - set Specific Code input for plugin: GPIO
2022-11-16 19:26:25,300 [INFO] BlockDiagram:2753 - set Specific Code input for plugin: FDCAN
2022-11-16 19:26:25,300 [INFO] CodeGenerator:690 - code generatio: config db path: C:\ST\STM32CubeIDE_1.10.1\STM32CubeIDE\plugins\com.st.stm32cube.common.mx_6.6.1.202207061420\\db\
2022-11-16 19:26:25,305 [WARN] IP:2111 - MessageRAMOffset not found: check if there is a RefParameter without a condition.
2022-11-16 19:26:25,305 [WARN] IP:2111 - RxFifo0ElmtsNbr not found: check if there is a RefParameter without a condition.
2022-11-16 19:26:25,305 [WARN] IP:2111 - RxFifo0ElmtSize not found: check if there is a RefParameter without a condition.
2022-11-16 19:26:25,305 [WARN] IP:2111 - RxFifo1ElmtsNbr not found: check if there is a RefParameter without a condition.
2022-11-16 19:26:25,305 [WARN] IP:2111 - RxFifo1ElmtSize not found: check if there is a RefParameter without a condition.
2022-11-16 19:26:25,305 [WARN] IP:2111 - RxBuffersNbr not found: check if there is a RefParameter without a condition.
2022-11-16 19:26:25,305 [WARN] IP:2111 - RxBufferSize not found: check if there is a RefParameter without a condition.
2022-11-16 19:26:25,305 [WARN] IP:2111 - TxEventsNbr not found: check if there is a RefParameter without a condition.
2022-11-16 19:26:25,305 [WARN] IP:2111 - TxBuffersNbr not found: check if there is a RefParameter without a condition.
2022-11-16 19:26:25,305 [WARN] IP:2111 - TxFifoQueueElmtsNbr not found: check if there is a RefParameter without a condition.
2022-11-16 19:26:25,305 [WARN] IP:2111 - TxElmtSize not found: check if there is a RefParameter without a condition.
2022-11-16 19:26:25,305 [WARN] IP:2111 - ClockCalibrationCCU not found: check if there is a RefParameter without a condition.
2022-11-16 19:26:25,305 [WARN] IP:2111 - ClockDividerCCU not found: check if there is a RefParameter without a condition.
2022-11-16 19:26:25,305 [WARN] IP:2111 - MinOscClkPeriodsCCU not found: check if there is a RefParameter without a condition.
2022-11-16 19:26:25,305 [WARN] IP:2111 - TimeQuantaPerBitTimeCCU not found: check if there is a RefParameter without a condition.
2022-11-16 19:26:25,305 [WARN] IP:2111 - WatchdogStartValueCCU not found: check if there is a RefParameter without a condition.
2022-11-16 19:26:25,690 [INFO] CodeEngine:245 - oldGeneratedFile, C:\Users\Z0180064\Vanttec\embedded_software\can_setup\Stm32-project\MXTmpFiles\license.tmp_save
2022-11-16 19:26:26,015 [INFO] CodeEngine:269 - Generated code: C:\Users\Z0180064\Vanttec\embedded_software\can_setup\Stm32-project\MXTmpFiles\license.tmp
2022-11-16 19:26:26,095 [INFO] CodeEngine:245 - oldGeneratedFile, C:\Users\Z0180064\Vanttec\embedded_software\can_setup\Stm32-project\MXTmpFiles\gpio.tmp_save
2022-11-16 19:26:26,220 [INFO] CodeEngine:269 - Generated code: C:\Users\Z0180064\Vanttec\embedded_software\can_setup\Stm32-project\MXTmpFiles\gpio.tmp
2022-11-16 19:26:26,305 [INFO] Middleware:1435 - No code input for Bsp Dependency
2022-11-16 19:26:26,310 [INFO] CodeEngine:245 - oldGeneratedFile, C:\Users\Z0180064\Vanttec\embedded_software\can_setup\Stm32-project\MXTmpFiles\rtos_inc.tmp_save
2022-11-16 19:26:26,390 [INFO] CodeEngine:269 - Generated code: C:\Users\Z0180064\Vanttec\embedded_software\can_setup\Stm32-project\MXTmpFiles\rtos_inc.tmp
2022-11-16 19:26:26,390 [INFO] CodeEngine:245 - oldGeneratedFile, C:\Users\Z0180064\Vanttec\embedded_software\can_setup\Stm32-project\MXTmpFiles\rtos_kernelInit.tmp_save
2022-11-16 19:26:26,460 [INFO] CodeEngine:269 - Generated code: C:\Users\Z0180064\Vanttec\embedded_software\can_setup\Stm32-project\MXTmpFiles\rtos_kernelInit.tmp
2022-11-16 19:26:26,470 [INFO] CodeEngine:245 - oldGeneratedFile, C:\Users\Z0180064\Vanttec\embedded_software\can_setup\Stm32-project\MXTmpFiles\rtos_kernelStart.tmp_save
2022-11-16 19:26:26,530 [INFO] CodeEngine:269 - Generated code: C:\Users\Z0180064\Vanttec\embedded_software\can_setup\Stm32-project\MXTmpFiles\rtos_kernelStart.tmp
2022-11-16 19:26:26,550 [INFO] CodeEngine:245 - oldGeneratedFile, C:\Users\Z0180064\Vanttec\embedded_software\can_setup\Stm32-project\MXTmpFiles\rtos_typedefs.tmp_save
2022-11-16 19:26:26,600 [INFO] CodeEngine:269 - Generated code: C:\Users\Z0180064\Vanttec\embedded_software\can_setup\Stm32-project\MXTmpFiles\rtos_typedefs.tmp
2022-11-16 19:26:26,620 [INFO] CodeEngine:245 - oldGeneratedFile, C:\Users\Z0180064\Vanttec\embedded_software\can_setup\Stm32-project\MXTmpFiles\rtos_vars.tmp_save
2022-11-16 19:26:26,690 [INFO] CodeEngine:269 - Generated code: C:\Users\Z0180064\Vanttec\embedded_software\can_setup\Stm32-project\MXTmpFiles\rtos_vars.tmp
2022-11-16 19:26:26,700 [INFO] CodeEngine:245 - oldGeneratedFile, C:\Users\Z0180064\Vanttec\embedded_software\can_setup\Stm32-project\MXTmpFiles\rtos_pfp.tmp_save
2022-11-16 19:26:26,780 [INFO] CodeEngine:269 - Generated code: C:\Users\Z0180064\Vanttec\embedded_software\can_setup\Stm32-project\MXTmpFiles\rtos_pfp.tmp
2022-11-16 19:26:26,795 [INFO] CodeEngine:245 - oldGeneratedFile, C:\Users\Z0180064\Vanttec\embedded_software\can_setup\Stm32-project\MXTmpFiles\rtos_obj_creat.tmp_save
2022-11-16 19:26:26,885 [INFO] CodeEngine:269 - Generated code: C:\Users\Z0180064\Vanttec\embedded_software\can_setup\Stm32-project\MXTmpFiles\rtos_obj_creat.tmp
2022-11-16 19:26:26,900 [INFO] CodeEngine:245 - oldGeneratedFile, C:\Users\Z0180064\Vanttec\embedded_software\can_setup\Stm32-project\MXTmpFiles\rtos_default_thread.tmp_save
2022-11-16 19:26:26,959 [INFO] CodeEngine:269 - Generated code: C:\Users\Z0180064\Vanttec\embedded_software\can_setup\Stm32-project\MXTmpFiles\rtos_default_thread.tmp
2022-11-16 19:26:26,975 [INFO] CodeEngine:245 - oldGeneratedFile, C:\Users\Z0180064\Vanttec\embedded_software\can_setup\Stm32-project\MXTmpFiles\rtos_threads.tmp_save
2022-11-16 19:26:27,040 [INFO] CodeEngine:269 - Generated code: C:\Users\Z0180064\Vanttec\embedded_software\can_setup\Stm32-project\MXTmpFiles\rtos_threads.tmp
2022-11-16 19:26:27,050 [INFO] Middleware:1435 - No code input for Bsp Dependency
2022-11-16 19:26:27,061 [INFO] CodeEngine:245 - oldGeneratedFile, C:\Users\Z0180064\Vanttec\embedded_software\can_setup\Stm32-project\MXTmpFiles\rtos_inc.tmp_save
2022-11-16 19:26:27,125 [INFO] CodeEngine:269 - Generated code: C:\Users\Z0180064\Vanttec\embedded_software\can_setup\Stm32-project\MXTmpFiles\rtos_inc.tmp
2022-11-16 19:26:27,130 [INFO] CodeEngine:245 - oldGeneratedFile, C:\Users\Z0180064\Vanttec\embedded_software\can_setup\Stm32-project\MXTmpFiles\rtos_kernelInit.tmp_save
2022-11-16 19:26:27,190 [INFO] CodeEngine:269 - Generated code: C:\Users\Z0180064\Vanttec\embedded_software\can_setup\Stm32-project\MXTmpFiles\rtos_kernelInit.tmp
2022-11-16 19:26:27,200 [INFO] CodeEngine:245 - oldGeneratedFile, C:\Users\Z0180064\Vanttec\embedded_software\can_setup\Stm32-project\MXTmpFiles\rtos_kernelStart.tmp_save
2022-11-16 19:26:27,250 [INFO] CodeEngine:269 - Generated code: C:\Users\Z0180064\Vanttec\embedded_software\can_setup\Stm32-project\MXTmpFiles\rtos_kernelStart.tmp
2022-11-16 19:26:27,250 [INFO] CodeEngine:245 - oldGeneratedFile, C:\Users\Z0180064\Vanttec\embedded_software\can_setup\Stm32-project\MXTmpFiles\rtos_typedefs.tmp_save
2022-11-16 19:26:27,300 [INFO] CodeEngine:269 - Generated code: C:\Users\Z0180064\Vanttec\embedded_software\can_setup\Stm32-project\MXTmpFiles\rtos_typedefs.tmp
2022-11-16 19:26:27,310 [INFO] CodeEngine:245 - oldGeneratedFile, C:\Users\Z0180064\Vanttec\embedded_software\can_setup\Stm32-project\MXTmpFiles\rtos_vars.tmp_save
2022-11-16 19:26:27,370 [INFO] CodeEngine:269 - Generated code: C:\Users\Z0180064\Vanttec\embedded_software\can_setup\Stm32-project\MXTmpFiles\rtos_vars.tmp
2022-11-16 19:26:27,370 [INFO] CodeEngine:245 - oldGeneratedFile, C:\Users\Z0180064\Vanttec\embedded_software\can_setup\Stm32-project\MXTmpFiles\rtos_pfp.tmp_save
2022-11-16 19:26:27,420 [INFO] CodeEngine:269 - Generated code: C:\Users\Z0180064\Vanttec\embedded_software\can_setup\Stm32-project\MXTmpFiles\rtos_pfp.tmp
2022-11-16 19:26:27,430 [INFO] CodeEngine:245 - oldGeneratedFile, C:\Users\Z0180064\Vanttec\embedded_software\can_setup\Stm32-project\MXTmpFiles\rtos_obj_creat.tmp_save
2022-11-16 19:26:27,470 [INFO] CodeEngine:269 - Generated code: C:\Users\Z0180064\Vanttec\embedded_software\can_setup\Stm32-project\MXTmpFiles\rtos_obj_creat.tmp
2022-11-16 19:26:27,480 [INFO] CodeEngine:245 - oldGeneratedFile, C:\Users\Z0180064\Vanttec\embedded_software\can_setup\Stm32-project\MXTmpFiles\rtos_default_thread.tmp_save
2022-11-16 19:26:27,525 [INFO] CodeEngine:269 - Generated code: C:\Users\Z0180064\Vanttec\embedded_software\can_setup\Stm32-project\MXTmpFiles\rtos_default_thread.tmp
2022-11-16 19:26:27,530 [INFO] CodeEngine:245 - oldGeneratedFile, C:\Users\Z0180064\Vanttec\embedded_software\can_setup\Stm32-project\MXTmpFiles\rtos_threads.tmp_save
2022-11-16 19:26:27,580 [INFO] CodeEngine:269 - Generated code: C:\Users\Z0180064\Vanttec\embedded_software\can_setup\Stm32-project\MXTmpFiles\rtos_threads.tmp
2022-11-16 19:26:27,590 [INFO] CodeEngine:245 - oldGeneratedFile, C:\Users\Z0180064\Vanttec\embedded_software\can_setup\Stm32-project\Core\Inc\FreeRTOSConfig.h_save
2022-11-16 19:26:27,660 [INFO] CodeEngine:269 - Generated code: C:\Users\Z0180064\Vanttec\embedded_software\can_setup\Stm32-project\Core\Inc\FreeRTOSConfig.h
2022-11-16 19:26:27,680 [INFO] CodeEngine:245 - oldGeneratedFile, C:\Users\Z0180064\Vanttec\embedded_software\can_setup\Stm32-project\Core\Src\app_freertos.c_save
2022-11-16 19:26:27,760 [INFO] CodeEngine:269 - Generated code: C:\Users\Z0180064\Vanttec\embedded_software\can_setup\Stm32-project\Core\Src\app_freertos.c
2022-11-16 19:26:27,790 [INFO] CodeEngine:245 - oldGeneratedFile, C:\Users\Z0180064\Vanttec\embedded_software\can_setup\Stm32-project\Core\Src\stm32g4xx_it.c_save
2022-11-16 19:26:27,899 [INFO] CodeEngine:269 - Generated code: C:\Users\Z0180064\Vanttec\embedded_software\can_setup\Stm32-project\Core\Src\stm32g4xx_it.c
2022-11-16 19:26:27,920 [INFO] CodeEngine:245 - oldGeneratedFile, C:\Users\Z0180064\Vanttec\embedded_software\can_setup\Stm32-project\Core\Inc\stm32g4xx_it.h_save
2022-11-16 19:26:27,980 [INFO] CodeEngine:269 - Generated code: C:\Users\Z0180064\Vanttec\embedded_software\can_setup\Stm32-project\Core\Inc\stm32g4xx_it.h
2022-11-16 19:26:28,020 [INFO] CodeEngine:245 - oldGeneratedFile, C:\Users\Z0180064\Vanttec\embedded_software\can_setup\Stm32-project\Core\Src\stm32g4xx_hal_msp.c_save
2022-11-16 19:26:28,120 [INFO] CodeEngine:269 - Generated code: C:\Users\Z0180064\Vanttec\embedded_software\can_setup\Stm32-project\Core\Src\stm32g4xx_hal_msp.c
2022-11-16 19:26:28,130 [INFO] CodeEngine:245 - oldGeneratedFile, C:\Users\Z0180064\Vanttec\embedded_software\can_setup\Stm32-project\MXTmpFiles\system.tmp_save
2022-11-16 19:26:28,180 [INFO] CodeEngine:269 - Generated code: C:\Users\Z0180064\Vanttec\embedded_software\can_setup\Stm32-project\MXTmpFiles\system.tmp
2022-11-16 19:26:28,210 [INFO] CodeEngine:245 - oldGeneratedFile, C:\Users\Z0180064\Vanttec\embedded_software\can_setup\Stm32-project\Core\Inc\stm32g4xx_hal_conf.h_save
2022-11-16 19:26:28,280 [INFO] CodeEngine:269 - Generated code: C:\Users\Z0180064\Vanttec\embedded_software\can_setup\Stm32-project\Core\Inc\stm32g4xx_hal_conf.h
2022-11-16 19:26:28,300 [WARN] IPConfigManager:2910 - Warning: the RefConfig RCC_CommonPeriphClockConfig is not available in your config.xml file
2022-11-16 19:26:28,320 [INFO] CodeEngine:245 - oldGeneratedFile, C:\Users\Z0180064\Vanttec\embedded_software\can_setup\Stm32-project\Core\Inc\main.h_save
2022-11-16 19:26:28,390 [INFO] CodeEngine:269 - Generated code: C:\Users\Z0180064\Vanttec\embedded_software\can_setup\Stm32-project\Core\Inc\main.h
2022-11-16 19:26:28,410 [INFO] CodeEngine:245 - oldGeneratedFile, C:\Users\Z0180064\Vanttec\embedded_software\can_setup\Stm32-project\Core\Src\main.c_save
2022-11-16 19:26:28,540 [INFO] CodeEngine:269 - Generated code: C:\Users\Z0180064\Vanttec\embedded_software\can_setup\Stm32-project\Core\Src\main.c
2022-11-16 19:26:29,400 [INFO] ProjectBuilder:2919 - Time for Copy HAL[1] : 275mS.
2022-11-16 19:26:29,410 [INFO] ProjectBuilder:4117 - Project Generator version: 3.17.1
2022-11-16 19:26:29,720 [INFO] ConfigFileManager:1394 - The Die is : DIE468
2022-11-16 19:26:29,720 [INFO] ApiDbMcu:505 - Load IP Config File for FATFS
2022-11-16 19:26:29,730 [INFO] ApiDbMcu:505 - Load IP Config File for USBPD
2022-11-16 19:26:29,735 [INFO] ApiDbMcu:505 - Load IP Config File for USB_Device
2022-11-16 19:26:31,550 [INFO] ProjectBuilder:4285 - Time for Generating toolchain IDE Files: 2140mS.
2022-11-16 19:26:31,550 [INFO] ProjectBuilder:2790 - Time for Copy CMSIS : 0mS.
2022-11-16 19:26:31,560 [INFO] ProjectBuilder:2790 - Time for Copy CMSIS : 0mS.
