[0.021s] Invoking command in '/home/fectec151/Downloads/Projects/vanttec_sdv/workspace/src/build/vectornav_msgs': CMAKE_PREFIX_PATH=/opt/ros/humble /usr/bin/cmake --build /home/fectec151/Downloads/Projects/vanttec_sdv/workspace/src/build/vectornav_msgs -- -j12 -l12
[0.130s] [  0%] Built target vectornav_msgs__cpp
[0.139s] [ 12%] Built target vectornav_msgs__rosidl_generator_c
[0.153s] [ 12%] Built target ament_cmake_python_copy_vectornav_msgs
[0.194s] [ 24%] Built target vectornav_msgs__rosidl_typesupport_introspection_cpp
[0.194s] [ 36%] Built target vectornav_msgs__rosidl_typesupport_cpp
[0.198s] [ 48%] Built target vectornav_msgs__rosidl_typesupport_c
[0.207s] [ 59%] Built target vectornav_msgs__rosidl_typesupport_fastrtps_cpp
[0.226s] [ 71%] Built target vectornav_msgs__rosidl_typesupport_fastrtps_c
[0.227s] [ 83%] Built target vectornav_msgs__rosidl_typesupport_introspection_c
[0.262s] [ 83%] Built target vectornav_msgs
[0.291s] [ 84%] Built target vectornav_msgs__py
[0.339s] [ 95%] Built target vectornav_msgs__rosidl_generator_py
[0.387s] [ 97%] Built target vectornav_msgs__rosidl_typesupport_c__pyext
[0.388s] [ 98%] Built target vectornav_msgs__rosidl_typesupport_fastrtps_c__pyext
[0.404s] [100%] Built target vectornav_msgs__rosidl_typesupport_introspection_c__pyext
[0.518s] running egg_info
[0.520s] writing vectornav_msgs.egg-info/PKG-INFO
[0.520s] writing dependency_links to vectornav_msgs.egg-info/dependency_links.txt
[0.520s] writing top-level names to vectornav_msgs.egg-info/top_level.txt
[0.526s] reading manifest file 'vectornav_msgs.egg-info/SOURCES.txt'
[0.527s] writing manifest file 'vectornav_msgs.egg-info/SOURCES.txt'
[0.570s] [100%] Built target ament_cmake_python_build_vectornav_msgs_egg
[0.594s] Invoked command in '/home/fectec151/Downloads/Projects/vanttec_sdv/workspace/src/build/vectornav_msgs' returned '0': CMAKE_PREFIX_PATH=/opt/ros/humble /usr/bin/cmake --build /home/fectec151/Downloads/Projects/vanttec_sdv/workspace/src/build/vectornav_msgs -- -j12 -l12
[0.935s] Invoking command in '/home/fectec151/Downloads/Projects/vanttec_sdv/workspace/src/build/vectornav_msgs': CMAKE_PREFIX_PATH=/opt/ros/humble /usr/bin/cmake --install /home/fectec151/Downloads/Projects/vanttec_sdv/workspace/src/build/vectornav_msgs
[0.951s] -- Install configuration: ""
[0.951s] -- Up-to-date: /home/fectec151/Downloads/Projects/vanttec_sdv/workspace/src/install/vectornav_msgs/share/ament_index/resource_index/rosidl_interfaces/vectornav_msgs
[0.951s] -- Up-to-date: /home/fectec151/Downloads/Projects/vanttec_sdv/workspace/src/install/vectornav_msgs/include/vectornav_msgs/vectornav_msgs
[0.952s] -- Up-to-date: /home/fectec151/Downloads/Projects/vanttec_sdv/workspace/src/install/vectornav_msgs/include/vectornav_msgs/vectornav_msgs/msg
[0.952s] -- Up-to-date: /home/fectec151/Downloads/Projects/vanttec_sdv/workspace/src/install/vectornav_msgs/include/vectornav_msgs/vectornav_msgs/msg/ins_group.h
[0.952s] -- Up-to-date: /home/fectec151/Downloads/Projects/vanttec_sdv/workspace/src/install/vectornav_msgs/include/vectornav_msgs/vectornav_msgs/msg/time_utc.h
[0.953s] -- Up-to-date: /home/fectec151/Downloads/Projects/vanttec_sdv/workspace/src/install/vectornav_msgs/include/vectornav_msgs/vectornav_msgs/msg/ins_status.h
[0.953s] -- Up-to-date: /home/fectec151/Downloads/Projects/vanttec_sdv/workspace/src/install/vectornav_msgs/include/vectornav_msgs/vectornav_msgs/msg/common_group.h
[0.953s] -- Up-to-date: /home/fectec151/Downloads/Projects/vanttec_sdv/workspace/src/install/vectornav_msgs/include/vectornav_msgs/vectornav_msgs/msg/imu_group.h
[0.953s] -- Up-to-date: /home/fectec151/Downloads/Projects/vanttec_sdv/workspace/src/install/vectornav_msgs/include/vectornav_msgs/vectornav_msgs/msg/rosidl_generator_c__visibility_control.h
[0.954s] -- Up-to-date: /home/fectec151/Downloads/Projects/vanttec_sdv/workspace/src/install/vectornav_msgs/include/vectornav_msgs/vectornav_msgs/msg/attitude_group.h
[0.954s] -- Up-to-date: /home/fectec151/Downloads/Projects/vanttec_sdv/workspace/src/install/vectornav_msgs/include/vectornav_msgs/vectornav_msgs/msg/dop.h
[0.954s] -- Up-to-date: /home/fectec151/Downloads/Projects/vanttec_sdv/workspace/src/install/vectornav_msgs/include/vectornav_msgs/vectornav_msgs/msg/gps_group.h
[0.954s] -- Up-to-date: /home/fectec151/Downloads/Projects/vanttec_sdv/workspace/src/install/vectornav_msgs/include/vectornav_msgs/vectornav_msgs/msg/time_group.h
[0.954s] -- Up-to-date: /home/fectec151/Downloads/Projects/vanttec_sdv/workspace/src/install/vectornav_msgs/include/vectornav_msgs/vectornav_msgs/msg/time_status.h
[0.955s] -- Up-to-date: /home/fectec151/Downloads/Projects/vanttec_sdv/workspace/src/install/vectornav_msgs/include/vectornav_msgs/vectornav_msgs/msg/detail
[0.955s] -- Up-to-date: /home/fectec151/Downloads/Projects/vanttec_sdv/workspace/src/install/vectornav_msgs/include/vectornav_msgs/vectornav_msgs/msg/detail/ins_group__struct.h
[0.955s] -- Up-to-date: /home/fectec151/Downloads/Projects/vanttec_sdv/workspace/src/install/vectornav_msgs/include/vectornav_msgs/vectornav_msgs/msg/detail/gps_group__functions.c
[0.955s] -- Up-to-date: /home/fectec151/Downloads/Projects/vanttec_sdv/workspace/src/install/vectornav_msgs/include/vectornav_msgs/vectornav_msgs/msg/detail/time_status__struct.h
[0.955s] -- Up-to-date: /home/fectec151/Downloads/Projects/vanttec_sdv/workspace/src/install/vectornav_msgs/include/vectornav_msgs/vectornav_msgs/msg/detail/imu_group__functions.h
[0.955s] -- Up-to-date: /home/fectec151/Downloads/Projects/vanttec_sdv/workspace/src/install/vectornav_msgs/include/vectornav_msgs/vectornav_msgs/msg/detail/vpe_status__functions.h
[0.956s] -- Up-to-date: /home/fectec151/Downloads/Projects/vanttec_sdv/workspace/src/install/vectornav_msgs/include/vectornav_msgs/vectornav_msgs/msg/detail/imu_group__type_support.h
[0.956s] -- Up-to-date: /home/fectec151/Downloads/Projects/vanttec_sdv/workspace/src/install/vectornav_msgs/include/vectornav_msgs/vectornav_msgs/msg/detail/time_status__functions.h
[0.956s] -- Up-to-date: /home/fectec151/Downloads/Projects/vanttec_sdv/workspace/src/install/vectornav_msgs/include/vectornav_msgs/vectornav_msgs/msg/detail/ins_status__functions.h
[0.956s] -- Up-to-date: /home/fectec151/Downloads/Projects/vanttec_sdv/workspace/src/install/vectornav_msgs/include/vectornav_msgs/vectornav_msgs/msg/detail/time_utc__functions.h
[0.956s] -- Up-to-date: /home/fectec151/Downloads/Projects/vanttec_sdv/workspace/src/install/vectornav_msgs/include/vectornav_msgs/vectornav_msgs/msg/detail/common_group__type_support.h
[0.956s] -- Up-to-date: /home/fectec151/Downloads/Projects/vanttec_sdv/workspace/src/install/vectornav_msgs/include/vectornav_msgs/vectornav_msgs/msg/detail/dop__functions.h
[0.957s] -- Up-to-date: /home/fectec151/Downloads/Projects/vanttec_sdv/workspace/src/install/vectornav_msgs/include/vectornav_msgs/vectornav_msgs/msg/detail/gps_group__functions.h
[0.957s] -- Up-to-date: /home/fectec151/Downloads/Projects/vanttec_sdv/workspace/src/install/vectornav_msgs/include/vectornav_msgs/vectornav_msgs/msg/detail/gps_group__type_support.h
[0.957s] -- Up-to-date: /home/fectec151/Downloads/Projects/vanttec_sdv/workspace/src/install/vectornav_msgs/include/vectornav_msgs/vectornav_msgs/msg/detail/time_utc__type_support.h
[0.957s] -- Up-to-date: /home/fectec151/Downloads/Projects/vanttec_sdv/workspace/src/install/vectornav_msgs/include/vectornav_msgs/vectornav_msgs/msg/detail/time_group__struct.h
[0.958s] -- Up-to-date: /home/fectec151/Downloads/Projects/vanttec_sdv/workspace/src/install/vectornav_msgs/include/vectornav_msgs/vectornav_msgs/msg/detail/attitude_group__struct.h
[0.958s] -- Up-to-date: /home/fectec151/Downloads/Projects/vanttec_sdv/workspace/src/install/vectornav_msgs/include/vectornav_msgs/vectornav_msgs/msg/detail/ins_group__type_support.h
[0.958s] -- Up-to-date: /home/fectec151/Downloads/Projects/vanttec_sdv/workspace/src/install/vectornav_msgs/include/vectornav_msgs/vectornav_msgs/msg/detail/attitude_group__functions.c
[0.958s] -- Up-to-date: /home/fectec151/Downloads/Projects/vanttec_sdv/workspace/src/install/vectornav_msgs/include/vectornav_msgs/vectornav_msgs/msg/detail/gps_group__struct.h
[0.959s] -- Up-to-date: /home/fectec151/Downloads/Projects/vanttec_sdv/workspace/src/install/vectornav_msgs/include/vectornav_msgs/vectornav_msgs/msg/detail/time_group__functions.c
[0.959s] -- Up-to-date: /home/fectec151/Downloads/Projects/vanttec_sdv/workspace/src/install/vectornav_msgs/include/vectornav_msgs/vectornav_msgs/msg/detail/time_group__type_support.h
[0.959s] -- Up-to-date: /home/fectec151/Downloads/Projects/vanttec_sdv/workspace/src/install/vectornav_msgs/include/vectornav_msgs/vectornav_msgs/msg/detail/ins_status__functions.c
[0.959s] -- Up-to-date: /home/fectec151/Downloads/Projects/vanttec_sdv/workspace/src/install/vectornav_msgs/include/vectornav_msgs/vectornav_msgs/msg/detail/ins_group__functions.h
[0.959s] -- Up-to-date: /home/fectec151/Downloads/Projects/vanttec_sdv/workspace/src/install/vectornav_msgs/include/vectornav_msgs/vectornav_msgs/msg/detail/common_group__functions.c
[0.959s] -- Up-to-date: /home/fectec151/Downloads/Projects/vanttec_sdv/workspace/src/install/vectornav_msgs/include/vectornav_msgs/vectornav_msgs/msg/detail/vpe_status__functions.c
[0.960s] -- Up-to-date: /home/fectec151/Downloads/Projects/vanttec_sdv/workspace/src/install/vectornav_msgs/include/vectornav_msgs/vectornav_msgs/msg/detail/ins_group__functions.c
[0.960s] -- Up-to-date: /home/fectec151/Downloads/Projects/vanttec_sdv/workspace/src/install/vectornav_msgs/include/vectornav_msgs/vectornav_msgs/msg/detail/ins_status__struct.h
[0.960s] -- Up-to-date: /home/fectec151/Downloads/Projects/vanttec_sdv/workspace/src/install/vectornav_msgs/include/vectornav_msgs/vectornav_msgs/msg/detail/time_utc__functions.c
[0.960s] -- Up-to-date: /home/fectec151/Downloads/Projects/vanttec_sdv/workspace/src/install/vectornav_msgs/include/vectornav_msgs/vectornav_msgs/msg/detail/vpe_status__type_support.h
[0.960s] -- Up-to-date: /home/fectec151/Downloads/Projects/vanttec_sdv/workspace/src/install/vectornav_msgs/include/vectornav_msgs/vectornav_msgs/msg/detail/ins_status__type_support.h
[0.961s] -- Up-to-date: /home/fectec151/Downloads/Projects/vanttec_sdv/workspace/src/install/vectornav_msgs/include/vectornav_msgs/vectornav_msgs/msg/detail/dop__type_support.h
[0.961s] -- Up-to-date: /home/fectec151/Downloads/Projects/vanttec_sdv/workspace/src/install/vectornav_msgs/include/vectornav_msgs/vectornav_msgs/msg/detail/time_status__type_support.h
[0.961s] -- Up-to-date: /home/fectec151/Downloads/Projects/vanttec_sdv/workspace/src/install/vectornav_msgs/include/vectornav_msgs/vectornav_msgs/msg/detail/time_status__functions.c
[0.962s] -- Up-to-date: /home/fectec151/Downloads/Projects/vanttec_sdv/workspace/src/install/vectornav_msgs/include/vectornav_msgs/vectornav_msgs/msg/detail/imu_group__functions.c
[0.962s] -- Up-to-date: /home/fectec151/Downloads/Projects/vanttec_sdv/workspace/src/install/vectornav_msgs/include/vectornav_msgs/vectornav_msgs/msg/detail/time_group__functions.h
[0.962s] -- Up-to-date: /home/fectec151/Downloads/Projects/vanttec_sdv/workspace/src/install/vectornav_msgs/include/vectornav_msgs/vectornav_msgs/msg/detail/dop__struct.h
[0.962s] -- Up-to-date: /home/fectec151/Downloads/Projects/vanttec_sdv/workspace/src/install/vectornav_msgs/include/vectornav_msgs/vectornav_msgs/msg/detail/time_utc__struct.h
[0.962s] -- Up-to-date: /home/fectec151/Downloads/Projects/vanttec_sdv/workspace/src/install/vectornav_msgs/include/vectornav_msgs/vectornav_msgs/msg/detail/vpe_status__struct.h
[0.962s] -- Up-to-date: /home/fectec151/Downloads/Projects/vanttec_sdv/workspace/src/install/vectornav_msgs/include/vectornav_msgs/vectornav_msgs/msg/detail/dop__functions.c
[0.962s] -- Up-to-date: /home/fectec151/Downloads/Projects/vanttec_sdv/workspace/src/install/vectornav_msgs/include/vectornav_msgs/vectornav_msgs/msg/detail/attitude_group__functions.h
[0.962s] -- Up-to-date: /home/fectec151/Downloads/Projects/vanttec_sdv/workspace/src/install/vectornav_msgs/include/vectornav_msgs/vectornav_msgs/msg/detail/common_group__functions.h
[0.963s] -- Up-to-date: /home/fectec151/Downloads/Projects/vanttec_sdv/workspace/src/install/vectornav_msgs/include/vectornav_msgs/vectornav_msgs/msg/detail/common_group__struct.h
[0.963s] -- Up-to-date: /home/fectec151/Downloads/Projects/vanttec_sdv/workspace/src/install/vectornav_msgs/include/vectornav_msgs/vectornav_msgs/msg/detail/imu_group__struct.h
[0.963s] -- Up-to-date: /home/fectec151/Downloads/Projects/vanttec_sdv/workspace/src/install/vectornav_msgs/include/vectornav_msgs/vectornav_msgs/msg/detail/attitude_group__type_support.h
[0.964s] -- Up-to-date: /home/fectec151/Downloads/Projects/vanttec_sdv/workspace/src/install/vectornav_msgs/include/vectornav_msgs/vectornav_msgs/msg/vpe_status.h
[0.964s] -- Up-to-date: /home/fectec151/Downloads/Projects/vanttec_sdv/workspace/src/install/vectornav_msgs/include/vectornav_msgs/vectornav_msgs/action
[0.964s] -- Up-to-date: /home/fectec151/Downloads/Projects/vanttec_sdv/workspace/src/install/vectornav_msgs/include/vectornav_msgs/vectornav_msgs/action/detail
[0.965s] -- Up-to-date: /home/fectec151/Downloads/Projects/vanttec_sdv/workspace/src/install/vectornav_msgs/include/vectornav_msgs/vectornav_msgs/action/detail/mag_cal__struct.h
[0.965s] -- Up-to-date: /home/fectec151/Downloads/Projects/vanttec_sdv/workspace/src/install/vectornav_msgs/include/vectornav_msgs/vectornav_msgs/action/detail/mag_cal__type_support.h
[0.965s] -- Up-to-date: /home/fectec151/Downloads/Projects/vanttec_sdv/workspace/src/install/vectornav_msgs/include/vectornav_msgs/vectornav_msgs/action/detail/mag_cal__functions.h
[0.965s] -- Up-to-date: /home/fectec151/Downloads/Projects/vanttec_sdv/workspace/src/install/vectornav_msgs/include/vectornav_msgs/vectornav_msgs/action/detail/mag_cal__functions.c
[0.965s] -- Up-to-date: /home/fectec151/Downloads/Projects/vanttec_sdv/workspace/src/install/vectornav_msgs/include/vectornav_msgs/vectornav_msgs/action/mag_cal.h
[0.966s] -- Up-to-date: /home/fectec151/Downloads/Projects/vanttec_sdv/workspace/src/install/vectornav_msgs/share/vectornav_msgs/environment/library_path.sh
[0.966s] -- Up-to-date: /home/fectec151/Downloads/Projects/vanttec_sdv/workspace/src/install/vectornav_msgs/share/vectornav_msgs/environment/library_path.dsv
[0.966s] -- Up-to-date: /home/fectec151/Downloads/Projects/vanttec_sdv/workspace/src/install/vectornav_msgs/lib/libvectornav_msgs__rosidl_generator_c.so
[0.966s] -- Up-to-date: /home/fectec151/Downloads/Projects/vanttec_sdv/workspace/src/install/vectornav_msgs/include/vectornav_msgs/vectornav_msgs
[0.966s] -- Up-to-date: /home/fectec151/Downloads/Projects/vanttec_sdv/workspace/src/install/vectornav_msgs/include/vectornav_msgs/vectornav_msgs/msg
[0.966s] -- Up-to-date: /home/fectec151/Downloads/Projects/vanttec_sdv/workspace/src/install/vectornav_msgs/include/vectornav_msgs/vectornav_msgs/msg/rosidl_typesupport_fastrtps_c__visibility_control.h
[0.967s] -- Up-to-date: /home/fectec151/Downloads/Projects/vanttec_sdv/workspace/src/install/vectornav_msgs/include/vectornav_msgs/vectornav_msgs/msg/detail
[0.967s] -- Up-to-date: /home/fectec151/Downloads/Projects/vanttec_sdv/workspace/src/install/vectornav_msgs/include/vectornav_msgs/vectornav_msgs/msg/detail/common_group__rosidl_typesupport_fastrtps_c.h
[0.967s] -- Up-to-date: /home/fectec151/Downloads/Projects/vanttec_sdv/workspace/src/install/vectornav_msgs/include/vectornav_msgs/vectornav_msgs/msg/detail/time_status__rosidl_typesupport_fastrtps_c.h
[0.967s] -- Up-to-date: /home/fectec151/Downloads/Projects/vanttec_sdv/workspace/src/install/vectornav_msgs/include/vectornav_msgs/vectornav_msgs/msg/detail/time_group__rosidl_typesupport_fastrtps_c.h
[0.967s] -- Up-to-date: /home/fectec151/Downloads/Projects/vanttec_sdv/workspace/src/install/vectornav_msgs/include/vectornav_msgs/vectornav_msgs/msg/detail/attitude_group__rosidl_typesupport_fastrtps_c.h
[0.967s] -- Up-to-date: /home/fectec151/Downloads/Projects/vanttec_sdv/workspace/src/install/vectornav_msgs/include/vectornav_msgs/vectornav_msgs/msg/detail/dop__rosidl_typesupport_fastrtps_c.h
[0.968s] -- Up-to-date: /home/fectec151/Downloads/Projects/vanttec_sdv/workspace/src/install/vectornav_msgs/include/vectornav_msgs/vectornav_msgs/msg/detail/ins_group__rosidl_typesupport_fastrtps_c.h
[0.968s] -- Up-to-date: /home/fectec151/Downloads/Projects/vanttec_sdv/workspace/src/install/vectornav_msgs/include/vectornav_msgs/vectornav_msgs/msg/detail/vpe_status__rosidl_typesupport_fastrtps_c.h
[0.968s] -- Up-to-date: /home/fectec151/Downloads/Projects/vanttec_sdv/workspace/src/install/vectornav_msgs/include/vectornav_msgs/vectornav_msgs/msg/detail/gps_group__rosidl_typesupport_fastrtps_c.h
[0.968s] -- Up-to-date: /home/fectec151/Downloads/Projects/vanttec_sdv/workspace/src/install/vectornav_msgs/include/vectornav_msgs/vectornav_msgs/msg/detail/imu_group__rosidl_typesupport_fastrtps_c.h
[0.968s] -- Up-to-date: /home/fectec151/Downloads/Projects/vanttec_sdv/workspace/src/install/vectornav_msgs/include/vectornav_msgs/vectornav_msgs/msg/detail/time_utc__rosidl_typesupport_fastrtps_c.h
[0.969s] -- Up-to-date: /home/fectec151/Downloads/Projects/vanttec_sdv/workspace/src/install/vectornav_msgs/include/vectornav_msgs/vectornav_msgs/msg/detail/ins_status__rosidl_typesupport_fastrtps_c.h
[0.969s] -- Up-to-date: /home/fectec151/Downloads/Projects/vanttec_sdv/workspace/src/install/vectornav_msgs/include/vectornav_msgs/vectornav_msgs/action
[0.969s] -- Up-to-date: /home/fectec151/Downloads/Projects/vanttec_sdv/workspace/src/install/vectornav_msgs/include/vectornav_msgs/vectornav_msgs/action/detail
[0.969s] -- Up-to-date: /home/fectec151/Downloads/Projects/vanttec_sdv/workspace/src/install/vectornav_msgs/include/vectornav_msgs/vectornav_msgs/action/detail/mag_cal__rosidl_typesupport_fastrtps_c.h
[0.970s] -- Up-to-date: /home/fectec151/Downloads/Projects/vanttec_sdv/workspace/src/install/vectornav_msgs/lib/libvectornav_msgs__rosidl_typesupport_fastrtps_c.so
[0.970s] -- Up-to-date: /home/fectec151/Downloads/Projects/vanttec_sdv/workspace/src/install/vectornav_msgs/include/vectornav_msgs/vectornav_msgs
[0.970s] -- Up-to-date: /home/fectec151/Downloads/Projects/vanttec_sdv/workspace/src/install/vectornav_msgs/include/vectornav_msgs/vectornav_msgs/msg
[0.970s] -- Up-to-date: /home/fectec151/Downloads/Projects/vanttec_sdv/workspace/src/install/vectornav_msgs/include/vectornav_msgs/vectornav_msgs/msg/ins_group.hpp
[0.970s] -- Up-to-date: /home/fectec151/Downloads/Projects/vanttec_sdv/workspace/src/install/vectornav_msgs/include/vectornav_msgs/vectornav_msgs/msg/imu_group.hpp
[0.970s] -- Up-to-date: /home/fectec151/Downloads/Projects/vanttec_sdv/workspace/src/install/vectornav_msgs/include/vectornav_msgs/vectornav_msgs/msg/dop.hpp
[0.970s] -- Up-to-date: /home/fectec151/Downloads/Projects/vanttec_sdv/workspace/src/install/vectornav_msgs/include/vectornav_msgs/vectornav_msgs/msg/ins_status.hpp
[0.971s] -- Up-to-date: /home/fectec151/Downloads/Projects/vanttec_sdv/workspace/src/install/vectornav_msgs/include/vectornav_msgs/vectornav_msgs/msg/time_utc.hpp
[0.971s] -- Up-to-date: /home/fectec151/Downloads/Projects/vanttec_sdv/workspace/src/install/vectornav_msgs/include/vectornav_msgs/vectornav_msgs/msg/time_group.hpp
[0.971s] -- Up-to-date: /home/fectec151/Downloads/Projects/vanttec_sdv/workspace/src/install/vectornav_msgs/include/vectornav_msgs/vectornav_msgs/msg/common_group.hpp
[0.971s] -- Up-to-date: /home/fectec151/Downloads/Projects/vanttec_sdv/workspace/src/install/vectornav_msgs/include/vectornav_msgs/vectornav_msgs/msg/time_status.hpp
[0.971s] -- Up-to-date: /home/fectec151/Downloads/Projects/vanttec_sdv/workspace/src/install/vectornav_msgs/include/vectornav_msgs/vectornav_msgs/msg/attitude_group.hpp
[0.971s] -- Up-to-date: /home/fectec151/Downloads/Projects/vanttec_sdv/workspace/src/install/vectornav_msgs/include/vectornav_msgs/vectornav_msgs/msg/detail
[0.971s] -- Up-to-date: /home/fectec151/Downloads/Projects/vanttec_sdv/workspace/src/install/vectornav_msgs/include/vectornav_msgs/vectornav_msgs/msg/detail/gps_group__traits.hpp
[0.971s] -- Up-to-date: /home/fectec151/Downloads/Projects/vanttec_sdv/workspace/src/install/vectornav_msgs/include/vectornav_msgs/vectornav_msgs/msg/detail/time_utc__traits.hpp
[0.972s] -- Up-to-date: /home/fectec151/Downloads/Projects/vanttec_sdv/workspace/src/install/vectornav_msgs/include/vectornav_msgs/vectornav_msgs/msg/detail/dop__traits.hpp
[0.972s] -- Up-to-date: /home/fectec151/Downloads/Projects/vanttec_sdv/workspace/src/install/vectornav_msgs/include/vectornav_msgs/vectornav_msgs/msg/detail/ins_status__traits.hpp
[0.972s] -- Up-to-date: /home/fectec151/Downloads/Projects/vanttec_sdv/workspace/src/install/vectornav_msgs/include/vectornav_msgs/vectornav_msgs/msg/detail/gps_group__struct.hpp
[0.972s] -- Up-to-date: /home/fectec151/Downloads/Projects/vanttec_sdv/workspace/src/install/vectornav_msgs/include/vectornav_msgs/vectornav_msgs/msg/detail/time_utc__struct.hpp
[0.972s] -- Up-to-date: /home/fectec151/Downloads/Projects/vanttec_sdv/workspace/src/install/vectornav_msgs/include/vectornav_msgs/vectornav_msgs/msg/detail/imu_group__traits.hpp
[0.972s] -- Up-to-date: /home/fectec151/Downloads/Projects/vanttec_sdv/workspace/src/install/vectornav_msgs/include/vectornav_msgs/vectornav_msgs/msg/detail/attitude_group__struct.hpp
[0.972s] -- Up-to-date: /home/fectec151/Downloads/Projects/vanttec_sdv/workspace/src/install/vectornav_msgs/include/vectornav_msgs/vectornav_msgs/msg/detail/time_group__traits.hpp
[0.973s] -- Up-to-date: /home/fectec151/Downloads/Projects/vanttec_sdv/workspace/src/install/vectornav_msgs/include/vectornav_msgs/vectornav_msgs/msg/detail/common_group__traits.hpp
[0.973s] -- Up-to-date: /home/fectec151/Downloads/Projects/vanttec_sdv/workspace/src/install/vectornav_msgs/include/vectornav_msgs/vectornav_msgs/msg/detail/ins_group__builder.hpp
[0.973s] -- Up-to-date: /home/fectec151/Downloads/Projects/vanttec_sdv/workspace/src/install/vectornav_msgs/include/vectornav_msgs/vectornav_msgs/msg/detail/dop__builder.hpp
[0.973s] -- Up-to-date: /home/fectec151/Downloads/Projects/vanttec_sdv/workspace/src/install/vectornav_msgs/include/vectornav_msgs/vectornav_msgs/msg/detail/time_status__traits.hpp
[0.973s] -- Up-to-date: /home/fectec151/Downloads/Projects/vanttec_sdv/workspace/src/install/vectornav_msgs/include/vectornav_msgs/vectornav_msgs/msg/detail/dop__struct.hpp
[0.973s] -- Up-to-date: /home/fectec151/Downloads/Projects/vanttec_sdv/workspace/src/install/vectornav_msgs/include/vectornav_msgs/vectornav_msgs/msg/detail/gps_group__builder.hpp
[0.973s] -- Up-to-date: /home/fectec151/Downloads/Projects/vanttec_sdv/workspace/src/install/vectornav_msgs/include/vectornav_msgs/vectornav_msgs/msg/detail/attitude_group__builder.hpp
[0.973s] -- Up-to-date: /home/fectec151/Downloads/Projects/vanttec_sdv/workspace/src/install/vectornav_msgs/include/vectornav_msgs/vectornav_msgs/msg/detail/ins_status__builder.hpp
[0.974s] -- Up-to-date: /home/fectec151/Downloads/Projects/vanttec_sdv/workspace/src/install/vectornav_msgs/include/vectornav_msgs/vectornav_msgs/msg/detail/time_status__struct.hpp
[0.974s] -- Up-to-date: /home/fectec151/Downloads/Projects/vanttec_sdv/workspace/src/install/vectornav_msgs/include/vectornav_msgs/vectornav_msgs/msg/detail/time_utc__builder.hpp
[0.974s] -- Up-to-date: /home/fectec151/Downloads/Projects/vanttec_sdv/workspace/src/install/vectornav_msgs/include/vectornav_msgs/vectornav_msgs/msg/detail/vpe_status__struct.hpp
[0.974s] -- Up-to-date: /home/fectec151/Downloads/Projects/vanttec_sdv/workspace/src/install/vectornav_msgs/include/vectornav_msgs/vectornav_msgs/msg/detail/vpe_status__traits.hpp
[0.974s] -- Up-to-date: /home/fectec151/Downloads/Projects/vanttec_sdv/workspace/src/install/vectornav_msgs/include/vectornav_msgs/vectornav_msgs/msg/detail/ins_group__traits.hpp
[0.974s] -- Up-to-date: /home/fectec151/Downloads/Projects/vanttec_sdv/workspace/src/install/vectornav_msgs/include/vectornav_msgs/vectornav_msgs/msg/detail/time_status__builder.hpp
[0.974s] -- Up-to-date: /home/fectec151/Downloads/Projects/vanttec_sdv/workspace/src/install/vectornav_msgs/include/vectornav_msgs/vectornav_msgs/msg/detail/ins_status__struct.hpp
[0.975s] -- Up-to-date: /home/fectec151/Downloads/Projects/vanttec_sdv/workspace/src/install/vectornav_msgs/include/vectornav_msgs/vectornav_msgs/msg/detail/vpe_status__builder.hpp
[0.975s] -- Up-to-date: /home/fectec151/Downloads/Projects/vanttec_sdv/workspace/src/install/vectornav_msgs/include/vectornav_msgs/vectornav_msgs/msg/detail/time_group__builder.hpp
[0.975s] -- Up-to-date: /home/fectec151/Downloads/Projects/vanttec_sdv/workspace/src/install/vectornav_msgs/include/vectornav_msgs/vectornav_msgs/msg/detail/common_group__struct.hpp
[0.975s] -- Up-to-date: /home/fectec151/Downloads/Projects/vanttec_sdv/workspace/src/install/vectornav_msgs/include/vectornav_msgs/vectornav_msgs/msg/detail/imu_group__struct.hpp
[0.975s] -- Up-to-date: /home/fectec151/Downloads/Projects/vanttec_sdv/workspace/src/install/vectornav_msgs/include/vectornav_msgs/vectornav_msgs/msg/detail/imu_group__builder.hpp
[0.975s] -- Up-to-date: /home/fectec151/Downloads/Projects/vanttec_sdv/workspace/src/install/vectornav_msgs/include/vectornav_msgs/vectornav_msgs/msg/detail/time_group__struct.hpp
[0.975s] -- Up-to-date: /home/fectec151/Downloads/Projects/vanttec_sdv/workspace/src/install/vectornav_msgs/include/vectornav_msgs/vectornav_msgs/msg/detail/attitude_group__traits.hpp
[0.975s] -- Up-to-date: /home/fectec151/Downloads/Projects/vanttec_sdv/workspace/src/install/vectornav_msgs/include/vectornav_msgs/vectornav_msgs/msg/detail/ins_group__struct.hpp
[0.976s] -- Up-to-date: /home/fectec151/Downloads/Projects/vanttec_sdv/workspace/src/install/vectornav_msgs/include/vectornav_msgs/vectornav_msgs/msg/detail/common_group__builder.hpp
[0.976s] -- Up-to-date: /home/fectec151/Downloads/Projects/vanttec_sdv/workspace/src/install/vectornav_msgs/include/vectornav_msgs/vectornav_msgs/msg/gps_group.hpp
[0.976s] -- Up-to-date: /home/fectec151/Downloads/Projects/vanttec_sdv/workspace/src/install/vectornav_msgs/include/vectornav_msgs/vectornav_msgs/msg/vpe_status.hpp
[0.976s] -- Up-to-date: /home/fectec151/Downloads/Projects/vanttec_sdv/workspace/src/install/vectornav_msgs/include/vectornav_msgs/vectornav_msgs/action
[0.976s] -- Up-to-date: /home/fectec151/Downloads/Projects/vanttec_sdv/workspace/src/install/vectornav_msgs/include/vectornav_msgs/vectornav_msgs/action/mag_cal.hpp
[0.976s] -- Up-to-date: /home/fectec151/Downloads/Projects/vanttec_sdv/workspace/src/install/vectornav_msgs/include/vectornav_msgs/vectornav_msgs/action/detail
[0.976s] -- Up-to-date: /home/fectec151/Downloads/Projects/vanttec_sdv/workspace/src/install/vectornav_msgs/include/vectornav_msgs/vectornav_msgs/action/detail/mag_cal__struct.hpp
[0.976s] -- Up-to-date: /home/fectec151/Downloads/Projects/vanttec_sdv/workspace/src/install/vectornav_msgs/include/vectornav_msgs/vectornav_msgs/action/detail/mag_cal__traits.hpp
[0.977s] -- Up-to-date: /home/fectec151/Downloads/Projects/vanttec_sdv/workspace/src/install/vectornav_msgs/include/vectornav_msgs/vectornav_msgs/action/detail/mag_cal__builder.hpp
[0.977s] -- Up-to-date: /home/fectec151/Downloads/Projects/vanttec_sdv/workspace/src/install/vectornav_msgs/include/vectornav_msgs/vectornav_msgs
[0.977s] -- Up-to-date: /home/fectec151/Downloads/Projects/vanttec_sdv/workspace/src/install/vectornav_msgs/include/vectornav_msgs/vectornav_msgs/msg
[0.977s] -- Up-to-date: /home/fectec151/Downloads/Projects/vanttec_sdv/workspace/src/install/vectornav_msgs/include/vectornav_msgs/vectornav_msgs/msg/rosidl_typesupport_fastrtps_cpp__visibility_control.h
[0.977s] -- Up-to-date: /home/fectec151/Downloads/Projects/vanttec_sdv/workspace/src/install/vectornav_msgs/include/vectornav_msgs/vectornav_msgs/msg/detail
[0.977s] -- Up-to-date: /home/fectec151/Downloads/Projects/vanttec_sdv/workspace/src/install/vectornav_msgs/include/vectornav_msgs/vectornav_msgs/msg/detail/gps_group__rosidl_typesupport_fastrtps_cpp.hpp
[0.977s] -- Up-to-date: /home/fectec151/Downloads/Projects/vanttec_sdv/workspace/src/install/vectornav_msgs/include/vectornav_msgs/vectornav_msgs/msg/detail/dop__rosidl_typesupport_fastrtps_cpp.hpp
[0.978s] -- Up-to-date: /home/fectec151/Downloads/Projects/vanttec_sdv/workspace/src/install/vectornav_msgs/include/vectornav_msgs/vectornav_msgs/msg/detail/dds_fastrtps
[0.978s] -- Up-to-date: /home/fectec151/Downloads/Projects/vanttec_sdv/workspace/src/install/vectornav_msgs/include/vectornav_msgs/vectornav_msgs/msg/detail/vpe_status__rosidl_typesupport_fastrtps_cpp.hpp
[0.978s] -- Up-to-date: /home/fectec151/Downloads/Projects/vanttec_sdv/workspace/src/install/vectornav_msgs/include/vectornav_msgs/vectornav_msgs/msg/detail/time_group__rosidl_typesupport_fastrtps_cpp.hpp
[0.978s] -- Up-to-date: /home/fectec151/Downloads/Projects/vanttec_sdv/workspace/src/install/vectornav_msgs/include/vectornav_msgs/vectornav_msgs/msg/detail/time_utc__rosidl_typesupport_fastrtps_cpp.hpp
[0.978s] -- Up-to-date: /home/fectec151/Downloads/Projects/vanttec_sdv/workspace/src/install/vectornav_msgs/include/vectornav_msgs/vectornav_msgs/msg/detail/ins_status__rosidl_typesupport_fastrtps_cpp.hpp
[0.978s] -- Up-to-date: /home/fectec151/Downloads/Projects/vanttec_sdv/workspace/src/install/vectornav_msgs/include/vectornav_msgs/vectornav_msgs/msg/detail/imu_group__rosidl_typesupport_fastrtps_cpp.hpp
[0.978s] -- Up-to-date: /home/fectec151/Downloads/Projects/vanttec_sdv/workspace/src/install/vectornav_msgs/include/vectornav_msgs/vectornav_msgs/msg/detail/ins_group__rosidl_typesupport_fastrtps_cpp.hpp
[0.978s] -- Up-to-date: /home/fectec151/Downloads/Projects/vanttec_sdv/workspace/src/install/vectornav_msgs/include/vectornav_msgs/vectornav_msgs/msg/detail/attitude_group__rosidl_typesupport_fastrtps_cpp.hpp
[0.979s] -- Up-to-date: /home/fectec151/Downloads/Projects/vanttec_sdv/workspace/src/install/vectornav_msgs/include/vectornav_msgs/vectornav_msgs/msg/detail/common_group__rosidl_typesupport_fastrtps_cpp.hpp
[0.979s] -- Up-to-date: /home/fectec151/Downloads/Projects/vanttec_sdv/workspace/src/install/vectornav_msgs/include/vectornav_msgs/vectornav_msgs/msg/detail/time_status__rosidl_typesupport_fastrtps_cpp.hpp
[0.979s] -- Up-to-date: /home/fectec151/Downloads/Projects/vanttec_sdv/workspace/src/install/vectornav_msgs/include/vectornav_msgs/vectornav_msgs/action
[0.979s] -- Up-to-date: /home/fectec151/Downloads/Projects/vanttec_sdv/workspace/src/install/vectornav_msgs/include/vectornav_msgs/vectornav_msgs/action/detail
[0.979s] -- Up-to-date: /home/fectec151/Downloads/Projects/vanttec_sdv/workspace/src/install/vectornav_msgs/include/vectornav_msgs/vectornav_msgs/action/detail/dds_fastrtps
[0.979s] -- Up-to-date: /home/fectec151/Downloads/Projects/vanttec_sdv/workspace/src/install/vectornav_msgs/include/vectornav_msgs/vectornav_msgs/action/detail/mag_cal__rosidl_typesupport_fastrtps_cpp.hpp
[0.979s] -- Up-to-date: /home/fectec151/Downloads/Projects/vanttec_sdv/workspace/src/install/vectornav_msgs/lib/libvectornav_msgs__rosidl_typesupport_fastrtps_cpp.so
[0.980s] -- Up-to-date: /home/fectec151/Downloads/Projects/vanttec_sdv/workspace/src/install/vectornav_msgs/include/vectornav_msgs/vectornav_msgs
[0.980s] -- Up-to-date: /home/fectec151/Downloads/Projects/vanttec_sdv/workspace/src/install/vectornav_msgs/include/vectornav_msgs/vectornav_msgs/msg
[0.980s] -- Up-to-date: /home/fectec151/Downloads/Projects/vanttec_sdv/workspace/src/install/vectornav_msgs/include/vectornav_msgs/vectornav_msgs/msg/rosidl_typesupport_introspection_c__visibility_control.h
[0.980s] -- Up-to-date: /home/fectec151/Downloads/Projects/vanttec_sdv/workspace/src/install/vectornav_msgs/include/vectornav_msgs/vectornav_msgs/msg/detail
[0.980s] -- Up-to-date: /home/fectec151/Downloads/Projects/vanttec_sdv/workspace/src/install/vectornav_msgs/include/vectornav_msgs/vectornav_msgs/msg/detail/common_group__type_support.c
[0.980s] -- Up-to-date: /home/fectec151/Downloads/Projects/vanttec_sdv/workspace/src/install/vectornav_msgs/include/vectornav_msgs/vectornav_msgs/msg/detail/imu_group__type_support.c
[0.980s] -- Up-to-date: /home/fectec151/Downloads/Projects/vanttec_sdv/workspace/src/install/vectornav_msgs/include/vectornav_msgs/vectornav_msgs/msg/detail/time_status__type_support.c
[0.980s] -- Up-to-date: /home/fectec151/Downloads/Projects/vanttec_sdv/workspace/src/install/vectornav_msgs/include/vectornav_msgs/vectornav_msgs/msg/detail/common_group__rosidl_typesupport_introspection_c.h
[0.981s] -- Up-to-date: /home/fectec151/Downloads/Projects/vanttec_sdv/workspace/src/install/vectornav_msgs/include/vectornav_msgs/vectornav_msgs/msg/detail/time_group__rosidl_typesupport_introspection_c.h
[0.981s] -- Up-to-date: /home/fectec151/Downloads/Projects/vanttec_sdv/workspace/src/install/vectornav_msgs/include/vectornav_msgs/vectornav_msgs/msg/detail/vpe_status__rosidl_typesupport_introspection_c.h
[0.981s] -- Up-to-date: /home/fectec151/Downloads/Projects/vanttec_sdv/workspace/src/install/vectornav_msgs/include/vectornav_msgs/vectornav_msgs/msg/detail/time_status__rosidl_typesupport_introspection_c.h
[0.981s] -- Up-to-date: /home/fectec151/Downloads/Projects/vanttec_sdv/workspace/src/install/vectornav_msgs/include/vectornav_msgs/vectornav_msgs/msg/detail/gps_group__rosidl_typesupport_introspection_c.h
[0.981s] -- Up-to-date: /home/fectec151/Downloads/Projects/vanttec_sdv/workspace/src/install/vectornav_msgs/include/vectornav_msgs/vectornav_msgs/msg/detail/ins_status__rosidl_typesupport_introspection_c.h
[0.981s] -- Up-to-date: /home/fectec151/Downloads/Projects/vanttec_sdv/workspace/src/install/vectornav_msgs/include/vectornav_msgs/vectornav_msgs/msg/detail/time_utc__type_support.c
[0.981s] -- Up-to-date: /home/fectec151/Downloads/Projects/vanttec_sdv/workspace/src/install/vectornav_msgs/include/vectornav_msgs/vectornav_msgs/msg/detail/imu_group__rosidl_typesupport_introspection_c.h
[0.982s] -- Up-to-date: /home/fectec151/Downloads/Projects/vanttec_sdv/workspace/src/install/vectornav_msgs/include/vectornav_msgs/vectornav_msgs/msg/detail/gps_group__type_support.c
[0.982s] -- Up-to-date: /home/fectec151/Downloads/Projects/vanttec_sdv/workspace/src/install/vectornav_msgs/include/vectornav_msgs/vectornav_msgs/msg/detail/time_group__type_support.c
[0.982s] -- Up-to-date: /home/fectec151/Downloads/Projects/vanttec_sdv/workspace/src/install/vectornav_msgs/include/vectornav_msgs/vectornav_msgs/msg/detail/dop__type_support.c
[0.982s] -- Up-to-date: /home/fectec151/Downloads/Projects/vanttec_sdv/workspace/src/install/vectornav_msgs/include/vectornav_msgs/vectornav_msgs/msg/detail/ins_group__rosidl_typesupport_introspection_c.h
[0.982s] -- Up-to-date: /home/fectec151/Downloads/Projects/vanttec_sdv/workspace/src/install/vectornav_msgs/include/vectornav_msgs/vectornav_msgs/msg/detail/dop__rosidl_typesupport_introspection_c.h
[0.982s] -- Up-to-date: /home/fectec151/Downloads/Projects/vanttec_sdv/workspace/src/install/vectornav_msgs/include/vectornav_msgs/vectornav_msgs/msg/detail/time_utc__rosidl_typesupport_introspection_c.h
[0.982s] -- Up-to-date: /home/fectec151/Downloads/Projects/vanttec_sdv/workspace/src/install/vectornav_msgs/include/vectornav_msgs/vectornav_msgs/msg/detail/attitude_group__type_support.c
[0.983s] -- Up-to-date: /home/fectec151/Downloads/Projects/vanttec_sdv/workspace/src/install/vectornav_msgs/include/vectornav_msgs/vectornav_msgs/msg/detail/attitude_group__rosidl_typesupport_introspection_c.h
[0.983s] -- Up-to-date: /home/fectec151/Downloads/Projects/vanttec_sdv/workspace/src/install/vectornav_msgs/include/vectornav_msgs/vectornav_msgs/msg/detail/ins_group__type_support.c
[0.983s] -- Up-to-date: /home/fectec151/Downloads/Projects/vanttec_sdv/workspace/src/install/vectornav_msgs/include/vectornav_msgs/vectornav_msgs/msg/detail/ins_status__type_support.c
[0.983s] -- Up-to-date: /home/fectec151/Downloads/Projects/vanttec_sdv/workspace/src/install/vectornav_msgs/include/vectornav_msgs/vectornav_msgs/msg/detail/vpe_status__type_support.c
[0.983s] -- Up-to-date: /home/fectec151/Downloads/Projects/vanttec_sdv/workspace/src/install/vectornav_msgs/include/vectornav_msgs/vectornav_msgs/action
[0.983s] -- Up-to-date: /home/fectec151/Downloads/Projects/vanttec_sdv/workspace/src/install/vectornav_msgs/include/vectornav_msgs/vectornav_msgs/action/detail
[0.983s] -- Up-to-date: /home/fectec151/Downloads/Projects/vanttec_sdv/workspace/src/install/vectornav_msgs/include/vectornav_msgs/vectornav_msgs/action/detail/mag_cal__type_support.c
[0.983s] -- Up-to-date: /home/fectec151/Downloads/Projects/vanttec_sdv/workspace/src/install/vectornav_msgs/include/vectornav_msgs/vectornav_msgs/action/detail/mag_cal__rosidl_typesupport_introspection_c.h
[0.984s] -- Up-to-date: /home/fectec151/Downloads/Projects/vanttec_sdv/workspace/src/install/vectornav_msgs/lib/libvectornav_msgs__rosidl_typesupport_introspection_c.so
[0.984s] -- Up-to-date: /home/fectec151/Downloads/Projects/vanttec_sdv/workspace/src/install/vectornav_msgs/lib/libvectornav_msgs__rosidl_typesupport_c.so
[0.984s] -- Up-to-date: /home/fectec151/Downloads/Projects/vanttec_sdv/workspace/src/install/vectornav_msgs/include/vectornav_msgs/vectornav_msgs
[0.984s] -- Up-to-date: /home/fectec151/Downloads/Projects/vanttec_sdv/workspace/src/install/vectornav_msgs/include/vectornav_msgs/vectornav_msgs/msg
[0.984s] -- Up-to-date: /home/fectec151/Downloads/Projects/vanttec_sdv/workspace/src/install/vectornav_msgs/include/vectornav_msgs/vectornav_msgs/msg/detail
[0.984s] -- Up-to-date: /home/fectec151/Downloads/Projects/vanttec_sdv/workspace/src/install/vectornav_msgs/include/vectornav_msgs/vectornav_msgs/msg/detail/vpe_status__rosidl_typesupport_introspection_cpp.hpp
[0.984s] -- Up-to-date: /home/fectec151/Downloads/Projects/vanttec_sdv/workspace/src/install/vectornav_msgs/include/vectornav_msgs/vectornav_msgs/msg/detail/dop__rosidl_typesupport_introspection_cpp.hpp
[0.985s] -- Up-to-date: /home/fectec151/Downloads/Projects/vanttec_sdv/workspace/src/install/vectornav_msgs/include/vectornav_msgs/vectornav_msgs/msg/detail/time_group__type_support.cpp
[0.985s] -- Up-to-date: /home/fectec151/Downloads/Projects/vanttec_sdv/workspace/src/install/vectornav_msgs/include/vectornav_msgs/vectornav_msgs/msg/detail/attitude_group__rosidl_typesupport_introspection_cpp.hpp
[0.985s] -- Up-to-date: /home/fectec151/Downloads/Projects/vanttec_sdv/workspace/src/install/vectornav_msgs/include/vectornav_msgs/vectornav_msgs/msg/detail/vpe_status__type_support.cpp
[0.985s] -- Up-to-date: /home/fectec151/Downloads/Projects/vanttec_sdv/workspace/src/install/vectornav_msgs/include/vectornav_msgs/vectornav_msgs/msg/detail/imu_group__rosidl_typesupport_introspection_cpp.hpp
[0.985s] -- Up-to-date: /home/fectec151/Downloads/Projects/vanttec_sdv/workspace/src/install/vectornav_msgs/include/vectornav_msgs/vectornav_msgs/msg/detail/ins_group__rosidl_typesupport_introspection_cpp.hpp
[0.985s] -- Up-to-date: /home/fectec151/Downloads/Projects/vanttec_sdv/workspace/src/install/vectornav_msgs/include/vectornav_msgs/vectornav_msgs/msg/detail/time_utc__rosidl_typesupport_introspection_cpp.hpp
[0.985s] -- Up-to-date: /home/fectec151/Downloads/Projects/vanttec_sdv/workspace/src/install/vectornav_msgs/include/vectornav_msgs/vectornav_msgs/msg/detail/ins_group__type_support.cpp
[0.985s] -- Up-to-date: /home/fectec151/Downloads/Projects/vanttec_sdv/workspace/src/install/vectornav_msgs/include/vectornav_msgs/vectornav_msgs/msg/detail/dop__type_support.cpp
[0.986s] -- Up-to-date: /home/fectec151/Downloads/Projects/vanttec_sdv/workspace/src/install/vectornav_msgs/include/vectornav_msgs/vectornav_msgs/msg/detail/gps_group__type_support.cpp
[0.986s] -- Up-to-date: /home/fectec151/Downloads/Projects/vanttec_sdv/workspace/src/install/vectornav_msgs/include/vectornav_msgs/vectornav_msgs/msg/detail/common_group__rosidl_typesupport_introspection_cpp.hpp
[0.986s] -- Up-to-date: /home/fectec151/Downloads/Projects/vanttec_sdv/workspace/src/install/vectornav_msgs/include/vectornav_msgs/vectornav_msgs/msg/detail/ins_status__rosidl_typesupport_introspection_cpp.hpp
[0.986s] -- Up-to-date: /home/fectec151/Downloads/Projects/vanttec_sdv/workspace/src/install/vectornav_msgs/include/vectornav_msgs/vectornav_msgs/msg/detail/gps_group__rosidl_typesupport_introspection_cpp.hpp
[0.986s] -- Up-to-date: /home/fectec151/Downloads/Projects/vanttec_sdv/workspace/src/install/vectornav_msgs/include/vectornav_msgs/vectornav_msgs/msg/detail/time_status__type_support.cpp
[0.986s] -- Up-to-date: /home/fectec151/Downloads/Projects/vanttec_sdv/workspace/src/install/vectornav_msgs/include/vectornav_msgs/vectornav_msgs/msg/detail/time_group__rosidl_typesupport_introspection_cpp.hpp
[0.986s] -- Up-to-date: /home/fectec151/Downloads/Projects/vanttec_sdv/workspace/src/install/vectornav_msgs/include/vectornav_msgs/vectornav_msgs/msg/detail/time_status__rosidl_typesupport_introspection_cpp.hpp
[0.987s] -- Up-to-date: /home/fectec151/Downloads/Projects/vanttec_sdv/workspace/src/install/vectornav_msgs/include/vectornav_msgs/vectornav_msgs/msg/detail/common_group__type_support.cpp
[0.987s] -- Up-to-date: /home/fectec151/Downloads/Projects/vanttec_sdv/workspace/src/install/vectornav_msgs/include/vectornav_msgs/vectornav_msgs/msg/detail/ins_status__type_support.cpp
[0.987s] -- Up-to-date: /home/fectec151/Downloads/Projects/vanttec_sdv/workspace/src/install/vectornav_msgs/include/vectornav_msgs/vectornav_msgs/msg/detail/imu_group__type_support.cpp
[0.987s] -- Up-to-date: /home/fectec151/Downloads/Projects/vanttec_sdv/workspace/src/install/vectornav_msgs/include/vectornav_msgs/vectornav_msgs/msg/detail/attitude_group__type_support.cpp
[0.987s] -- Up-to-date: /home/fectec151/Downloads/Projects/vanttec_sdv/workspace/src/install/vectornav_msgs/include/vectornav_msgs/vectornav_msgs/msg/detail/time_utc__type_support.cpp
[0.987s] -- Up-to-date: /home/fectec151/Downloads/Projects/vanttec_sdv/workspace/src/install/vectornav_msgs/include/vectornav_msgs/vectornav_msgs/action
[0.987s] -- Up-to-date: /home/fectec151/Downloads/Projects/vanttec_sdv/workspace/src/install/vectornav_msgs/include/vectornav_msgs/vectornav_msgs/action/detail
[0.988s] -- Up-to-date: /home/fectec151/Downloads/Projects/vanttec_sdv/workspace/src/install/vectornav_msgs/include/vectornav_msgs/vectornav_msgs/action/detail/mag_cal__type_support.cpp
[0.988s] -- Up-to-date: /home/fectec151/Downloads/Projects/vanttec_sdv/workspace/src/install/vectornav_msgs/include/vectornav_msgs/vectornav_msgs/action/detail/mag_cal__rosidl_typesupport_introspection_cpp.hpp
[0.988s] -- Up-to-date: /home/fectec151/Downloads/Projects/vanttec_sdv/workspace/src/install/vectornav_msgs/lib/libvectornav_msgs__rosidl_typesupport_introspection_cpp.so
[0.988s] -- Up-to-date: /home/fectec151/Downloads/Projects/vanttec_sdv/workspace/src/install/vectornav_msgs/lib/libvectornav_msgs__rosidl_typesupport_cpp.so
[0.988s] -- Up-to-date: /home/fectec151/Downloads/Projects/vanttec_sdv/workspace/src/install/vectornav_msgs/share/vectornav_msgs/environment/pythonpath.sh
[0.988s] -- Up-to-date: /home/fectec151/Downloads/Projects/vanttec_sdv/workspace/src/install/vectornav_msgs/share/vectornav_msgs/environment/pythonpath.dsv
[0.988s] -- Up-to-date: /home/fectec151/Downloads/Projects/vanttec_sdv/workspace/src/install/vectornav_msgs/local/lib/python3.10/dist-packages/vectornav_msgs-3.0.0-py3.10.egg-info
[0.989s] -- Installing: /home/fectec151/Downloads/Projects/vanttec_sdv/workspace/src/install/vectornav_msgs/local/lib/python3.10/dist-packages/vectornav_msgs-3.0.0-py3.10.egg-info/PKG-INFO
[0.989s] -- Installing: /home/fectec151/Downloads/Projects/vanttec_sdv/workspace/src/install/vectornav_msgs/local/lib/python3.10/dist-packages/vectornav_msgs-3.0.0-py3.10.egg-info/top_level.txt
[0.989s] -- Installing: /home/fectec151/Downloads/Projects/vanttec_sdv/workspace/src/install/vectornav_msgs/local/lib/python3.10/dist-packages/vectornav_msgs-3.0.0-py3.10.egg-info/SOURCES.txt
[0.989s] -- Installing: /home/fectec151/Downloads/Projects/vanttec_sdv/workspace/src/install/vectornav_msgs/local/lib/python3.10/dist-packages/vectornav_msgs-3.0.0-py3.10.egg-info/dependency_links.txt
[0.989s] -- Up-to-date: /home/fectec151/Downloads/Projects/vanttec_sdv/workspace/src/install/vectornav_msgs/local/lib/python3.10/dist-packages/vectornav_msgs
[0.989s] -- Up-to-date: /home/fectec151/Downloads/Projects/vanttec_sdv/workspace/src/install/vectornav_msgs/local/lib/python3.10/dist-packages/vectornav_msgs/libvectornav_msgs__rosidl_generator_py.so
[0.989s] -- Up-to-date: /home/fectec151/Downloads/Projects/vanttec_sdv/workspace/src/install/vectornav_msgs/local/lib/python3.10/dist-packages/vectornav_msgs/vectornav_msgs_s__rosidl_typesupport_introspection_c.cpython-310-x86_64-linux-gnu.so
[0.990s] -- Up-to-date: /home/fectec151/Downloads/Projects/vanttec_sdv/workspace/src/install/vectornav_msgs/local/lib/python3.10/dist-packages/vectornav_msgs/msg
[0.990s] -- Up-to-date: /home/fectec151/Downloads/Projects/vanttec_sdv/workspace/src/install/vectornav_msgs/local/lib/python3.10/dist-packages/vectornav_msgs/msg/_time_status_s.c
[0.990s] -- Up-to-date: /home/fectec151/Downloads/Projects/vanttec_sdv/workspace/src/install/vectornav_msgs/local/lib/python3.10/dist-packages/vectornav_msgs/msg/_ins_status.py
[0.990s] -- Up-to-date: /home/fectec151/Downloads/Projects/vanttec_sdv/workspace/src/install/vectornav_msgs/local/lib/python3.10/dist-packages/vectornav_msgs/msg/_dop_s.c
[0.990s] -- Up-to-date: /home/fectec151/Downloads/Projects/vanttec_sdv/workspace/src/install/vectornav_msgs/local/lib/python3.10/dist-packages/vectornav_msgs/msg/_time_utc_s.c
[0.990s] -- Up-to-date: /home/fectec151/Downloads/Projects/vanttec_sdv/workspace/src/install/vectornav_msgs/local/lib/python3.10/dist-packages/vectornav_msgs/msg/_imu_group.py
[0.990s] -- Up-to-date: /home/fectec151/Downloads/Projects/vanttec_sdv/workspace/src/install/vectornav_msgs/local/lib/python3.10/dist-packages/vectornav_msgs/msg/_ins_status_s.c
[0.990s] -- Up-to-date: /home/fectec151/Downloads/Projects/vanttec_sdv/workspace/src/install/vectornav_msgs/local/lib/python3.10/dist-packages/vectornav_msgs/msg/_attitude_group_s.c
[0.991s] -- Up-to-date: /home/fectec151/Downloads/Projects/vanttec_sdv/workspace/src/install/vectornav_msgs/local/lib/python3.10/dist-packages/vectornav_msgs/msg/__init__.py
[0.991s] -- Up-to-date: /home/fectec151/Downloads/Projects/vanttec_sdv/workspace/src/install/vectornav_msgs/local/lib/python3.10/dist-packages/vectornav_msgs/msg/_time_group.py
[0.991s] -- Up-to-date: /home/fectec151/Downloads/Projects/vanttec_sdv/workspace/src/install/vectornav_msgs/local/lib/python3.10/dist-packages/vectornav_msgs/msg/_attitude_group.py
[0.991s] -- Up-to-date: /home/fectec151/Downloads/Projects/vanttec_sdv/workspace/src/install/vectornav_msgs/local/lib/python3.10/dist-packages/vectornav_msgs/msg/_time_group_s.c
[0.991s] -- Up-to-date: /home/fectec151/Downloads/Projects/vanttec_sdv/workspace/src/install/vectornav_msgs/local/lib/python3.10/dist-packages/vectornav_msgs/msg/_imu_group_s.c
[0.991s] -- Up-to-date: /home/fectec151/Downloads/Projects/vanttec_sdv/workspace/src/install/vectornav_msgs/local/lib/python3.10/dist-packages/vectornav_msgs/msg/_ins_group_s.c
[0.991s] -- Up-to-date: /home/fectec151/Downloads/Projects/vanttec_sdv/workspace/src/install/vectornav_msgs/local/lib/python3.10/dist-packages/vectornav_msgs/msg/_vpe_status_s.c
[0.992s] -- Up-to-date: /home/fectec151/Downloads/Projects/vanttec_sdv/workspace/src/install/vectornav_msgs/local/lib/python3.10/dist-packages/vectornav_msgs/msg/_gps_group_s.c
[0.992s] -- Up-to-date: /home/fectec151/Downloads/Projects/vanttec_sdv/workspace/src/install/vectornav_msgs/local/lib/python3.10/dist-packages/vectornav_msgs/msg/_gps_group.py
[0.992s] -- Up-to-date: /home/fectec151/Downloads/Projects/vanttec_sdv/workspace/src/install/vectornav_msgs/local/lib/python3.10/dist-packages/vectornav_msgs/msg/_time_status.py
[0.992s] -- Up-to-date: /home/fectec151/Downloads/Projects/vanttec_sdv/workspace/src/install/vectornav_msgs/local/lib/python3.10/dist-packages/vectornav_msgs/msg/_common_group_s.c
[0.992s] -- Up-to-date: /home/fectec151/Downloads/Projects/vanttec_sdv/workspace/src/install/vectornav_msgs/local/lib/python3.10/dist-packages/vectornav_msgs/msg/_vpe_status.py
[0.992s] -- Up-to-date: /home/fectec151/Downloads/Projects/vanttec_sdv/workspace/src/install/vectornav_msgs/local/lib/python3.10/dist-packages/vectornav_msgs/msg/_ins_group.py
[0.992s] -- Up-to-date: /home/fectec151/Downloads/Projects/vanttec_sdv/workspace/src/install/vectornav_msgs/local/lib/python3.10/dist-packages/vectornav_msgs/msg/_time_utc.py
[0.992s] -- Up-to-date: /home/fectec151/Downloads/Projects/vanttec_sdv/workspace/src/install/vectornav_msgs/local/lib/python3.10/dist-packages/vectornav_msgs/msg/_common_group.py
[0.993s] -- Up-to-date: /home/fectec151/Downloads/Projects/vanttec_sdv/workspace/src/install/vectornav_msgs/local/lib/python3.10/dist-packages/vectornav_msgs/msg/_dop.py
[0.993s] -- Up-to-date: /home/fectec151/Downloads/Projects/vanttec_sdv/workspace/src/install/vectornav_msgs/local/lib/python3.10/dist-packages/vectornav_msgs/__init__.py
[0.993s] -- Up-to-date: /home/fectec151/Downloads/Projects/vanttec_sdv/workspace/src/install/vectornav_msgs/local/lib/python3.10/dist-packages/vectornav_msgs/_vectornav_msgs_s.ep.rosidl_typesupport_c.c
[0.993s] -- Up-to-date: /home/fectec151/Downloads/Projects/vanttec_sdv/workspace/src/install/vectornav_msgs/local/lib/python3.10/dist-packages/vectornav_msgs/_vectornav_msgs_s.ep.rosidl_typesupport_fastrtps_c.c
[0.993s] -- Up-to-date: /home/fectec151/Downloads/Projects/vanttec_sdv/workspace/src/install/vectornav_msgs/local/lib/python3.10/dist-packages/vectornav_msgs/vectornav_msgs_s__rosidl_typesupport_fastrtps_c.cpython-310-x86_64-linux-gnu.so
[0.993s] -- Up-to-date: /home/fectec151/Downloads/Projects/vanttec_sdv/workspace/src/install/vectornav_msgs/local/lib/python3.10/dist-packages/vectornav_msgs/_vectornav_msgs_s.ep.rosidl_typesupport_introspection_c.c
[0.993s] -- Up-to-date: /home/fectec151/Downloads/Projects/vanttec_sdv/workspace/src/install/vectornav_msgs/local/lib/python3.10/dist-packages/vectornav_msgs/vectornav_msgs_s__rosidl_typesupport_c.cpython-310-x86_64-linux-gnu.so
[0.994s] -- Up-to-date: /home/fectec151/Downloads/Projects/vanttec_sdv/workspace/src/install/vectornav_msgs/local/lib/python3.10/dist-packages/vectornav_msgs/action
[0.994s] -- Up-to-date: /home/fectec151/Downloads/Projects/vanttec_sdv/workspace/src/install/vectornav_msgs/local/lib/python3.10/dist-packages/vectornav_msgs/action/_mag_cal_s.c
[0.994s] -- Up-to-date: /home/fectec151/Downloads/Projects/vanttec_sdv/workspace/src/install/vectornav_msgs/local/lib/python3.10/dist-packages/vectornav_msgs/action/__init__.py
[0.994s] -- Up-to-date: /home/fectec151/Downloads/Projects/vanttec_sdv/workspace/src/install/vectornav_msgs/local/lib/python3.10/dist-packages/vectornav_msgs/action/_mag_cal.py
[1.031s] Listing '/home/fectec151/Downloads/Projects/vanttec_sdv/workspace/src/install/vectornav_msgs/local/lib/python3.10/dist-packages/vectornav_msgs'...
[1.032s] Listing '/home/fectec151/Downloads/Projects/vanttec_sdv/workspace/src/install/vectornav_msgs/local/lib/python3.10/dist-packages/vectornav_msgs/action'...
[1.032s] Listing '/home/fectec151/Downloads/Projects/vanttec_sdv/workspace/src/install/vectornav_msgs/local/lib/python3.10/dist-packages/vectornav_msgs/msg'...
[1.040s] -- Up-to-date: /home/fectec151/Downloads/Projects/vanttec_sdv/workspace/src/install/vectornav_msgs/local/lib/python3.10/dist-packages/vectornav_msgs/vectornav_msgs_s__rosidl_typesupport_fastrtps_c.cpython-310-x86_64-linux-gnu.so
[1.040s] -- Up-to-date: /home/fectec151/Downloads/Projects/vanttec_sdv/workspace/src/install/vectornav_msgs/local/lib/python3.10/dist-packages/vectornav_msgs/vectornav_msgs_s__rosidl_typesupport_introspection_c.cpython-310-x86_64-linux-gnu.so
[1.041s] -- Up-to-date: /home/fectec151/Downloads/Projects/vanttec_sdv/workspace/src/install/vectornav_msgs/local/lib/python3.10/dist-packages/vectornav_msgs/vectornav_msgs_s__rosidl_typesupport_c.cpython-310-x86_64-linux-gnu.so
[1.042s] -- Up-to-date: /home/fectec151/Downloads/Projects/vanttec_sdv/workspace/src/install/vectornav_msgs/lib/libvectornav_msgs__rosidl_generator_py.so
[1.043s] -- Up-to-date: /home/fectec151/Downloads/Projects/vanttec_sdv/workspace/src/install/vectornav_msgs/share/vectornav_msgs/msg/AttitudeGroup.idl
[1.043s] -- Up-to-date: /home/fectec151/Downloads/Projects/vanttec_sdv/workspace/src/install/vectornav_msgs/share/vectornav_msgs/msg/CommonGroup.idl
[1.043s] -- Up-to-date: /home/fectec151/Downloads/Projects/vanttec_sdv/workspace/src/install/vectornav_msgs/share/vectornav_msgs/msg/DOP.idl
[1.043s] -- Up-to-date: /home/fectec151/Downloads/Projects/vanttec_sdv/workspace/src/install/vectornav_msgs/share/vectornav_msgs/msg/GpsGroup.idl
[1.043s] -- Up-to-date: /home/fectec151/Downloads/Projects/vanttec_sdv/workspace/src/install/vectornav_msgs/share/vectornav_msgs/msg/ImuGroup.idl
[1.043s] -- Up-to-date: /home/fectec151/Downloads/Projects/vanttec_sdv/workspace/src/install/vectornav_msgs/share/vectornav_msgs/msg/InsGroup.idl
[1.043s] -- Up-to-date: /home/fectec151/Downloads/Projects/vanttec_sdv/workspace/src/install/vectornav_msgs/share/vectornav_msgs/msg/InsStatus.idl
[1.044s] -- Up-to-date: /home/fectec151/Downloads/Projects/vanttec_sdv/workspace/src/install/vectornav_msgs/share/vectornav_msgs/msg/TimeGroup.idl
[1.044s] -- Up-to-date: /home/fectec151/Downloads/Projects/vanttec_sdv/workspace/src/install/vectornav_msgs/share/vectornav_msgs/msg/TimeStatus.idl
[1.044s] -- Up-to-date: /home/fectec151/Downloads/Projects/vanttec_sdv/workspace/src/install/vectornav_msgs/share/vectornav_msgs/msg/TimeUTC.idl
[1.044s] -- Up-to-date: /home/fectec151/Downloads/Projects/vanttec_sdv/workspace/src/install/vectornav_msgs/share/vectornav_msgs/msg/VpeStatus.idl
[1.045s] -- Up-to-date: /home/fectec151/Downloads/Projects/vanttec_sdv/workspace/src/install/vectornav_msgs/share/vectornav_msgs/action/MagCal.idl
[1.045s] -- Up-to-date: /home/fectec151/Downloads/Projects/vanttec_sdv/workspace/src/install/vectornav_msgs/share/vectornav_msgs/msg/AttitudeGroup.msg
[1.045s] -- Up-to-date: /home/fectec151/Downloads/Projects/vanttec_sdv/workspace/src/install/vectornav_msgs/share/vectornav_msgs/msg/CommonGroup.msg
[1.045s] -- Up-to-date: /home/fectec151/Downloads/Projects/vanttec_sdv/workspace/src/install/vectornav_msgs/share/vectornav_msgs/msg/DOP.msg
[1.045s] -- Up-to-date: /home/fectec151/Downloads/Projects/vanttec_sdv/workspace/src/install/vectornav_msgs/share/vectornav_msgs/msg/GpsGroup.msg
[1.045s] -- Up-to-date: /home/fectec151/Downloads/Projects/vanttec_sdv/workspace/src/install/vectornav_msgs/share/vectornav_msgs/msg/ImuGroup.msg
[1.045s] -- Up-to-date: /home/fectec151/Downloads/Projects/vanttec_sdv/workspace/src/install/vectornav_msgs/share/vectornav_msgs/msg/InsGroup.msg
[1.046s] -- Up-to-date: /home/fectec151/Downloads/Projects/vanttec_sdv/workspace/src/install/vectornav_msgs/share/vectornav_msgs/msg/InsStatus.msg
[1.046s] -- Up-to-date: /home/fectec151/Downloads/Projects/vanttec_sdv/workspace/src/install/vectornav_msgs/share/vectornav_msgs/msg/TimeGroup.msg
[1.046s] -- Up-to-date: /home/fectec151/Downloads/Projects/vanttec_sdv/workspace/src/install/vectornav_msgs/share/vectornav_msgs/msg/TimeStatus.msg
[1.046s] -- Up-to-date: /home/fectec151/Downloads/Projects/vanttec_sdv/workspace/src/install/vectornav_msgs/share/vectornav_msgs/msg/TimeUTC.msg
[1.046s] -- Up-to-date: /home/fectec151/Downloads/Projects/vanttec_sdv/workspace/src/install/vectornav_msgs/share/vectornav_msgs/msg/VpeStatus.msg
[1.046s] -- Up-to-date: /home/fectec151/Downloads/Projects/vanttec_sdv/workspace/src/install/vectornav_msgs/share/vectornav_msgs/action/MagCal.action
[1.047s] -- Up-to-date: /home/fectec151/Downloads/Projects/vanttec_sdv/workspace/src/install/vectornav_msgs/share/ament_index/resource_index/package_run_dependencies/vectornav_msgs
[1.047s] -- Up-to-date: /home/fectec151/Downloads/Projects/vanttec_sdv/workspace/src/install/vectornav_msgs/share/ament_index/resource_index/parent_prefix_path/vectornav_msgs
[1.047s] -- Up-to-date: /home/fectec151/Downloads/Projects/vanttec_sdv/workspace/src/install/vectornav_msgs/share/vectornav_msgs/environment/ament_prefix_path.sh
[1.047s] -- Up-to-date: /home/fectec151/Downloads/Projects/vanttec_sdv/workspace/src/install/vectornav_msgs/share/vectornav_msgs/environment/ament_prefix_path.dsv
[1.047s] -- Up-to-date: /home/fectec151/Downloads/Projects/vanttec_sdv/workspace/src/install/vectornav_msgs/share/vectornav_msgs/environment/path.sh
[1.047s] -- Up-to-date: /home/fectec151/Downloads/Projects/vanttec_sdv/workspace/src/install/vectornav_msgs/share/vectornav_msgs/environment/path.dsv
[1.048s] -- Up-to-date: /home/fectec151/Downloads/Projects/vanttec_sdv/workspace/src/install/vectornav_msgs/share/vectornav_msgs/local_setup.bash
[1.048s] -- Up-to-date: /home/fectec151/Downloads/Projects/vanttec_sdv/workspace/src/install/vectornav_msgs/share/vectornav_msgs/local_setup.sh
[1.048s] -- Up-to-date: /home/fectec151/Downloads/Projects/vanttec_sdv/workspace/src/install/vectornav_msgs/share/vectornav_msgs/local_setup.zsh
[1.048s] -- Up-to-date: /home/fectec151/Downloads/Projects/vanttec_sdv/workspace/src/install/vectornav_msgs/share/vectornav_msgs/local_setup.dsv
[1.048s] -- Installing: /home/fectec151/Downloads/Projects/vanttec_sdv/workspace/src/install/vectornav_msgs/share/vectornav_msgs/package.dsv
[1.048s] -- Up-to-date: /home/fectec151/Downloads/Projects/vanttec_sdv/workspace/src/install/vectornav_msgs/share/ament_index/resource_index/packages/vectornav_msgs
[1.048s] -- Up-to-date: /home/fectec151/Downloads/Projects/vanttec_sdv/workspace/src/install/vectornav_msgs/share/vectornav_msgs/cmake/export_vectornav_msgs__rosidl_generator_cExport.cmake
[1.049s] -- Up-to-date: /home/fectec151/Downloads/Projects/vanttec_sdv/workspace/src/install/vectornav_msgs/share/vectornav_msgs/cmake/export_vectornav_msgs__rosidl_generator_cExport-noconfig.cmake
[1.049s] -- Up-to-date: /home/fectec151/Downloads/Projects/vanttec_sdv/workspace/src/install/vectornav_msgs/share/vectornav_msgs/cmake/export_vectornav_msgs__rosidl_typesupport_fastrtps_cExport.cmake
[1.049s] -- Up-to-date: /home/fectec151/Downloads/Projects/vanttec_sdv/workspace/src/install/vectornav_msgs/share/vectornav_msgs/cmake/export_vectornav_msgs__rosidl_typesupport_fastrtps_cExport-noconfig.cmake
[1.049s] -- Up-to-date: /home/fectec151/Downloads/Projects/vanttec_sdv/workspace/src/install/vectornav_msgs/share/vectornav_msgs/cmake/export_vectornav_msgs__rosidl_generator_cppExport.cmake
[1.049s] -- Up-to-date: /home/fectec151/Downloads/Projects/vanttec_sdv/workspace/src/install/vectornav_msgs/share/vectornav_msgs/cmake/export_vectornav_msgs__rosidl_typesupport_fastrtps_cppExport.cmake
[1.049s] -- Up-to-date: /home/fectec151/Downloads/Projects/vanttec_sdv/workspace/src/install/vectornav_msgs/share/vectornav_msgs/cmake/export_vectornav_msgs__rosidl_typesupport_fastrtps_cppExport-noconfig.cmake
[1.050s] -- Up-to-date: /home/fectec151/Downloads/Projects/vanttec_sdv/workspace/src/install/vectornav_msgs/share/vectornav_msgs/cmake/vectornav_msgs__rosidl_typesupport_introspection_cExport.cmake
[1.050s] -- Up-to-date: /home/fectec151/Downloads/Projects/vanttec_sdv/workspace/src/install/vectornav_msgs/share/vectornav_msgs/cmake/vectornav_msgs__rosidl_typesupport_introspection_cExport-noconfig.cmake
[1.050s] -- Up-to-date: /home/fectec151/Downloads/Projects/vanttec_sdv/workspace/src/install/vectornav_msgs/share/vectornav_msgs/cmake/vectornav_msgs__rosidl_typesupport_cExport.cmake
[1.050s] -- Up-to-date: /home/fectec151/Downloads/Projects/vanttec_sdv/workspace/src/install/vectornav_msgs/share/vectornav_msgs/cmake/vectornav_msgs__rosidl_typesupport_cExport-noconfig.cmake
[1.050s] -- Up-to-date: /home/fectec151/Downloads/Projects/vanttec_sdv/workspace/src/install/vectornav_msgs/share/vectornav_msgs/cmake/vectornav_msgs__rosidl_typesupport_introspection_cppExport.cmake
[1.050s] -- Up-to-date: /home/fectec151/Downloads/Projects/vanttec_sdv/workspace/src/install/vectornav_msgs/share/vectornav_msgs/cmake/vectornav_msgs__rosidl_typesupport_introspection_cppExport-noconfig.cmake
[1.050s] -- Up-to-date: /home/fectec151/Downloads/Projects/vanttec_sdv/workspace/src/install/vectornav_msgs/share/vectornav_msgs/cmake/vectornav_msgs__rosidl_typesupport_cppExport.cmake
[1.050s] -- Up-to-date: /home/fectec151/Downloads/Projects/vanttec_sdv/workspace/src/install/vectornav_msgs/share/vectornav_msgs/cmake/vectornav_msgs__rosidl_typesupport_cppExport-noconfig.cmake
[1.051s] -- Up-to-date: /home/fectec151/Downloads/Projects/vanttec_sdv/workspace/src/install/vectornav_msgs/share/vectornav_msgs/cmake/export_vectornav_msgs__rosidl_generator_pyExport.cmake
[1.051s] -- Up-to-date: /home/fectec151/Downloads/Projects/vanttec_sdv/workspace/src/install/vectornav_msgs/share/vectornav_msgs/cmake/export_vectornav_msgs__rosidl_generator_pyExport-noconfig.cmake
[1.051s] -- Up-to-date: /home/fectec151/Downloads/Projects/vanttec_sdv/workspace/src/install/vectornav_msgs/share/vectornav_msgs/cmake/rosidl_cmake-extras.cmake
[1.051s] -- Up-to-date: /home/fectec151/Downloads/Projects/vanttec_sdv/workspace/src/install/vectornav_msgs/share/vectornav_msgs/cmake/ament_cmake_export_dependencies-extras.cmake
[1.051s] -- Up-to-date: /home/fectec151/Downloads/Projects/vanttec_sdv/workspace/src/install/vectornav_msgs/share/vectornav_msgs/cmake/ament_cmake_export_include_directories-extras.cmake
[1.051s] -- Up-to-date: /home/fectec151/Downloads/Projects/vanttec_sdv/workspace/src/install/vectornav_msgs/share/vectornav_msgs/cmake/ament_cmake_export_libraries-extras.cmake
[1.051s] -- Up-to-date: /home/fectec151/Downloads/Projects/vanttec_sdv/workspace/src/install/vectornav_msgs/share/vectornav_msgs/cmake/ament_cmake_export_targets-extras.cmake
[1.052s] -- Up-to-date: /home/fectec151/Downloads/Projects/vanttec_sdv/workspace/src/install/vectornav_msgs/share/vectornav_msgs/cmake/rosidl_cmake_export_typesupport_targets-extras.cmake
[1.052s] -- Up-to-date: /home/fectec151/Downloads/Projects/vanttec_sdv/workspace/src/install/vectornav_msgs/share/vectornav_msgs/cmake/rosidl_cmake_export_typesupport_libraries-extras.cmake
[1.052s] -- Up-to-date: /home/fectec151/Downloads/Projects/vanttec_sdv/workspace/src/install/vectornav_msgs/share/vectornav_msgs/cmake/vectornav_msgsConfig.cmake
[1.052s] -- Up-to-date: /home/fectec151/Downloads/Projects/vanttec_sdv/workspace/src/install/vectornav_msgs/share/vectornav_msgs/cmake/vectornav_msgsConfig-version.cmake
[1.052s] -- Up-to-date: /home/fectec151/Downloads/Projects/vanttec_sdv/workspace/src/install/vectornav_msgs/share/vectornav_msgs/package.xml
[1.055s] Invoked command in '/home/fectec151/Downloads/Projects/vanttec_sdv/workspace/src/build/vectornav_msgs' returned '0': CMAKE_PREFIX_PATH=/opt/ros/humble /usr/bin/cmake --install /home/fectec151/Downloads/Projects/vanttec_sdv/workspace/src/build/vectornav_msgs
