[1.207s] Invoking command in '/home/fcanof/vanttec_sdv/build/sdv_lidar_processing': CMAKE_PREFIX_PATH=/opt/ros/humble /usr/bin/cmake /home/fcanof/vanttec_sdv/workspace/src/sdv_lidar/sdv_lidar_processing -DCMAKE_INSTALL_PREFIX=/home/fcanof/vanttec_sdv/install/sdv_lidar_processing
[1.284s] -- The C compiler identification is GNU 11.4.0
[1.372s] -- The CXX compiler identification is GNU 11.4.0
[1.384s] -- Detecting C compiler ABI info
[1.473s] -- Detecting C compiler ABI info - done
[1.488s] -- Check for working C compiler: /usr/bin/cc - skipped
[1.488s] -- Detecting C compile features
[1.489s] -- Detecting C compile features - done
[1.495s] -- Detecting CXX compiler ABI info
[1.624s] -- Detecting CXX compiler ABI info - done
[1.638s] -- Check for working CXX compiler: /usr/bin/c++ - skipped
[1.638s] -- Detecting CXX compile features
[1.638s] -- Detecting CXX compile features - done
[1.641s] -- Found ament_cmake: 1.3.7 (/opt/ros/humble/share/ament_cmake/cmake)
[1.905s] -- Found Python3: /usr/bin/python3.10 (found version "3.10.12") found components: Interpreter 
[1.998s] -- Found rclcpp: 16.0.8 (/opt/ros/humble/share/rclcpp/cmake)
[2.036s] -- Found rosidl_generator_c: 3.1.5 (/opt/ros/humble/share/rosidl_generator_c/cmake)
[2.041s] -- Found rosidl_adapter: 3.1.5 (/opt/ros/humble/share/rosidl_adapter/cmake)
[2.049s] -- Found rosidl_generator_cpp: 3.1.5 (/opt/ros/humble/share/rosidl_generator_cpp/cmake)
[2.064s] -- Using all available rosidl_typesupport_c: rosidl_typesupport_fastrtps_c;rosidl_typesupport_introspection_c
[2.086s] -- Using all available rosidl_typesupport_cpp: rosidl_typesupport_fastrtps_cpp;rosidl_typesupport_introspection_cpp
[2.172s] -- Found rmw_implementation_cmake: 6.1.1 (/opt/ros/humble/share/rmw_implementation_cmake/cmake)
[2.175s] -- Found rmw_fastrtps_cpp: 6.2.6 (/opt/ros/humble/share/rmw_fastrtps_cpp/cmake)
[2.276s] -- Found OpenSSL: /usr/lib/x86_64-linux-gnu/libcrypto.so (found version "3.0.2")  
[2.311s] -- Found FastRTPS: /opt/ros/humble/include  
[2.376s] -- Using RMW implementation 'rmw_fastrtps_cpp' as default
[2.389s] -- Looking for pthread.h
[2.456s] -- Looking for pthread.h - found
[2.456s] -- Performing Test CMAKE_HAVE_LIBC_PTHREAD
[2.520s] -- Performing Test CMAKE_HAVE_LIBC_PTHREAD - Success
[2.521s] -- Found Threads: TRUE  
[2.689s] -- Found sensor_msgs: 4.2.3 (/opt/ros/humble/share/sensor_msgs/cmake)
[2.820s] -- Found message_filters: 4.3.3 (/opt/ros/humble/share/message_filters/cmake)
[2.833s] [31mCMake Error at CMakeLists.txt:14 (find_package):
[2.833s]   By not providing "Findvision_msgs.cmake" in CMAKE_MODULE_PATH this project
[2.833s]   has asked CMake to find a package configuration file provided by
[2.834s]   "vision_msgs", but CMake did not find one.
[2.834s] 
[2.834s]   Could not find a package configuration file provided by "vision_msgs" with
[2.834s]   any of the following names:
[2.834s] 
[2.834s]     vision_msgsConfig.cmake
[2.834s]     vision_msgs-config.cmake
[2.834s] 
[2.834s]   Add the installation prefix of "vision_msgs" to CMAKE_PREFIX_PATH or set
[2.834s]   "vision_msgs_DIR" to a directory containing one of the above files.  If
[2.834s]   "vision_msgs" provides a separate development package or SDK, be sure it
[2.835s]   has been installed.
[2.835s] 
[2.835s] [0m
[2.835s] -- Configuring incomplete, errors occurred!
[2.835s] See also "/home/fcanof/vanttec_sdv/build/sdv_lidar_processing/CMakeFiles/CMakeOutput.log".
