Traceback (most recent call last):
  File "/home/fcanof/vanttec_sdv/workspace/src/simulation_manual_control/ros_compatibility/setup.py", line 17, in <module>
    from setuptools import setup
  File "/usr/lib/python3/dist-packages/setuptools/__init__.py", line 16, in <module>
    import setuptools.version
  File "/usr/lib/python3/dist-packages/setuptools/version.py", line 1, in <module>
    import pkg_resources
  File "/usr/lib/python3/dist-packages/pkg_resources/__init__.py", line 3267, in <module>
    def _initialize_master_working_set():
  File "/usr/lib/python3/dist-packages/pkg_resources/__init__.py", line 3241, in _call_aside
    f(*args, **kwargs)
  File "/usr/lib/python3/dist-packages/pkg_resources/__init__.py", line 3279, in _initialize_master_working_set
    working_set = WorkingSet._build_master()
  File "/usr/lib/python3/dist-packages/pkg_resources/__init__.py", line 564, in _build_master
    ws = cls()
  File "/usr/lib/python3/dist-packages/pkg_resources/__init__.py", line 557, in __init__
    self.add_entry(entry)
  File "/usr/lib/python3/dist-packages/pkg_resources/__init__.py", line 613, in add_entry
    for dist in find_distributions(entry, True):
  File "/usr/lib/python3/dist-packages/pkg_resources/__init__.py", line 2077, in find_on_path
    for dist in factory(fullpath):
  File "/usr/lib/python3/dist-packages/pkg_resources/__init__.py", line 2142, in distributions_from_metadata
    yield Distribution.from_location(
  File "/usr/lib/python3/dist-packages/pkg_resources/__init__.py", line 2603, in from_location
    return cls(
  File "/usr/lib/python3/dist-packages/pkg_resources/__init__.py", line 2582, in __init__
    self.project_name = safe_name(project_name or 'Unknown')
  File "/usr/lib/python3/dist-packages/pkg_resources/__init__.py", line 1314, in safe_name
    return re.sub('[^A-Za-z0-9.]+', '-', name)
  File "/usr/lib/python3.10/re.py", line 209, in sub
    return _compile(pattern, flags).sub(repl, string, count)
  File "/usr/lib/python3.10/re.py", line 290, in _compile
    if isinstance(flags, RegexFlag):
KeyboardInterrupt
