[2.463s] Invoking command in '/home/fcanof/vanttec_sdv/workspace/src/simulation_manual_control/ros_compatibility': PYTHONPATH=/home/fcanof/vanttec_sdv/build/ros_compatibility/prefix_override:/home/fcanof/vanttec_sdv/install/ros_compatibility/lib/python3.10/site-packages:${PYTHONPATH} /usr/bin/python3 setup.py egg_info --egg-base ../../../../build/ros_compatibility build --build-base /home/fcanof/vanttec_sdv/build/ros_compatibility/build install --record /home/fcanof/vanttec_sdv/build/ros_compatibility/install.log --single-version-externally-managed
[2.704s] Traceback (most recent call last):
[2.704s]   File "/home/fcanof/vanttec_sdv/workspace/src/simulation_manual_control/ros_compatibility/setup.py", line 17, in <module>
[2.704s]     from setuptools import setup
[2.704s]   File "/usr/lib/python3/dist-packages/setuptools/__init__.py", line 16, in <module>
[2.704s]     import setuptools.version
[2.704s]   File "/usr/lib/python3/dist-packages/setuptools/version.py", line 1, in <module>
[2.704s]     import pkg_resources
[2.704s]   File "/usr/lib/python3/dist-packages/pkg_resources/__init__.py", line 3267, in <module>
[2.704s]     def _initialize_master_working_set():
[2.704s]   File "/usr/lib/python3/dist-packages/pkg_resources/__init__.py", line 3241, in _call_aside
[2.704s]     f(*args, **kwargs)
[2.705s]   File "/usr/lib/python3/dist-packages/pkg_resources/__init__.py", line 3279, in _initialize_master_working_set
[2.705s]     working_set = WorkingSet._build_master()
[2.705s]   File "/usr/lib/python3/dist-packages/pkg_resources/__init__.py", line 564, in _build_master
[2.705s]     ws = cls()
[2.705s]   File "/usr/lib/python3/dist-packages/pkg_resources/__init__.py", line 557, in __init__
[2.705s]     self.add_entry(entry)
[2.705s]   File "/usr/lib/python3/dist-packages/pkg_resources/__init__.py", line 613, in add_entry
[2.706s]     for dist in find_distributions(entry, True):
[2.706s]   File "/usr/lib/python3/dist-packages/pkg_resources/__init__.py", line 2077, in find_on_path
[2.707s]     for dist in factory(fullpath):
[2.707s]   File "/usr/lib/python3/dist-packages/pkg_resources/__init__.py", line 2142, in distributions_from_metadata
[2.709s]     yield Distribution.from_location(
[2.709s]   File "/usr/lib/python3/dist-packages/pkg_resources/__init__.py", line 2603, in from_location
[2.710s]     return cls(
[2.710s]   File "/usr/lib/python3/dist-packages/pkg_resources/__init__.py", line 2582, in __init__
[2.710s]     self.project_name = safe_name(project_name or 'Unknown')
[2.710s]   File "/usr/lib/python3/dist-packages/pkg_resources/__init__.py", line 1314, in safe_name
[2.710s]     return re.sub('[^A-Za-z0-9.]+', '-', name)
[2.710s]   File "/usr/lib/python3.10/re.py", line 209, in sub
[2.710s]     return _compile(pattern, flags).sub(repl, string, count)
[2.710s]   File "/usr/lib/python3.10/re.py", line 290, in _compile
[2.710s]     if isinstance(flags, RegexFlag):
[2.710s] KeyboardInterrupt
