[0.673s] Invoking command in '/home/fcanof/vanttec_sdv/build/vectornav_msgs': CMAKE_PREFIX_PATH=/opt/ros/humble /usr/bin/cmake /home/fcanof/vanttec_sdv/workspace/src/drivers/vectornav/vectornav_msgs -DCMAKE_INSTALL_PREFIX=/home/fcanof/vanttec_sdv/install/vectornav_msgs
[1.771s] -- The C compiler identification is GNU 11.4.0
[1.771s] -- The CXX compiler identification is GNU 11.4.0
[1.772s] -- Detecting C compiler ABI info
[1.772s] -- Detecting C compiler ABI info - done
[1.772s] -- Check for working C compiler: /usr/bin/cc - skipped
[1.772s] -- Detecting C compile features
[1.772s] -- Detecting C compile features - done
[1.772s] -- Detecting CXX compiler ABI info
[1.772s] -- Detecting CXX compiler ABI info - done
[1.772s] -- Check for working CXX compiler: /usr/bin/c++ - skipped
[1.772s] -- Detecting CXX compile features
[1.773s] -- Detecting CXX compile features - done
[1.773s] -- Found ament_cmake: 1.3.7 (/opt/ros/humble/share/ament_cmake/cmake)
[1.773s] -- Found Python3: /usr/bin/python3.10 (found version "3.10.12") found components: Interpreter 
[1.773s] -- Found geometry_msgs: 4.2.3 (/opt/ros/humble/share/geometry_msgs/cmake)
[1.773s] -- Found rosidl_generator_c: 3.1.5 (/opt/ros/humble/share/rosidl_generator_c/cmake)
[1.773s] -- Found rosidl_adapter: 3.1.5 (/opt/ros/humble/share/rosidl_adapter/cmake)
[1.773s] -- Found rosidl_generator_cpp: 3.1.5 (/opt/ros/humble/share/rosidl_generator_cpp/cmake)
[1.774s] -- Using all available rosidl_typesupport_c: rosidl_typesupport_fastrtps_c;rosidl_typesupport_introspection_c
[1.774s] -- Using all available rosidl_typesupport_cpp: rosidl_typesupport_fastrtps_cpp;rosidl_typesupport_introspection_cpp
[1.774s] -- Found rosidl_default_generators: 1.2.0 (/opt/ros/humble/share/rosidl_default_generators/cmake)
[1.774s] [0mGrabbing messages action/MagCal.action[0m
[1.826s] -- Found ament_cmake_ros: 0.10.0 (/opt/ros/humble/share/ament_cmake_ros/cmake)
[2.511s] -- Using all available rosidl_typesupport_c: rosidl_typesupport_fastrtps_c;rosidl_typesupport_introspection_c
[2.702s] -- Using all available rosidl_typesupport_cpp: rosidl_typesupport_fastrtps_cpp;rosidl_typesupport_introspection_cpp
[2.725s] -- Found PythonInterp: /usr/bin/python3 (found suitable version "3.10.12", minimum required is "3.6") 
[2.727s] -- Found python_cmake_module: 0.10.0 (/opt/ros/humble/share/python_cmake_module/cmake)
[2.755s] -- Found PythonLibs: /usr/lib/x86_64-linux-gnu/libpython3.10.so (found suitable version "3.10.12", minimum required is "3.5") 
[2.756s] -- Using PYTHON_EXECUTABLE: /usr/bin/python3
[2.756s] -- Using PYTHON_INCLUDE_DIRS: /usr/include/python3.10
[2.756s] -- Using PYTHON_LIBRARIES: /usr/lib/x86_64-linux-gnu/libpython3.10.so
[2.779s] -- Found PythonExtra: .so  
[2.863s] -- Configuring done
[2.927s] -- Generating done
[2.929s] -- Build files have been written to: /home/fcanof/vanttec_sdv/build/vectornav_msgs
