19:33:35 **** Incremental Build of configuration Debug for project CAN_STM32G431KB_setup ****
make -j12 all 
arm-none-eabi-gcc "../Core/Src/CAN/can_bus_task.c" -mcpu=cortex-m4 -std=gnu11 -g3 -DDEBUG -DUSE_HAL_DRIVER -DSTM32G431xx -c -I../Core/Inc -I../Drivers/STM32G4xx_HAL_Driver/Inc -I../Drivers/STM32G4xx_HAL_Driver/Inc/Legacy -I../Drivers/CMSIS/Device/ST/STM32G4xx/Include -I../Drivers/CMSIS/Include -I../Middlewares/Third_Party/FreeRTOS/Source/include -I../Middlewares/Third_Party/FreeRTOS/Source/CMSIS_RTOS_V2 -I../Middlewares/Third_Party/FreeRTOS/Source/portable/GCC/ARM_CM4F -I"C:/Users/Z0180064/Vanttec/embedded_software/can_setup/Stm32-project/libs/vanttec_CANLib/src/Vanttec_CANLib_Linux" -I"C:/Users/Z0180064/Vanttec/embedded_software/can_setup/Stm32-project/libs" -I"C:/Users/Z0180064/Vanttec/embedded_software/can_setup/Stm32-project/libs/vanttec_CANLib/src/Vanttec_CANLib" -O0 -ffunction-sections -fdata-sections -Wall -fstack-usage -MMD -MP -MF"Core/Src/CAN/can_bus_task.d" -MT"Core/Src/CAN/can_bus_task.o" --specs=nano.specs -mfpu=fpv4-sp-d16 -mfloat-abi=hard -mthumb -o "Core/Src/CAN/can_bus_task.o"
../Core/Src/CAN/can_bus_task.c: In function 'can_init':
../Core/Src/CAN/can_bus_task.c:76:3: warning: implicit declaration of function 'Error_Handler' [-Wimplicit-function-declaration]
   76 |   Error_Handler();
      |   ^~~~~~~~~~~~~
arm-none-eabi-g++ -o "CAN_STM32G431KB_setup.elf" @"objects.list"   -mcpu=cortex-m4 -T"C:\Users\Z0180064\Vanttec\embedded_software\can_setup\Stm32-project\STM32G431KBUX_FLASH.ld" -Wl,-Map="CAN_STM32G431KB_setup.map" -Wl,--gc-sections -static -L"C:\Users\Z0180064\Vanttec\embedded_software\can_setup\Stm32-project\libs\vanttec_CANLib\src\Vanttec_CANLib" --specs=nano.specs -mfpu=fpv4-sp-d16 -mfloat-abi=hard -mthumb -Wl,--start-group -lc -lm -lstdc++ -lsupc++ -Wl,--end-group
Finished building target: CAN_STM32G431KB_setup.elf
 
arm-none-eabi-size   CAN_STM32G431KB_setup.elf 
arm-none-eabi-objdump -h -S  CAN_STM32G431KB_setup.elf  > "CAN_STM32G431KB_setup.list"
   text	   data	    bss	    dec	    hex	filename
  22868	    124	   8404	  31396	   7aa4	CAN_STM32G431KB_setup.elf
Finished building: default.size.stdout
 
Finished building: CAN_STM32G431KB_setup.list
 

19:33:36 Build Finished. 0 errors, 1 warnings. (took 1s.20ms)

