19:17:26 **** Build of configuration Debug for project CAN_STM32G431KB_setup ****
make -j12 all 
arm-none-eabi-g++ "../libs/src/Vanttec_CANLib/Utils/CANDeserialization.cpp" -mcpu=cortex-m4 -std=gnu++14 -g3 -DDEBUG -DUSE_HAL_DRIVER -DSTM32G431xx -c -I../Core/Inc -I../Drivers/STM32G4xx_HAL_Driver/Inc -I../Drivers/STM32G4xx_HAL_Driver/Inc/Legacy -I../Drivers/CMSIS/Device/ST/STM32G4xx/Include -I../Drivers/CMSIS/Include -I../Middlewares/Third_Party/FreeRTOS/Source/include -I../Middlewares/Third_Party/FreeRTOS/Source/CMSIS_RTOS_V2 -I../Middlewares/Third_Party/FreeRTOS/Source/portable/GCC/ARM_CM4F -I"C:/Users/Z0180064/Vanttec/embedded_software/can_setup/Stm32-project/libs/vanttec_CANLib/src/Vanttec_CANLib_Linux" -I"C:/Users/Z0180064/Vanttec/embedded_software/can_setup/Stm32-project/libs" -I"C:/Users/Z0180064/Vanttec/embedded_software/can_setup/Stm32-project/libs/vanttec_CANLib/src/Vanttec_CANLib" -O0 -ffunction-sections -fdata-sections -fno-exceptions -fno-rtti -fno-use-cxa-atexit -Wall -fstack-usage -MMD -MP -MF"libs/src/Vanttec_CANLib/Utils/CANDeserialization.d" -MT"libs/src/Vanttec_CANLib/Utils/CANDeserialization.o" --specs=nano.specs -mfpu=fpv4-sp-d16 -mfloat-abi=hard -mthumb -o "libs/src/Vanttec_CANLib/Utils/CANDeserialization.o"
arm-none-eabi-g++ "../libs/src/Vanttec_CANLib/Utils/CANSerialization.cpp" -mcpu=cortex-m4 -std=gnu++14 -g3 -DDEBUG -DUSE_HAL_DRIVER -DSTM32G431xx -c -I../Core/Inc -I../Drivers/STM32G4xx_HAL_Driver/Inc -I../Drivers/STM32G4xx_HAL_Driver/Inc/Legacy -I../Drivers/CMSIS/Device/ST/STM32G4xx/Include -I../Drivers/CMSIS/Include -I../Middlewares/Third_Party/FreeRTOS/Source/include -I../Middlewares/Third_Party/FreeRTOS/Source/CMSIS_RTOS_V2 -I../Middlewares/Third_Party/FreeRTOS/Source/portable/GCC/ARM_CM4F -I"C:/Users/Z0180064/Vanttec/embedded_software/can_setup/Stm32-project/libs/vanttec_CANLib/src/Vanttec_CANLib_Linux" -I"C:/Users/Z0180064/Vanttec/embedded_software/can_setup/Stm32-project/libs" -I"C:/Users/Z0180064/Vanttec/embedded_software/can_setup/Stm32-project/libs/vanttec_CANLib/src/Vanttec_CANLib" -O0 -ffunction-sections -fdata-sections -fno-exceptions -fno-rtti -fno-use-cxa-atexit -Wall -fstack-usage -MMD -MP -MF"libs/src/Vanttec_CANLib/Utils/CANSerialization.d" -MT"libs/src/Vanttec_CANLib/Utils/CANSerialization.o" --specs=nano.specs -mfpu=fpv4-sp-d16 -mfloat-abi=hard -mthumb -o "libs/src/Vanttec_CANLib/Utils/CANSerialization.o"
arm-none-eabi-g++ "../libs/src/Vanttec_CANLib/ByteOrder/inet.cpp" -mcpu=cortex-m4 -std=gnu++14 -g3 -DDEBUG -DUSE_HAL_DRIVER -DSTM32G431xx -c -I../Core/Inc -I../Drivers/STM32G4xx_HAL_Driver/Inc -I../Drivers/STM32G4xx_HAL_Driver/Inc/Legacy -I../Drivers/CMSIS/Device/ST/STM32G4xx/Include -I../Drivers/CMSIS/Include -I../Middlewares/Third_Party/FreeRTOS/Source/include -I../Middlewares/Third_Party/FreeRTOS/Source/CMSIS_RTOS_V2 -I../Middlewares/Third_Party/FreeRTOS/Source/portable/GCC/ARM_CM4F -I"C:/Users/Z0180064/Vanttec/embedded_software/can_setup/Stm32-project/libs/vanttec_CANLib/src/Vanttec_CANLib_Linux" -I"C:/Users/Z0180064/Vanttec/embedded_software/can_setup/Stm32-project/libs" -I"C:/Users/Z0180064/Vanttec/embedded_software/can_setup/Stm32-project/libs/vanttec_CANLib/src/Vanttec_CANLib" -O0 -ffunction-sections -fdata-sections -fno-exceptions -fno-rtti -fno-use-cxa-atexit -Wall -fstack-usage -MMD -MP -MF"libs/src/Vanttec_CANLib/ByteOrder/inet.d" -MT"libs/src/Vanttec_CANLib/ByteOrder/inet.o" --specs=nano.specs -mfpu=fpv4-sp-d16 -mfloat-abi=hard -mthumb -o "libs/src/Vanttec_CANLib/ByteOrder/inet.o"
arm-none-eabi-g++ "../libs/src/Vanttec_CANLib/CANMessage.cpp" -mcpu=cortex-m4 -std=gnu++14 -g3 -DDEBUG -DUSE_HAL_DRIVER -DSTM32G431xx -c -I../Core/Inc -I../Drivers/STM32G4xx_HAL_Driver/Inc -I../Drivers/STM32G4xx_HAL_Driver/Inc/Legacy -I../Drivers/CMSIS/Device/ST/STM32G4xx/Include -I../Drivers/CMSIS/Include -I../Middlewares/Third_Party/FreeRTOS/Source/include -I../Middlewares/Third_Party/FreeRTOS/Source/CMSIS_RTOS_V2 -I../Middlewares/Third_Party/FreeRTOS/Source/portable/GCC/ARM_CM4F -I"C:/Users/Z0180064/Vanttec/embedded_software/can_setup/Stm32-project/libs/vanttec_CANLib/src/Vanttec_CANLib_Linux" -I"C:/Users/Z0180064/Vanttec/embedded_software/can_setup/Stm32-project/libs" -I"C:/Users/Z0180064/Vanttec/embedded_software/can_setup/Stm32-project/libs/vanttec_CANLib/src/Vanttec_CANLib" -O0 -ffunction-sections -fdata-sections -fno-exceptions -fno-rtti -fno-use-cxa-atexit -Wall -fstack-usage -MMD -MP -MF"libs/src/Vanttec_CANLib/CANMessage.d" -MT"libs/src/Vanttec_CANLib/CANMessage.o" --specs=nano.specs -mfpu=fpv4-sp-d16 -mfloat-abi=hard -mthumb -o "libs/src/Vanttec_CANLib/CANMessage.o"
arm-none-eabi-gcc "../Middlewares/Third_Party/FreeRTOS/Source/portable/MemMang/heap_4.c" -mcpu=cortex-m4 -std=gnu11 -g3 -DDEBUG -DUSE_HAL_DRIVER -DSTM32G431xx -c -I../Core/Inc -I../Drivers/STM32G4xx_HAL_Driver/Inc -I../Drivers/STM32G4xx_HAL_Driver/Inc/Legacy -I../Drivers/CMSIS/Device/ST/STM32G4xx/Include -I../Drivers/CMSIS/Include -I../Middlewares/Third_Party/FreeRTOS/Source/include -I../Middlewares/Third_Party/FreeRTOS/Source/CMSIS_RTOS_V2 -I../Middlewares/Third_Party/FreeRTOS/Source/portable/GCC/ARM_CM4F -I"C:/Users/Z0180064/Vanttec/embedded_software/can_setup/Stm32-project/libs/vanttec_CANLib/src/Vanttec_CANLib_Linux" -I"C:/Users/Z0180064/Vanttec/embedded_software/can_setup/Stm32-project/libs" -I"C:/Users/Z0180064/Vanttec/embedded_software/can_setup/Stm32-project/libs/vanttec_CANLib/src/Vanttec_CANLib" -O0 -ffunction-sections -fdata-sections -Wall -fstack-usage -MMD -MP -MF"Middlewares/Third_Party/FreeRTOS/Source/portable/MemMang/heap_4.d" -MT"Middlewares/Third_Party/FreeRTOS/Source/portable/MemMang/heap_4.o" --specs=nano.specs -mfpu=fpv4-sp-d16 -mfloat-abi=hard -mthumb -o "Middlewares/Third_Party/FreeRTOS/Source/portable/MemMang/heap_4.o"
arm-none-eabi-gcc "../Middlewares/Third_Party/FreeRTOS/Source/portable/GCC/ARM_CM4F/port.c" -mcpu=cortex-m4 -std=gnu11 -g3 -DDEBUG -DUSE_HAL_DRIVER -DSTM32G431xx -c -I../Core/Inc -I../Drivers/STM32G4xx_HAL_Driver/Inc -I../Drivers/STM32G4xx_HAL_Driver/Inc/Legacy -I../Drivers/CMSIS/Device/ST/STM32G4xx/Include -I../Drivers/CMSIS/Include -I../Middlewares/Third_Party/FreeRTOS/Source/include -I../Middlewares/Third_Party/FreeRTOS/Source/CMSIS_RTOS_V2 -I../Middlewares/Third_Party/FreeRTOS/Source/portable/GCC/ARM_CM4F -I"C:/Users/Z0180064/Vanttec/embedded_software/can_setup/Stm32-project/libs/vanttec_CANLib/src/Vanttec_CANLib_Linux" -I"C:/Users/Z0180064/Vanttec/embedded_software/can_setup/Stm32-project/libs" -I"C:/Users/Z0180064/Vanttec/embedded_software/can_setup/Stm32-project/libs/vanttec_CANLib/src/Vanttec_CANLib" -O0 -ffunction-sections -fdata-sections -Wall -fstack-usage -MMD -MP -MF"Middlewares/Third_Party/FreeRTOS/Source/portable/GCC/ARM_CM4F/port.d" -MT"Middlewares/Third_Party/FreeRTOS/Source/portable/GCC/ARM_CM4F/port.o" --specs=nano.specs -mfpu=fpv4-sp-d16 -mfloat-abi=hard -mthumb -o "Middlewares/Third_Party/FreeRTOS/Source/portable/GCC/ARM_CM4F/port.o"
arm-none-eabi-gcc "../Middlewares/Third_Party/FreeRTOS/Source/CMSIS_RTOS_V2/cmsis_os2.c" -mcpu=cortex-m4 -std=gnu11 -g3 -DDEBUG -DUSE_HAL_DRIVER -DSTM32G431xx -c -I../Core/Inc -I../Drivers/STM32G4xx_HAL_Driver/Inc -I../Drivers/STM32G4xx_HAL_Driver/Inc/Legacy -I../Drivers/CMSIS/Device/ST/STM32G4xx/Include -I../Drivers/CMSIS/Include -I../Middlewares/Third_Party/FreeRTOS/Source/include -I../Middlewares/Third_Party/FreeRTOS/Source/CMSIS_RTOS_V2 -I../Middlewares/Third_Party/FreeRTOS/Source/portable/GCC/ARM_CM4F -I"C:/Users/Z0180064/Vanttec/embedded_software/can_setup/Stm32-project/libs/vanttec_CANLib/src/Vanttec_CANLib_Linux" -I"C:/Users/Z0180064/Vanttec/embedded_software/can_setup/Stm32-project/libs" -I"C:/Users/Z0180064/Vanttec/embedded_software/can_setup/Stm32-project/libs/vanttec_CANLib/src/Vanttec_CANLib" -O0 -ffunction-sections -fdata-sections -Wall -fstack-usage -MMD -MP -MF"Middlewares/Third_Party/FreeRTOS/Source/CMSIS_RTOS_V2/cmsis_os2.d" -MT"Middlewares/Third_Party/FreeRTOS/Source/CMSIS_RTOS_V2/cmsis_os2.o" --specs=nano.specs -mfpu=fpv4-sp-d16 -mfloat-abi=hard -mthumb -o "Middlewares/Third_Party/FreeRTOS/Source/CMSIS_RTOS_V2/cmsis_os2.o"
arm-none-eabi-gcc "../Middlewares/Third_Party/FreeRTOS/Source/croutine.c" -mcpu=cortex-m4 -std=gnu11 -g3 -DDEBUG -DUSE_HAL_DRIVER -DSTM32G431xx -c -I../Core/Inc -I../Drivers/STM32G4xx_HAL_Driver/Inc -I../Drivers/STM32G4xx_HAL_Driver/Inc/Legacy -I../Drivers/CMSIS/Device/ST/STM32G4xx/Include -I../Drivers/CMSIS/Include -I../Middlewares/Third_Party/FreeRTOS/Source/include -I../Middlewares/Third_Party/FreeRTOS/Source/CMSIS_RTOS_V2 -I../Middlewares/Third_Party/FreeRTOS/Source/portable/GCC/ARM_CM4F -I"C:/Users/Z0180064/Vanttec/embedded_software/can_setup/Stm32-project/libs/vanttec_CANLib/src/Vanttec_CANLib_Linux" -I"C:/Users/Z0180064/Vanttec/embedded_software/can_setup/Stm32-project/libs" -I"C:/Users/Z0180064/Vanttec/embedded_software/can_setup/Stm32-project/libs/vanttec_CANLib/src/Vanttec_CANLib" -O0 -ffunction-sections -fdata-sections -Wall -fstack-usage -MMD -MP -MF"Middlewares/Third_Party/FreeRTOS/Source/croutine.d" -MT"Middlewares/Third_Party/FreeRTOS/Source/croutine.o" --specs=nano.specs -mfpu=fpv4-sp-d16 -mfloat-abi=hard -mthumb -o "Middlewares/Third_Party/FreeRTOS/Source/croutine.o"
arm-none-eabi-gcc "../Middlewares/Third_Party/FreeRTOS/Source/event_groups.c" -mcpu=cortex-m4 -std=gnu11 -g3 -DDEBUG -DUSE_HAL_DRIVER -DSTM32G431xx -c -I../Core/Inc -I../Drivers/STM32G4xx_HAL_Driver/Inc -I../Drivers/STM32G4xx_HAL_Driver/Inc/Legacy -I../Drivers/CMSIS/Device/ST/STM32G4xx/Include -I../Drivers/CMSIS/Include -I../Middlewares/Third_Party/FreeRTOS/Source/include -I../Middlewares/Third_Party/FreeRTOS/Source/CMSIS_RTOS_V2 -I../Middlewares/Third_Party/FreeRTOS/Source/portable/GCC/ARM_CM4F -I"C:/Users/Z0180064/Vanttec/embedded_software/can_setup/Stm32-project/libs/vanttec_CANLib/src/Vanttec_CANLib_Linux" -I"C:/Users/Z0180064/Vanttec/embedded_software/can_setup/Stm32-project/libs" -I"C:/Users/Z0180064/Vanttec/embedded_software/can_setup/Stm32-project/libs/vanttec_CANLib/src/Vanttec_CANLib" -O0 -ffunction-sections -fdata-sections -Wall -fstack-usage -MMD -MP -MF"Middlewares/Third_Party/FreeRTOS/Source/event_groups.d" -MT"Middlewares/Third_Party/FreeRTOS/Source/event_groups.o" --specs=nano.specs -mfpu=fpv4-sp-d16 -mfloat-abi=hard -mthumb -o "Middlewares/Third_Party/FreeRTOS/Source/event_groups.o"
arm-none-eabi-gcc "../Middlewares/Third_Party/FreeRTOS/Source/list.c" -mcpu=cortex-m4 -std=gnu11 -g3 -DDEBUG -DUSE_HAL_DRIVER -DSTM32G431xx -c -I../Core/Inc -I../Drivers/STM32G4xx_HAL_Driver/Inc -I../Drivers/STM32G4xx_HAL_Driver/Inc/Legacy -I../Drivers/CMSIS/Device/ST/STM32G4xx/Include -I../Drivers/CMSIS/Include -I../Middlewares/Third_Party/FreeRTOS/Source/include -I../Middlewares/Third_Party/FreeRTOS/Source/CMSIS_RTOS_V2 -I../Middlewares/Third_Party/FreeRTOS/Source/portable/GCC/ARM_CM4F -I"C:/Users/Z0180064/Vanttec/embedded_software/can_setup/Stm32-project/libs/vanttec_CANLib/src/Vanttec_CANLib_Linux" -I"C:/Users/Z0180064/Vanttec/embedded_software/can_setup/Stm32-project/libs" -I"C:/Users/Z0180064/Vanttec/embedded_software/can_setup/Stm32-project/libs/vanttec_CANLib/src/Vanttec_CANLib" -O0 -ffunction-sections -fdata-sections -Wall -fstack-usage -MMD -MP -MF"Middlewares/Third_Party/FreeRTOS/Source/list.d" -MT"Middlewares/Third_Party/FreeRTOS/Source/list.o" --specs=nano.specs -mfpu=fpv4-sp-d16 -mfloat-abi=hard -mthumb -o "Middlewares/Third_Party/FreeRTOS/Source/list.o"
arm-none-eabi-gcc "../Middlewares/Third_Party/FreeRTOS/Source/queue.c" -mcpu=cortex-m4 -std=gnu11 -g3 -DDEBUG -DUSE_HAL_DRIVER -DSTM32G431xx -c -I../Core/Inc -I../Drivers/STM32G4xx_HAL_Driver/Inc -I../Drivers/STM32G4xx_HAL_Driver/Inc/Legacy -I../Drivers/CMSIS/Device/ST/STM32G4xx/Include -I../Drivers/CMSIS/Include -I../Middlewares/Third_Party/FreeRTOS/Source/include -I../Middlewares/Third_Party/FreeRTOS/Source/CMSIS_RTOS_V2 -I../Middlewares/Third_Party/FreeRTOS/Source/portable/GCC/ARM_CM4F -I"C:/Users/Z0180064/Vanttec/embedded_software/can_setup/Stm32-project/libs/vanttec_CANLib/src/Vanttec_CANLib_Linux" -I"C:/Users/Z0180064/Vanttec/embedded_software/can_setup/Stm32-project/libs" -I"C:/Users/Z0180064/Vanttec/embedded_software/can_setup/Stm32-project/libs/vanttec_CANLib/src/Vanttec_CANLib" -O0 -ffunction-sections -fdata-sections -Wall -fstack-usage -MMD -MP -MF"Middlewares/Third_Party/FreeRTOS/Source/queue.d" -MT"Middlewares/Third_Party/FreeRTOS/Source/queue.o" --specs=nano.specs -mfpu=fpv4-sp-d16 -mfloat-abi=hard -mthumb -o "Middlewares/Third_Party/FreeRTOS/Source/queue.o"
arm-none-eabi-gcc "../Middlewares/Third_Party/FreeRTOS/Source/stream_buffer.c" -mcpu=cortex-m4 -std=gnu11 -g3 -DDEBUG -DUSE_HAL_DRIVER -DSTM32G431xx -c -I../Core/Inc -I../Drivers/STM32G4xx_HAL_Driver/Inc -I../Drivers/STM32G4xx_HAL_Driver/Inc/Legacy -I../Drivers/CMSIS/Device/ST/STM32G4xx/Include -I../Drivers/CMSIS/Include -I../Middlewares/Third_Party/FreeRTOS/Source/include -I../Middlewares/Third_Party/FreeRTOS/Source/CMSIS_RTOS_V2 -I../Middlewares/Third_Party/FreeRTOS/Source/portable/GCC/ARM_CM4F -I"C:/Users/Z0180064/Vanttec/embedded_software/can_setup/Stm32-project/libs/vanttec_CANLib/src/Vanttec_CANLib_Linux" -I"C:/Users/Z0180064/Vanttec/embedded_software/can_setup/Stm32-project/libs" -I"C:/Users/Z0180064/Vanttec/embedded_software/can_setup/Stm32-project/libs/vanttec_CANLib/src/Vanttec_CANLib" -O0 -ffunction-sections -fdata-sections -Wall -fstack-usage -MMD -MP -MF"Middlewares/Third_Party/FreeRTOS/Source/stream_buffer.d" -MT"Middlewares/Third_Party/FreeRTOS/Source/stream_buffer.o" --specs=nano.specs -mfpu=fpv4-sp-d16 -mfloat-abi=hard -mthumb -o "Middlewares/Third_Party/FreeRTOS/Source/stream_buffer.o"
arm-none-eabi-gcc "../Middlewares/Third_Party/FreeRTOS/Source/tasks.c" -mcpu=cortex-m4 -std=gnu11 -g3 -DDEBUG -DUSE_HAL_DRIVER -DSTM32G431xx -c -I../Core/Inc -I../Drivers/STM32G4xx_HAL_Driver/Inc -I../Drivers/STM32G4xx_HAL_Driver/Inc/Legacy -I../Drivers/CMSIS/Device/ST/STM32G4xx/Include -I../Drivers/CMSIS/Include -I../Middlewares/Third_Party/FreeRTOS/Source/include -I../Middlewares/Third_Party/FreeRTOS/Source/CMSIS_RTOS_V2 -I../Middlewares/Third_Party/FreeRTOS/Source/portable/GCC/ARM_CM4F -I"C:/Users/Z0180064/Vanttec/embedded_software/can_setup/Stm32-project/libs/vanttec_CANLib/src/Vanttec_CANLib_Linux" -I"C:/Users/Z0180064/Vanttec/embedded_software/can_setup/Stm32-project/libs" -I"C:/Users/Z0180064/Vanttec/embedded_software/can_setup/Stm32-project/libs/vanttec_CANLib/src/Vanttec_CANLib" -O0 -ffunction-sections -fdata-sections -Wall -fstack-usage -MMD -MP -MF"Middlewares/Third_Party/FreeRTOS/Source/tasks.d" -MT"Middlewares/Third_Party/FreeRTOS/Source/tasks.o" --specs=nano.specs -mfpu=fpv4-sp-d16 -mfloat-abi=hard -mthumb -o "Middlewares/Third_Party/FreeRTOS/Source/tasks.o"
arm-none-eabi-gcc "../Middlewares/Third_Party/FreeRTOS/Source/timers.c" -mcpu=cortex-m4 -std=gnu11 -g3 -DDEBUG -DUSE_HAL_DRIVER -DSTM32G431xx -c -I../Core/Inc -I../Drivers/STM32G4xx_HAL_Driver/Inc -I../Drivers/STM32G4xx_HAL_Driver/Inc/Legacy -I../Drivers/CMSIS/Device/ST/STM32G4xx/Include -I../Drivers/CMSIS/Include -I../Middlewares/Third_Party/FreeRTOS/Source/include -I../Middlewares/Third_Party/FreeRTOS/Source/CMSIS_RTOS_V2 -I../Middlewares/Third_Party/FreeRTOS/Source/portable/GCC/ARM_CM4F -I"C:/Users/Z0180064/Vanttec/embedded_software/can_setup/Stm32-project/libs/vanttec_CANLib/src/Vanttec_CANLib_Linux" -I"C:/Users/Z0180064/Vanttec/embedded_software/can_setup/Stm32-project/libs" -I"C:/Users/Z0180064/Vanttec/embedded_software/can_setup/Stm32-project/libs/vanttec_CANLib/src/Vanttec_CANLib" -O0 -ffunction-sections -fdata-sections -Wall -fstack-usage -MMD -MP -MF"Middlewares/Third_Party/FreeRTOS/Source/timers.d" -MT"Middlewares/Third_Party/FreeRTOS/Source/timers.o" --specs=nano.specs -mfpu=fpv4-sp-d16 -mfloat-abi=hard -mthumb -o "Middlewares/Third_Party/FreeRTOS/Source/timers.o"
arm-none-eabi-gcc "../Drivers/STM32G4xx_HAL_Driver/Src/stm32g4xx_hal.c" -mcpu=cortex-m4 -std=gnu11 -g3 -DDEBUG -DUSE_HAL_DRIVER -DSTM32G431xx -c -I../Core/Inc -I../Drivers/STM32G4xx_HAL_Driver/Inc -I../Drivers/STM32G4xx_HAL_Driver/Inc/Legacy -I../Drivers/CMSIS/Device/ST/STM32G4xx/Include -I../Drivers/CMSIS/Include -I../Middlewares/Third_Party/FreeRTOS/Source/include -I../Middlewares/Third_Party/FreeRTOS/Source/CMSIS_RTOS_V2 -I../Middlewares/Third_Party/FreeRTOS/Source/portable/GCC/ARM_CM4F -I"C:/Users/Z0180064/Vanttec/embedded_software/can_setup/Stm32-project/libs/vanttec_CANLib/src/Vanttec_CANLib_Linux" -I"C:/Users/Z0180064/Vanttec/embedded_software/can_setup/Stm32-project/libs" -I"C:/Users/Z0180064/Vanttec/embedded_software/can_setup/Stm32-project/libs/vanttec_CANLib/src/Vanttec_CANLib" -O0 -ffunction-sections -fdata-sections -Wall -fstack-usage -MMD -MP -MF"Drivers/STM32G4xx_HAL_Driver/Src/stm32g4xx_hal.d" -MT"Drivers/STM32G4xx_HAL_Driver/Src/stm32g4xx_hal.o" --specs=nano.specs -mfpu=fpv4-sp-d16 -mfloat-abi=hard -mthumb -o "Drivers/STM32G4xx_HAL_Driver/Src/stm32g4xx_hal.o"
arm-none-eabi-gcc "../Drivers/STM32G4xx_HAL_Driver/Src/stm32g4xx_hal_cortex.c" -mcpu=cortex-m4 -std=gnu11 -g3 -DDEBUG -DUSE_HAL_DRIVER -DSTM32G431xx -c -I../Core/Inc -I../Drivers/STM32G4xx_HAL_Driver/Inc -I../Drivers/STM32G4xx_HAL_Driver/Inc/Legacy -I../Drivers/CMSIS/Device/ST/STM32G4xx/Include -I../Drivers/CMSIS/Include -I../Middlewares/Third_Party/FreeRTOS/Source/include -I../Middlewares/Third_Party/FreeRTOS/Source/CMSIS_RTOS_V2 -I../Middlewares/Third_Party/FreeRTOS/Source/portable/GCC/ARM_CM4F -I"C:/Users/Z0180064/Vanttec/embedded_software/can_setup/Stm32-project/libs/vanttec_CANLib/src/Vanttec_CANLib_Linux" -I"C:/Users/Z0180064/Vanttec/embedded_software/can_setup/Stm32-project/libs" -I"C:/Users/Z0180064/Vanttec/embedded_software/can_setup/Stm32-project/libs/vanttec_CANLib/src/Vanttec_CANLib" -O0 -ffunction-sections -fdata-sections -Wall -fstack-usage -MMD -MP -MF"Drivers/STM32G4xx_HAL_Driver/Src/stm32g4xx_hal_cortex.d" -MT"Drivers/STM32G4xx_HAL_Driver/Src/stm32g4xx_hal_cortex.o" --specs=nano.specs -mfpu=fpv4-sp-d16 -mfloat-abi=hard -mthumb -o "Drivers/STM32G4xx_HAL_Driver/Src/stm32g4xx_hal_cortex.o"
arm-none-eabi-gcc "../Drivers/STM32G4xx_HAL_Driver/Src/stm32g4xx_hal_dma.c" -mcpu=cortex-m4 -std=gnu11 -g3 -DDEBUG -DUSE_HAL_DRIVER -DSTM32G431xx -c -I../Core/Inc -I../Drivers/STM32G4xx_HAL_Driver/Inc -I../Drivers/STM32G4xx_HAL_Driver/Inc/Legacy -I../Drivers/CMSIS/Device/ST/STM32G4xx/Include -I../Drivers/CMSIS/Include -I../Middlewares/Third_Party/FreeRTOS/Source/include -I../Middlewares/Third_Party/FreeRTOS/Source/CMSIS_RTOS_V2 -I../Middlewares/Third_Party/FreeRTOS/Source/portable/GCC/ARM_CM4F -I"C:/Users/Z0180064/Vanttec/embedded_software/can_setup/Stm32-project/libs/vanttec_CANLib/src/Vanttec_CANLib_Linux" -I"C:/Users/Z0180064/Vanttec/embedded_software/can_setup/Stm32-project/libs" -I"C:/Users/Z0180064/Vanttec/embedded_software/can_setup/Stm32-project/libs/vanttec_CANLib/src/Vanttec_CANLib" -O0 -ffunction-sections -fdata-sections -Wall -fstack-usage -MMD -MP -MF"Drivers/STM32G4xx_HAL_Driver/Src/stm32g4xx_hal_dma.d" -MT"Drivers/STM32G4xx_HAL_Driver/Src/stm32g4xx_hal_dma.o" --specs=nano.specs -mfpu=fpv4-sp-d16 -mfloat-abi=hard -mthumb -o "Drivers/STM32G4xx_HAL_Driver/Src/stm32g4xx_hal_dma.o"
arm-none-eabi-gcc "../Drivers/STM32G4xx_HAL_Driver/Src/stm32g4xx_hal_dma_ex.c" -mcpu=cortex-m4 -std=gnu11 -g3 -DDEBUG -DUSE_HAL_DRIVER -DSTM32G431xx -c -I../Core/Inc -I../Drivers/STM32G4xx_HAL_Driver/Inc -I../Drivers/STM32G4xx_HAL_Driver/Inc/Legacy -I../Drivers/CMSIS/Device/ST/STM32G4xx/Include -I../Drivers/CMSIS/Include -I../Middlewares/Third_Party/FreeRTOS/Source/include -I../Middlewares/Third_Party/FreeRTOS/Source/CMSIS_RTOS_V2 -I../Middlewares/Third_Party/FreeRTOS/Source/portable/GCC/ARM_CM4F -I"C:/Users/Z0180064/Vanttec/embedded_software/can_setup/Stm32-project/libs/vanttec_CANLib/src/Vanttec_CANLib_Linux" -I"C:/Users/Z0180064/Vanttec/embedded_software/can_setup/Stm32-project/libs" -I"C:/Users/Z0180064/Vanttec/embedded_software/can_setup/Stm32-project/libs/vanttec_CANLib/src/Vanttec_CANLib" -O0 -ffunction-sections -fdata-sections -Wall -fstack-usage -MMD -MP -MF"Drivers/STM32G4xx_HAL_Driver/Src/stm32g4xx_hal_dma_ex.d" -MT"Drivers/STM32G4xx_HAL_Driver/Src/stm32g4xx_hal_dma_ex.o" --specs=nano.specs -mfpu=fpv4-sp-d16 -mfloat-abi=hard -mthumb -o "Drivers/STM32G4xx_HAL_Driver/Src/stm32g4xx_hal_dma_ex.o"
arm-none-eabi-gcc "../Drivers/STM32G4xx_HAL_Driver/Src/stm32g4xx_hal_exti.c" -mcpu=cortex-m4 -std=gnu11 -g3 -DDEBUG -DUSE_HAL_DRIVER -DSTM32G431xx -c -I../Core/Inc -I../Drivers/STM32G4xx_HAL_Driver/Inc -I../Drivers/STM32G4xx_HAL_Driver/Inc/Legacy -I../Drivers/CMSIS/Device/ST/STM32G4xx/Include -I../Drivers/CMSIS/Include -I../Middlewares/Third_Party/FreeRTOS/Source/include -I../Middlewares/Third_Party/FreeRTOS/Source/CMSIS_RTOS_V2 -I../Middlewares/Third_Party/FreeRTOS/Source/portable/GCC/ARM_CM4F -I"C:/Users/Z0180064/Vanttec/embedded_software/can_setup/Stm32-project/libs/vanttec_CANLib/src/Vanttec_CANLib_Linux" -I"C:/Users/Z0180064/Vanttec/embedded_software/can_setup/Stm32-project/libs" -I"C:/Users/Z0180064/Vanttec/embedded_software/can_setup/Stm32-project/libs/vanttec_CANLib/src/Vanttec_CANLib" -O0 -ffunction-sections -fdata-sections -Wall -fstack-usage -MMD -MP -MF"Drivers/STM32G4xx_HAL_Driver/Src/stm32g4xx_hal_exti.d" -MT"Drivers/STM32G4xx_HAL_Driver/Src/stm32g4xx_hal_exti.o" --specs=nano.specs -mfpu=fpv4-sp-d16 -mfloat-abi=hard -mthumb -o "Drivers/STM32G4xx_HAL_Driver/Src/stm32g4xx_hal_exti.o"
arm-none-eabi-gcc "../Drivers/STM32G4xx_HAL_Driver/Src/stm32g4xx_hal_fdcan.c" -mcpu=cortex-m4 -std=gnu11 -g3 -DDEBUG -DUSE_HAL_DRIVER -DSTM32G431xx -c -I../Core/Inc -I../Drivers/STM32G4xx_HAL_Driver/Inc -I../Drivers/STM32G4xx_HAL_Driver/Inc/Legacy -I../Drivers/CMSIS/Device/ST/STM32G4xx/Include -I../Drivers/CMSIS/Include -I../Middlewares/Third_Party/FreeRTOS/Source/include -I../Middlewares/Third_Party/FreeRTOS/Source/CMSIS_RTOS_V2 -I../Middlewares/Third_Party/FreeRTOS/Source/portable/GCC/ARM_CM4F -I"C:/Users/Z0180064/Vanttec/embedded_software/can_setup/Stm32-project/libs/vanttec_CANLib/src/Vanttec_CANLib_Linux" -I"C:/Users/Z0180064/Vanttec/embedded_software/can_setup/Stm32-project/libs" -I"C:/Users/Z0180064/Vanttec/embedded_software/can_setup/Stm32-project/libs/vanttec_CANLib/src/Vanttec_CANLib" -O0 -ffunction-sections -fdata-sections -Wall -fstack-usage -MMD -MP -MF"Drivers/STM32G4xx_HAL_Driver/Src/stm32g4xx_hal_fdcan.d" -MT"Drivers/STM32G4xx_HAL_Driver/Src/stm32g4xx_hal_fdcan.o" --specs=nano.specs -mfpu=fpv4-sp-d16 -mfloat-abi=hard -mthumb -o "Drivers/STM32G4xx_HAL_Driver/Src/stm32g4xx_hal_fdcan.o"
arm-none-eabi-gcc "../Drivers/STM32G4xx_HAL_Driver/Src/stm32g4xx_hal_flash.c" -mcpu=cortex-m4 -std=gnu11 -g3 -DDEBUG -DUSE_HAL_DRIVER -DSTM32G431xx -c -I../Core/Inc -I../Drivers/STM32G4xx_HAL_Driver/Inc -I../Drivers/STM32G4xx_HAL_Driver/Inc/Legacy -I../Drivers/CMSIS/Device/ST/STM32G4xx/Include -I../Drivers/CMSIS/Include -I../Middlewares/Third_Party/FreeRTOS/Source/include -I../Middlewares/Third_Party/FreeRTOS/Source/CMSIS_RTOS_V2 -I../Middlewares/Third_Party/FreeRTOS/Source/portable/GCC/ARM_CM4F -I"C:/Users/Z0180064/Vanttec/embedded_software/can_setup/Stm32-project/libs/vanttec_CANLib/src/Vanttec_CANLib_Linux" -I"C:/Users/Z0180064/Vanttec/embedded_software/can_setup/Stm32-project/libs" -I"C:/Users/Z0180064/Vanttec/embedded_software/can_setup/Stm32-project/libs/vanttec_CANLib/src/Vanttec_CANLib" -O0 -ffunction-sections -fdata-sections -Wall -fstack-usage -MMD -MP -MF"Drivers/STM32G4xx_HAL_Driver/Src/stm32g4xx_hal_flash.d" -MT"Drivers/STM32G4xx_HAL_Driver/Src/stm32g4xx_hal_flash.o" --specs=nano.specs -mfpu=fpv4-sp-d16 -mfloat-abi=hard -mthumb -o "Drivers/STM32G4xx_HAL_Driver/Src/stm32g4xx_hal_flash.o"
arm-none-eabi-gcc "../Drivers/STM32G4xx_HAL_Driver/Src/stm32g4xx_hal_flash_ex.c" -mcpu=cortex-m4 -std=gnu11 -g3 -DDEBUG -DUSE_HAL_DRIVER -DSTM32G431xx -c -I../Core/Inc -I../Drivers/STM32G4xx_HAL_Driver/Inc -I../Drivers/STM32G4xx_HAL_Driver/Inc/Legacy -I../Drivers/CMSIS/Device/ST/STM32G4xx/Include -I../Drivers/CMSIS/Include -I../Middlewares/Third_Party/FreeRTOS/Source/include -I../Middlewares/Third_Party/FreeRTOS/Source/CMSIS_RTOS_V2 -I../Middlewares/Third_Party/FreeRTOS/Source/portable/GCC/ARM_CM4F -I"C:/Users/Z0180064/Vanttec/embedded_software/can_setup/Stm32-project/libs/vanttec_CANLib/src/Vanttec_CANLib_Linux" -I"C:/Users/Z0180064/Vanttec/embedded_software/can_setup/Stm32-project/libs" -I"C:/Users/Z0180064/Vanttec/embedded_software/can_setup/Stm32-project/libs/vanttec_CANLib/src/Vanttec_CANLib" -O0 -ffunction-sections -fdata-sections -Wall -fstack-usage -MMD -MP -MF"Drivers/STM32G4xx_HAL_Driver/Src/stm32g4xx_hal_flash_ex.d" -MT"Drivers/STM32G4xx_HAL_Driver/Src/stm32g4xx_hal_flash_ex.o" --specs=nano.specs -mfpu=fpv4-sp-d16 -mfloat-abi=hard -mthumb -o "Drivers/STM32G4xx_HAL_Driver/Src/stm32g4xx_hal_flash_ex.o"
arm-none-eabi-gcc "../Drivers/STM32G4xx_HAL_Driver/Src/stm32g4xx_hal_flash_ramfunc.c" -mcpu=cortex-m4 -std=gnu11 -g3 -DDEBUG -DUSE_HAL_DRIVER -DSTM32G431xx -c -I../Core/Inc -I../Drivers/STM32G4xx_HAL_Driver/Inc -I../Drivers/STM32G4xx_HAL_Driver/Inc/Legacy -I../Drivers/CMSIS/Device/ST/STM32G4xx/Include -I../Drivers/CMSIS/Include -I../Middlewares/Third_Party/FreeRTOS/Source/include -I../Middlewares/Third_Party/FreeRTOS/Source/CMSIS_RTOS_V2 -I../Middlewares/Third_Party/FreeRTOS/Source/portable/GCC/ARM_CM4F -I"C:/Users/Z0180064/Vanttec/embedded_software/can_setup/Stm32-project/libs/vanttec_CANLib/src/Vanttec_CANLib_Linux" -I"C:/Users/Z0180064/Vanttec/embedded_software/can_setup/Stm32-project/libs" -I"C:/Users/Z0180064/Vanttec/embedded_software/can_setup/Stm32-project/libs/vanttec_CANLib/src/Vanttec_CANLib" -O0 -ffunction-sections -fdata-sections -Wall -fstack-usage -MMD -MP -MF"Drivers/STM32G4xx_HAL_Driver/Src/stm32g4xx_hal_flash_ramfunc.d" -MT"Drivers/STM32G4xx_HAL_Driver/Src/stm32g4xx_hal_flash_ramfunc.o" --specs=nano.specs -mfpu=fpv4-sp-d16 -mfloat-abi=hard -mthumb -o "Drivers/STM32G4xx_HAL_Driver/Src/stm32g4xx_hal_flash_ramfunc.o"
arm-none-eabi-gcc "../Drivers/STM32G4xx_HAL_Driver/Src/stm32g4xx_hal_gpio.c" -mcpu=cortex-m4 -std=gnu11 -g3 -DDEBUG -DUSE_HAL_DRIVER -DSTM32G431xx -c -I../Core/Inc -I../Drivers/STM32G4xx_HAL_Driver/Inc -I../Drivers/STM32G4xx_HAL_Driver/Inc/Legacy -I../Drivers/CMSIS/Device/ST/STM32G4xx/Include -I../Drivers/CMSIS/Include -I../Middlewares/Third_Party/FreeRTOS/Source/include -I../Middlewares/Third_Party/FreeRTOS/Source/CMSIS_RTOS_V2 -I../Middlewares/Third_Party/FreeRTOS/Source/portable/GCC/ARM_CM4F -I"C:/Users/Z0180064/Vanttec/embedded_software/can_setup/Stm32-project/libs/vanttec_CANLib/src/Vanttec_CANLib_Linux" -I"C:/Users/Z0180064/Vanttec/embedded_software/can_setup/Stm32-project/libs" -I"C:/Users/Z0180064/Vanttec/embedded_software/can_setup/Stm32-project/libs/vanttec_CANLib/src/Vanttec_CANLib" -O0 -ffunction-sections -fdata-sections -Wall -fstack-usage -MMD -MP -MF"Drivers/STM32G4xx_HAL_Driver/Src/stm32g4xx_hal_gpio.d" -MT"Drivers/STM32G4xx_HAL_Driver/Src/stm32g4xx_hal_gpio.o" --specs=nano.specs -mfpu=fpv4-sp-d16 -mfloat-abi=hard -mthumb -o "Drivers/STM32G4xx_HAL_Driver/Src/stm32g4xx_hal_gpio.o"
arm-none-eabi-gcc "../Drivers/STM32G4xx_HAL_Driver/Src/stm32g4xx_hal_pwr.c" -mcpu=cortex-m4 -std=gnu11 -g3 -DDEBUG -DUSE_HAL_DRIVER -DSTM32G431xx -c -I../Core/Inc -I../Drivers/STM32G4xx_HAL_Driver/Inc -I../Drivers/STM32G4xx_HAL_Driver/Inc/Legacy -I../Drivers/CMSIS/Device/ST/STM32G4xx/Include -I../Drivers/CMSIS/Include -I../Middlewares/Third_Party/FreeRTOS/Source/include -I../Middlewares/Third_Party/FreeRTOS/Source/CMSIS_RTOS_V2 -I../Middlewares/Third_Party/FreeRTOS/Source/portable/GCC/ARM_CM4F -I"C:/Users/Z0180064/Vanttec/embedded_software/can_setup/Stm32-project/libs/vanttec_CANLib/src/Vanttec_CANLib_Linux" -I"C:/Users/Z0180064/Vanttec/embedded_software/can_setup/Stm32-project/libs" -I"C:/Users/Z0180064/Vanttec/embedded_software/can_setup/Stm32-project/libs/vanttec_CANLib/src/Vanttec_CANLib" -O0 -ffunction-sections -fdata-sections -Wall -fstack-usage -MMD -MP -MF"Drivers/STM32G4xx_HAL_Driver/Src/stm32g4xx_hal_pwr.d" -MT"Drivers/STM32G4xx_HAL_Driver/Src/stm32g4xx_hal_pwr.o" --specs=nano.specs -mfpu=fpv4-sp-d16 -mfloat-abi=hard -mthumb -o "Drivers/STM32G4xx_HAL_Driver/Src/stm32g4xx_hal_pwr.o"
arm-none-eabi-gcc "../Drivers/STM32G4xx_HAL_Driver/Src/stm32g4xx_hal_pwr_ex.c" -mcpu=cortex-m4 -std=gnu11 -g3 -DDEBUG -DUSE_HAL_DRIVER -DSTM32G431xx -c -I../Core/Inc -I../Drivers/STM32G4xx_HAL_Driver/Inc -I../Drivers/STM32G4xx_HAL_Driver/Inc/Legacy -I../Drivers/CMSIS/Device/ST/STM32G4xx/Include -I../Drivers/CMSIS/Include -I../Middlewares/Third_Party/FreeRTOS/Source/include -I../Middlewares/Third_Party/FreeRTOS/Source/CMSIS_RTOS_V2 -I../Middlewares/Third_Party/FreeRTOS/Source/portable/GCC/ARM_CM4F -I"C:/Users/Z0180064/Vanttec/embedded_software/can_setup/Stm32-project/libs/vanttec_CANLib/src/Vanttec_CANLib_Linux" -I"C:/Users/Z0180064/Vanttec/embedded_software/can_setup/Stm32-project/libs" -I"C:/Users/Z0180064/Vanttec/embedded_software/can_setup/Stm32-project/libs/vanttec_CANLib/src/Vanttec_CANLib" -O0 -ffunction-sections -fdata-sections -Wall -fstack-usage -MMD -MP -MF"Drivers/STM32G4xx_HAL_Driver/Src/stm32g4xx_hal_pwr_ex.d" -MT"Drivers/STM32G4xx_HAL_Driver/Src/stm32g4xx_hal_pwr_ex.o" --specs=nano.specs -mfpu=fpv4-sp-d16 -mfloat-abi=hard -mthumb -o "Drivers/STM32G4xx_HAL_Driver/Src/stm32g4xx_hal_pwr_ex.o"
arm-none-eabi-gcc "../Drivers/STM32G4xx_HAL_Driver/Src/stm32g4xx_hal_rcc.c" -mcpu=cortex-m4 -std=gnu11 -g3 -DDEBUG -DUSE_HAL_DRIVER -DSTM32G431xx -c -I../Core/Inc -I../Drivers/STM32G4xx_HAL_Driver/Inc -I../Drivers/STM32G4xx_HAL_Driver/Inc/Legacy -I../Drivers/CMSIS/Device/ST/STM32G4xx/Include -I../Drivers/CMSIS/Include -I../Middlewares/Third_Party/FreeRTOS/Source/include -I../Middlewares/Third_Party/FreeRTOS/Source/CMSIS_RTOS_V2 -I../Middlewares/Third_Party/FreeRTOS/Source/portable/GCC/ARM_CM4F -I"C:/Users/Z0180064/Vanttec/embedded_software/can_setup/Stm32-project/libs/vanttec_CANLib/src/Vanttec_CANLib_Linux" -I"C:/Users/Z0180064/Vanttec/embedded_software/can_setup/Stm32-project/libs" -I"C:/Users/Z0180064/Vanttec/embedded_software/can_setup/Stm32-project/libs/vanttec_CANLib/src/Vanttec_CANLib" -O0 -ffunction-sections -fdata-sections -Wall -fstack-usage -MMD -MP -MF"Drivers/STM32G4xx_HAL_Driver/Src/stm32g4xx_hal_rcc.d" -MT"Drivers/STM32G4xx_HAL_Driver/Src/stm32g4xx_hal_rcc.o" --specs=nano.specs -mfpu=fpv4-sp-d16 -mfloat-abi=hard -mthumb -o "Drivers/STM32G4xx_HAL_Driver/Src/stm32g4xx_hal_rcc.o"
arm-none-eabi-gcc "../Drivers/STM32G4xx_HAL_Driver/Src/stm32g4xx_hal_rcc_ex.c" -mcpu=cortex-m4 -std=gnu11 -g3 -DDEBUG -DUSE_HAL_DRIVER -DSTM32G431xx -c -I../Core/Inc -I../Drivers/STM32G4xx_HAL_Driver/Inc -I../Drivers/STM32G4xx_HAL_Driver/Inc/Legacy -I../Drivers/CMSIS/Device/ST/STM32G4xx/Include -I../Drivers/CMSIS/Include -I../Middlewares/Third_Party/FreeRTOS/Source/include -I../Middlewares/Third_Party/FreeRTOS/Source/CMSIS_RTOS_V2 -I../Middlewares/Third_Party/FreeRTOS/Source/portable/GCC/ARM_CM4F -I"C:/Users/Z0180064/Vanttec/embedded_software/can_setup/Stm32-project/libs/vanttec_CANLib/src/Vanttec_CANLib_Linux" -I"C:/Users/Z0180064/Vanttec/embedded_software/can_setup/Stm32-project/libs" -I"C:/Users/Z0180064/Vanttec/embedded_software/can_setup/Stm32-project/libs/vanttec_CANLib/src/Vanttec_CANLib" -O0 -ffunction-sections -fdata-sections -Wall -fstack-usage -MMD -MP -MF"Drivers/STM32G4xx_HAL_Driver/Src/stm32g4xx_hal_rcc_ex.d" -MT"Drivers/STM32G4xx_HAL_Driver/Src/stm32g4xx_hal_rcc_ex.o" --specs=nano.specs -mfpu=fpv4-sp-d16 -mfloat-abi=hard -mthumb -o "Drivers/STM32G4xx_HAL_Driver/Src/stm32g4xx_hal_rcc_ex.o"
arm-none-eabi-gcc -mcpu=cortex-m4 -g3 -DDEBUG -c -I"C:/Users/Z0180064/Vanttec/embedded_software/can_setup/Stm32-project/libs/vanttec_CANLib/src/Vanttec_CANLib_Linux" -I"C:/Users/Z0180064/Vanttec/embedded_software/can_setup/Stm32-project/libs" -x assembler-with-cpp -MMD -MP -MF"Core/Startup/startup_stm32g431kbux.d" -MT"Core/Startup/startup_stm32g431kbux.o" --specs=nano.specs -mfpu=fpv4-sp-d16 -mfloat-abi=hard -mthumb -o "Core/Startup/startup_stm32g431kbux.o" "../Core/Startup/startup_stm32g431kbux.s"
arm-none-eabi-gcc "../Core/Src/SDV/sdv_main.c" -mcpu=cortex-m4 -std=gnu11 -g3 -DDEBUG -DUSE_HAL_DRIVER -DSTM32G431xx -c -I../Core/Inc -I../Drivers/STM32G4xx_HAL_Driver/Inc -I../Drivers/STM32G4xx_HAL_Driver/Inc/Legacy -I../Drivers/CMSIS/Device/ST/STM32G4xx/Include -I../Drivers/CMSIS/Include -I../Middlewares/Third_Party/FreeRTOS/Source/include -I../Middlewares/Third_Party/FreeRTOS/Source/CMSIS_RTOS_V2 -I../Middlewares/Third_Party/FreeRTOS/Source/portable/GCC/ARM_CM4F -I"C:/Users/Z0180064/Vanttec/embedded_software/can_setup/Stm32-project/libs/vanttec_CANLib/src/Vanttec_CANLib_Linux" -I"C:/Users/Z0180064/Vanttec/embedded_software/can_setup/Stm32-project/libs" -I"C:/Users/Z0180064/Vanttec/embedded_software/can_setup/Stm32-project/libs/vanttec_CANLib/src/Vanttec_CANLib" -O0 -ffunction-sections -fdata-sections -Wall -fstack-usage -MMD -MP -MF"Core/Src/SDV/sdv_main.d" -MT"Core/Src/SDV/sdv_main.o" --specs=nano.specs -mfpu=fpv4-sp-d16 -mfloat-abi=hard -mthumb -o "Core/Src/SDV/sdv_main.o"
arm-none-eabi-gcc "../Core/Src/CAN/can.c" -mcpu=cortex-m4 -std=gnu11 -g3 -DDEBUG -DUSE_HAL_DRIVER -DSTM32G431xx -c -I../Core/Inc -I../Drivers/STM32G4xx_HAL_Driver/Inc -I../Drivers/STM32G4xx_HAL_Driver/Inc/Legacy -I../Drivers/CMSIS/Device/ST/STM32G4xx/Include -I../Drivers/CMSIS/Include -I../Middlewares/Third_Party/FreeRTOS/Source/include -I../Middlewares/Third_Party/FreeRTOS/Source/CMSIS_RTOS_V2 -I../Middlewares/Third_Party/FreeRTOS/Source/portable/GCC/ARM_CM4F -I"C:/Users/Z0180064/Vanttec/embedded_software/can_setup/Stm32-project/libs/vanttec_CANLib/src/Vanttec_CANLib_Linux" -I"C:/Users/Z0180064/Vanttec/embedded_software/can_setup/Stm32-project/libs" -I"C:/Users/Z0180064/Vanttec/embedded_software/can_setup/Stm32-project/libs/vanttec_CANLib/src/Vanttec_CANLib" -O0 -ffunction-sections -fdata-sections -Wall -fstack-usage -MMD -MP -MF"Core/Src/CAN/can.d" -MT"Core/Src/CAN/can.o" --specs=nano.specs -mfpu=fpv4-sp-d16 -mfloat-abi=hard -mthumb -o "Core/Src/CAN/can.o"
arm-none-eabi-gcc "../Core/Src/CAN/can_bus.c" -mcpu=cortex-m4 -std=gnu11 -g3 -DDEBUG -DUSE_HAL_DRIVER -DSTM32G431xx -c -I../Core/Inc -I../Drivers/STM32G4xx_HAL_Driver/Inc -I../Drivers/STM32G4xx_HAL_Driver/Inc/Legacy -I../Drivers/CMSIS/Device/ST/STM32G4xx/Include -I../Drivers/CMSIS/Include -I../Middlewares/Third_Party/FreeRTOS/Source/include -I../Middlewares/Third_Party/FreeRTOS/Source/CMSIS_RTOS_V2 -I../Middlewares/Third_Party/FreeRTOS/Source/portable/GCC/ARM_CM4F -I"C:/Users/Z0180064/Vanttec/embedded_software/can_setup/Stm32-project/libs/vanttec_CANLib/src/Vanttec_CANLib_Linux" -I"C:/Users/Z0180064/Vanttec/embedded_software/can_setup/Stm32-project/libs" -I"C:/Users/Z0180064/Vanttec/embedded_software/can_setup/Stm32-project/libs/vanttec_CANLib/src/Vanttec_CANLib" -O0 -ffunction-sections -fdata-sections -Wall -fstack-usage -MMD -MP -MF"Core/Src/CAN/can_bus.d" -MT"Core/Src/CAN/can_bus.o" --specs=nano.specs -mfpu=fpv4-sp-d16 -mfloat-abi=hard -mthumb -o "Core/Src/CAN/can_bus.o"
arm-none-eabi-gcc "../Core/Src/CAN/can_bus_parser.c" -mcpu=cortex-m4 -std=gnu11 -g3 -DDEBUG -DUSE_HAL_DRIVER -DSTM32G431xx -c -I../Core/Inc -I../Drivers/STM32G4xx_HAL_Driver/Inc -I../Drivers/STM32G4xx_HAL_Driver/Inc/Legacy -I../Drivers/CMSIS/Device/ST/STM32G4xx/Include -I../Drivers/CMSIS/Include -I../Middlewares/Third_Party/FreeRTOS/Source/include -I../Middlewares/Third_Party/FreeRTOS/Source/CMSIS_RTOS_V2 -I../Middlewares/Third_Party/FreeRTOS/Source/portable/GCC/ARM_CM4F -I"C:/Users/Z0180064/Vanttec/embedded_software/can_setup/Stm32-project/libs/vanttec_CANLib/src/Vanttec_CANLib_Linux" -I"C:/Users/Z0180064/Vanttec/embedded_software/can_setup/Stm32-project/libs" -I"C:/Users/Z0180064/Vanttec/embedded_software/can_setup/Stm32-project/libs/vanttec_CANLib/src/Vanttec_CANLib" -O0 -ffunction-sections -fdata-sections -Wall -fstack-usage -MMD -MP -MF"Core/Src/CAN/can_bus_parser.d" -MT"Core/Src/CAN/can_bus_parser.o" --specs=nano.specs -mfpu=fpv4-sp-d16 -mfloat-abi=hard -mthumb -o "Core/Src/CAN/can_bus_parser.o"
arm-none-eabi-gcc "../Core/Src/CAN/can_bus_task.c" -mcpu=cortex-m4 -std=gnu11 -g3 -DDEBUG -DUSE_HAL_DRIVER -DSTM32G431xx -c -I../Core/Inc -I../Drivers/STM32G4xx_HAL_Driver/Inc -I../Drivers/STM32G4xx_HAL_Driver/Inc/Legacy -I../Drivers/CMSIS/Device/ST/STM32G4xx/Include -I../Drivers/CMSIS/Include -I../Middlewares/Third_Party/FreeRTOS/Source/include -I../Middlewares/Third_Party/FreeRTOS/Source/CMSIS_RTOS_V2 -I../Middlewares/Third_Party/FreeRTOS/Source/portable/GCC/ARM_CM4F -I"C:/Users/Z0180064/Vanttec/embedded_software/can_setup/Stm32-project/libs/vanttec_CANLib/src/Vanttec_CANLib_Linux" -I"C:/Users/Z0180064/Vanttec/embedded_software/can_setup/Stm32-project/libs" -I"C:/Users/Z0180064/Vanttec/embedded_software/can_setup/Stm32-project/libs/vanttec_CANLib/src/Vanttec_CANLib" -O0 -ffunction-sections -fdata-sections -Wall -fstack-usage -MMD -MP -MF"Core/Src/CAN/can_bus_task.d" -MT"Core/Src/CAN/can_bus_task.o" --specs=nano.specs -mfpu=fpv4-sp-d16 -mfloat-abi=hard -mthumb -o "Core/Src/CAN/can_bus_task.o"
arm-none-eabi-gcc "../Core/Src/CAN/can_bus_tx_tasks.c" -mcpu=cortex-m4 -std=gnu11 -g3 -DDEBUG -DUSE_HAL_DRIVER -DSTM32G431xx -c -I../Core/Inc -I../Drivers/STM32G4xx_HAL_Driver/Inc -I../Drivers/STM32G4xx_HAL_Driver/Inc/Legacy -I../Drivers/CMSIS/Device/ST/STM32G4xx/Include -I../Drivers/CMSIS/Include -I../Middlewares/Third_Party/FreeRTOS/Source/include -I../Middlewares/Third_Party/FreeRTOS/Source/CMSIS_RTOS_V2 -I../Middlewares/Third_Party/FreeRTOS/Source/portable/GCC/ARM_CM4F -I"C:/Users/Z0180064/Vanttec/embedded_software/can_setup/Stm32-project/libs/vanttec_CANLib/src/Vanttec_CANLib_Linux" -I"C:/Users/Z0180064/Vanttec/embedded_software/can_setup/Stm32-project/libs" -I"C:/Users/Z0180064/Vanttec/embedded_software/can_setup/Stm32-project/libs/vanttec_CANLib/src/Vanttec_CANLib" -O0 -ffunction-sections -fdata-sections -Wall -fstack-usage -MMD -MP -MF"Core/Src/CAN/can_bus_tx_tasks.d" -MT"Core/Src/CAN/can_bus_tx_tasks.o" --specs=nano.specs -mfpu=fpv4-sp-d16 -mfloat-abi=hard -mthumb -o "Core/Src/CAN/can_bus_tx_tasks.o"
../Core/Src/CAN/can.c: In function 'handle_debug_msg_queue':
../Core/Src/CAN/can.c:42:53: warning: passing argument 3 of 'HAL_FDCAN_AddMessageToTxFifoQ' from incompatible pointer type [-Wincompatible-pointer-types]
   42 |  HAL_FDCAN_AddMessageToTxFifoQ(&hfdcan1, &txHeader, &txMailbox);
      |                                                     ^~~~~~~~~~
      |                                                     |
      |                                                     uint32_t * {aka long unsigned int *}
In file included from ../Core/Inc/stm32g4xx_hal_conf.h:256,
                 from ../Drivers/STM32G4xx_HAL_Driver/Inc/stm32g4xx_hal.h:29,
                 from ../Core/Src/CAN/can.c:9:
../Drivers/STM32G4xx_HAL_Driver/Inc/stm32g4xx_hal_fdcan.h:1204:58: note: expected 'uint8_t *' {aka 'unsigned char *'} but argument is of type 'uint32_t *' {aka 'long unsigned int *'}
 1204 |                                                 uint8_t *pTxData);
      |                                                 ~~~~~~~~~^~~~~~~
../Core/Src/CAN/can.c: In function 'queue_can_msg_byte':
../Core/Src/CAN/can.c:76:17: warning: implicit declaration of function 'can_pack_byte' [-Wimplicit-function-declaration]
   76 |  out.msg_size = can_pack_byte(id, data, out.buf, sizeof(out.buf));
      |                 ^~~~~~~~~~~~~
../Core/Src/CAN/can.c:77:13: warning: unused variable 'ret' [-Wunused-variable]
   77 |  osStatus_t ret = osMessageQueuePut(txMessageQueue, &out, 0, 10);
      |             ^~~
../Core/Src/CAN/can.c: In function 'queue_can_msg_long':
../Core/Src/CAN/can.c:82:17: warning: implicit declaration of function 'can_pack_long' [-Wimplicit-function-declaration]
   82 |  out.msg_size = can_pack_long(id, data, out.buf, sizeof(out.buf));
      |                 ^~~~~~~~~~~~~
../Core/Src/CAN/can.c: In function 'queue_can_msg_short':
../Core/Src/CAN/can.c:88:17: warning: implicit declaration of function 'can_pack_short' [-Wimplicit-function-declaration]
   88 |  out.msg_size = can_pack_short(id, data, out.buf, sizeof(out.buf));
      |                 ^~~~~~~~~~~~~~
../Core/Src/CAN/can.c: In function 'queue_can_msg_float':
../Core/Src/CAN/can.c:94:17: warning: implicit declaration of function 'can_pack_float' [-Wimplicit-function-declaration]
   94 |  out.msg_size = can_pack_float(id, data, out.buf, sizeof(out.buf));
      |                 ^~~~~~~~~~~~~~
arm-none-eabi-gcc "../Core/Src/app_freertos.c" -mcpu=cortex-m4 -std=gnu11 -g3 -DDEBUG -DUSE_HAL_DRIVER -DSTM32G431xx -c -I../Core/Inc -I../Drivers/STM32G4xx_HAL_Driver/Inc -I../Drivers/STM32G4xx_HAL_Driver/Inc/Legacy -I../Drivers/CMSIS/Device/ST/STM32G4xx/Include -I../Drivers/CMSIS/Include -I../Middlewares/Third_Party/FreeRTOS/Source/include -I../Middlewares/Third_Party/FreeRTOS/Source/CMSIS_RTOS_V2 -I../Middlewares/Third_Party/FreeRTOS/Source/portable/GCC/ARM_CM4F -I"C:/Users/Z0180064/Vanttec/embedded_software/can_setup/Stm32-project/libs/vanttec_CANLib/src/Vanttec_CANLib_Linux" -I"C:/Users/Z0180064/Vanttec/embedded_software/can_setup/Stm32-project/libs" -I"C:/Users/Z0180064/Vanttec/embedded_software/can_setup/Stm32-project/libs/vanttec_CANLib/src/Vanttec_CANLib" -O0 -ffunction-sections -fdata-sections -Wall -fstack-usage -MMD -MP -MF"Core/Src/app_freertos.d" -MT"Core/Src/app_freertos.o" --specs=nano.specs -mfpu=fpv4-sp-d16 -mfloat-abi=hard -mthumb -o "Core/Src/app_freertos.o"
../Core/Src/CAN/can_bus_task.c: In function 'can_init':
../Core/Src/CAN/can_bus_task.c:76:3: warning: implicit declaration of function 'Error_Handler' [-Wimplicit-function-declaration]
   76 |   Error_Handler();
      |   ^~~~~~~~~~~~~
arm-none-eabi-gcc "../Core/Src/main.c" -mcpu=cortex-m4 -std=gnu11 -g3 -DDEBUG -DUSE_HAL_DRIVER -DSTM32G431xx -c -I../Core/Inc -I../Drivers/STM32G4xx_HAL_Driver/Inc -I../Drivers/STM32G4xx_HAL_Driver/Inc/Legacy -I../Drivers/CMSIS/Device/ST/STM32G4xx/Include -I../Drivers/CMSIS/Include -I../Middlewares/Third_Party/FreeRTOS/Source/include -I../Middlewares/Third_Party/FreeRTOS/Source/CMSIS_RTOS_V2 -I../Middlewares/Third_Party/FreeRTOS/Source/portable/GCC/ARM_CM4F -I"C:/Users/Z0180064/Vanttec/embedded_software/can_setup/Stm32-project/libs/vanttec_CANLib/src/Vanttec_CANLib_Linux" -I"C:/Users/Z0180064/Vanttec/embedded_software/can_setup/Stm32-project/libs" -I"C:/Users/Z0180064/Vanttec/embedded_software/can_setup/Stm32-project/libs/vanttec_CANLib/src/Vanttec_CANLib" -O0 -ffunction-sections -fdata-sections -Wall -fstack-usage -MMD -MP -MF"Core/Src/main.d" -MT"Core/Src/main.o" --specs=nano.specs -mfpu=fpv4-sp-d16 -mfloat-abi=hard -mthumb -o "Core/Src/main.o"
../Core/Src/CAN/can_bus_tx_tasks.c: In function 'can_hb_tx_task':
../Core/Src/CAN/can_bus_tx_tasks.c:48:37: warning: implicit declaration of function 'HAL_GetTick' [-Wimplicit-function-declaration]
   48 |   queue_can_msg_short(HEARTBEAT_ID, HAL_GetTick());
      |                                     ^~~~~~~~~~~
At top level:
../Core/Src/CAN/can_bus_tx_tasks.c:33:29: warning: 'batteryTask_attributes' defined but not used [-Wunused-const-variable=]
   33 | static const osThreadAttr_t batteryTask_attributes = {
      |                             ^~~~~~~~~~~~~~~~~~~~~~
arm-none-eabi-gcc "../Core/Src/stm32g4xx_hal_msp.c" -mcpu=cortex-m4 -std=gnu11 -g3 -DDEBUG -DUSE_HAL_DRIVER -DSTM32G431xx -c -I../Core/Inc -I../Drivers/STM32G4xx_HAL_Driver/Inc -I../Drivers/STM32G4xx_HAL_Driver/Inc/Legacy -I../Drivers/CMSIS/Device/ST/STM32G4xx/Include -I../Drivers/CMSIS/Include -I../Middlewares/Third_Party/FreeRTOS/Source/include -I../Middlewares/Third_Party/FreeRTOS/Source/CMSIS_RTOS_V2 -I../Middlewares/Third_Party/FreeRTOS/Source/portable/GCC/ARM_CM4F -I"C:/Users/Z0180064/Vanttec/embedded_software/can_setup/Stm32-project/libs/vanttec_CANLib/src/Vanttec_CANLib_Linux" -I"C:/Users/Z0180064/Vanttec/embedded_software/can_setup/Stm32-project/libs" -I"C:/Users/Z0180064/Vanttec/embedded_software/can_setup/Stm32-project/libs/vanttec_CANLib/src/Vanttec_CANLib" -O0 -ffunction-sections -fdata-sections -Wall -fstack-usage -MMD -MP -MF"Core/Src/stm32g4xx_hal_msp.d" -MT"Core/Src/stm32g4xx_hal_msp.o" --specs=nano.specs -mfpu=fpv4-sp-d16 -mfloat-abi=hard -mthumb -o "Core/Src/stm32g4xx_hal_msp.o"
arm-none-eabi-gcc "../Core/Src/stm32g4xx_it.c" -mcpu=cortex-m4 -std=gnu11 -g3 -DDEBUG -DUSE_HAL_DRIVER -DSTM32G431xx -c -I../Core/Inc -I../Drivers/STM32G4xx_HAL_Driver/Inc -I../Drivers/STM32G4xx_HAL_Driver/Inc/Legacy -I../Drivers/CMSIS/Device/ST/STM32G4xx/Include -I../Drivers/CMSIS/Include -I../Middlewares/Third_Party/FreeRTOS/Source/include -I../Middlewares/Third_Party/FreeRTOS/Source/CMSIS_RTOS_V2 -I../Middlewares/Third_Party/FreeRTOS/Source/portable/GCC/ARM_CM4F -I"C:/Users/Z0180064/Vanttec/embedded_software/can_setup/Stm32-project/libs/vanttec_CANLib/src/Vanttec_CANLib_Linux" -I"C:/Users/Z0180064/Vanttec/embedded_software/can_setup/Stm32-project/libs" -I"C:/Users/Z0180064/Vanttec/embedded_software/can_setup/Stm32-project/libs/vanttec_CANLib/src/Vanttec_CANLib" -O0 -ffunction-sections -fdata-sections -Wall -fstack-usage -MMD -MP -MF"Core/Src/stm32g4xx_it.d" -MT"Core/Src/stm32g4xx_it.o" --specs=nano.specs -mfpu=fpv4-sp-d16 -mfloat-abi=hard -mthumb -o "Core/Src/stm32g4xx_it.o"
arm-none-eabi-gcc "../Core/Src/syscalls.c" -mcpu=cortex-m4 -std=gnu11 -g3 -DDEBUG -DUSE_HAL_DRIVER -DSTM32G431xx -c -I../Core/Inc -I../Drivers/STM32G4xx_HAL_Driver/Inc -I../Drivers/STM32G4xx_HAL_Driver/Inc/Legacy -I../Drivers/CMSIS/Device/ST/STM32G4xx/Include -I../Drivers/CMSIS/Include -I../Middlewares/Third_Party/FreeRTOS/Source/include -I../Middlewares/Third_Party/FreeRTOS/Source/CMSIS_RTOS_V2 -I../Middlewares/Third_Party/FreeRTOS/Source/portable/GCC/ARM_CM4F -I"C:/Users/Z0180064/Vanttec/embedded_software/can_setup/Stm32-project/libs/vanttec_CANLib/src/Vanttec_CANLib_Linux" -I"C:/Users/Z0180064/Vanttec/embedded_software/can_setup/Stm32-project/libs" -I"C:/Users/Z0180064/Vanttec/embedded_software/can_setup/Stm32-project/libs/vanttec_CANLib/src/Vanttec_CANLib" -O0 -ffunction-sections -fdata-sections -Wall -fstack-usage -MMD -MP -MF"Core/Src/syscalls.d" -MT"Core/Src/syscalls.o" --specs=nano.specs -mfpu=fpv4-sp-d16 -mfloat-abi=hard -mthumb -o "Core/Src/syscalls.o"
arm-none-eabi-gcc "../Core/Src/sysmem.c" -mcpu=cortex-m4 -std=gnu11 -g3 -DDEBUG -DUSE_HAL_DRIVER -DSTM32G431xx -c -I../Core/Inc -I../Drivers/STM32G4xx_HAL_Driver/Inc -I../Drivers/STM32G4xx_HAL_Driver/Inc/Legacy -I../Drivers/CMSIS/Device/ST/STM32G4xx/Include -I../Drivers/CMSIS/Include -I../Middlewares/Third_Party/FreeRTOS/Source/include -I../Middlewares/Third_Party/FreeRTOS/Source/CMSIS_RTOS_V2 -I../Middlewares/Third_Party/FreeRTOS/Source/portable/GCC/ARM_CM4F -I"C:/Users/Z0180064/Vanttec/embedded_software/can_setup/Stm32-project/libs/vanttec_CANLib/src/Vanttec_CANLib_Linux" -I"C:/Users/Z0180064/Vanttec/embedded_software/can_setup/Stm32-project/libs" -I"C:/Users/Z0180064/Vanttec/embedded_software/can_setup/Stm32-project/libs/vanttec_CANLib/src/Vanttec_CANLib" -O0 -ffunction-sections -fdata-sections -Wall -fstack-usage -MMD -MP -MF"Core/Src/sysmem.d" -MT"Core/Src/sysmem.o" --specs=nano.specs -mfpu=fpv4-sp-d16 -mfloat-abi=hard -mthumb -o "Core/Src/sysmem.o"
arm-none-eabi-gcc "../Core/Src/system_stm32g4xx.c" -mcpu=cortex-m4 -std=gnu11 -g3 -DDEBUG -DUSE_HAL_DRIVER -DSTM32G431xx -c -I../Core/Inc -I../Drivers/STM32G4xx_HAL_Driver/Inc -I../Drivers/STM32G4xx_HAL_Driver/Inc/Legacy -I../Drivers/CMSIS/Device/ST/STM32G4xx/Include -I../Drivers/CMSIS/Include -I../Middlewares/Third_Party/FreeRTOS/Source/include -I../Middlewares/Third_Party/FreeRTOS/Source/CMSIS_RTOS_V2 -I../Middlewares/Third_Party/FreeRTOS/Source/portable/GCC/ARM_CM4F -I"C:/Users/Z0180064/Vanttec/embedded_software/can_setup/Stm32-project/libs/vanttec_CANLib/src/Vanttec_CANLib_Linux" -I"C:/Users/Z0180064/Vanttec/embedded_software/can_setup/Stm32-project/libs" -I"C:/Users/Z0180064/Vanttec/embedded_software/can_setup/Stm32-project/libs/vanttec_CANLib/src/Vanttec_CANLib" -O0 -ffunction-sections -fdata-sections -Wall -fstack-usage -MMD -MP -MF"Core/Src/system_stm32g4xx.d" -MT"Core/Src/system_stm32g4xx.o" --specs=nano.specs -mfpu=fpv4-sp-d16 -mfloat-abi=hard -mthumb -o "Core/Src/system_stm32g4xx.o"
../Core/Src/main.c: In function 'main':
../Core/Src/main.c:129:3: warning: implicit declaration of function 'can_init' [-Wimplicit-function-declaration]
  129 |   can_init();
      |   ^~~~~~~~
At top level:
../Core/Src/main.c:74:29: warning: 'sdvTask_attributes' defined but not used [-Wunused-const-variable=]
   74 | static const osThreadAttr_t sdvTask_attributes = {
      |                             ^~~~~~~~~~~~~~~~~~
arm-none-eabi-g++ -o "CAN_STM32G431KB_setup.elf" @"objects.list"   -mcpu=cortex-m4 -T"C:\Users\Z0180064\Vanttec\embedded_software\can_setup\Stm32-project\STM32G431KBUX_FLASH.ld" -Wl,-Map="CAN_STM32G431KB_setup.map" -Wl,--gc-sections -static -L"C:\Users\Z0180064\Vanttec\embedded_software\can_setup\Stm32-project\libs\vanttec_CANLib\src\Vanttec_CANLib" --specs=nano.specs -mfpu=fpv4-sp-d16 -mfloat-abi=hard -mthumb -Wl,--start-group -lc -lm -lstdc++ -lsupc++ -Wl,--end-group
Finished building target: CAN_STM32G431KB_setup.elf
 
arm-none-eabi-size   CAN_STM32G431KB_setup.elf 
arm-none-eabi-objdump -h -S  CAN_STM32G431KB_setup.elf  > "CAN_STM32G431KB_setup.list"
   text	   data	    bss	    dec	    hex	filename
  21868	    128	   8400	  30396	   76bc	CAN_STM32G431KB_setup.elf
Finished building: default.size.stdout
 
Finished building: CAN_STM32G431KB_setup.list
 

19:17:29 Build Finished. 0 errors, 11 warnings. (took 2s.710ms)

